2022-10-14 19:07:13 [restartedMain] INFO  com.capstone.LoanApiApplication - Starting LoanApiApplication using Java 17.0.2 on MOHAN with PID 9408 (C:\Users\mohan\Downloads\Natwest Capstone\frontend\spring-master\loan-api\target\classes started by mohan in C:\Users\mohan\Downloads\Natwest Capstone\frontend\spring-master\loan-api)
2022-10-14 19:07:13 [restartedMain] INFO  com.capstone.LoanApiApplication - No active profile set, falling back to 1 default profile: "default"
2022-10-14 19:07:13 [restartedMain] INFO  o.s.b.d.e.DevToolsPropertyDefaultsPostProcessor - Devtools property defaults active! Set 'spring.devtools.add-properties' to 'false' to disable
2022-10-14 19:07:13 [restartedMain] INFO  o.s.b.d.e.DevToolsPropertyDefaultsPostProcessor - For additional web related logging consider setting the 'logging.level.web' property to 'DEBUG'
2022-10-14 19:07:14 [restartedMain] INFO  o.s.d.r.c.RepositoryConfigurationDelegate - Bootstrapping Spring Data JPA repositories in DEFAULT mode.
2022-10-14 19:07:14 [restartedMain] INFO  o.s.d.r.c.RepositoryConfigurationDelegate - Finished Spring Data repository scanning in 200 ms. Found 1 JPA repository interfaces.
2022-10-14 19:07:14 [restartedMain] INFO  o.s.cloud.context.scope.GenericScope - BeanFactory id=250f77dd-cc10-32c2-bc49-2232d550fe12
2022-10-14 19:07:15 [restartedMain] INFO  o.s.b.w.e.tomcat.TomcatWebServer - Tomcat initialized with port(s): 8084 (http)
2022-10-14 19:07:15 [restartedMain] INFO  o.a.coyote.http11.Http11NioProtocol - Initializing ProtocolHandler ["http-nio-8084"]
2022-10-14 19:07:15 [restartedMain] INFO  o.a.catalina.core.StandardService - Starting service [Tomcat]
2022-10-14 19:07:15 [restartedMain] INFO  o.a.catalina.core.StandardEngine - Starting Servlet engine: [Apache Tomcat/9.0.65]
2022-10-14 19:07:16 [restartedMain] INFO  o.a.c.c.C.[Tomcat].[localhost].[/] - Initializing Spring embedded WebApplicationContext
2022-10-14 19:07:16 [restartedMain] INFO  o.s.b.w.s.c.ServletWebServerApplicationContext - Root WebApplicationContext: initialization completed in 2408 ms
2022-10-14 19:07:16 [restartedMain] INFO  o.a.catalina.core.StandardContext - Suspicious URL pattern: [/api/**] in context [], see sections 12.1 and 12.2 of the Servlet specification
2022-10-14 19:07:16 [restartedMain] INFO  o.h.jpa.internal.util.LogHelper - HHH000204: Processing PersistenceUnitInfo [name: default]
2022-10-14 19:07:16 [restartedMain] INFO  org.hibernate.Version - HHH000412: Hibernate ORM core version 5.6.11.Final
2022-10-14 19:07:16 [restartedMain] INFO  o.h.annotations.common.Version - HCANN000001: Hibernate Commons Annotations {5.1.2.Final}
2022-10-14 19:07:16 [restartedMain] INFO  com.zaxxer.hikari.HikariDataSource - HikariPool-1 - Starting...
2022-10-14 19:07:17 [restartedMain] INFO  com.zaxxer.hikari.HikariDataSource - HikariPool-1 - Start completed.
2022-10-14 19:07:17 [restartedMain] INFO  org.hibernate.dialect.Dialect - HHH000400: Using dialect: org.hibernate.dialect.MySQL8Dialect
2022-10-14 19:07:18 [restartedMain] INFO  o.h.e.t.j.p.i.JtaPlatformInitiator - HHH000490: Using JtaPlatform implementation: [org.hibernate.engine.transaction.jta.platform.internal.NoJtaPlatform]
2022-10-14 19:07:18 [restartedMain] INFO  o.s.o.j.LocalContainerEntityManagerFactoryBean - Initialized JPA EntityManagerFactory for persistence unit 'default'
2022-10-14 19:07:18 [restartedMain] WARN  o.s.b.a.o.j.JpaBaseConfiguration$JpaWebConfiguration - spring.jpa.open-in-view is enabled by default. Therefore, database queries may be performed during view rendering. Explicitly configure spring.jpa.open-in-view to disable this warning
2022-10-14 19:07:18 [restartedMain] WARN  o.s.b.d.a.OptionalLiveReloadServer - Unable to start LiveReload server
2022-10-14 19:07:19 [restartedMain] INFO  o.s.c.n.e.c.DiscoveryClientOptionalArgsConfiguration - Eureka HTTP Client uses RestTemplate.
2022-10-14 19:07:19 [restartedMain] WARN  o.s.c.l.c.LoadBalancerCacheAutoConfiguration$LoadBalancerCaffeineWarnLogger - Spring Cloud LoadBalancer is currently working with the default cache. While this cache implementation is useful for development and tests, it's recommended to use Caffeine cache in production.You can switch to using Caffeine cache, by adding it and org.springframework.cache.caffeine.CaffeineCacheManager to the classpath.
2022-10-14 19:07:19 [restartedMain] INFO  o.s.c.n.eureka.InstanceInfoFactory - Setting initial instance status as: STARTING
2022-10-14 19:07:19 [restartedMain] INFO  c.netflix.discovery.DiscoveryClient - Initializing Eureka in region us-east-1
2022-10-14 19:07:19 [restartedMain] INFO  c.n.d.s.r.aws.ConfigClusterResolver - Resolving eureka endpoints via configuration
2022-10-14 19:07:19 [restartedMain] INFO  c.netflix.discovery.DiscoveryClient - Disable delta property : false
2022-10-14 19:07:19 [restartedMain] INFO  c.netflix.discovery.DiscoveryClient - Single vip registry refresh property : null
2022-10-14 19:07:19 [restartedMain] INFO  c.netflix.discovery.DiscoveryClient - Force full registry fetch : false
2022-10-14 19:07:19 [restartedMain] INFO  c.netflix.discovery.DiscoveryClient - Application is null : false
2022-10-14 19:07:19 [restartedMain] INFO  c.netflix.discovery.DiscoveryClient - Registered Applications size is zero : true
2022-10-14 19:07:19 [restartedMain] INFO  c.netflix.discovery.DiscoveryClient - Application version is -1: true
2022-10-14 19:07:19 [restartedMain] INFO  c.netflix.discovery.DiscoveryClient - Getting all instance registry info from the eureka server
2022-10-14 19:07:19 [restartedMain] INFO  c.netflix.discovery.DiscoveryClient - The response status is 200
2022-10-14 19:07:19 [restartedMain] INFO  c.netflix.discovery.DiscoveryClient - Starting heartbeat executor: renew interval is: 30
2022-10-14 19:07:19 [restartedMain] INFO  c.n.discovery.InstanceInfoReplicator - InstanceInfoReplicator onDemand update allowed rate per min is 4
2022-10-14 19:07:19 [restartedMain] INFO  c.netflix.discovery.DiscoveryClient - Discovery Client initialized at timestamp 1665754639931 with initial instances count: 3
2022-10-14 19:07:19 [restartedMain] INFO  o.s.c.n.e.s.EurekaServiceRegistry - Registering application LOAN-API with eureka with status UP
2022-10-14 19:07:19 [restartedMain] INFO  c.netflix.discovery.DiscoveryClient - Saw local status change event StatusChangeEvent [timestamp=1665754639934, current=UP, previous=STARTING]
2022-10-14 19:07:19 [DiscoveryClient-InstanceInfoReplicator-0] INFO  c.netflix.discovery.DiscoveryClient - DiscoveryClient_LOAN-API/MOHAN:loan-api:8084: registering service...
2022-10-14 19:07:19 [restartedMain] INFO  o.a.coyote.http11.Http11NioProtocol - Starting ProtocolHandler ["http-nio-8084"]
2022-10-14 19:07:19 [restartedMain] INFO  o.s.b.w.e.tomcat.TomcatWebServer - Tomcat started on port(s): 8084 (http) with context path ''
2022-10-14 19:07:19 [restartedMain] INFO  o.s.c.n.e.s.EurekaAutoServiceRegistration - Updating port to 8084
2022-10-14 19:07:19 [DiscoveryClient-InstanceInfoReplicator-0] INFO  c.netflix.discovery.DiscoveryClient - DiscoveryClient_LOAN-API/MOHAN:loan-api:8084 - registration status: 204
2022-10-14 19:07:20 [restartedMain] INFO  com.capstone.LoanApiApplication - Started LoanApiApplication in 7.032 seconds (JVM running for 7.967)
2022-10-14 19:07:50 [http-nio-8084-exec-1] INFO  o.a.c.c.C.[Tomcat].[localhost].[/] - Initializing Spring DispatcherServlet 'dispatcherServlet'
2022-10-14 19:07:50 [http-nio-8084-exec-1] INFO  o.s.web.servlet.DispatcherServlet - Initializing Servlet 'dispatcherServlet'
2022-10-14 19:07:50 [http-nio-8084-exec-1] INFO  o.s.web.servlet.DispatcherServlet - Completed initialization in 2 ms
2022-10-14 19:07:50 [http-nio-8084-exec-1] INFO  com.capstone.aspect.LoggerAspect - Method name: com.capstone.controller.loanController
2022-10-14 19:07:50 [http-nio-8084-exec-1] INFO  com.capstone.aspect.LoggerAspect - Method arguments:[Ljava.lang.Object;@826801b
2022-10-14 19:07:50 [http-nio-8084-exec-1] INFO  com.capstone.aspect.LoggerAspect - *************************************
2022-10-14 19:07:50 [http-nio-8084-exec-1] INFO  com.capstone.aspect.LoggerAspect - Method name: com.capstone.service.loanServiceImp
2022-10-14 19:07:50 [http-nio-8084-exec-1] INFO  com.capstone.aspect.LoggerAspect - Method arguments:[Ljava.lang.Object;@697156b4
2022-10-14 19:07:50 [http-nio-8084-exec-1] INFO  com.capstone.aspect.LoggerAspect - *************************************
2022-10-14 19:07:50 [http-nio-8084-exec-1] INFO  com.capstone.aspect.LoggerAspect - During: class com.capstone.service.loanServiceImp.getLoanAccByCust() with arguments=[loan [loanaccno=202211051, category=Personal, loan_amount=500000.0, custid=202200005, interest_rate=7.0, tenure=4]]
2022-10-14 19:07:50 [http-nio-8084-exec-1] INFO  com.capstone.aspect.LoggerAspect - *************************************
2022-10-14 19:07:50 [http-nio-8084-exec-1] INFO  com.capstone.aspect.LoggerAspect - During: class com.capstone.controller.loanController.getloanDetailsbyCust() with arguments=<200 OK OK,[loan [loanaccno=202211051, category=Personal, loan_amount=500000.0, custid=202200005, interest_rate=7.0, tenure=4]],[]>
2022-10-14 19:07:50 [http-nio-8084-exec-1] INFO  com.capstone.aspect.LoggerAspect - *************************************
2022-10-14 19:08:05 [http-nio-8084-exec-2] INFO  com.capstone.aspect.LoggerAspect - Method name: com.capstone.controller.loanController
2022-10-14 19:08:05 [http-nio-8084-exec-2] INFO  com.capstone.aspect.LoggerAspect - Method arguments:[Ljava.lang.Object;@73d09c85
2022-10-14 19:08:05 [http-nio-8084-exec-2] INFO  com.capstone.aspect.LoggerAspect - *************************************
2022-10-14 19:08:05 [http-nio-8084-exec-2] INFO  com.capstone.aspect.LoggerAspect - Method name: com.capstone.service.loanServiceImp
2022-10-14 19:08:05 [http-nio-8084-exec-2] INFO  com.capstone.aspect.LoggerAspect - Method arguments:[Ljava.lang.Object;@7d176c8f
2022-10-14 19:08:05 [http-nio-8084-exec-2] INFO  com.capstone.aspect.LoggerAspect - *************************************
2022-10-14 19:08:05 [http-nio-8084-exec-2] INFO  com.capstone.aspect.LoggerAspect - During: class com.capstone.service.loanServiceImp.getLoanAccByCust() with arguments=[loan [loanaccno=202211051, category=Personal, loan_amount=500000.0, custid=202200005, interest_rate=7.0, tenure=4]]
2022-10-14 19:08:05 [http-nio-8084-exec-2] INFO  com.capstone.aspect.LoggerAspect - *************************************
2022-10-14 19:08:05 [http-nio-8084-exec-2] INFO  com.capstone.aspect.LoggerAspect - During: class com.capstone.controller.loanController.getloanDetailsbyCust() with arguments=<200 OK OK,[loan [loanaccno=202211051, category=Personal, loan_amount=500000.0, custid=202200005, interest_rate=7.0, tenure=4]],[]>
2022-10-14 19:08:05 [http-nio-8084-exec-2] INFO  com.capstone.aspect.LoggerAspect - *************************************
2022-10-14 19:08:15 [http-nio-8084-exec-3] INFO  com.capstone.aspect.LoggerAspect - Method name: com.capstone.controller.loanController
2022-10-14 19:08:15 [http-nio-8084-exec-3] INFO  com.capstone.aspect.LoggerAspect - Method arguments:[Ljava.lang.Object;@799eae07
2022-10-14 19:08:15 [http-nio-8084-exec-3] INFO  com.capstone.aspect.LoggerAspect - *************************************
2022-10-14 19:08:15 [http-nio-8084-exec-3] INFO  com.capstone.aspect.LoggerAspect - Method name: com.capstone.service.loanServiceImp
2022-10-14 19:08:15 [http-nio-8084-exec-3] INFO  com.capstone.aspect.LoggerAspect - Method arguments:[Ljava.lang.Object;@3c9c3f50
2022-10-14 19:08:15 [http-nio-8084-exec-3] INFO  com.capstone.aspect.LoggerAspect - *************************************
2022-10-14 19:08:15 [http-nio-8084-exec-3] INFO  com.capstone.aspect.LoggerAspect - During: class com.capstone.service.loanServiceImp.getLoanAccByCust() with arguments=[loan [loanaccno=202211051, category=Personal, loan_amount=500000.0, custid=202200005, interest_rate=7.0, tenure=4]]
2022-10-14 19:08:15 [http-nio-8084-exec-3] INFO  com.capstone.aspect.LoggerAspect - *************************************
2022-10-14 19:08:15 [http-nio-8084-exec-3] INFO  com.capstone.aspect.LoggerAspect - During: class com.capstone.controller.loanController.getloanDetailsbyCust() with arguments=<200 OK OK,[loan [loanaccno=202211051, category=Personal, loan_amount=500000.0, custid=202200005, interest_rate=7.0, tenure=4]],[]>
2022-10-14 19:08:15 [http-nio-8084-exec-3] INFO  com.capstone.aspect.LoggerAspect - *************************************
2022-10-14 19:08:19 [http-nio-8084-exec-5] INFO  com.capstone.aspect.LoggerAspect - Method name: com.capstone.controller.loanController
2022-10-14 19:08:19 [http-nio-8084-exec-5] INFO  com.capstone.aspect.LoggerAspect - Method arguments:[Ljava.lang.Object;@780cd07b
2022-10-14 19:08:19 [http-nio-8084-exec-5] INFO  com.capstone.aspect.LoggerAspect - *************************************
2022-10-14 19:08:19 [http-nio-8084-exec-5] INFO  com.capstone.aspect.LoggerAspect - Method name: com.capstone.service.loanServiceImp
2022-10-14 19:08:19 [http-nio-8084-exec-5] INFO  com.capstone.aspect.LoggerAspect - Method arguments:[Ljava.lang.Object;@76cb210a
2022-10-14 19:08:19 [http-nio-8084-exec-5] INFO  com.capstone.aspect.LoggerAspect - *************************************
2022-10-14 19:08:19 [http-nio-8084-exec-5] INFO  com.capstone.aspect.LoggerAspect - During: class com.capstone.service.loanServiceImp.getLoanAccByCust() with arguments=[loan [loanaccno=202211051, category=Personal, loan_amount=500000.0, custid=202200005, interest_rate=7.0, tenure=4]]
2022-10-14 19:08:19 [http-nio-8084-exec-5] INFO  com.capstone.aspect.LoggerAspect - *************************************
2022-10-14 19:08:19 [http-nio-8084-exec-5] INFO  com.capstone.aspect.LoggerAspect - During: class com.capstone.controller.loanController.getloanDetailsbyCust() with arguments=<200 OK OK,[loan [loanaccno=202211051, category=Personal, loan_amount=500000.0, custid=202200005, interest_rate=7.0, tenure=4]],[]>
2022-10-14 19:08:19 [http-nio-8084-exec-5] INFO  com.capstone.aspect.LoggerAspect - *************************************
2022-10-14 19:09:22 [http-nio-8084-exec-4] INFO  com.capstone.aspect.LoggerAspect - Method name: com.capstone.controller.loanController
2022-10-14 19:09:22 [http-nio-8084-exec-4] INFO  com.capstone.aspect.LoggerAspect - Method arguments:[Ljava.lang.Object;@203ba07a
2022-10-14 19:09:22 [http-nio-8084-exec-4] INFO  com.capstone.aspect.LoggerAspect - *************************************
2022-10-14 19:09:22 [http-nio-8084-exec-4] INFO  com.capstone.aspect.LoggerAspect - Method name: com.capstone.service.loanServiceImp
2022-10-14 19:09:22 [http-nio-8084-exec-4] INFO  com.capstone.aspect.LoggerAspect - Method arguments:[Ljava.lang.Object;@5e8fd641
2022-10-14 19:09:22 [http-nio-8084-exec-4] INFO  com.capstone.aspect.LoggerAspect - *************************************
2022-10-14 19:09:22 [http-nio-8084-exec-4] INFO  com.capstone.aspect.LoggerAspect - During: class com.capstone.service.loanServiceImp.getloanDetailsofCustbyLoan() with arguments=loan [loanaccno=202211051, category=Personal, loan_amount=500000.0, custid=202200005, interest_rate=7.0, tenure=4]
2022-10-14 19:09:22 [http-nio-8084-exec-4] INFO  com.capstone.aspect.LoggerAspect - *************************************
2022-10-14 19:09:22 [http-nio-8084-exec-4] INFO  com.capstone.aspect.LoggerAspect - During: class com.capstone.controller.loanController.getloanDetailsofCustbyLoan() with arguments=<200 OK OK,loan [loanaccno=202211051, category=Personal, loan_amount=500000.0, custid=202200005, interest_rate=7.0, tenure=4],[]>
2022-10-14 19:09:22 [http-nio-8084-exec-4] INFO  com.capstone.aspect.LoggerAspect - *************************************
2022-10-14 19:09:27 [http-nio-8084-exec-5] INFO  com.capstone.aspect.LoggerAspect - Method name: com.capstone.controller.loanController
2022-10-14 19:09:27 [http-nio-8084-exec-5] INFO  com.capstone.aspect.LoggerAspect - Method arguments:[Ljava.lang.Object;@43ff3663
2022-10-14 19:09:27 [http-nio-8084-exec-5] INFO  com.capstone.aspect.LoggerAspect - *************************************
2022-10-14 19:09:27 [http-nio-8084-exec-5] INFO  com.capstone.aspect.LoggerAspect - Method name: com.capstone.service.loanServiceImp
2022-10-14 19:09:27 [http-nio-8084-exec-5] INFO  com.capstone.aspect.LoggerAspect - Method arguments:[Ljava.lang.Object;@1d458fb2
2022-10-14 19:09:27 [http-nio-8084-exec-5] INFO  com.capstone.aspect.LoggerAspect - *************************************
2022-10-14 19:09:27 [http-nio-8084-exec-5] INFO  com.capstone.aspect.LoggerAspect - During: class com.capstone.service.loanServiceImp.getloanDetailsofCustbyLoan() with arguments=loan [loanaccno=202211051, category=Personal, loan_amount=500000.0, custid=202200005, interest_rate=7.0, tenure=4]
2022-10-14 19:09:27 [http-nio-8084-exec-5] INFO  com.capstone.aspect.LoggerAspect - *************************************
2022-10-14 19:09:27 [http-nio-8084-exec-5] INFO  com.capstone.aspect.LoggerAspect - During: class com.capstone.controller.loanController.getloanDetailsofCustbyLoan() with arguments=<200 OK OK,loan [loanaccno=202211051, category=Personal, loan_amount=500000.0, custid=202200005, interest_rate=7.0, tenure=4],[]>
2022-10-14 19:09:27 [http-nio-8084-exec-5] INFO  com.capstone.aspect.LoggerAspect - *************************************
2022-10-14 19:09:42 [http-nio-8084-exec-6] INFO  com.capstone.aspect.LoggerAspect - Method name: com.capstone.controller.loanController
2022-10-14 19:09:42 [http-nio-8084-exec-6] INFO  com.capstone.aspect.LoggerAspect - Method arguments:[Ljava.lang.Object;@704001ef
2022-10-14 19:09:42 [http-nio-8084-exec-6] INFO  com.capstone.aspect.LoggerAspect - *************************************
2022-10-14 19:09:42 [http-nio-8084-exec-6] INFO  com.capstone.aspect.LoggerAspect - Method name: com.capstone.service.loanServiceImp
2022-10-14 19:09:42 [http-nio-8084-exec-6] INFO  com.capstone.aspect.LoggerAspect - Method arguments:[Ljava.lang.Object;@7e87f197
2022-10-14 19:09:42 [http-nio-8084-exec-6] INFO  com.capstone.aspect.LoggerAspect - *************************************
2022-10-14 19:09:42 [http-nio-8084-exec-6] INFO  com.capstone.aspect.LoggerAspect - During: class com.capstone.service.loanServiceImp.getloanDetailsofCustbyLoan() with arguments=loan [loanaccno=202211051, category=Personal, loan_amount=500000.0, custid=202200005, interest_rate=7.0, tenure=4]
2022-10-14 19:09:42 [http-nio-8084-exec-6] INFO  com.capstone.aspect.LoggerAspect - *************************************
2022-10-14 19:09:42 [http-nio-8084-exec-6] INFO  com.capstone.aspect.LoggerAspect - During: class com.capstone.controller.loanController.getloanDetailsofCustbyLoan() with arguments=<200 OK OK,loan [loanaccno=202211051, category=Personal, loan_amount=500000.0, custid=202200005, interest_rate=7.0, tenure=4],[]>
2022-10-14 19:09:42 [http-nio-8084-exec-6] INFO  com.capstone.aspect.LoggerAspect - *************************************
2022-10-14 19:09:45 [http-nio-8084-exec-7] INFO  com.capstone.aspect.LoggerAspect - Method name: com.capstone.controller.loanController
2022-10-14 19:09:45 [http-nio-8084-exec-7] INFO  com.capstone.aspect.LoggerAspect - Method arguments:[Ljava.lang.Object;@5ed157d9
2022-10-14 19:09:45 [http-nio-8084-exec-7] INFO  com.capstone.aspect.LoggerAspect - *************************************
2022-10-14 19:09:45 [http-nio-8084-exec-7] INFO  com.capstone.aspect.LoggerAspect - Method name: com.capstone.service.loanServiceImp
2022-10-14 19:09:45 [http-nio-8084-exec-7] INFO  com.capstone.aspect.LoggerAspect - Method arguments:[Ljava.lang.Object;@7d473c5e
2022-10-14 19:09:45 [http-nio-8084-exec-7] INFO  com.capstone.aspect.LoggerAspect - *************************************
2022-10-14 19:09:45 [http-nio-8084-exec-7] INFO  com.capstone.aspect.LoggerAspect - During: class com.capstone.service.loanServiceImp.getloanDetailsofCustbyLoan() with arguments=loan [loanaccno=202211051, category=Personal, loan_amount=500000.0, custid=202200005, interest_rate=7.0, tenure=4]
2022-10-14 19:09:45 [http-nio-8084-exec-7] INFO  com.capstone.aspect.LoggerAspect - *************************************
2022-10-14 19:09:45 [http-nio-8084-exec-7] INFO  com.capstone.aspect.LoggerAspect - During: class com.capstone.controller.loanController.getloanDetailsofCustbyLoan() with arguments=<200 OK OK,loan [loanaccno=202211051, category=Personal, loan_amount=500000.0, custid=202200005, interest_rate=7.0, tenure=4],[]>
2022-10-14 19:09:45 [http-nio-8084-exec-7] INFO  com.capstone.aspect.LoggerAspect - *************************************
2022-10-14 19:09:50 [http-nio-8084-exec-8] INFO  com.capstone.aspect.LoggerAspect - Method name: com.capstone.controller.loanController
2022-10-14 19:09:50 [http-nio-8084-exec-8] INFO  com.capstone.aspect.LoggerAspect - Method arguments:[Ljava.lang.Object;@13f6111e
2022-10-14 19:09:50 [http-nio-8084-exec-8] INFO  com.capstone.aspect.LoggerAspect - *************************************
2022-10-14 19:09:50 [http-nio-8084-exec-8] INFO  com.capstone.aspect.LoggerAspect - Method name: com.capstone.service.loanServiceImp
2022-10-14 19:09:50 [http-nio-8084-exec-8] INFO  com.capstone.aspect.LoggerAspect - Method arguments:[Ljava.lang.Object;@1d31fd10
2022-10-14 19:09:50 [http-nio-8084-exec-8] INFO  com.capstone.aspect.LoggerAspect - *************************************
2022-10-14 19:09:50 [http-nio-8084-exec-8] INFO  com.capstone.aspect.LoggerAspect - During: class com.capstone.service.loanServiceImp.getloanDetailsofCustbyLoan() with arguments=loan [loanaccno=202211051, category=Personal, loan_amount=500000.0, custid=202200005, interest_rate=7.0, tenure=4]
2022-10-14 19:09:50 [http-nio-8084-exec-8] INFO  com.capstone.aspect.LoggerAspect - *************************************
2022-10-14 19:09:50 [http-nio-8084-exec-8] INFO  com.capstone.aspect.LoggerAspect - During: class com.capstone.controller.loanController.getloanDetailsofCustbyLoan() with arguments=<200 OK OK,loan [loanaccno=202211051, category=Personal, loan_amount=500000.0, custid=202200005, interest_rate=7.0, tenure=4],[]>
2022-10-14 19:09:50 [http-nio-8084-exec-8] INFO  com.capstone.aspect.LoggerAspect - *************************************
2022-10-14 19:10:02 [http-nio-8084-exec-9] INFO  com.capstone.aspect.LoggerAspect - Method name: com.capstone.controller.loanController
2022-10-14 19:10:02 [http-nio-8084-exec-9] INFO  com.capstone.aspect.LoggerAspect - Method arguments:[Ljava.lang.Object;@4dd6bd28
2022-10-14 19:10:02 [http-nio-8084-exec-9] INFO  com.capstone.aspect.LoggerAspect - *************************************
2022-10-14 19:10:02 [http-nio-8084-exec-9] INFO  com.capstone.aspect.LoggerAspect - Method name: com.capstone.service.loanServiceImp
2022-10-14 19:10:02 [http-nio-8084-exec-9] INFO  com.capstone.aspect.LoggerAspect - Method arguments:[Ljava.lang.Object;@43115ae2
2022-10-14 19:10:02 [http-nio-8084-exec-9] INFO  com.capstone.aspect.LoggerAspect - *************************************
2022-10-14 19:10:02 [http-nio-8084-exec-9] INFO  com.capstone.aspect.LoggerAspect - During: class com.capstone.service.loanServiceImp.getLoanAccByCust() with arguments=[loan [loanaccno=202211051, category=Personal, loan_amount=500000.0, custid=202200005, interest_rate=7.0, tenure=4]]
2022-10-14 19:10:02 [http-nio-8084-exec-9] INFO  com.capstone.aspect.LoggerAspect - *************************************
2022-10-14 19:10:02 [http-nio-8084-exec-9] INFO  com.capstone.aspect.LoggerAspect - During: class com.capstone.controller.loanController.getloanDetailsbyCust() with arguments=<200 OK OK,[loan [loanaccno=202211051, category=Personal, loan_amount=500000.0, custid=202200005, interest_rate=7.0, tenure=4]],[]>
2022-10-14 19:10:02 [http-nio-8084-exec-9] INFO  com.capstone.aspect.LoggerAspect - *************************************
2022-10-14 19:10:09 [http-nio-8084-exec-10] INFO  com.capstone.aspect.LoggerAspect - Method name: com.capstone.controller.loanController
2022-10-14 19:10:09 [http-nio-8084-exec-10] INFO  com.capstone.aspect.LoggerAspect - Method arguments:[Ljava.lang.Object;@35066551
2022-10-14 19:10:09 [http-nio-8084-exec-10] INFO  com.capstone.aspect.LoggerAspect - *************************************
2022-10-14 19:10:09 [http-nio-8084-exec-10] INFO  com.capstone.aspect.LoggerAspect - Method name: com.capstone.service.loanServiceImp
2022-10-14 19:10:09 [http-nio-8084-exec-10] INFO  com.capstone.aspect.LoggerAspect - Method arguments:[Ljava.lang.Object;@3bc18d81
2022-10-14 19:10:09 [http-nio-8084-exec-10] INFO  com.capstone.aspect.LoggerAspect - *************************************
2022-10-14 19:10:09 [http-nio-8084-exec-10] INFO  com.capstone.aspect.LoggerAspect - During: class com.capstone.service.loanServiceImp.getloanDetailsofCustbyLoan() with arguments=loan [loanaccno=202211051, category=Personal, loan_amount=500000.0, custid=202200005, interest_rate=7.0, tenure=4]
2022-10-14 19:10:09 [http-nio-8084-exec-10] INFO  com.capstone.aspect.LoggerAspect - *************************************
2022-10-14 19:10:09 [http-nio-8084-exec-10] INFO  com.capstone.aspect.LoggerAspect - During: class com.capstone.controller.loanController.getloanDetailsofCustbyLoan() with arguments=<200 OK OK,loan [loanaccno=202211051, category=Personal, loan_amount=500000.0, custid=202200005, interest_rate=7.0, tenure=4],[]>
2022-10-14 19:10:09 [http-nio-8084-exec-10] INFO  com.capstone.aspect.LoggerAspect - *************************************
2022-10-14 19:11:00 [File Watcher] INFO  o.s.b.d.a.LocalDevToolsAutoConfiguration$RestartingClassPathChangeChangedEventListener - Restarting due to 1 class path change (0 additions, 0 deletions, 1 modification)
2022-10-14 19:11:00 [Thread-1] INFO  o.s.c.n.e.s.EurekaServiceRegistry - Unregistering application LOAN-API with eureka with status DOWN
2022-10-14 19:11:00 [Thread-1] INFO  c.netflix.discovery.DiscoveryClient - Saw local status change event StatusChangeEvent [timestamp=1665754860167, current=DOWN, previous=UP]
2022-10-14 19:11:00 [DiscoveryClient-InstanceInfoReplicator-0] INFO  c.netflix.discovery.DiscoveryClient - DiscoveryClient_LOAN-API/MOHAN:loan-api:8084: registering service...
2022-10-14 19:11:00 [DiscoveryClient-InstanceInfoReplicator-0] INFO  c.netflix.discovery.DiscoveryClient - DiscoveryClient_LOAN-API/MOHAN:loan-api:8084 - registration status: 204
2022-10-14 19:11:00 [Thread-1] INFO  o.a.coyote.http11.Http11NioProtocol - Pausing ProtocolHandler ["http-nio-8084"]
2022-10-14 19:11:00 [Thread-1] INFO  o.a.catalina.core.StandardService - Stopping service [Tomcat]
2022-10-14 19:11:00 [Thread-1] INFO  o.a.c.c.C.[Tomcat].[localhost].[/] - Destroying Spring FrameworkServlet 'dispatcherServlet'
2022-10-14 19:11:00 [Thread-1] INFO  o.a.coyote.http11.Http11NioProtocol - Stopping ProtocolHandler ["http-nio-8084"]
2022-10-14 19:11:00 [Thread-1] INFO  o.a.coyote.http11.Http11NioProtocol - Destroying ProtocolHandler ["http-nio-8084"]
2022-10-14 19:11:00 [Thread-1] INFO  o.s.o.j.LocalContainerEntityManagerFactoryBean - Closing JPA EntityManagerFactory for persistence unit 'default'
2022-10-14 19:11:00 [Thread-1] INFO  com.zaxxer.hikari.HikariDataSource - HikariPool-1 - Shutdown initiated...
2022-10-14 19:11:00 [Thread-1] INFO  com.zaxxer.hikari.HikariDataSource - HikariPool-1 - Shutdown completed.
2022-10-14 19:11:00 [Thread-1] INFO  c.netflix.discovery.DiscoveryClient - Shutting down DiscoveryClient ...
2022-10-14 19:11:03 [Thread-1] INFO  c.netflix.discovery.DiscoveryClient - Unregistering ...
2022-10-14 19:11:03 [Thread-1] INFO  c.netflix.discovery.DiscoveryClient - DiscoveryClient_LOAN-API/MOHAN:loan-api:8084 - deregister  status: 200
2022-10-14 19:11:03 [Thread-1] INFO  c.netflix.discovery.DiscoveryClient - Completed shut down of DiscoveryClient
2022-10-14 19:11:03 [restartedMain] INFO  com.capstone.LoanApiApplication - Starting LoanApiApplication using Java 17.0.2 on MOHAN with PID 9408 (C:\Users\mohan\Downloads\Natwest Capstone\frontend\spring-master\loan-api\target\classes started by mohan in C:\Users\mohan\Downloads\Natwest Capstone\frontend\spring-master\loan-api)
2022-10-14 19:11:03 [restartedMain] INFO  com.capstone.LoanApiApplication - No active profile set, falling back to 1 default profile: "default"
2022-10-14 19:11:03 [restartedMain] INFO  o.s.d.r.c.RepositoryConfigurationDelegate - Bootstrapping Spring Data JPA repositories in DEFAULT mode.
2022-10-14 19:11:03 [restartedMain] INFO  o.s.d.r.c.RepositoryConfigurationDelegate - Finished Spring Data repository scanning in 10 ms. Found 1 JPA repository interfaces.
2022-10-14 19:11:04 [restartedMain] INFO  o.s.cloud.context.scope.GenericScope - BeanFactory id=250f77dd-cc10-32c2-bc49-2232d550fe12
2022-10-14 19:11:04 [restartedMain] INFO  o.s.b.w.e.tomcat.TomcatWebServer - Tomcat initialized with port(s): 8084 (http)
2022-10-14 19:11:04 [restartedMain] INFO  o.a.coyote.http11.Http11NioProtocol - Initializing ProtocolHandler ["http-nio-8084"]
2022-10-14 19:11:04 [restartedMain] INFO  o.a.catalina.core.StandardService - Starting service [Tomcat]
2022-10-14 19:11:04 [restartedMain] INFO  o.a.catalina.core.StandardEngine - Starting Servlet engine: [Apache Tomcat/9.0.65]
2022-10-14 19:11:04 [restartedMain] INFO  o.a.c.c.C.[Tomcat].[localhost].[/] - Initializing Spring embedded WebApplicationContext
2022-10-14 19:11:04 [restartedMain] INFO  o.s.b.w.s.c.ServletWebServerApplicationContext - Root WebApplicationContext: initialization completed in 582 ms
2022-10-14 19:11:04 [restartedMain] INFO  o.h.jpa.internal.util.LogHelper - HHH000204: Processing PersistenceUnitInfo [name: default]
2022-10-14 19:11:04 [restartedMain] INFO  com.zaxxer.hikari.HikariDataSource - HikariPool-2 - Starting...
2022-10-14 19:11:04 [restartedMain] INFO  com.zaxxer.hikari.HikariDataSource - HikariPool-2 - Start completed.
2022-10-14 19:11:04 [restartedMain] INFO  org.hibernate.dialect.Dialect - HHH000400: Using dialect: org.hibernate.dialect.MySQL8Dialect
2022-10-14 19:11:04 [restartedMain] INFO  o.h.e.t.j.p.i.JtaPlatformInitiator - HHH000490: Using JtaPlatform implementation: [org.hibernate.engine.transaction.jta.platform.internal.NoJtaPlatform]
2022-10-14 19:11:04 [restartedMain] INFO  o.s.o.j.LocalContainerEntityManagerFactoryBean - Initialized JPA EntityManagerFactory for persistence unit 'default'
2022-10-14 19:11:04 [restartedMain] WARN  o.s.b.a.o.j.JpaBaseConfiguration$JpaWebConfiguration - spring.jpa.open-in-view is enabled by default. Therefore, database queries may be performed during view rendering. Explicitly configure spring.jpa.open-in-view to disable this warning
2022-10-14 19:11:04 [restartedMain] WARN  o.s.b.d.a.OptionalLiveReloadServer - Unable to start LiveReload server
2022-10-14 19:11:04 [restartedMain] INFO  o.s.c.n.e.c.DiscoveryClientOptionalArgsConfiguration - Eureka HTTP Client uses RestTemplate.
2022-10-14 19:11:05 [restartedMain] WARN  o.s.c.l.c.LoadBalancerCacheAutoConfiguration$LoadBalancerCaffeineWarnLogger - Spring Cloud LoadBalancer is currently working with the default cache. While this cache implementation is useful for development and tests, it's recommended to use Caffeine cache in production.You can switch to using Caffeine cache, by adding it and org.springframework.cache.caffeine.CaffeineCacheManager to the classpath.
2022-10-14 19:11:05 [restartedMain] INFO  o.s.c.n.eureka.InstanceInfoFactory - Setting initial instance status as: STARTING
2022-10-14 19:11:05 [restartedMain] INFO  c.netflix.discovery.DiscoveryClient - Initializing Eureka in region us-east-1
2022-10-14 19:11:05 [restartedMain] INFO  c.n.d.s.r.aws.ConfigClusterResolver - Resolving eureka endpoints via configuration
2022-10-14 19:11:05 [restartedMain] INFO  c.netflix.discovery.DiscoveryClient - Disable delta property : false
2022-10-14 19:11:05 [restartedMain] INFO  c.netflix.discovery.DiscoveryClient - Single vip registry refresh property : null
2022-10-14 19:11:05 [restartedMain] INFO  c.netflix.discovery.DiscoveryClient - Force full registry fetch : false
2022-10-14 19:11:05 [restartedMain] INFO  c.netflix.discovery.DiscoveryClient - Application is null : false
2022-10-14 19:11:05 [restartedMain] INFO  c.netflix.discovery.DiscoveryClient - Registered Applications size is zero : true
2022-10-14 19:11:05 [restartedMain] INFO  c.netflix.discovery.DiscoveryClient - Application version is -1: true
2022-10-14 19:11:05 [restartedMain] INFO  c.netflix.discovery.DiscoveryClient - Getting all instance registry info from the eureka server
2022-10-14 19:11:05 [restartedMain] INFO  c.netflix.discovery.DiscoveryClient - The response status is 200
2022-10-14 19:11:05 [restartedMain] INFO  c.netflix.discovery.DiscoveryClient - Starting heartbeat executor: renew interval is: 30
2022-10-14 19:11:05 [restartedMain] INFO  c.n.discovery.InstanceInfoReplicator - InstanceInfoReplicator onDemand update allowed rate per min is 4
2022-10-14 19:11:05 [restartedMain] INFO  c.netflix.discovery.DiscoveryClient - Discovery Client initialized at timestamp 1665754865139 with initial instances count: 4
2022-10-14 19:11:05 [restartedMain] INFO  o.s.c.n.e.s.EurekaServiceRegistry - Registering application LOAN-API with eureka with status UP
2022-10-14 19:11:05 [restartedMain] INFO  c.netflix.discovery.DiscoveryClient - Saw local status change event StatusChangeEvent [timestamp=1665754865141, current=UP, previous=STARTING]
2022-10-14 19:11:05 [DiscoveryClient-InstanceInfoReplicator-0] INFO  c.netflix.discovery.DiscoveryClient - DiscoveryClient_LOAN-API/MOHAN:loan-api:8084: registering service...
2022-10-14 19:11:05 [restartedMain] INFO  o.a.coyote.http11.Http11NioProtocol - Starting ProtocolHandler ["http-nio-8084"]
2022-10-14 19:11:05 [restartedMain] INFO  o.s.b.w.e.tomcat.TomcatWebServer - Tomcat started on port(s): 8084 (http) with context path ''
2022-10-14 19:11:05 [restartedMain] INFO  o.s.c.n.e.s.EurekaAutoServiceRegistration - Updating port to 8084
2022-10-14 19:11:05 [DiscoveryClient-InstanceInfoReplicator-0] INFO  c.netflix.discovery.DiscoveryClient - DiscoveryClient_LOAN-API/MOHAN:loan-api:8084 - registration status: 204
2022-10-14 19:11:05 [restartedMain] INFO  com.capstone.LoanApiApplication - Started LoanApiApplication in 1.715 seconds (JVM running for 233.118)
2022-10-14 19:11:05 [restartedMain] INFO  o.s.b.d.a.ConditionEvaluationDeltaLoggingListener - Condition evaluation unchanged
2022-10-14 19:11:37 [http-nio-8084-exec-1] INFO  o.a.c.c.C.[Tomcat].[localhost].[/] - Initializing Spring DispatcherServlet 'dispatcherServlet'
2022-10-14 19:11:37 [http-nio-8084-exec-1] INFO  o.s.web.servlet.DispatcherServlet - Initializing Servlet 'dispatcherServlet'
2022-10-14 19:11:37 [http-nio-8084-exec-1] INFO  o.s.web.servlet.DispatcherServlet - Completed initialization in 0 ms
2022-10-14 19:11:37 [http-nio-8084-exec-1] INFO  com.capstone.aspect.LoggerAspect - Method name: com.capstone.controller.loanController
2022-10-14 19:11:37 [http-nio-8084-exec-1] INFO  com.capstone.aspect.LoggerAspect - Method arguments:[Ljava.lang.Object;@1c6083af
2022-10-14 19:11:37 [http-nio-8084-exec-1] INFO  com.capstone.aspect.LoggerAspect - *************************************
2022-10-14 19:11:37 [http-nio-8084-exec-1] INFO  com.capstone.aspect.LoggerAspect - Method name: com.capstone.service.loanServiceImp
2022-10-14 19:11:37 [http-nio-8084-exec-1] INFO  com.capstone.aspect.LoggerAspect - Method arguments:[Ljava.lang.Object;@3f457bd1
2022-10-14 19:11:37 [http-nio-8084-exec-1] INFO  com.capstone.aspect.LoggerAspect - *************************************
2022-10-14 19:11:37 [http-nio-8084-exec-1] INFO  com.capstone.aspect.LoggerAspect - During: class com.capstone.service.loanServiceImp.getLoanAccByCust() with arguments=[loan [loanaccno=202211051, category=Personal, loan_amount=500000.0, custid=202200005, interest_rate=7.0, tenure=4]]
2022-10-14 19:11:37 [http-nio-8084-exec-1] INFO  com.capstone.aspect.LoggerAspect - *************************************
2022-10-14 19:11:37 [http-nio-8084-exec-1] INFO  com.capstone.aspect.LoggerAspect - During: class com.capstone.controller.loanController.getloanDetailsbyCust() with arguments=<200 OK OK,[loan [loanaccno=202211051, category=Personal, loan_amount=500000.0, custid=202200005, interest_rate=7.0, tenure=4]],[]>
2022-10-14 19:11:37 [http-nio-8084-exec-1] INFO  com.capstone.aspect.LoggerAspect - *************************************
2022-10-14 19:13:25 [http-nio-8084-exec-3] INFO  com.capstone.aspect.LoggerAspect - Method name: com.capstone.controller.loanController
2022-10-14 19:13:25 [http-nio-8084-exec-3] INFO  com.capstone.aspect.LoggerAspect - Method arguments:[Ljava.lang.Object;@5e6bffcc
2022-10-14 19:13:25 [http-nio-8084-exec-3] INFO  com.capstone.aspect.LoggerAspect - *************************************
2022-10-14 19:13:25 [http-nio-8084-exec-3] INFO  com.capstone.aspect.LoggerAspect - Method name: com.capstone.service.loanServiceImp
2022-10-14 19:13:25 [http-nio-8084-exec-3] INFO  com.capstone.aspect.LoggerAspect - Method arguments:[Ljava.lang.Object;@50ac1a71
2022-10-14 19:13:25 [http-nio-8084-exec-3] INFO  com.capstone.aspect.LoggerAspect - *************************************
2022-10-14 19:13:25 [http-nio-8084-exec-3] INFO  com.capstone.aspect.LoggerAspect - During: class com.capstone.service.loanServiceImp.getloanDetailsofCustbyLoan() with arguments=loan [loanaccno=202211051, category=Personal, loan_amount=500000.0, custid=202200005, interest_rate=7.0, tenure=4]
2022-10-14 19:13:25 [http-nio-8084-exec-3] INFO  com.capstone.aspect.LoggerAspect - *************************************
2022-10-14 19:13:25 [http-nio-8084-exec-3] INFO  com.capstone.aspect.LoggerAspect - During: class com.capstone.controller.loanController.getloanDetailsofCustbyLoan() with arguments=<200 OK OK,loan [loanaccno=202211051, category=Personal, loan_amount=500000.0, custid=202200005, interest_rate=7.0, tenure=4],[]>
2022-10-14 19:13:25 [http-nio-8084-exec-3] INFO  com.capstone.aspect.LoggerAspect - *************************************
2022-10-14 19:13:41 [http-nio-8084-exec-4] INFO  com.capstone.aspect.LoggerAspect - Method name: com.capstone.controller.loanController
2022-10-14 19:13:41 [http-nio-8084-exec-4] INFO  com.capstone.aspect.LoggerAspect - Method arguments:[Ljava.lang.Object;@226a2e09
2022-10-14 19:13:41 [http-nio-8084-exec-4] INFO  com.capstone.aspect.LoggerAspect - *************************************
2022-10-14 19:13:41 [http-nio-8084-exec-4] INFO  com.capstone.aspect.LoggerAspect - Method name: com.capstone.service.loanServiceImp
2022-10-14 19:13:41 [http-nio-8084-exec-4] INFO  com.capstone.aspect.LoggerAspect - Method arguments:[Ljava.lang.Object;@6dd1a7f8
2022-10-14 19:13:41 [http-nio-8084-exec-4] INFO  com.capstone.aspect.LoggerAspect - *************************************
2022-10-14 19:13:41 [http-nio-8084-exec-4] INFO  com.capstone.aspect.LoggerAspect - During: class com.capstone.service.loanServiceImp.getloanDetailsofCustbyLoan() with arguments=loan [loanaccno=202211051, category=Personal, loan_amount=500000.0, custid=202200005, interest_rate=7.0, tenure=4]
2022-10-14 19:13:41 [http-nio-8084-exec-4] INFO  com.capstone.aspect.LoggerAspect - *************************************
2022-10-14 19:13:41 [http-nio-8084-exec-4] INFO  com.capstone.aspect.LoggerAspect - During: class com.capstone.controller.loanController.getloanDetailsofCustbyLoan() with arguments=<200 OK OK,loan [loanaccno=202211051, category=Personal, loan_amount=500000.0, custid=202200005, interest_rate=7.0, tenure=4],[]>
2022-10-14 19:13:41 [http-nio-8084-exec-4] INFO  com.capstone.aspect.LoggerAspect - *************************************
2022-10-14 19:16:05 [AsyncResolver-bootstrap-executor-0] INFO  c.n.d.s.r.aws.ConfigClusterResolver - Resolving eureka endpoints via configuration
2022-10-14 19:16:24 [http-nio-8084-exec-5] INFO  com.capstone.aspect.LoggerAspect - Method name: com.capstone.controller.loanController
2022-10-14 19:16:24 [http-nio-8084-exec-5] INFO  com.capstone.aspect.LoggerAspect - Method arguments:[Ljava.lang.Object;@3d6db983
2022-10-14 19:16:24 [http-nio-8084-exec-5] INFO  com.capstone.aspect.LoggerAspect - *************************************
2022-10-14 19:16:24 [http-nio-8084-exec-5] INFO  com.capstone.aspect.LoggerAspect - Method name: com.capstone.service.loanServiceImp
2022-10-14 19:16:24 [http-nio-8084-exec-5] INFO  com.capstone.aspect.LoggerAspect - Method arguments:[Ljava.lang.Object;@786f304a
2022-10-14 19:16:24 [http-nio-8084-exec-5] INFO  com.capstone.aspect.LoggerAspect - *************************************
2022-10-14 19:16:24 [http-nio-8084-exec-5] INFO  com.capstone.aspect.LoggerAspect - During: class com.capstone.service.loanServiceImp.getLoanAccByCust() with arguments=[loan [loanaccno=202211051, category=Personal, loan_amount=500000.0, custid=202200005, interest_rate=7.0, tenure=4]]
2022-10-14 19:16:24 [http-nio-8084-exec-5] INFO  com.capstone.aspect.LoggerAspect - *************************************
2022-10-14 19:16:24 [http-nio-8084-exec-5] INFO  com.capstone.aspect.LoggerAspect - During: class com.capstone.controller.loanController.getloanDetailsbyCust() with arguments=<200 OK OK,[loan [loanaccno=202211051, category=Personal, loan_amount=500000.0, custid=202200005, interest_rate=7.0, tenure=4]],[]>
2022-10-14 19:16:24 [http-nio-8084-exec-5] INFO  com.capstone.aspect.LoggerAspect - *************************************
2022-10-14 19:16:37 [http-nio-8084-exec-7] INFO  com.capstone.aspect.LoggerAspect - Method name: com.capstone.controller.loanController
2022-10-14 19:16:37 [http-nio-8084-exec-7] INFO  com.capstone.aspect.LoggerAspect - Method arguments:[Ljava.lang.Object;@104fb07d
2022-10-14 19:16:37 [http-nio-8084-exec-7] INFO  com.capstone.aspect.LoggerAspect - *************************************
2022-10-14 19:16:37 [http-nio-8084-exec-7] INFO  com.capstone.aspect.LoggerAspect - Method name: com.capstone.service.loanServiceImp
2022-10-14 19:16:37 [http-nio-8084-exec-7] INFO  com.capstone.aspect.LoggerAspect - Method arguments:[Ljava.lang.Object;@1e885c04
2022-10-14 19:16:37 [http-nio-8084-exec-7] INFO  com.capstone.aspect.LoggerAspect - *************************************
2022-10-14 19:16:37 [http-nio-8084-exec-7] INFO  com.capstone.aspect.LoggerAspect - During: class com.capstone.service.loanServiceImp.getLoanAccByCust() with arguments=[loan [loanaccno=202211051, category=Personal, loan_amount=500000.0, custid=202200005, interest_rate=7.0, tenure=4]]
2022-10-14 19:16:37 [http-nio-8084-exec-7] INFO  com.capstone.aspect.LoggerAspect - *************************************
2022-10-14 19:16:37 [http-nio-8084-exec-7] INFO  com.capstone.aspect.LoggerAspect - During: class com.capstone.controller.loanController.getloanDetailsbyCust() with arguments=<200 OK OK,[loan [loanaccno=202211051, category=Personal, loan_amount=500000.0, custid=202200005, interest_rate=7.0, tenure=4]],[]>
2022-10-14 19:16:37 [http-nio-8084-exec-7] INFO  com.capstone.aspect.LoggerAspect - *************************************
2022-10-14 19:16:45 [http-nio-8084-exec-8] INFO  com.capstone.aspect.LoggerAspect - Method name: com.capstone.controller.loanController
2022-10-14 19:16:45 [http-nio-8084-exec-8] INFO  com.capstone.aspect.LoggerAspect - Method arguments:[Ljava.lang.Object;@4b85d299
2022-10-14 19:16:45 [http-nio-8084-exec-8] INFO  com.capstone.aspect.LoggerAspect - *************************************
2022-10-14 19:16:45 [http-nio-8084-exec-8] INFO  com.capstone.aspect.LoggerAspect - Method name: com.capstone.service.loanServiceImp
2022-10-14 19:16:45 [http-nio-8084-exec-8] INFO  com.capstone.aspect.LoggerAspect - Method arguments:[Ljava.lang.Object;@45423599
2022-10-14 19:16:45 [http-nio-8084-exec-8] INFO  com.capstone.aspect.LoggerAspect - *************************************
2022-10-14 19:16:45 [http-nio-8084-exec-8] INFO  com.capstone.aspect.LoggerAspect - During: class com.capstone.service.loanServiceImp.getloanDetailsofCustbyLoan() with arguments=loan [loanaccno=202211051, category=Personal, loan_amount=500000.0, custid=202200005, interest_rate=7.0, tenure=4]
2022-10-14 19:16:45 [http-nio-8084-exec-8] INFO  com.capstone.aspect.LoggerAspect - *************************************
2022-10-14 19:16:45 [http-nio-8084-exec-8] INFO  com.capstone.aspect.LoggerAspect - During: class com.capstone.controller.loanController.getloanDetailsofCustbyLoan() with arguments=<200 OK OK,loan [loanaccno=202211051, category=Personal, loan_amount=500000.0, custid=202200005, interest_rate=7.0, tenure=4],[]>
2022-10-14 19:16:45 [http-nio-8084-exec-8] INFO  com.capstone.aspect.LoggerAspect - *************************************
2022-10-14 19:16:47 [http-nio-8084-exec-9] INFO  com.capstone.aspect.LoggerAspect - Method name: com.capstone.controller.loanController
2022-10-14 19:16:47 [http-nio-8084-exec-9] INFO  com.capstone.aspect.LoggerAspect - Method arguments:[Ljava.lang.Object;@1dde39a3
2022-10-14 19:16:47 [http-nio-8084-exec-9] INFO  com.capstone.aspect.LoggerAspect - *************************************
2022-10-14 19:16:47 [http-nio-8084-exec-9] INFO  com.capstone.aspect.LoggerAspect - Method name: com.capstone.service.loanServiceImp
2022-10-14 19:16:47 [http-nio-8084-exec-9] INFO  com.capstone.aspect.LoggerAspect - Method arguments:[Ljava.lang.Object;@369d1afd
2022-10-14 19:16:47 [http-nio-8084-exec-9] INFO  com.capstone.aspect.LoggerAspect - *************************************
2022-10-14 19:16:47 [http-nio-8084-exec-9] INFO  com.capstone.aspect.LoggerAspect - During: class com.capstone.service.loanServiceImp.getloanDetailsofCustbyLoan() with arguments=loan [loanaccno=202211051, category=Personal, loan_amount=500000.0, custid=202200005, interest_rate=7.0, tenure=4]
2022-10-14 19:16:47 [http-nio-8084-exec-9] INFO  com.capstone.aspect.LoggerAspect - *************************************
2022-10-14 19:16:47 [http-nio-8084-exec-9] INFO  com.capstone.aspect.LoggerAspect - During: class com.capstone.controller.loanController.getloanDetailsofCustbyLoan() with arguments=<200 OK OK,loan [loanaccno=202211051, category=Personal, loan_amount=500000.0, custid=202200005, interest_rate=7.0, tenure=4],[]>
2022-10-14 19:16:47 [http-nio-8084-exec-9] INFO  com.capstone.aspect.LoggerAspect - *************************************
2022-10-14 19:21:05 [AsyncResolver-bootstrap-executor-0] INFO  c.n.d.s.r.aws.ConfigClusterResolver - Resolving eureka endpoints via configuration
2022-10-14 19:23:17 [http-nio-8084-exec-1] INFO  com.capstone.aspect.LoggerAspect - Method name: com.capstone.controller.loanController
2022-10-14 19:23:17 [http-nio-8084-exec-1] INFO  com.capstone.aspect.LoggerAspect - Method arguments:[Ljava.lang.Object;@43296d3b
2022-10-14 19:23:17 [http-nio-8084-exec-1] INFO  com.capstone.aspect.LoggerAspect - *************************************
2022-10-14 19:23:17 [http-nio-8084-exec-1] INFO  com.capstone.aspect.LoggerAspect - Method name: com.capstone.service.loanServiceImp
2022-10-14 19:23:17 [http-nio-8084-exec-1] INFO  com.capstone.aspect.LoggerAspect - Method arguments:[Ljava.lang.Object;@717abdab
2022-10-14 19:23:17 [http-nio-8084-exec-1] INFO  com.capstone.aspect.LoggerAspect - *************************************
2022-10-14 19:23:17 [http-nio-8084-exec-1] INFO  com.capstone.aspect.LoggerAspect - During: class com.capstone.service.loanServiceImp.getLoanAccByCust() with arguments=[loan [loanaccno=202211051, category=Personal, loan_amount=500000.0, custid=202200005, interest_rate=7.0, tenure=4]]
2022-10-14 19:23:17 [http-nio-8084-exec-1] INFO  com.capstone.aspect.LoggerAspect - *************************************
2022-10-14 19:23:17 [http-nio-8084-exec-1] INFO  com.capstone.aspect.LoggerAspect - During: class com.capstone.controller.loanController.getloanDetailsbyCust() with arguments=<200 OK OK,[loan [loanaccno=202211051, category=Personal, loan_amount=500000.0, custid=202200005, interest_rate=7.0, tenure=4]],[]>
2022-10-14 19:23:17 [http-nio-8084-exec-1] INFO  com.capstone.aspect.LoggerAspect - *************************************
2022-10-14 19:23:25 [http-nio-8084-exec-2] INFO  com.capstone.aspect.LoggerAspect - Method name: com.capstone.controller.loanController
2022-10-14 19:23:25 [http-nio-8084-exec-2] INFO  com.capstone.aspect.LoggerAspect - Method arguments:[Ljava.lang.Object;@42febe2d
2022-10-14 19:23:25 [http-nio-8084-exec-2] INFO  com.capstone.aspect.LoggerAspect - *************************************
2022-10-14 19:23:25 [http-nio-8084-exec-2] INFO  com.capstone.aspect.LoggerAspect - Method name: com.capstone.service.loanServiceImp
2022-10-14 19:23:25 [http-nio-8084-exec-2] INFO  com.capstone.aspect.LoggerAspect - Method arguments:[Ljava.lang.Object;@4c395802
2022-10-14 19:23:25 [http-nio-8084-exec-2] INFO  com.capstone.aspect.LoggerAspect - *************************************
2022-10-14 19:23:25 [http-nio-8084-exec-2] INFO  com.capstone.aspect.LoggerAspect - During: class com.capstone.service.loanServiceImp.getLoanAccByCust() with arguments=[loan [loanaccno=202211051, category=Personal, loan_amount=500000.0, custid=202200005, interest_rate=7.0, tenure=4]]
2022-10-14 19:23:25 [http-nio-8084-exec-2] INFO  com.capstone.aspect.LoggerAspect - *************************************
2022-10-14 19:23:25 [http-nio-8084-exec-2] INFO  com.capstone.aspect.LoggerAspect - During: class com.capstone.controller.loanController.getloanDetailsbyCust() with arguments=<200 OK OK,[loan [loanaccno=202211051, category=Personal, loan_amount=500000.0, custid=202200005, interest_rate=7.0, tenure=4]],[]>
2022-10-14 19:23:25 [http-nio-8084-exec-2] INFO  com.capstone.aspect.LoggerAspect - *************************************
2022-10-14 19:23:29 [http-nio-8084-exec-3] INFO  com.capstone.aspect.LoggerAspect - Method name: com.capstone.controller.loanController
2022-10-14 19:23:29 [http-nio-8084-exec-3] INFO  com.capstone.aspect.LoggerAspect - Method arguments:[Ljava.lang.Object;@6ce1cd93
2022-10-14 19:23:29 [http-nio-8084-exec-3] INFO  com.capstone.aspect.LoggerAspect - *************************************
2022-10-14 19:23:29 [http-nio-8084-exec-3] INFO  com.capstone.aspect.LoggerAspect - Method name: com.capstone.service.loanServiceImp
2022-10-14 19:23:29 [http-nio-8084-exec-3] INFO  com.capstone.aspect.LoggerAspect - Method arguments:[Ljava.lang.Object;@1a7742ff
2022-10-14 19:23:29 [http-nio-8084-exec-3] INFO  com.capstone.aspect.LoggerAspect - *************************************
2022-10-14 19:23:29 [http-nio-8084-exec-3] INFO  com.capstone.aspect.LoggerAspect - During: class com.capstone.service.loanServiceImp.getLoanAccByCust() with arguments=[loan [loanaccno=202211051, category=Personal, loan_amount=500000.0, custid=202200005, interest_rate=7.0, tenure=4]]
2022-10-14 19:23:29 [http-nio-8084-exec-3] INFO  com.capstone.aspect.LoggerAspect - *************************************
2022-10-14 19:23:29 [http-nio-8084-exec-3] INFO  com.capstone.aspect.LoggerAspect - During: class com.capstone.controller.loanController.getloanDetailsbyCust() with arguments=<200 OK OK,[loan [loanaccno=202211051, category=Personal, loan_amount=500000.0, custid=202200005, interest_rate=7.0, tenure=4]],[]>
2022-10-14 19:23:29 [http-nio-8084-exec-3] INFO  com.capstone.aspect.LoggerAspect - *************************************
2022-10-14 19:26:05 [AsyncResolver-bootstrap-executor-0] INFO  c.n.d.s.r.aws.ConfigClusterResolver - Resolving eureka endpoints via configuration
2022-10-14 19:27:58 [http-nio-8084-exec-6] INFO  com.capstone.aspect.LoggerAspect - Method name: com.capstone.controller.loanController
2022-10-14 19:27:58 [http-nio-8084-exec-6] INFO  com.capstone.aspect.LoggerAspect - Method arguments:[Ljava.lang.Object;@2bfa6b2b
2022-10-14 19:27:58 [http-nio-8084-exec-6] INFO  com.capstone.aspect.LoggerAspect - *************************************
2022-10-14 19:27:58 [http-nio-8084-exec-6] INFO  com.capstone.aspect.LoggerAspect - Method name: com.capstone.service.loanServiceImp
2022-10-14 19:27:58 [http-nio-8084-exec-6] INFO  com.capstone.aspect.LoggerAspect - Method arguments:[Ljava.lang.Object;@253d8024
2022-10-14 19:27:58 [http-nio-8084-exec-6] INFO  com.capstone.aspect.LoggerAspect - *************************************
2022-10-14 19:27:58 [http-nio-8084-exec-6] INFO  com.capstone.aspect.LoggerAspect - During: class com.capstone.service.loanServiceImp.getLoanAccByCust() with arguments=[loan [loanaccno=202211051, category=Personal, loan_amount=500000.0, custid=202200005, interest_rate=7.0, tenure=4]]
2022-10-14 19:27:58 [http-nio-8084-exec-6] INFO  com.capstone.aspect.LoggerAspect - *************************************
2022-10-14 19:27:58 [http-nio-8084-exec-6] INFO  com.capstone.aspect.LoggerAspect - During: class com.capstone.controller.loanController.getloanDetailsbyCust() with arguments=<200 OK OK,[loan [loanaccno=202211051, category=Personal, loan_amount=500000.0, custid=202200005, interest_rate=7.0, tenure=4]],[]>
2022-10-14 19:27:58 [http-nio-8084-exec-6] INFO  com.capstone.aspect.LoggerAspect - *************************************
2022-10-14 19:28:24 [http-nio-8084-exec-5] INFO  com.capstone.aspect.LoggerAspect - Method name: com.capstone.controller.loanController
2022-10-14 19:28:24 [http-nio-8084-exec-5] INFO  com.capstone.aspect.LoggerAspect - Method arguments:[Ljava.lang.Object;@2a8fc4b
2022-10-14 19:28:24 [http-nio-8084-exec-5] INFO  com.capstone.aspect.LoggerAspect - *************************************
2022-10-14 19:28:24 [http-nio-8084-exec-5] INFO  com.capstone.aspect.LoggerAspect - Method name: com.capstone.service.loanServiceImp
2022-10-14 19:28:24 [http-nio-8084-exec-5] INFO  com.capstone.aspect.LoggerAspect - Method arguments:[Ljava.lang.Object;@1c0e33fc
2022-10-14 19:28:24 [http-nio-8084-exec-5] INFO  com.capstone.aspect.LoggerAspect - *************************************
2022-10-14 19:28:24 [http-nio-8084-exec-5] INFO  com.capstone.aspect.LoggerAspect - During: class com.capstone.service.loanServiceImp.getLoanAccByCust() with arguments=[loan [loanaccno=202211051, category=Personal, loan_amount=500000.0, custid=202200005, interest_rate=7.0, tenure=4]]
2022-10-14 19:28:24 [http-nio-8084-exec-5] INFO  com.capstone.aspect.LoggerAspect - *************************************
2022-10-14 19:28:24 [http-nio-8084-exec-5] INFO  com.capstone.aspect.LoggerAspect - During: class com.capstone.controller.loanController.getloanDetailsbyCust() with arguments=<200 OK OK,[loan [loanaccno=202211051, category=Personal, loan_amount=500000.0, custid=202200005, interest_rate=7.0, tenure=4]],[]>
2022-10-14 19:28:24 [http-nio-8084-exec-5] INFO  com.capstone.aspect.LoggerAspect - *************************************
2022-10-14 19:29:15 [http-nio-8084-exec-7] INFO  com.capstone.aspect.LoggerAspect - Method name: com.capstone.controller.loanController
2022-10-14 19:29:15 [http-nio-8084-exec-7] INFO  com.capstone.aspect.LoggerAspect - Method arguments:[Ljava.lang.Object;@4a6b0aac
2022-10-14 19:29:15 [http-nio-8084-exec-7] INFO  com.capstone.aspect.LoggerAspect - *************************************
2022-10-14 19:29:15 [http-nio-8084-exec-7] INFO  com.capstone.aspect.LoggerAspect - Method name: com.capstone.service.loanServiceImp
2022-10-14 19:29:15 [http-nio-8084-exec-7] INFO  com.capstone.aspect.LoggerAspect - Method arguments:[Ljava.lang.Object;@3f9aa970
2022-10-14 19:29:15 [http-nio-8084-exec-7] INFO  com.capstone.aspect.LoggerAspect - *************************************
2022-10-14 19:29:15 [http-nio-8084-exec-7] INFO  com.capstone.aspect.LoggerAspect - During: class com.capstone.service.loanServiceImp.getLoanAccByCust() with arguments=[loan [loanaccno=202211051, category=Personal, loan_amount=500000.0, custid=202200005, interest_rate=7.0, tenure=4]]
2022-10-14 19:29:15 [http-nio-8084-exec-7] INFO  com.capstone.aspect.LoggerAspect - *************************************
2022-10-14 19:29:15 [http-nio-8084-exec-7] INFO  com.capstone.aspect.LoggerAspect - During: class com.capstone.controller.loanController.getloanDetailsbyCust() with arguments=<200 OK OK,[loan [loanaccno=202211051, category=Personal, loan_amount=500000.0, custid=202200005, interest_rate=7.0, tenure=4]],[]>
2022-10-14 19:29:15 [http-nio-8084-exec-7] INFO  com.capstone.aspect.LoggerAspect - *************************************
2022-10-14 19:29:45 [http-nio-8084-exec-8] INFO  com.capstone.aspect.LoggerAspect - Method name: com.capstone.controller.loanController
2022-10-14 19:29:45 [http-nio-8084-exec-8] INFO  com.capstone.aspect.LoggerAspect - Method arguments:[Ljava.lang.Object;@192f6e45
2022-10-14 19:29:45 [http-nio-8084-exec-8] INFO  com.capstone.aspect.LoggerAspect - *************************************
2022-10-14 19:29:45 [http-nio-8084-exec-8] INFO  com.capstone.aspect.LoggerAspect - Method name: com.capstone.service.loanServiceImp
2022-10-14 19:29:45 [http-nio-8084-exec-8] INFO  com.capstone.aspect.LoggerAspect - Method arguments:[Ljava.lang.Object;@6450c0ed
2022-10-14 19:29:45 [http-nio-8084-exec-8] INFO  com.capstone.aspect.LoggerAspect - *************************************
2022-10-14 19:29:45 [http-nio-8084-exec-8] INFO  com.capstone.aspect.LoggerAspect - During: class com.capstone.service.loanServiceImp.getLoanAccByCust() with arguments=[loan [loanaccno=202211051, category=Personal, loan_amount=500000.0, custid=202200005, interest_rate=7.0, tenure=4]]
2022-10-14 19:29:45 [http-nio-8084-exec-8] INFO  com.capstone.aspect.LoggerAspect - *************************************
2022-10-14 19:29:45 [http-nio-8084-exec-8] INFO  com.capstone.aspect.LoggerAspect - During: class com.capstone.controller.loanController.getloanDetailsbyCust() with arguments=<200 OK OK,[loan [loanaccno=202211051, category=Personal, loan_amount=500000.0, custid=202200005, interest_rate=7.0, tenure=4]],[]>
2022-10-14 19:29:45 [http-nio-8084-exec-8] INFO  com.capstone.aspect.LoggerAspect - *************************************
2022-10-14 19:29:47 [http-nio-8084-exec-9] INFO  com.capstone.aspect.LoggerAspect - Method name: com.capstone.controller.loanController
2022-10-14 19:29:47 [http-nio-8084-exec-9] INFO  com.capstone.aspect.LoggerAspect - Method arguments:[Ljava.lang.Object;@7e7d0d84
2022-10-14 19:29:47 [http-nio-8084-exec-9] INFO  com.capstone.aspect.LoggerAspect - *************************************
2022-10-14 19:29:47 [http-nio-8084-exec-9] INFO  com.capstone.aspect.LoggerAspect - Method name: com.capstone.service.loanServiceImp
2022-10-14 19:29:47 [http-nio-8084-exec-9] INFO  com.capstone.aspect.LoggerAspect - Method arguments:[Ljava.lang.Object;@63b1de8f
2022-10-14 19:29:47 [http-nio-8084-exec-9] INFO  com.capstone.aspect.LoggerAspect - *************************************
2022-10-14 19:29:47 [http-nio-8084-exec-9] INFO  com.capstone.aspect.LoggerAspect - During: class com.capstone.service.loanServiceImp.getloanDetailsofCustbyLoan() with arguments=loan [loanaccno=202211051, category=Personal, loan_amount=500000.0, custid=202200005, interest_rate=7.0, tenure=4]
2022-10-14 19:29:47 [http-nio-8084-exec-9] INFO  com.capstone.aspect.LoggerAspect - *************************************
2022-10-14 19:29:47 [http-nio-8084-exec-9] INFO  com.capstone.aspect.LoggerAspect - During: class com.capstone.controller.loanController.getloanDetailsofCustbyLoan() with arguments=<200 OK OK,loan [loanaccno=202211051, category=Personal, loan_amount=500000.0, custid=202200005, interest_rate=7.0, tenure=4],[]>
2022-10-14 19:29:47 [http-nio-8084-exec-9] INFO  com.capstone.aspect.LoggerAspect - *************************************
2022-10-14 19:29:50 [http-nio-8084-exec-10] INFO  com.capstone.aspect.LoggerAspect - Method name: com.capstone.controller.loanController
2022-10-14 19:29:50 [http-nio-8084-exec-10] INFO  com.capstone.aspect.LoggerAspect - Method arguments:[Ljava.lang.Object;@44eccadc
2022-10-14 19:29:50 [http-nio-8084-exec-10] INFO  com.capstone.aspect.LoggerAspect - *************************************
2022-10-14 19:29:50 [http-nio-8084-exec-10] INFO  com.capstone.aspect.LoggerAspect - Method name: com.capstone.service.loanServiceImp
2022-10-14 19:29:50 [http-nio-8084-exec-10] INFO  com.capstone.aspect.LoggerAspect - Method arguments:[Ljava.lang.Object;@1ee4c25
2022-10-14 19:29:50 [http-nio-8084-exec-10] INFO  com.capstone.aspect.LoggerAspect - *************************************
2022-10-14 19:29:50 [http-nio-8084-exec-10] INFO  com.capstone.aspect.LoggerAspect - During: class com.capstone.service.loanServiceImp.getloanDetailsofCustbyLoan() with arguments=loan [loanaccno=202211051, category=Personal, loan_amount=500000.0, custid=202200005, interest_rate=7.0, tenure=4]
2022-10-14 19:29:50 [http-nio-8084-exec-10] INFO  com.capstone.aspect.LoggerAspect - *************************************
2022-10-14 19:29:50 [http-nio-8084-exec-10] INFO  com.capstone.aspect.LoggerAspect - During: class com.capstone.controller.loanController.getloanDetailsofCustbyLoan() with arguments=<200 OK OK,loan [loanaccno=202211051, category=Personal, loan_amount=500000.0, custid=202200005, interest_rate=7.0, tenure=4],[]>
2022-10-14 19:29:50 [http-nio-8084-exec-10] INFO  com.capstone.aspect.LoggerAspect - *************************************
2022-10-14 19:31:02 [http-nio-8084-exec-2] INFO  com.capstone.aspect.LoggerAspect - Method name: com.capstone.controller.loanController
2022-10-14 19:31:02 [http-nio-8084-exec-2] INFO  com.capstone.aspect.LoggerAspect - Method arguments:[Ljava.lang.Object;@339a452b
2022-10-14 19:31:02 [http-nio-8084-exec-2] INFO  com.capstone.aspect.LoggerAspect - *************************************
2022-10-14 19:31:02 [http-nio-8084-exec-2] INFO  com.capstone.aspect.LoggerAspect - Method name: com.capstone.service.loanServiceImp
2022-10-14 19:31:02 [http-nio-8084-exec-2] INFO  com.capstone.aspect.LoggerAspect - Method arguments:[Ljava.lang.Object;@169fa773
2022-10-14 19:31:02 [http-nio-8084-exec-2] INFO  com.capstone.aspect.LoggerAspect - *************************************
2022-10-14 19:31:02 [http-nio-8084-exec-2] INFO  com.capstone.aspect.LoggerAspect - During: class com.capstone.service.loanServiceImp.getLoanAccByCust() with arguments=[loan [loanaccno=202211051, category=Personal, loan_amount=500000.0, custid=202200005, interest_rate=7.0, tenure=4]]
2022-10-14 19:31:02 [http-nio-8084-exec-2] INFO  com.capstone.aspect.LoggerAspect - *************************************
2022-10-14 19:31:02 [http-nio-8084-exec-2] INFO  com.capstone.aspect.LoggerAspect - During: class com.capstone.controller.loanController.getloanDetailsbyCust() with arguments=<200 OK OK,[loan [loanaccno=202211051, category=Personal, loan_amount=500000.0, custid=202200005, interest_rate=7.0, tenure=4]],[]>
2022-10-14 19:31:02 [http-nio-8084-exec-2] INFO  com.capstone.aspect.LoggerAspect - *************************************
2022-10-14 19:31:05 [AsyncResolver-bootstrap-executor-0] INFO  c.n.d.s.r.aws.ConfigClusterResolver - Resolving eureka endpoints via configuration
2022-10-14 19:31:43 [http-nio-8084-exec-3] INFO  com.capstone.aspect.LoggerAspect - Method name: com.capstone.controller.loanController
2022-10-14 19:31:43 [http-nio-8084-exec-3] INFO  com.capstone.aspect.LoggerAspect - Method arguments:[Ljava.lang.Object;@35e785c4
2022-10-14 19:31:43 [http-nio-8084-exec-3] INFO  com.capstone.aspect.LoggerAspect - *************************************
2022-10-14 19:31:43 [http-nio-8084-exec-3] INFO  com.capstone.aspect.LoggerAspect - Method name: com.capstone.service.loanServiceImp
2022-10-14 19:31:43 [http-nio-8084-exec-3] INFO  com.capstone.aspect.LoggerAspect - Method arguments:[Ljava.lang.Object;@69567f52
2022-10-14 19:31:43 [http-nio-8084-exec-3] INFO  com.capstone.aspect.LoggerAspect - *************************************
2022-10-14 19:31:43 [http-nio-8084-exec-3] INFO  com.capstone.aspect.LoggerAspect - During: class com.capstone.service.loanServiceImp.getLoanAccByCust() with arguments=[loan [loanaccno=202211051, category=Personal, loan_amount=500000.0, custid=202200005, interest_rate=7.0, tenure=4]]
2022-10-14 19:31:43 [http-nio-8084-exec-3] INFO  com.capstone.aspect.LoggerAspect - *************************************
2022-10-14 19:31:43 [http-nio-8084-exec-3] INFO  com.capstone.aspect.LoggerAspect - During: class com.capstone.controller.loanController.getloanDetailsbyCust() with arguments=<200 OK OK,[loan [loanaccno=202211051, category=Personal, loan_amount=500000.0, custid=202200005, interest_rate=7.0, tenure=4]],[]>
2022-10-14 19:31:43 [http-nio-8084-exec-3] INFO  com.capstone.aspect.LoggerAspect - *************************************
2022-10-14 19:32:10 [http-nio-8084-exec-4] INFO  com.capstone.aspect.LoggerAspect - Method name: com.capstone.controller.loanController
2022-10-14 19:32:10 [http-nio-8084-exec-4] INFO  com.capstone.aspect.LoggerAspect - Method arguments:[Ljava.lang.Object;@411285d7
2022-10-14 19:32:10 [http-nio-8084-exec-4] INFO  com.capstone.aspect.LoggerAspect - *************************************
2022-10-14 19:32:10 [http-nio-8084-exec-4] INFO  com.capstone.aspect.LoggerAspect - Method name: com.capstone.service.loanServiceImp
2022-10-14 19:32:10 [http-nio-8084-exec-4] INFO  com.capstone.aspect.LoggerAspect - Method arguments:[Ljava.lang.Object;@3826fc68
2022-10-14 19:32:10 [http-nio-8084-exec-4] INFO  com.capstone.aspect.LoggerAspect - *************************************
2022-10-14 19:32:11 [http-nio-8084-exec-4] INFO  com.capstone.aspect.LoggerAspect - During: class com.capstone.service.loanServiceImp.getLoanAccByCust() with arguments=[loan [loanaccno=202211051, category=Personal, loan_amount=500000.0, custid=202200005, interest_rate=7.0, tenure=4]]
2022-10-14 19:32:11 [http-nio-8084-exec-4] INFO  com.capstone.aspect.LoggerAspect - *************************************
2022-10-14 19:32:11 [http-nio-8084-exec-4] INFO  com.capstone.aspect.LoggerAspect - During: class com.capstone.controller.loanController.getloanDetailsbyCust() with arguments=<200 OK OK,[loan [loanaccno=202211051, category=Personal, loan_amount=500000.0, custid=202200005, interest_rate=7.0, tenure=4]],[]>
2022-10-14 19:32:11 [http-nio-8084-exec-4] INFO  com.capstone.aspect.LoggerAspect - *************************************
2022-10-14 19:36:05 [AsyncResolver-bootstrap-executor-0] INFO  c.n.d.s.r.aws.ConfigClusterResolver - Resolving eureka endpoints via configuration
2022-10-14 19:42:38 [HikariPool-2 housekeeper] WARN  com.zaxxer.hikari.pool.HikariPool - HikariPool-2 - Thread starvation or clock leap detected (housekeeper delta=3m3s495ms308µs).
