2022-10-15 11:52:40 [restartedMain] INFO  com.capstone.LoanApiApplication - Starting LoanApiApplication using Java 17.0.2 on MOHAN with PID 5688 (C:\Users\mohan\Downloads\Natwest Capstone\frontend\spring-master\loan-api\target\classes started by mohan in C:\Users\mohan\Downloads\Natwest Capstone\frontend\spring-master\loan-api)
2022-10-15 11:52:40 [restartedMain] INFO  com.capstone.LoanApiApplication - No active profile set, falling back to 1 default profile: "default"
2022-10-15 11:52:40 [restartedMain] INFO  o.s.b.d.e.DevToolsPropertyDefaultsPostProcessor - Devtools property defaults active! Set 'spring.devtools.add-properties' to 'false' to disable
2022-10-15 11:52:40 [restartedMain] INFO  o.s.b.d.e.DevToolsPropertyDefaultsPostProcessor - For additional web related logging consider setting the 'logging.level.web' property to 'DEBUG'
2022-10-15 11:52:41 [restartedMain] INFO  o.s.d.r.c.RepositoryConfigurationDelegate - Bootstrapping Spring Data JPA repositories in DEFAULT mode.
2022-10-15 11:52:41 [restartedMain] INFO  o.s.d.r.c.RepositoryConfigurationDelegate - Finished Spring Data repository scanning in 170 ms. Found 1 JPA repository interfaces.
2022-10-15 11:52:42 [restartedMain] INFO  o.s.cloud.context.scope.GenericScope - BeanFactory id=45fe97d3-c3fe-391b-82f8-b9579b09bcd6
2022-10-15 11:52:43 [restartedMain] INFO  o.s.b.w.e.tomcat.TomcatWebServer - Tomcat initialized with port(s): 8084 (http)
2022-10-15 11:52:43 [restartedMain] INFO  o.a.coyote.http11.Http11NioProtocol - Initializing ProtocolHandler ["http-nio-8084"]
2022-10-15 11:52:43 [restartedMain] INFO  o.a.catalina.core.StandardService - Starting service [Tomcat]
2022-10-15 11:52:43 [restartedMain] INFO  o.a.catalina.core.StandardEngine - Starting Servlet engine: [Apache Tomcat/9.0.65]
2022-10-15 11:52:43 [restartedMain] INFO  o.a.c.c.C.[Tomcat].[localhost].[/] - Initializing Spring embedded WebApplicationContext
2022-10-15 11:52:43 [restartedMain] INFO  o.s.b.w.s.c.ServletWebServerApplicationContext - Root WebApplicationContext: initialization completed in 2512 ms
2022-10-15 11:52:43 [restartedMain] INFO  o.h.jpa.internal.util.LogHelper - HHH000204: Processing PersistenceUnitInfo [name: default]
2022-10-15 11:52:43 [restartedMain] INFO  org.hibernate.Version - HHH000412: Hibernate ORM core version 5.6.11.Final
2022-10-15 11:52:43 [restartedMain] INFO  o.h.annotations.common.Version - HCANN000001: Hibernate Commons Annotations {5.1.2.Final}
2022-10-15 11:52:44 [restartedMain] INFO  com.zaxxer.hikari.HikariDataSource - HikariPool-1 - Starting...
2022-10-15 11:52:44 [restartedMain] INFO  com.zaxxer.hikari.HikariDataSource - HikariPool-1 - Start completed.
2022-10-15 11:52:44 [restartedMain] INFO  org.hibernate.dialect.Dialect - HHH000400: Using dialect: org.hibernate.dialect.MySQL8Dialect
2022-10-15 11:52:45 [restartedMain] INFO  o.h.e.t.j.p.i.JtaPlatformInitiator - HHH000490: Using JtaPlatform implementation: [org.hibernate.engine.transaction.jta.platform.internal.NoJtaPlatform]
2022-10-15 11:52:45 [restartedMain] INFO  o.s.o.j.LocalContainerEntityManagerFactoryBean - Initialized JPA EntityManagerFactory for persistence unit 'default'
2022-10-15 11:52:45 [restartedMain] WARN  o.s.b.a.o.j.JpaBaseConfiguration$JpaWebConfiguration - spring.jpa.open-in-view is enabled by default. Therefore, database queries may be performed during view rendering. Explicitly configure spring.jpa.open-in-view to disable this warning
2022-10-15 11:52:46 [restartedMain] INFO  o.s.b.d.a.OptionalLiveReloadServer - LiveReload server is running on port 35729
2022-10-15 11:52:46 [restartedMain] INFO  o.s.c.n.e.c.DiscoveryClientOptionalArgsConfiguration - Eureka HTTP Client uses RestTemplate.
2022-10-15 11:52:46 [restartedMain] WARN  o.s.c.l.c.LoadBalancerCacheAutoConfiguration$LoadBalancerCaffeineWarnLogger - Spring Cloud LoadBalancer is currently working with the default cache. While this cache implementation is useful for development and tests, it's recommended to use Caffeine cache in production.You can switch to using Caffeine cache, by adding it and org.springframework.cache.caffeine.CaffeineCacheManager to the classpath.
2022-10-15 11:52:46 [restartedMain] INFO  o.s.c.n.eureka.InstanceInfoFactory - Setting initial instance status as: STARTING
2022-10-15 11:52:46 [restartedMain] INFO  c.netflix.discovery.DiscoveryClient - Initializing Eureka in region us-east-1
2022-10-15 11:52:46 [restartedMain] INFO  c.n.d.s.r.aws.ConfigClusterResolver - Resolving eureka endpoints via configuration
2022-10-15 11:52:46 [restartedMain] INFO  c.netflix.discovery.DiscoveryClient - Disable delta property : false
2022-10-15 11:52:46 [restartedMain] INFO  c.netflix.discovery.DiscoveryClient - Single vip registry refresh property : null
2022-10-15 11:52:46 [restartedMain] INFO  c.netflix.discovery.DiscoveryClient - Force full registry fetch : false
2022-10-15 11:52:46 [restartedMain] INFO  c.netflix.discovery.DiscoveryClient - Application is null : false
2022-10-15 11:52:46 [restartedMain] INFO  c.netflix.discovery.DiscoveryClient - Registered Applications size is zero : true
2022-10-15 11:52:46 [restartedMain] INFO  c.netflix.discovery.DiscoveryClient - Application version is -1: true
2022-10-15 11:52:46 [restartedMain] INFO  c.netflix.discovery.DiscoveryClient - Getting all instance registry info from the eureka server
2022-10-15 11:52:47 [restartedMain] INFO  c.netflix.discovery.DiscoveryClient - The response status is 200
2022-10-15 11:52:47 [restartedMain] INFO  c.netflix.discovery.DiscoveryClient - Starting heartbeat executor: renew interval is: 30
2022-10-15 11:52:47 [restartedMain] INFO  c.n.discovery.InstanceInfoReplicator - InstanceInfoReplicator onDemand update allowed rate per min is 4
2022-10-15 11:52:47 [restartedMain] INFO  c.netflix.discovery.DiscoveryClient - Discovery Client initialized at timestamp 1665814967395 with initial instances count: 0
2022-10-15 11:52:47 [restartedMain] INFO  o.s.c.n.e.s.EurekaServiceRegistry - Registering application LOAN-API with eureka with status UP
2022-10-15 11:52:47 [restartedMain] INFO  c.netflix.discovery.DiscoveryClient - Saw local status change event StatusChangeEvent [timestamp=1665814967402, current=UP, previous=STARTING]
2022-10-15 11:52:47 [restartedMain] INFO  o.a.coyote.http11.Http11NioProtocol - Starting ProtocolHandler ["http-nio-8084"]
2022-10-15 11:52:47 [DiscoveryClient-InstanceInfoReplicator-0] INFO  c.netflix.discovery.DiscoveryClient - DiscoveryClient_LOAN-API/192.168.0.8:loan-api:8084: registering service...
2022-10-15 11:52:47 [restartedMain] INFO  o.s.b.w.e.tomcat.TomcatWebServer - Tomcat started on port(s): 8084 (http) with context path ''
2022-10-15 11:52:47 [restartedMain] INFO  o.s.c.n.e.s.EurekaAutoServiceRegistration - Updating port to 8084
2022-10-15 11:52:47 [DiscoveryClient-InstanceInfoReplicator-0] INFO  c.netflix.discovery.DiscoveryClient - DiscoveryClient_LOAN-API/192.168.0.8:loan-api:8084 - registration status: 204
2022-10-15 11:52:47 [restartedMain] INFO  com.capstone.LoanApiApplication - Started LoanApiApplication in 7.552 seconds (JVM running for 8.321)
2022-10-15 11:53:17 [DiscoveryClient-CacheRefreshExecutor-0] INFO  c.netflix.discovery.DiscoveryClient - Disable delta property : false
2022-10-15 11:53:17 [DiscoveryClient-CacheRefreshExecutor-0] INFO  c.netflix.discovery.DiscoveryClient - Single vip registry refresh property : null
2022-10-15 11:53:17 [DiscoveryClient-CacheRefreshExecutor-0] INFO  c.netflix.discovery.DiscoveryClient - Force full registry fetch : false
2022-10-15 11:53:17 [DiscoveryClient-CacheRefreshExecutor-0] INFO  c.netflix.discovery.DiscoveryClient - Application is null : false
2022-10-15 11:53:17 [DiscoveryClient-CacheRefreshExecutor-0] INFO  c.netflix.discovery.DiscoveryClient - Registered Applications size is zero : true
2022-10-15 11:53:17 [DiscoveryClient-CacheRefreshExecutor-0] INFO  c.netflix.discovery.DiscoveryClient - Application version is -1: false
2022-10-15 11:53:17 [DiscoveryClient-CacheRefreshExecutor-0] INFO  c.netflix.discovery.DiscoveryClient - Getting all instance registry info from the eureka server
2022-10-15 11:53:17 [DiscoveryClient-CacheRefreshExecutor-0] INFO  c.netflix.discovery.DiscoveryClient - The response status is 200
2022-10-15 11:57:46 [AsyncResolver-bootstrap-executor-0] INFO  c.n.d.s.r.aws.ConfigClusterResolver - Resolving eureka endpoints via configuration
2022-10-15 11:59:36 [http-nio-8084-exec-1] INFO  o.a.c.c.C.[Tomcat].[localhost].[/] - Initializing Spring DispatcherServlet 'dispatcherServlet'
2022-10-15 11:59:36 [http-nio-8084-exec-1] INFO  o.s.web.servlet.DispatcherServlet - Initializing Servlet 'dispatcherServlet'
2022-10-15 11:59:36 [http-nio-8084-exec-1] INFO  o.s.web.servlet.DispatcherServlet - Completed initialization in 113 ms
2022-10-15 11:59:37 [http-nio-8084-exec-1] INFO  com.capstone.aspect.LoggerAspect - Method name: com.capstone.controller.LoanController
2022-10-15 11:59:37 [http-nio-8084-exec-1] INFO  com.capstone.aspect.LoggerAspect - Method arguments:[Ljava.lang.Object;@5bffc8e1
2022-10-15 11:59:37 [http-nio-8084-exec-1] INFO  com.capstone.aspect.LoggerAspect - *************************************
2022-10-15 11:59:37 [http-nio-8084-exec-1] INFO  com.capstone.aspect.LoggerAspect - Method name: com.capstone.service.LoanServiceImp
2022-10-15 11:59:37 [http-nio-8084-exec-1] INFO  com.capstone.aspect.LoggerAspect - Method arguments:[Ljava.lang.Object;@2c94aa86
2022-10-15 11:59:37 [http-nio-8084-exec-1] INFO  com.capstone.aspect.LoggerAspect - *************************************
2022-10-15 11:59:37 [http-nio-8084-exec-1] INFO  com.capstone.aspect.LoggerAspect - During: class com.capstone.service.LoanServiceImp.getLoanAccByCust() with arguments=[]
2022-10-15 11:59:37 [http-nio-8084-exec-1] INFO  com.capstone.aspect.LoggerAspect - *************************************
2022-10-15 11:59:37 [http-nio-8084-exec-1] INFO  com.capstone.aspect.LoggerAspect - During: class com.capstone.controller.LoanController.getloanDetailsbyCust() with arguments=<200 OK OK,[],[]>
2022-10-15 11:59:37 [http-nio-8084-exec-1] INFO  com.capstone.aspect.LoggerAspect - *************************************
2022-10-15 11:59:49 [http-nio-8084-exec-2] INFO  com.capstone.aspect.LoggerAspect - Method name: com.capstone.controller.LoanController
2022-10-15 11:59:49 [http-nio-8084-exec-2] INFO  com.capstone.aspect.LoggerAspect - Method arguments:[Ljava.lang.Object;@3bc1cddc
2022-10-15 11:59:49 [http-nio-8084-exec-2] INFO  com.capstone.aspect.LoggerAspect - *************************************
2022-10-15 11:59:49 [http-nio-8084-exec-2] INFO  com.capstone.aspect.LoggerAspect - Method name: com.capstone.service.LoanServiceImp
2022-10-15 11:59:49 [http-nio-8084-exec-2] INFO  com.capstone.aspect.LoggerAspect - Method arguments:[Ljava.lang.Object;@350624d4
2022-10-15 11:59:49 [http-nio-8084-exec-2] INFO  com.capstone.aspect.LoggerAspect - *************************************
2022-10-15 11:59:49 [http-nio-8084-exec-2] INFO  com.capstone.aspect.LoggerAspect - During: class com.capstone.service.LoanServiceImp.getLoanAccByCust() with arguments=[]
2022-10-15 11:59:49 [http-nio-8084-exec-2] INFO  com.capstone.aspect.LoggerAspect - *************************************
2022-10-15 11:59:49 [http-nio-8084-exec-2] INFO  com.capstone.aspect.LoggerAspect - During: class com.capstone.controller.LoanController.getloanDetailsbyCust() with arguments=<200 OK OK,[],[]>
2022-10-15 11:59:49 [http-nio-8084-exec-2] INFO  com.capstone.aspect.LoggerAspect - *************************************
