2022-10-12 20:06:54 [restartedMain] INFO  com.capstone.LoanApiApplication - Starting LoanApiApplication using Java 17.0.2 on MOHAN with PID 6812 (C:\Users\mohan\Downloads\Natwest Capstone\frontend\spring-master\loan-api\target\classes started by mohan in C:\Users\mohan\Downloads\Natwest Capstone\frontend\spring-master\loan-api)
2022-10-12 20:06:54 [restartedMain] INFO  com.capstone.LoanApiApplication - No active profile set, falling back to 1 default profile: "default"
2022-10-12 20:06:54 [restartedMain] INFO  o.s.b.d.e.DevToolsPropertyDefaultsPostProcessor - Devtools property defaults active! Set 'spring.devtools.add-properties' to 'false' to disable
2022-10-12 20:06:54 [restartedMain] INFO  o.s.b.d.e.DevToolsPropertyDefaultsPostProcessor - For additional web related logging consider setting the 'logging.level.web' property to 'DEBUG'
2022-10-12 20:06:55 [restartedMain] INFO  o.s.d.r.c.RepositoryConfigurationDelegate - Bootstrapping Spring Data JPA repositories in DEFAULT mode.
2022-10-12 20:06:55 [restartedMain] INFO  o.s.d.r.c.RepositoryConfigurationDelegate - Finished Spring Data repository scanning in 150 ms. Found 1 JPA repository interfaces.
2022-10-12 20:06:55 [restartedMain] INFO  o.s.cloud.context.scope.GenericScope - BeanFactory id=45fe97d3-c3fe-391b-82f8-b9579b09bcd6
2022-10-12 20:06:56 [restartedMain] INFO  o.s.b.w.e.tomcat.TomcatWebServer - Tomcat initialized with port(s): 8084 (http)
2022-10-12 20:06:56 [restartedMain] INFO  o.a.coyote.http11.Http11NioProtocol - Initializing ProtocolHandler ["http-nio-8084"]
2022-10-12 20:06:56 [restartedMain] INFO  o.a.catalina.core.StandardService - Starting service [Tomcat]
2022-10-12 20:06:56 [restartedMain] INFO  o.a.catalina.core.StandardEngine - Starting Servlet engine: [Apache Tomcat/9.0.65]
2022-10-12 20:06:56 [restartedMain] INFO  o.a.c.c.C.[Tomcat].[localhost].[/] - Initializing Spring embedded WebApplicationContext
2022-10-12 20:06:56 [restartedMain] INFO  o.s.b.w.s.c.ServletWebServerApplicationContext - Root WebApplicationContext: initialization completed in 2270 ms
2022-10-12 20:06:56 [restartedMain] INFO  o.a.catalina.core.StandardContext - Suspicious URL pattern: [/api/**] in context [], see sections 12.1 and 12.2 of the Servlet specification
2022-10-12 20:06:56 [restartedMain] INFO  o.h.jpa.internal.util.LogHelper - HHH000204: Processing PersistenceUnitInfo [name: default]
2022-10-12 20:06:57 [restartedMain] INFO  org.hibernate.Version - HHH000412: Hibernate ORM core version 5.6.11.Final
2022-10-12 20:06:57 [restartedMain] INFO  o.h.annotations.common.Version - HCANN000001: Hibernate Commons Annotations {5.1.2.Final}
2022-10-12 20:06:57 [restartedMain] INFO  com.zaxxer.hikari.HikariDataSource - HikariPool-1 - Starting...
2022-10-12 20:06:57 [restartedMain] INFO  com.zaxxer.hikari.HikariDataSource - HikariPool-1 - Start completed.
2022-10-12 20:06:57 [restartedMain] INFO  org.hibernate.dialect.Dialect - HHH000400: Using dialect: org.hibernate.dialect.MySQL8Dialect
2022-10-12 20:06:58 [restartedMain] INFO  o.h.e.t.j.p.i.JtaPlatformInitiator - HHH000490: Using JtaPlatform implementation: [org.hibernate.engine.transaction.jta.platform.internal.NoJtaPlatform]
2022-10-12 20:06:58 [restartedMain] INFO  o.s.o.j.LocalContainerEntityManagerFactoryBean - Initialized JPA EntityManagerFactory for persistence unit 'default'
2022-10-12 20:06:59 [restartedMain] WARN  o.s.b.a.o.j.JpaBaseConfiguration$JpaWebConfiguration - spring.jpa.open-in-view is enabled by default. Therefore, database queries may be performed during view rendering. Explicitly configure spring.jpa.open-in-view to disable this warning
2022-10-12 20:06:59 [restartedMain] WARN  o.s.b.d.a.OptionalLiveReloadServer - Unable to start LiveReload server
2022-10-12 20:06:59 [restartedMain] INFO  o.s.c.n.e.c.DiscoveryClientOptionalArgsConfiguration - Eureka HTTP Client uses RestTemplate.
2022-10-12 20:06:59 [restartedMain] WARN  o.s.c.l.c.LoadBalancerCacheAutoConfiguration$LoadBalancerCaffeineWarnLogger - Spring Cloud LoadBalancer is currently working with the default cache. While this cache implementation is useful for development and tests, it's recommended to use Caffeine cache in production.You can switch to using Caffeine cache, by adding it and org.springframework.cache.caffeine.CaffeineCacheManager to the classpath.
2022-10-12 20:06:59 [restartedMain] INFO  o.s.c.n.eureka.InstanceInfoFactory - Setting initial instance status as: STARTING
2022-10-12 20:06:59 [restartedMain] INFO  c.netflix.discovery.DiscoveryClient - Initializing Eureka in region us-east-1
2022-10-12 20:06:59 [restartedMain] INFO  c.n.d.s.r.aws.ConfigClusterResolver - Resolving eureka endpoints via configuration
2022-10-12 20:07:00 [restartedMain] INFO  c.netflix.discovery.DiscoveryClient - Disable delta property : false
2022-10-12 20:07:00 [restartedMain] INFO  c.netflix.discovery.DiscoveryClient - Single vip registry refresh property : null
2022-10-12 20:07:00 [restartedMain] INFO  c.netflix.discovery.DiscoveryClient - Force full registry fetch : false
2022-10-12 20:07:00 [restartedMain] INFO  c.netflix.discovery.DiscoveryClient - Application is null : false
2022-10-12 20:07:00 [restartedMain] INFO  c.netflix.discovery.DiscoveryClient - Registered Applications size is zero : true
2022-10-12 20:07:00 [restartedMain] INFO  c.netflix.discovery.DiscoveryClient - Application version is -1: true
2022-10-12 20:07:00 [restartedMain] INFO  c.netflix.discovery.DiscoveryClient - Getting all instance registry info from the eureka server
2022-10-12 20:07:00 [restartedMain] INFO  c.netflix.discovery.DiscoveryClient - The response status is 200
2022-10-12 20:07:00 [restartedMain] INFO  c.netflix.discovery.DiscoveryClient - Starting heartbeat executor: renew interval is: 30
2022-10-12 20:07:00 [restartedMain] INFO  c.n.discovery.InstanceInfoReplicator - InstanceInfoReplicator onDemand update allowed rate per min is 4
2022-10-12 20:07:00 [restartedMain] INFO  c.netflix.discovery.DiscoveryClient - Discovery Client initialized at timestamp 1665585420457 with initial instances count: 4
2022-10-12 20:07:00 [restartedMain] INFO  o.s.c.n.e.s.EurekaServiceRegistry - Registering application LOAN-API with eureka with status UP
2022-10-12 20:07:00 [restartedMain] INFO  c.netflix.discovery.DiscoveryClient - Saw local status change event StatusChangeEvent [timestamp=1665585420463, current=UP, previous=STARTING]
2022-10-12 20:07:00 [DiscoveryClient-InstanceInfoReplicator-0] INFO  c.netflix.discovery.DiscoveryClient - DiscoveryClient_LOAN-API/192.168.0.7:loan-api:8084: registering service...
2022-10-12 20:07:00 [restartedMain] INFO  o.a.coyote.http11.Http11NioProtocol - Starting ProtocolHandler ["http-nio-8084"]
2022-10-12 20:07:00 [restartedMain] INFO  o.s.b.w.e.tomcat.TomcatWebServer - Tomcat started on port(s): 8084 (http) with context path ''
2022-10-12 20:07:00 [restartedMain] INFO  o.s.c.n.e.s.EurekaAutoServiceRegistration - Updating port to 8084
2022-10-12 20:07:00 [DiscoveryClient-InstanceInfoReplicator-0] INFO  c.netflix.discovery.DiscoveryClient - DiscoveryClient_LOAN-API/192.168.0.7:loan-api:8084 - registration status: 204
2022-10-12 20:07:00 [restartedMain] INFO  com.capstone.LoanApiApplication - Started LoanApiApplication in 7.006 seconds (JVM running for 7.849)
2022-10-12 20:07:05 [http-nio-8084-exec-1] INFO  o.a.c.c.C.[Tomcat].[localhost].[/] - Initializing Spring DispatcherServlet 'dispatcherServlet'
2022-10-12 20:07:05 [http-nio-8084-exec-1] INFO  o.s.web.servlet.DispatcherServlet - Initializing Servlet 'dispatcherServlet'
2022-10-12 20:07:05 [http-nio-8084-exec-1] INFO  o.s.web.servlet.DispatcherServlet - Completed initialization in 2 ms
2022-10-12 20:07:05 [http-nio-8084-exec-2] INFO  com.capstone.aspect.LoggerAspect - Method name: com.capstone.controller.loanController
2022-10-12 20:07:05 [http-nio-8084-exec-2] INFO  com.capstone.aspect.LoggerAspect - Method arguments:[Ljava.lang.Object;@9321cc2
2022-10-12 20:07:05 [http-nio-8084-exec-2] INFO  com.capstone.aspect.LoggerAspect - *************************************
2022-10-12 20:07:05 [http-nio-8084-exec-2] INFO  com.capstone.aspect.LoggerAspect - Method name: com.capstone.service.loanServiceImp
2022-10-12 20:07:05 [http-nio-8084-exec-2] INFO  com.capstone.aspect.LoggerAspect - Method arguments:[Ljava.lang.Object;@ff2f77e
2022-10-12 20:07:05 [http-nio-8084-exec-2] INFO  com.capstone.aspect.LoggerAspect - *************************************
2022-10-12 20:07:06 [http-nio-8084-exec-2] INFO  com.capstone.aspect.LoggerAspect - During: class com.capstone.service.loanServiceImp.getLoanAccByCust() with arguments=[loan [loanaccno=202211011, category=Home, loan_amount=1500000.0, custid=202200001, interest_rate=5.0, tenure=10], loan [loanaccno=202211012, category=Vehicle, loan_amount=110000.0, custid=202200001, interest_rate=3.7, tenure=2]]
2022-10-12 20:07:06 [http-nio-8084-exec-2] INFO  com.capstone.aspect.LoggerAspect - *************************************
2022-10-12 20:07:06 [http-nio-8084-exec-2] INFO  com.capstone.aspect.LoggerAspect - During: class com.capstone.controller.loanController.getloanDetailsbyCust() with arguments=<200 OK OK,[loan [loanaccno=202211011, category=Home, loan_amount=1500000.0, custid=202200001, interest_rate=5.0, tenure=10], loan [loanaccno=202211012, category=Vehicle, loan_amount=110000.0, custid=202200001, interest_rate=3.7, tenure=2]],[]>
2022-10-12 20:07:06 [http-nio-8084-exec-2] INFO  com.capstone.aspect.LoggerAspect - *************************************
2022-10-12 20:10:44 [File Watcher] INFO  o.s.b.d.a.LocalDevToolsAutoConfiguration$RestartingClassPathChangeChangedEventListener - Restarting due to 2 class path changes (0 additions, 0 deletions, 2 modifications)
2022-10-12 20:10:44 [Thread-1] INFO  o.s.c.n.e.s.EurekaServiceRegistry - Unregistering application LOAN-API with eureka with status DOWN
2022-10-12 20:10:44 [Thread-1] INFO  c.netflix.discovery.DiscoveryClient - Saw local status change event StatusChangeEvent [timestamp=1665585644395, current=DOWN, previous=UP]
2022-10-12 20:10:44 [DiscoveryClient-InstanceInfoReplicator-0] INFO  c.netflix.discovery.DiscoveryClient - DiscoveryClient_LOAN-API/192.168.0.7:loan-api:8084: registering service...
2022-10-12 20:10:44 [DiscoveryClient-InstanceInfoReplicator-0] INFO  c.netflix.discovery.DiscoveryClient - DiscoveryClient_LOAN-API/192.168.0.7:loan-api:8084 - registration status: 204
2022-10-12 20:10:44 [Thread-1] INFO  o.a.coyote.http11.Http11NioProtocol - Pausing ProtocolHandler ["http-nio-8084"]
2022-10-12 20:10:44 [Thread-1] INFO  o.a.catalina.core.StandardService - Stopping service [Tomcat]
2022-10-12 20:10:44 [Thread-1] INFO  o.a.c.c.C.[Tomcat].[localhost].[/] - Destroying Spring FrameworkServlet 'dispatcherServlet'
2022-10-12 20:10:44 [Thread-1] INFO  o.a.coyote.http11.Http11NioProtocol - Stopping ProtocolHandler ["http-nio-8084"]
2022-10-12 20:10:44 [Thread-1] INFO  o.a.coyote.http11.Http11NioProtocol - Destroying ProtocolHandler ["http-nio-8084"]
2022-10-12 20:10:44 [Thread-1] INFO  o.s.o.j.LocalContainerEntityManagerFactoryBean - Closing JPA EntityManagerFactory for persistence unit 'default'
2022-10-12 20:10:44 [Thread-1] INFO  com.zaxxer.hikari.HikariDataSource - HikariPool-1 - Shutdown initiated...
2022-10-12 20:10:44 [Thread-1] INFO  com.zaxxer.hikari.HikariDataSource - HikariPool-1 - Shutdown completed.
2022-10-12 20:10:44 [Thread-1] INFO  c.netflix.discovery.DiscoveryClient - Shutting down DiscoveryClient ...
2022-10-12 20:10:47 [Thread-1] INFO  c.netflix.discovery.DiscoveryClient - Unregistering ...
2022-10-12 20:10:47 [Thread-1] INFO  c.netflix.discovery.DiscoveryClient - DiscoveryClient_LOAN-API/192.168.0.7:loan-api:8084 - deregister  status: 200
2022-10-12 20:10:47 [Thread-1] INFO  c.netflix.discovery.DiscoveryClient - Completed shut down of DiscoveryClient
2022-10-12 20:10:47 [restartedMain] INFO  com.capstone.LoanApiApplication - Starting LoanApiApplication using Java 17.0.2 on MOHAN with PID 6812 (C:\Users\mohan\Downloads\Natwest Capstone\frontend\spring-master\loan-api\target\classes started by mohan in C:\Users\mohan\Downloads\Natwest Capstone\frontend\spring-master\loan-api)
2022-10-12 20:10:47 [restartedMain] INFO  com.capstone.LoanApiApplication - No active profile set, falling back to 1 default profile: "default"
2022-10-12 20:10:48 [restartedMain] INFO  o.s.d.r.c.RepositoryConfigurationDelegate - Bootstrapping Spring Data JPA repositories in DEFAULT mode.
2022-10-12 20:10:48 [restartedMain] INFO  o.s.d.r.c.RepositoryConfigurationDelegate - Finished Spring Data repository scanning in 9 ms. Found 1 JPA repository interfaces.
2022-10-12 20:10:48 [restartedMain] INFO  o.s.cloud.context.scope.GenericScope - BeanFactory id=45fe97d3-c3fe-391b-82f8-b9579b09bcd6
2022-10-12 20:10:48 [restartedMain] INFO  o.s.b.w.e.tomcat.TomcatWebServer - Tomcat initialized with port(s): 8084 (http)
2022-10-12 20:10:48 [restartedMain] INFO  o.a.coyote.http11.Http11NioProtocol - Initializing ProtocolHandler ["http-nio-8084"]
2022-10-12 20:10:48 [restartedMain] INFO  o.a.catalina.core.StandardService - Starting service [Tomcat]
2022-10-12 20:10:48 [restartedMain] INFO  o.a.catalina.core.StandardEngine - Starting Servlet engine: [Apache Tomcat/9.0.65]
2022-10-12 20:10:48 [restartedMain] INFO  o.a.c.c.C.[Tomcat].[localhost].[/] - Initializing Spring embedded WebApplicationContext
2022-10-12 20:10:48 [restartedMain] INFO  o.s.b.w.s.c.ServletWebServerApplicationContext - Root WebApplicationContext: initialization completed in 591 ms
2022-10-12 20:10:48 [restartedMain] INFO  o.a.catalina.core.StandardContext - Suspicious URL pattern: [/api/**] in context [], see sections 12.1 and 12.2 of the Servlet specification
2022-10-12 20:10:48 [restartedMain] INFO  o.h.jpa.internal.util.LogHelper - HHH000204: Processing PersistenceUnitInfo [name: default]
2022-10-12 20:10:48 [restartedMain] INFO  com.zaxxer.hikari.HikariDataSource - HikariPool-2 - Starting...
2022-10-12 20:10:48 [restartedMain] INFO  com.zaxxer.hikari.HikariDataSource - HikariPool-2 - Start completed.
2022-10-12 20:10:48 [restartedMain] INFO  org.hibernate.dialect.Dialect - HHH000400: Using dialect: org.hibernate.dialect.MySQL8Dialect
2022-10-12 20:10:48 [restartedMain] INFO  o.h.e.t.j.p.i.JtaPlatformInitiator - HHH000490: Using JtaPlatform implementation: [org.hibernate.engine.transaction.jta.platform.internal.NoJtaPlatform]
2022-10-12 20:10:48 [restartedMain] INFO  o.s.o.j.LocalContainerEntityManagerFactoryBean - Initialized JPA EntityManagerFactory for persistence unit 'default'
2022-10-12 20:10:48 [restartedMain] WARN  o.s.b.a.o.j.JpaBaseConfiguration$JpaWebConfiguration - spring.jpa.open-in-view is enabled by default. Therefore, database queries may be performed during view rendering. Explicitly configure spring.jpa.open-in-view to disable this warning
2022-10-12 20:10:49 [restartedMain] WARN  o.s.b.d.a.OptionalLiveReloadServer - Unable to start LiveReload server
2022-10-12 20:10:49 [restartedMain] INFO  o.s.c.n.e.c.DiscoveryClientOptionalArgsConfiguration - Eureka HTTP Client uses RestTemplate.
2022-10-12 20:10:49 [restartedMain] WARN  o.s.c.l.c.LoadBalancerCacheAutoConfiguration$LoadBalancerCaffeineWarnLogger - Spring Cloud LoadBalancer is currently working with the default cache. While this cache implementation is useful for development and tests, it's recommended to use Caffeine cache in production.You can switch to using Caffeine cache, by adding it and org.springframework.cache.caffeine.CaffeineCacheManager to the classpath.
2022-10-12 20:10:49 [restartedMain] INFO  o.s.c.n.eureka.InstanceInfoFactory - Setting initial instance status as: STARTING
2022-10-12 20:10:49 [restartedMain] INFO  c.netflix.discovery.DiscoveryClient - Initializing Eureka in region us-east-1
2022-10-12 20:10:49 [restartedMain] INFO  c.n.d.s.r.aws.ConfigClusterResolver - Resolving eureka endpoints via configuration
2022-10-12 20:10:49 [restartedMain] INFO  c.netflix.discovery.DiscoveryClient - Disable delta property : false
2022-10-12 20:10:49 [restartedMain] INFO  c.netflix.discovery.DiscoveryClient - Single vip registry refresh property : null
2022-10-12 20:10:49 [restartedMain] INFO  c.netflix.discovery.DiscoveryClient - Force full registry fetch : false
2022-10-12 20:10:49 [restartedMain] INFO  c.netflix.discovery.DiscoveryClient - Application is null : false
2022-10-12 20:10:49 [restartedMain] INFO  c.netflix.discovery.DiscoveryClient - Registered Applications size is zero : true
2022-10-12 20:10:49 [restartedMain] INFO  c.netflix.discovery.DiscoveryClient - Application version is -1: true
2022-10-12 20:10:49 [restartedMain] INFO  c.netflix.discovery.DiscoveryClient - Getting all instance registry info from the eureka server
2022-10-12 20:10:49 [restartedMain] INFO  c.netflix.discovery.DiscoveryClient - The response status is 200
2022-10-12 20:10:49 [restartedMain] INFO  c.netflix.discovery.DiscoveryClient - Starting heartbeat executor: renew interval is: 30
2022-10-12 20:10:49 [restartedMain] INFO  c.n.discovery.InstanceInfoReplicator - InstanceInfoReplicator onDemand update allowed rate per min is 4
2022-10-12 20:10:49 [restartedMain] INFO  c.netflix.discovery.DiscoveryClient - Discovery Client initialized at timestamp 1665585649556 with initial instances count: 5
2022-10-12 20:10:49 [restartedMain] INFO  o.s.c.n.e.s.EurekaServiceRegistry - Registering application LOAN-API with eureka with status UP
2022-10-12 20:10:49 [restartedMain] INFO  c.netflix.discovery.DiscoveryClient - Saw local status change event StatusChangeEvent [timestamp=1665585649559, current=UP, previous=STARTING]
2022-10-12 20:10:49 [DiscoveryClient-InstanceInfoReplicator-0] INFO  c.netflix.discovery.DiscoveryClient - DiscoveryClient_LOAN-API/192.168.0.7:loan-api:8084: registering service...
2022-10-12 20:10:49 [restartedMain] INFO  o.a.coyote.http11.Http11NioProtocol - Starting ProtocolHandler ["http-nio-8084"]
2022-10-12 20:10:49 [restartedMain] INFO  o.s.b.w.e.tomcat.TomcatWebServer - Tomcat started on port(s): 8084 (http) with context path ''
2022-10-12 20:10:49 [restartedMain] INFO  o.s.c.n.e.s.EurekaAutoServiceRegistration - Updating port to 8084
2022-10-12 20:10:49 [DiscoveryClient-InstanceInfoReplicator-0] INFO  c.netflix.discovery.DiscoveryClient - DiscoveryClient_LOAN-API/192.168.0.7:loan-api:8084 - registration status: 204
2022-10-12 20:10:49 [restartedMain] INFO  com.capstone.LoanApiApplication - Started LoanApiApplication in 1.975 seconds (JVM running for 236.922)
2022-10-12 20:10:49 [restartedMain] INFO  o.s.b.d.a.ConditionEvaluationDeltaLoggingListener - Condition evaluation unchanged
2022-10-12 20:11:47 [File Watcher] INFO  o.s.b.d.a.LocalDevToolsAutoConfiguration$RestartingClassPathChangeChangedEventListener - Restarting due to 1 class path change (0 additions, 0 deletions, 1 modification)
2022-10-12 20:11:47 [Thread-7] INFO  o.s.c.n.e.s.EurekaServiceRegistry - Unregistering application LOAN-API with eureka with status DOWN
2022-10-12 20:11:47 [Thread-7] INFO  c.netflix.discovery.DiscoveryClient - Saw local status change event StatusChangeEvent [timestamp=1665585707906, current=DOWN, previous=UP]
2022-10-12 20:11:47 [DiscoveryClient-InstanceInfoReplicator-0] INFO  c.netflix.discovery.DiscoveryClient - DiscoveryClient_LOAN-API/192.168.0.7:loan-api:8084: registering service...
2022-10-12 20:11:47 [DiscoveryClient-InstanceInfoReplicator-0] INFO  c.netflix.discovery.DiscoveryClient - DiscoveryClient_LOAN-API/192.168.0.7:loan-api:8084 - registration status: 204
2022-10-12 20:11:47 [Thread-7] INFO  o.a.coyote.http11.Http11NioProtocol - Pausing ProtocolHandler ["http-nio-8084"]
2022-10-12 20:11:47 [Thread-7] INFO  o.a.catalina.core.StandardService - Stopping service [Tomcat]
2022-10-12 20:11:47 [Thread-7] INFO  o.a.coyote.http11.Http11NioProtocol - Stopping ProtocolHandler ["http-nio-8084"]
2022-10-12 20:11:47 [Thread-7] INFO  o.a.coyote.http11.Http11NioProtocol - Destroying ProtocolHandler ["http-nio-8084"]
2022-10-12 20:11:47 [Thread-7] INFO  o.s.o.j.LocalContainerEntityManagerFactoryBean - Closing JPA EntityManagerFactory for persistence unit 'default'
2022-10-12 20:11:47 [Thread-7] INFO  com.zaxxer.hikari.HikariDataSource - HikariPool-2 - Shutdown initiated...
2022-10-12 20:11:47 [Thread-7] INFO  com.zaxxer.hikari.HikariDataSource - HikariPool-2 - Shutdown completed.
2022-10-12 20:11:47 [Thread-7] INFO  c.netflix.discovery.DiscoveryClient - Shutting down DiscoveryClient ...
2022-10-12 20:11:50 [DiscoveryClient-0] WARN  c.n.discovery.TimedSupervisorTask - task supervisor shutting down, can't accept the task
2022-10-12 20:11:50 [Thread-7] INFO  c.netflix.discovery.DiscoveryClient - Unregistering ...
2022-10-12 20:11:50 [Thread-7] INFO  c.netflix.discovery.DiscoveryClient - DiscoveryClient_LOAN-API/192.168.0.7:loan-api:8084 - deregister  status: 200
2022-10-12 20:11:51 [Thread-7] INFO  c.netflix.discovery.DiscoveryClient - Completed shut down of DiscoveryClient
2022-10-12 20:11:51 [restartedMain] INFO  com.capstone.LoanApiApplication - Starting LoanApiApplication using Java 17.0.2 on MOHAN with PID 6812 (C:\Users\mohan\Downloads\Natwest Capstone\frontend\spring-master\loan-api\target\classes started by mohan in C:\Users\mohan\Downloads\Natwest Capstone\frontend\spring-master\loan-api)
2022-10-12 20:11:51 [restartedMain] INFO  com.capstone.LoanApiApplication - No active profile set, falling back to 1 default profile: "default"
2022-10-12 20:11:51 [restartedMain] INFO  o.s.d.r.c.RepositoryConfigurationDelegate - Bootstrapping Spring Data JPA repositories in DEFAULT mode.
2022-10-12 20:11:51 [restartedMain] INFO  o.s.d.r.c.RepositoryConfigurationDelegate - Finished Spring Data repository scanning in 25 ms. Found 1 JPA repository interfaces.
2022-10-12 20:11:51 [restartedMain] INFO  o.s.cloud.context.scope.GenericScope - BeanFactory id=45fe97d3-c3fe-391b-82f8-b9579b09bcd6
2022-10-12 20:11:52 [restartedMain] INFO  o.s.b.w.e.tomcat.TomcatWebServer - Tomcat initialized with port(s): 8084 (http)
2022-10-12 20:11:52 [restartedMain] INFO  o.a.coyote.http11.Http11NioProtocol - Initializing ProtocolHandler ["http-nio-8084"]
2022-10-12 20:11:52 [restartedMain] INFO  o.a.catalina.core.StandardService - Starting service [Tomcat]
2022-10-12 20:11:52 [restartedMain] INFO  o.a.catalina.core.StandardEngine - Starting Servlet engine: [Apache Tomcat/9.0.65]
2022-10-12 20:11:52 [restartedMain] INFO  o.a.c.c.C.[Tomcat].[localhost].[/] - Initializing Spring embedded WebApplicationContext
2022-10-12 20:11:52 [restartedMain] INFO  o.s.b.w.s.c.ServletWebServerApplicationContext - Root WebApplicationContext: initialization completed in 853 ms
2022-10-12 20:11:52 [restartedMain] INFO  o.a.catalina.core.StandardContext - Suspicious URL pattern: [/api/**] in context [], see sections 12.1 and 12.2 of the Servlet specification
2022-10-12 20:11:52 [restartedMain] INFO  o.h.jpa.internal.util.LogHelper - HHH000204: Processing PersistenceUnitInfo [name: default]
2022-10-12 20:11:52 [restartedMain] INFO  com.zaxxer.hikari.HikariDataSource - HikariPool-3 - Starting...
2022-10-12 20:11:52 [restartedMain] INFO  com.zaxxer.hikari.HikariDataSource - HikariPool-3 - Start completed.
2022-10-12 20:11:52 [restartedMain] INFO  org.hibernate.dialect.Dialect - HHH000400: Using dialect: org.hibernate.dialect.MySQL8Dialect
2022-10-12 20:11:52 [restartedMain] INFO  o.h.e.t.j.p.i.JtaPlatformInitiator - HHH000490: Using JtaPlatform implementation: [org.hibernate.engine.transaction.jta.platform.internal.NoJtaPlatform]
2022-10-12 20:11:52 [restartedMain] INFO  o.s.o.j.LocalContainerEntityManagerFactoryBean - Initialized JPA EntityManagerFactory for persistence unit 'default'
2022-10-12 20:11:52 [restartedMain] WARN  o.s.b.a.o.j.JpaBaseConfiguration$JpaWebConfiguration - spring.jpa.open-in-view is enabled by default. Therefore, database queries may be performed during view rendering. Explicitly configure spring.jpa.open-in-view to disable this warning
2022-10-12 20:11:53 [restartedMain] WARN  o.s.b.d.a.OptionalLiveReloadServer - Unable to start LiveReload server
2022-10-12 20:11:53 [restartedMain] INFO  o.s.c.n.e.c.DiscoveryClientOptionalArgsConfiguration - Eureka HTTP Client uses RestTemplate.
2022-10-12 20:11:53 [restartedMain] WARN  o.s.c.l.c.LoadBalancerCacheAutoConfiguration$LoadBalancerCaffeineWarnLogger - Spring Cloud LoadBalancer is currently working with the default cache. While this cache implementation is useful for development and tests, it's recommended to use Caffeine cache in production.You can switch to using Caffeine cache, by adding it and org.springframework.cache.caffeine.CaffeineCacheManager to the classpath.
2022-10-12 20:11:54 [restartedMain] INFO  o.s.c.n.eureka.InstanceInfoFactory - Setting initial instance status as: STARTING
2022-10-12 20:11:54 [restartedMain] INFO  c.netflix.discovery.DiscoveryClient - Initializing Eureka in region us-east-1
2022-10-12 20:11:54 [restartedMain] INFO  c.n.d.s.r.aws.ConfigClusterResolver - Resolving eureka endpoints via configuration
2022-10-12 20:11:54 [restartedMain] INFO  c.netflix.discovery.DiscoveryClient - Disable delta property : false
2022-10-12 20:11:54 [restartedMain] INFO  c.netflix.discovery.DiscoveryClient - Single vip registry refresh property : null
2022-10-12 20:11:54 [restartedMain] INFO  c.netflix.discovery.DiscoveryClient - Force full registry fetch : false
2022-10-12 20:11:54 [restartedMain] INFO  c.netflix.discovery.DiscoveryClient - Application is null : false
2022-10-12 20:11:54 [restartedMain] INFO  c.netflix.discovery.DiscoveryClient - Registered Applications size is zero : true
2022-10-12 20:11:54 [restartedMain] INFO  c.netflix.discovery.DiscoveryClient - Application version is -1: true
2022-10-12 20:11:54 [restartedMain] INFO  c.netflix.discovery.DiscoveryClient - Getting all instance registry info from the eureka server
2022-10-12 20:11:54 [restartedMain] INFO  c.netflix.discovery.DiscoveryClient - The response status is 200
2022-10-12 20:11:54 [restartedMain] INFO  c.netflix.discovery.DiscoveryClient - Starting heartbeat executor: renew interval is: 30
2022-10-12 20:11:54 [restartedMain] INFO  c.n.discovery.InstanceInfoReplicator - InstanceInfoReplicator onDemand update allowed rate per min is 4
2022-10-12 20:11:54 [restartedMain] INFO  c.netflix.discovery.DiscoveryClient - Discovery Client initialized at timestamp 1665585714201 with initial instances count: 5
2022-10-12 20:11:54 [restartedMain] INFO  o.s.c.n.e.s.EurekaServiceRegistry - Registering application LOAN-API with eureka with status UP
2022-10-12 20:11:54 [restartedMain] INFO  c.netflix.discovery.DiscoveryClient - Saw local status change event StatusChangeEvent [timestamp=1665585714203, current=UP, previous=STARTING]
2022-10-12 20:11:54 [restartedMain] INFO  o.a.coyote.http11.Http11NioProtocol - Starting ProtocolHandler ["http-nio-8084"]
2022-10-12 20:11:54 [DiscoveryClient-InstanceInfoReplicator-0] INFO  c.netflix.discovery.DiscoveryClient - DiscoveryClient_LOAN-API/192.168.0.7:loan-api:8084: registering service...
2022-10-12 20:11:54 [restartedMain] INFO  o.s.b.w.e.tomcat.TomcatWebServer - Tomcat started on port(s): 8084 (http) with context path ''
2022-10-12 20:11:54 [restartedMain] INFO  o.s.c.n.e.s.EurekaAutoServiceRegistration - Updating port to 8084
2022-10-12 20:11:54 [DiscoveryClient-InstanceInfoReplicator-0] INFO  c.netflix.discovery.DiscoveryClient - DiscoveryClient_LOAN-API/192.168.0.7:loan-api:8084 - registration status: 204
2022-10-12 20:11:54 [http-nio-8084-exec-2] INFO  o.a.c.c.C.[Tomcat].[localhost].[/] - Initializing Spring DispatcherServlet 'dispatcherServlet'
2022-10-12 20:11:54 [http-nio-8084-exec-2] INFO  o.s.web.servlet.DispatcherServlet - Initializing Servlet 'dispatcherServlet'
2022-10-12 20:11:54 [http-nio-8084-exec-2] INFO  o.s.web.servlet.DispatcherServlet - Completed initialization in 3 ms
2022-10-12 20:11:54 [restartedMain] INFO  com.capstone.LoanApiApplication - Started LoanApiApplication in 3.409 seconds (JVM running for 301.708)
2022-10-12 20:11:54 [restartedMain] INFO  o.s.b.d.a.ConditionEvaluationDeltaLoggingListener - Condition evaluation unchanged
2022-10-12 20:12:48 [File Watcher] INFO  o.s.b.d.a.LocalDevToolsAutoConfiguration$RestartingClassPathChangeChangedEventListener - Restarting due to 1 class path change (0 additions, 0 deletions, 1 modification)
2022-10-12 20:12:48 [Thread-13] INFO  o.s.c.n.e.s.EurekaServiceRegistry - Unregistering application LOAN-API with eureka with status DOWN
2022-10-12 20:12:48 [Thread-13] INFO  c.netflix.discovery.DiscoveryClient - Saw local status change event StatusChangeEvent [timestamp=1665585768844, current=DOWN, previous=UP]
2022-10-12 20:12:48 [DiscoveryClient-InstanceInfoReplicator-0] INFO  c.netflix.discovery.DiscoveryClient - DiscoveryClient_LOAN-API/192.168.0.7:loan-api:8084: registering service...
2022-10-12 20:12:48 [DiscoveryClient-InstanceInfoReplicator-0] INFO  c.netflix.discovery.DiscoveryClient - DiscoveryClient_LOAN-API/192.168.0.7:loan-api:8084 - registration status: 204
2022-10-12 20:12:48 [Thread-13] INFO  o.a.coyote.http11.Http11NioProtocol - Pausing ProtocolHandler ["http-nio-8084"]
2022-10-12 20:12:48 [Thread-13] INFO  o.a.catalina.core.StandardService - Stopping service [Tomcat]
2022-10-12 20:12:48 [Thread-13] INFO  o.a.c.c.C.[Tomcat].[localhost].[/] - Destroying Spring FrameworkServlet 'dispatcherServlet'
2022-10-12 20:12:48 [Thread-13] INFO  o.a.coyote.http11.Http11NioProtocol - Stopping ProtocolHandler ["http-nio-8084"]
2022-10-12 20:12:48 [Thread-13] INFO  o.a.coyote.http11.Http11NioProtocol - Destroying ProtocolHandler ["http-nio-8084"]
2022-10-12 20:12:48 [Thread-13] INFO  o.s.o.j.LocalContainerEntityManagerFactoryBean - Closing JPA EntityManagerFactory for persistence unit 'default'
2022-10-12 20:12:48 [Thread-13] INFO  com.zaxxer.hikari.HikariDataSource - HikariPool-3 - Shutdown initiated...
2022-10-12 20:12:48 [Thread-13] INFO  com.zaxxer.hikari.HikariDataSource - HikariPool-3 - Shutdown completed.
2022-10-12 20:12:48 [Thread-13] INFO  c.netflix.discovery.DiscoveryClient - Shutting down DiscoveryClient ...
2022-10-12 20:12:51 [Thread-13] INFO  c.netflix.discovery.DiscoveryClient - Unregistering ...
2022-10-12 20:12:51 [Thread-13] INFO  c.netflix.discovery.DiscoveryClient - DiscoveryClient_LOAN-API/192.168.0.7:loan-api:8084 - deregister  status: 200
2022-10-12 20:12:51 [Thread-13] INFO  c.netflix.discovery.DiscoveryClient - Completed shut down of DiscoveryClient
2022-10-12 20:12:52 [restartedMain] INFO  com.capstone.LoanApiApplication - Starting LoanApiApplication using Java 17.0.2 on MOHAN with PID 6812 (C:\Users\mohan\Downloads\Natwest Capstone\frontend\spring-master\loan-api\target\classes started by mohan in C:\Users\mohan\Downloads\Natwest Capstone\frontend\spring-master\loan-api)
2022-10-12 20:12:52 [restartedMain] INFO  com.capstone.LoanApiApplication - No active profile set, falling back to 1 default profile: "default"
2022-10-12 20:12:52 [restartedMain] INFO  o.s.d.r.c.RepositoryConfigurationDelegate - Bootstrapping Spring Data JPA repositories in DEFAULT mode.
2022-10-12 20:12:52 [restartedMain] INFO  o.s.d.r.c.RepositoryConfigurationDelegate - Finished Spring Data repository scanning in 11 ms. Found 1 JPA repository interfaces.
2022-10-12 20:12:52 [restartedMain] INFO  o.s.cloud.context.scope.GenericScope - BeanFactory id=45fe97d3-c3fe-391b-82f8-b9579b09bcd6
2022-10-12 20:12:52 [restartedMain] INFO  o.s.b.w.e.tomcat.TomcatWebServer - Tomcat initialized with port(s): 8084 (http)
2022-10-12 20:12:52 [restartedMain] INFO  o.a.coyote.http11.Http11NioProtocol - Initializing ProtocolHandler ["http-nio-8084"]
2022-10-12 20:12:52 [restartedMain] INFO  o.a.catalina.core.StandardService - Starting service [Tomcat]
2022-10-12 20:12:52 [restartedMain] INFO  o.a.catalina.core.StandardEngine - Starting Servlet engine: [Apache Tomcat/9.0.65]
2022-10-12 20:12:52 [restartedMain] INFO  o.a.c.c.C.[Tomcat].[localhost].[/] - Initializing Spring embedded WebApplicationContext
2022-10-12 20:12:52 [restartedMain] INFO  o.s.b.w.s.c.ServletWebServerApplicationContext - Root WebApplicationContext: initialization completed in 452 ms
2022-10-12 20:12:52 [restartedMain] INFO  o.a.catalina.core.StandardContext - Suspicious URL pattern: [/api/**] in context [], see sections 12.1 and 12.2 of the Servlet specification
2022-10-12 20:12:52 [restartedMain] INFO  o.h.jpa.internal.util.LogHelper - HHH000204: Processing PersistenceUnitInfo [name: default]
2022-10-12 20:12:52 [restartedMain] INFO  com.zaxxer.hikari.HikariDataSource - HikariPool-4 - Starting...
2022-10-12 20:12:52 [restartedMain] INFO  com.zaxxer.hikari.HikariDataSource - HikariPool-4 - Start completed.
2022-10-12 20:12:52 [restartedMain] INFO  org.hibernate.dialect.Dialect - HHH000400: Using dialect: org.hibernate.dialect.MySQL8Dialect
2022-10-12 20:12:52 [restartedMain] INFO  o.h.e.t.j.p.i.JtaPlatformInitiator - HHH000490: Using JtaPlatform implementation: [org.hibernate.engine.transaction.jta.platform.internal.NoJtaPlatform]
2022-10-12 20:12:52 [restartedMain] INFO  o.s.o.j.LocalContainerEntityManagerFactoryBean - Initialized JPA EntityManagerFactory for persistence unit 'default'
2022-10-12 20:12:52 [restartedMain] WARN  o.s.b.a.o.j.JpaBaseConfiguration$JpaWebConfiguration - spring.jpa.open-in-view is enabled by default. Therefore, database queries may be performed during view rendering. Explicitly configure spring.jpa.open-in-view to disable this warning
2022-10-12 20:12:53 [restartedMain] WARN  o.s.b.d.a.OptionalLiveReloadServer - Unable to start LiveReload server
2022-10-12 20:12:53 [restartedMain] INFO  o.s.c.n.e.c.DiscoveryClientOptionalArgsConfiguration - Eureka HTTP Client uses RestTemplate.
2022-10-12 20:12:53 [restartedMain] WARN  o.s.c.l.c.LoadBalancerCacheAutoConfiguration$LoadBalancerCaffeineWarnLogger - Spring Cloud LoadBalancer is currently working with the default cache. While this cache implementation is useful for development and tests, it's recommended to use Caffeine cache in production.You can switch to using Caffeine cache, by adding it and org.springframework.cache.caffeine.CaffeineCacheManager to the classpath.
2022-10-12 20:12:53 [restartedMain] INFO  o.s.c.n.eureka.InstanceInfoFactory - Setting initial instance status as: STARTING
2022-10-12 20:12:53 [restartedMain] INFO  c.netflix.discovery.DiscoveryClient - Initializing Eureka in region us-east-1
2022-10-12 20:12:53 [restartedMain] INFO  c.n.d.s.r.aws.ConfigClusterResolver - Resolving eureka endpoints via configuration
2022-10-12 20:12:53 [restartedMain] INFO  c.netflix.discovery.DiscoveryClient - Disable delta property : false
2022-10-12 20:12:53 [restartedMain] INFO  c.netflix.discovery.DiscoveryClient - Single vip registry refresh property : null
2022-10-12 20:12:53 [restartedMain] INFO  c.netflix.discovery.DiscoveryClient - Force full registry fetch : false
2022-10-12 20:12:53 [restartedMain] INFO  c.netflix.discovery.DiscoveryClient - Application is null : false
2022-10-12 20:12:53 [restartedMain] INFO  c.netflix.discovery.DiscoveryClient - Registered Applications size is zero : true
2022-10-12 20:12:53 [restartedMain] INFO  c.netflix.discovery.DiscoveryClient - Application version is -1: true
2022-10-12 20:12:53 [restartedMain] INFO  c.netflix.discovery.DiscoveryClient - Getting all instance registry info from the eureka server
2022-10-12 20:12:53 [restartedMain] INFO  c.netflix.discovery.DiscoveryClient - The response status is 200
2022-10-12 20:12:53 [restartedMain] INFO  c.netflix.discovery.DiscoveryClient - Starting heartbeat executor: renew interval is: 30
2022-10-12 20:12:53 [restartedMain] INFO  c.n.discovery.InstanceInfoReplicator - InstanceInfoReplicator onDemand update allowed rate per min is 4
2022-10-12 20:12:53 [restartedMain] INFO  c.netflix.discovery.DiscoveryClient - Discovery Client initialized at timestamp 1665585773426 with initial instances count: 5
2022-10-12 20:12:53 [restartedMain] INFO  o.s.c.n.e.s.EurekaServiceRegistry - Registering application LOAN-API with eureka with status UP
2022-10-12 20:12:53 [restartedMain] INFO  c.netflix.discovery.DiscoveryClient - Saw local status change event StatusChangeEvent [timestamp=1665585773428, current=UP, previous=STARTING]
2022-10-12 20:12:53 [DiscoveryClient-InstanceInfoReplicator-0] INFO  c.netflix.discovery.DiscoveryClient - DiscoveryClient_LOAN-API/192.168.0.7:loan-api:8084: registering service...
2022-10-12 20:12:53 [restartedMain] INFO  o.a.coyote.http11.Http11NioProtocol - Starting ProtocolHandler ["http-nio-8084"]
2022-10-12 20:12:53 [restartedMain] INFO  o.s.b.w.e.tomcat.TomcatWebServer - Tomcat started on port(s): 8084 (http) with context path ''
2022-10-12 20:12:53 [restartedMain] INFO  o.s.c.n.e.s.EurekaAutoServiceRegistration - Updating port to 8084
2022-10-12 20:12:53 [DiscoveryClient-InstanceInfoReplicator-0] INFO  c.netflix.discovery.DiscoveryClient - DiscoveryClient_LOAN-API/192.168.0.7:loan-api:8084 - registration status: 204
2022-10-12 20:12:53 [restartedMain] INFO  com.capstone.LoanApiApplication - Started LoanApiApplication in 1.488 seconds (JVM running for 360.781)
2022-10-12 20:12:53 [restartedMain] INFO  o.s.b.d.a.ConditionEvaluationDeltaLoggingListener - Condition evaluation unchanged
2022-10-12 20:12:58 [http-nio-8084-exec-2] INFO  o.a.c.c.C.[Tomcat].[localhost].[/] - Initializing Spring DispatcherServlet 'dispatcherServlet'
2022-10-12 20:12:58 [http-nio-8084-exec-2] INFO  o.s.web.servlet.DispatcherServlet - Initializing Servlet 'dispatcherServlet'
2022-10-12 20:12:58 [http-nio-8084-exec-2] INFO  o.s.web.servlet.DispatcherServlet - Completed initialization in 1 ms
2022-10-12 20:14:04 [File Watcher] INFO  o.s.b.d.a.LocalDevToolsAutoConfiguration$RestartingClassPathChangeChangedEventListener - Restarting due to 1 class path change (0 additions, 0 deletions, 1 modification)
2022-10-12 20:14:04 [Thread-19] INFO  o.s.c.n.e.s.EurekaServiceRegistry - Unregistering application LOAN-API with eureka with status DOWN
2022-10-12 20:14:04 [Thread-19] INFO  c.netflix.discovery.DiscoveryClient - Saw local status change event StatusChangeEvent [timestamp=1665585844192, current=DOWN, previous=UP]
2022-10-12 20:14:04 [DiscoveryClient-InstanceInfoReplicator-0] INFO  c.netflix.discovery.DiscoveryClient - DiscoveryClient_LOAN-API/192.168.0.7:loan-api:8084: registering service...
2022-10-12 20:14:04 [DiscoveryClient-InstanceInfoReplicator-0] INFO  c.netflix.discovery.DiscoveryClient - DiscoveryClient_LOAN-API/192.168.0.7:loan-api:8084 - registration status: 204
2022-10-12 20:14:04 [Thread-19] INFO  o.a.coyote.http11.Http11NioProtocol - Pausing ProtocolHandler ["http-nio-8084"]
2022-10-12 20:14:04 [Thread-19] INFO  o.a.catalina.core.StandardService - Stopping service [Tomcat]
2022-10-12 20:14:04 [Thread-19] INFO  o.a.c.c.C.[Tomcat].[localhost].[/] - Destroying Spring FrameworkServlet 'dispatcherServlet'
2022-10-12 20:14:04 [Thread-19] INFO  o.a.coyote.http11.Http11NioProtocol - Stopping ProtocolHandler ["http-nio-8084"]
2022-10-12 20:14:04 [Thread-19] INFO  o.a.coyote.http11.Http11NioProtocol - Destroying ProtocolHandler ["http-nio-8084"]
2022-10-12 20:14:04 [Thread-19] INFO  o.s.o.j.LocalContainerEntityManagerFactoryBean - Closing JPA EntityManagerFactory for persistence unit 'default'
2022-10-12 20:14:04 [Thread-19] INFO  com.zaxxer.hikari.HikariDataSource - HikariPool-4 - Shutdown initiated...
2022-10-12 20:14:14 [Thread-19] INFO  com.zaxxer.hikari.HikariDataSource - HikariPool-4 - Shutdown completed.
2022-10-12 20:14:14 [Thread-19] INFO  c.netflix.discovery.DiscoveryClient - Shutting down DiscoveryClient ...
2022-10-12 20:14:17 [Thread-19] INFO  c.netflix.discovery.DiscoveryClient - Unregistering ...
2022-10-12 20:14:17 [Thread-19] INFO  c.netflix.discovery.DiscoveryClient - DiscoveryClient_LOAN-API/192.168.0.7:loan-api:8084 - deregister  status: 200
2022-10-12 20:14:17 [Thread-19] INFO  c.netflix.discovery.DiscoveryClient - Completed shut down of DiscoveryClient
2022-10-12 20:14:17 [restartedMain] INFO  com.capstone.LoanApiApplication - Starting LoanApiApplication using Java 17.0.2 on MOHAN with PID 6812 (C:\Users\mohan\Downloads\Natwest Capstone\frontend\spring-master\loan-api\target\classes started by mohan in C:\Users\mohan\Downloads\Natwest Capstone\frontend\spring-master\loan-api)
2022-10-12 20:14:17 [restartedMain] INFO  com.capstone.LoanApiApplication - No active profile set, falling back to 1 default profile: "default"
2022-10-12 20:14:17 [restartedMain] INFO  o.s.d.r.c.RepositoryConfigurationDelegate - Bootstrapping Spring Data JPA repositories in DEFAULT mode.
2022-10-12 20:14:17 [restartedMain] INFO  o.s.d.r.c.RepositoryConfigurationDelegate - Finished Spring Data repository scanning in 8 ms. Found 1 JPA repository interfaces.
2022-10-12 20:14:17 [restartedMain] INFO  o.s.cloud.context.scope.GenericScope - BeanFactory id=45fe97d3-c3fe-391b-82f8-b9579b09bcd6
2022-10-12 20:14:17 [restartedMain] INFO  o.s.b.w.e.tomcat.TomcatWebServer - Tomcat initialized with port(s): 8084 (http)
2022-10-12 20:14:17 [restartedMain] INFO  o.a.coyote.http11.Http11NioProtocol - Initializing ProtocolHandler ["http-nio-8084"]
2022-10-12 20:14:17 [restartedMain] INFO  o.a.catalina.core.StandardService - Starting service [Tomcat]
2022-10-12 20:14:17 [restartedMain] INFO  o.a.catalina.core.StandardEngine - Starting Servlet engine: [Apache Tomcat/9.0.65]
2022-10-12 20:14:18 [restartedMain] INFO  o.a.c.c.C.[Tomcat].[localhost].[/] - Initializing Spring embedded WebApplicationContext
2022-10-12 20:14:18 [restartedMain] INFO  o.s.b.w.s.c.ServletWebServerApplicationContext - Root WebApplicationContext: initialization completed in 408 ms
2022-10-12 20:14:18 [restartedMain] INFO  o.a.catalina.core.StandardContext - Suspicious URL pattern: [/api/**] in context [], see sections 12.1 and 12.2 of the Servlet specification
2022-10-12 20:14:18 [restartedMain] INFO  o.h.jpa.internal.util.LogHelper - HHH000204: Processing PersistenceUnitInfo [name: default]
2022-10-12 20:14:18 [restartedMain] INFO  com.zaxxer.hikari.HikariDataSource - HikariPool-5 - Starting...
2022-10-12 20:14:18 [restartedMain] INFO  com.zaxxer.hikari.HikariDataSource - HikariPool-5 - Start completed.
2022-10-12 20:14:18 [restartedMain] INFO  org.hibernate.dialect.Dialect - HHH000400: Using dialect: org.hibernate.dialect.MySQL8Dialect
2022-10-12 20:14:18 [restartedMain] INFO  o.h.e.t.j.p.i.JtaPlatformInitiator - HHH000490: Using JtaPlatform implementation: [org.hibernate.engine.transaction.jta.platform.internal.NoJtaPlatform]
2022-10-12 20:14:18 [restartedMain] INFO  o.s.o.j.LocalContainerEntityManagerFactoryBean - Initialized JPA EntityManagerFactory for persistence unit 'default'
2022-10-12 20:14:18 [restartedMain] WARN  o.s.b.a.o.j.JpaBaseConfiguration$JpaWebConfiguration - spring.jpa.open-in-view is enabled by default. Therefore, database queries may be performed during view rendering. Explicitly configure spring.jpa.open-in-view to disable this warning
2022-10-12 20:14:18 [restartedMain] WARN  o.s.b.d.a.OptionalLiveReloadServer - Unable to start LiveReload server
2022-10-12 20:14:18 [restartedMain] INFO  o.s.c.n.e.c.DiscoveryClientOptionalArgsConfiguration - Eureka HTTP Client uses RestTemplate.
2022-10-12 20:14:18 [restartedMain] WARN  o.s.c.l.c.LoadBalancerCacheAutoConfiguration$LoadBalancerCaffeineWarnLogger - Spring Cloud LoadBalancer is currently working with the default cache. While this cache implementation is useful for development and tests, it's recommended to use Caffeine cache in production.You can switch to using Caffeine cache, by adding it and org.springframework.cache.caffeine.CaffeineCacheManager to the classpath.
2022-10-12 20:14:18 [restartedMain] INFO  o.s.c.n.eureka.InstanceInfoFactory - Setting initial instance status as: STARTING
2022-10-12 20:14:18 [restartedMain] INFO  c.netflix.discovery.DiscoveryClient - Initializing Eureka in region us-east-1
2022-10-12 20:14:18 [restartedMain] INFO  c.n.d.s.r.aws.ConfigClusterResolver - Resolving eureka endpoints via configuration
2022-10-12 20:14:18 [restartedMain] INFO  c.netflix.discovery.DiscoveryClient - Disable delta property : false
2022-10-12 20:14:18 [restartedMain] INFO  c.netflix.discovery.DiscoveryClient - Single vip registry refresh property : null
2022-10-12 20:14:18 [restartedMain] INFO  c.netflix.discovery.DiscoveryClient - Force full registry fetch : false
2022-10-12 20:14:18 [restartedMain] INFO  c.netflix.discovery.DiscoveryClient - Application is null : false
2022-10-12 20:14:18 [restartedMain] INFO  c.netflix.discovery.DiscoveryClient - Registered Applications size is zero : true
2022-10-12 20:14:18 [restartedMain] INFO  c.netflix.discovery.DiscoveryClient - Application version is -1: true
2022-10-12 20:14:18 [restartedMain] INFO  c.netflix.discovery.DiscoveryClient - Getting all instance registry info from the eureka server
2022-10-12 20:14:18 [restartedMain] INFO  c.netflix.discovery.DiscoveryClient - The response status is 200
2022-10-12 20:14:18 [restartedMain] INFO  c.netflix.discovery.DiscoveryClient - Starting heartbeat executor: renew interval is: 30
2022-10-12 20:14:18 [restartedMain] INFO  c.n.discovery.InstanceInfoReplicator - InstanceInfoReplicator onDemand update allowed rate per min is 4
2022-10-12 20:14:18 [restartedMain] INFO  c.netflix.discovery.DiscoveryClient - Discovery Client initialized at timestamp 1665585858847 with initial instances count: 5
2022-10-12 20:14:18 [restartedMain] INFO  o.s.c.n.e.s.EurekaServiceRegistry - Registering application LOAN-API with eureka with status UP
2022-10-12 20:14:18 [restartedMain] INFO  c.netflix.discovery.DiscoveryClient - Saw local status change event StatusChangeEvent [timestamp=1665585858849, current=UP, previous=STARTING]
2022-10-12 20:14:18 [DiscoveryClient-InstanceInfoReplicator-0] INFO  c.netflix.discovery.DiscoveryClient - DiscoveryClient_LOAN-API/192.168.0.7:loan-api:8084: registering service...
2022-10-12 20:14:18 [restartedMain] INFO  o.a.coyote.http11.Http11NioProtocol - Starting ProtocolHandler ["http-nio-8084"]
2022-10-12 20:14:18 [restartedMain] INFO  o.s.b.w.e.tomcat.TomcatWebServer - Tomcat started on port(s): 8084 (http) with context path ''
2022-10-12 20:14:18 [restartedMain] INFO  o.s.c.n.e.s.EurekaAutoServiceRegistration - Updating port to 8084
2022-10-12 20:14:18 [DiscoveryClient-InstanceInfoReplicator-0] INFO  c.netflix.discovery.DiscoveryClient - DiscoveryClient_LOAN-API/192.168.0.7:loan-api:8084 - registration status: 204
2022-10-12 20:14:18 [restartedMain] INFO  com.capstone.LoanApiApplication - Started LoanApiApplication in 1.567 seconds (JVM running for 446.189)
2022-10-12 20:14:18 [restartedMain] INFO  o.s.b.d.a.ConditionEvaluationDeltaLoggingListener - Condition evaluation unchanged
2022-10-12 20:14:23 [http-nio-8084-exec-4] INFO  o.a.c.c.C.[Tomcat].[localhost].[/] - Initializing Spring DispatcherServlet 'dispatcherServlet'
2022-10-12 20:14:23 [http-nio-8084-exec-4] INFO  o.s.web.servlet.DispatcherServlet - Initializing Servlet 'dispatcherServlet'
2022-10-12 20:14:23 [http-nio-8084-exec-4] INFO  o.s.web.servlet.DispatcherServlet - Completed initialization in 2 ms
2022-10-12 20:14:23 [http-nio-8084-exec-4] INFO  com.capstone.aspect.LoggerAspect - Method name: com.capstone.controller.loanController
2022-10-12 20:14:23 [http-nio-8084-exec-4] INFO  com.capstone.aspect.LoggerAspect - Method arguments:[Ljava.lang.Object;@46402fc2
2022-10-12 20:14:23 [http-nio-8084-exec-4] INFO  com.capstone.aspect.LoggerAspect - *************************************
2022-10-12 20:14:23 [http-nio-8084-exec-4] INFO  com.capstone.aspect.LoggerAspect - Method name: com.capstone.service.loanServiceImp
2022-10-12 20:14:23 [http-nio-8084-exec-4] INFO  com.capstone.aspect.LoggerAspect - Method arguments:[Ljava.lang.Object;@7d5df70a
2022-10-12 20:14:23 [http-nio-8084-exec-4] INFO  com.capstone.aspect.LoggerAspect - *************************************
2022-10-12 20:14:23 [http-nio-8084-exec-4] INFO  com.capstone.aspect.LoggerAspect - During: class com.capstone.service.loanServiceImp.getloanDetailsofCustbyLoan() with arguments=loan [loanaccno=202211011, category=Home, loan_amount=1500000.0, custid=202200001, interest_rate=5.0, tenure=10]
2022-10-12 20:14:23 [http-nio-8084-exec-4] INFO  com.capstone.aspect.LoggerAspect - *************************************
2022-10-12 20:14:23 [http-nio-8084-exec-4] INFO  com.capstone.aspect.LoggerAspect - During: class com.capstone.controller.loanController.getloanDetailsofCustbyLoan() with arguments=<200 OK OK,loan [loanaccno=202211011, category=Home, loan_amount=1500000.0, custid=202200001, interest_rate=5.0, tenure=10],[]>
2022-10-12 20:14:23 [http-nio-8084-exec-4] INFO  com.capstone.aspect.LoggerAspect - *************************************
2022-10-12 20:14:29 [http-nio-8084-exec-7] INFO  com.capstone.aspect.LoggerAspect - Method name: com.capstone.controller.loanController
2022-10-12 20:14:29 [http-nio-8084-exec-7] INFO  com.capstone.aspect.LoggerAspect - Method arguments:[Ljava.lang.Object;@742b2ef0
2022-10-12 20:14:29 [http-nio-8084-exec-7] INFO  com.capstone.aspect.LoggerAspect - *************************************
2022-10-12 20:14:29 [http-nio-8084-exec-7] INFO  com.capstone.aspect.LoggerAspect - Method name: com.capstone.service.loanServiceImp
2022-10-12 20:14:29 [http-nio-8084-exec-7] INFO  com.capstone.aspect.LoggerAspect - Method arguments:[Ljava.lang.Object;@7aecde05
2022-10-12 20:14:29 [http-nio-8084-exec-7] INFO  com.capstone.aspect.LoggerAspect - *************************************
2022-10-12 20:14:29 [http-nio-8084-exec-7] INFO  com.capstone.aspect.LoggerAspect - During: class com.capstone.service.loanServiceImp.getloanDetailsofCustbyLoan() with arguments=loan [loanaccno=202211011, category=Home, loan_amount=1500000.0, custid=202200001, interest_rate=5.0, tenure=10]
2022-10-12 20:14:29 [http-nio-8084-exec-7] INFO  com.capstone.aspect.LoggerAspect - *************************************
2022-10-12 20:14:29 [http-nio-8084-exec-7] INFO  com.capstone.aspect.LoggerAspect - During: class com.capstone.controller.loanController.getloanDetailsofCustbyLoan() with arguments=<200 OK OK,loan [loanaccno=202211011, category=Home, loan_amount=1500000.0, custid=202200001, interest_rate=5.0, tenure=10],[]>
2022-10-12 20:14:29 [http-nio-8084-exec-7] INFO  com.capstone.aspect.LoggerAspect - *************************************
2022-10-12 20:14:36 [http-nio-8084-exec-1] INFO  com.capstone.aspect.LoggerAspect - Method name: com.capstone.controller.loanController
2022-10-12 20:14:36 [http-nio-8084-exec-1] INFO  com.capstone.aspect.LoggerAspect - Method arguments:[Ljava.lang.Object;@2c55aa5f
2022-10-12 20:14:36 [http-nio-8084-exec-1] INFO  com.capstone.aspect.LoggerAspect - *************************************
2022-10-12 20:14:36 [http-nio-8084-exec-1] INFO  com.capstone.aspect.LoggerAspect - Method name: com.capstone.service.loanServiceImp
2022-10-12 20:14:36 [http-nio-8084-exec-1] INFO  com.capstone.aspect.LoggerAspect - Method arguments:[Ljava.lang.Object;@229241a5
2022-10-12 20:14:36 [http-nio-8084-exec-1] INFO  com.capstone.aspect.LoggerAspect - *************************************
2022-10-12 20:14:36 [http-nio-8084-exec-1] INFO  com.capstone.aspect.LoggerAspect - During: class com.capstone.service.loanServiceImp.getloanDetailsofCustbyLoan() with arguments=loan [loanaccno=202211011, category=Home, loan_amount=1500000.0, custid=202200001, interest_rate=5.0, tenure=10]
2022-10-12 20:14:36 [http-nio-8084-exec-1] INFO  com.capstone.aspect.LoggerAspect - *************************************
2022-10-12 20:14:36 [http-nio-8084-exec-1] INFO  com.capstone.aspect.LoggerAspect - During: class com.capstone.controller.loanController.getloanDetailsofCustbyLoan() with arguments=<200 OK OK,loan [loanaccno=202211011, category=Home, loan_amount=1500000.0, custid=202200001, interest_rate=5.0, tenure=10],[]>
2022-10-12 20:14:36 [http-nio-8084-exec-1] INFO  com.capstone.aspect.LoggerAspect - *************************************
2022-10-12 20:14:48 [http-nio-8084-exec-5] INFO  com.capstone.aspect.LoggerAspect - Method name: com.capstone.controller.loanController
2022-10-12 20:14:48 [http-nio-8084-exec-5] INFO  com.capstone.aspect.LoggerAspect - Method arguments:[Ljava.lang.Object;@391a8ac6
2022-10-12 20:14:48 [http-nio-8084-exec-5] INFO  com.capstone.aspect.LoggerAspect - *************************************
2022-10-12 20:14:48 [http-nio-8084-exec-5] INFO  com.capstone.aspect.LoggerAspect - Method name: com.capstone.service.loanServiceImp
2022-10-12 20:14:48 [http-nio-8084-exec-5] INFO  com.capstone.aspect.LoggerAspect - Method arguments:[Ljava.lang.Object;@39a6bd4f
2022-10-12 20:14:48 [http-nio-8084-exec-5] INFO  com.capstone.aspect.LoggerAspect - *************************************
2022-10-12 20:14:48 [http-nio-8084-exec-5] INFO  com.capstone.aspect.LoggerAspect - During: class com.capstone.service.loanServiceImp.getLoanAccByCust() with arguments=[loan [loanaccno=202211011, category=Home, loan_amount=1500000.0, custid=202200001, interest_rate=5.0, tenure=10], loan [loanaccno=202211012, category=Vehicle, loan_amount=110000.0, custid=202200001, interest_rate=3.7, tenure=2]]
2022-10-12 20:14:48 [http-nio-8084-exec-5] INFO  com.capstone.aspect.LoggerAspect - *************************************
2022-10-12 20:14:48 [http-nio-8084-exec-5] INFO  com.capstone.aspect.LoggerAspect - During: class com.capstone.controller.loanController.getloanDetailsbyCust() with arguments=<200 OK OK,[loan [loanaccno=202211011, category=Home, loan_amount=1500000.0, custid=202200001, interest_rate=5.0, tenure=10], loan [loanaccno=202211012, category=Vehicle, loan_amount=110000.0, custid=202200001, interest_rate=3.7, tenure=2]],[]>
2022-10-12 20:14:48 [http-nio-8084-exec-5] INFO  com.capstone.aspect.LoggerAspect - *************************************
2022-10-12 20:14:54 [http-nio-8084-exec-9] INFO  com.capstone.aspect.LoggerAspect - Method name: com.capstone.controller.loanController
2022-10-12 20:14:54 [http-nio-8084-exec-9] INFO  com.capstone.aspect.LoggerAspect - Method arguments:[Ljava.lang.Object;@7ba170f2
2022-10-12 20:14:54 [http-nio-8084-exec-9] INFO  com.capstone.aspect.LoggerAspect - *************************************
2022-10-12 20:14:54 [http-nio-8084-exec-9] INFO  com.capstone.aspect.LoggerAspect - Method name: com.capstone.service.loanServiceImp
2022-10-12 20:14:54 [http-nio-8084-exec-9] INFO  com.capstone.aspect.LoggerAspect - Method arguments:[Ljava.lang.Object;@756691f6
2022-10-12 20:14:54 [http-nio-8084-exec-9] INFO  com.capstone.aspect.LoggerAspect - *************************************
2022-10-12 20:14:54 [http-nio-8084-exec-9] INFO  com.capstone.aspect.LoggerAspect - During: class com.capstone.service.loanServiceImp.getLoanAccByCust() with arguments=[loan [loanaccno=202211011, category=Home, loan_amount=1500000.0, custid=202200001, interest_rate=5.0, tenure=10], loan [loanaccno=202211012, category=Vehicle, loan_amount=110000.0, custid=202200001, interest_rate=3.7, tenure=2]]
2022-10-12 20:14:54 [http-nio-8084-exec-9] INFO  com.capstone.aspect.LoggerAspect - *************************************
2022-10-12 20:14:54 [http-nio-8084-exec-9] INFO  com.capstone.aspect.LoggerAspect - During: class com.capstone.controller.loanController.getloanDetailsbyCust() with arguments=<200 OK OK,[loan [loanaccno=202211011, category=Home, loan_amount=1500000.0, custid=202200001, interest_rate=5.0, tenure=10], loan [loanaccno=202211012, category=Vehicle, loan_amount=110000.0, custid=202200001, interest_rate=3.7, tenure=2]],[]>
2022-10-12 20:14:54 [http-nio-8084-exec-9] INFO  com.capstone.aspect.LoggerAspect - *************************************
2022-10-12 20:19:18 [AsyncResolver-bootstrap-executor-0] INFO  c.n.d.s.r.aws.ConfigClusterResolver - Resolving eureka endpoints via configuration
2022-10-12 20:20:57 [http-nio-8084-exec-4] INFO  com.capstone.aspect.LoggerAspect - Method name: com.capstone.controller.loanController
2022-10-12 20:20:57 [http-nio-8084-exec-4] INFO  com.capstone.aspect.LoggerAspect - Method arguments:[Ljava.lang.Object;@286ad170
2022-10-12 20:20:57 [http-nio-8084-exec-4] INFO  com.capstone.aspect.LoggerAspect - *************************************
2022-10-12 20:20:57 [http-nio-8084-exec-4] INFO  com.capstone.aspect.LoggerAspect - Method name: com.capstone.service.loanServiceImp
2022-10-12 20:20:57 [http-nio-8084-exec-4] INFO  com.capstone.aspect.LoggerAspect - Method arguments:[Ljava.lang.Object;@1b66a707
2022-10-12 20:20:57 [http-nio-8084-exec-4] INFO  com.capstone.aspect.LoggerAspect - *************************************
2022-10-12 20:20:57 [http-nio-8084-exec-4] INFO  com.capstone.aspect.LoggerAspect - During: class com.capstone.service.loanServiceImp.getLoanAccByCust() with arguments=[loan [loanaccno=202211011, category=Home, loan_amount=1500000.0, custid=202200001, interest_rate=5.0, tenure=10], loan [loanaccno=202211012, category=Vehicle, loan_amount=110000.0, custid=202200001, interest_rate=3.7, tenure=2]]
2022-10-12 20:20:57 [http-nio-8084-exec-4] INFO  com.capstone.aspect.LoggerAspect - *************************************
2022-10-12 20:20:57 [http-nio-8084-exec-4] INFO  com.capstone.aspect.LoggerAspect - During: class com.capstone.controller.loanController.getloanDetailsbyCust() with arguments=<200 OK OK,[loan [loanaccno=202211011, category=Home, loan_amount=1500000.0, custid=202200001, interest_rate=5.0, tenure=10], loan [loanaccno=202211012, category=Vehicle, loan_amount=110000.0, custid=202200001, interest_rate=3.7, tenure=2]],[]>
2022-10-12 20:20:57 [http-nio-8084-exec-4] INFO  com.capstone.aspect.LoggerAspect - *************************************
2022-10-12 20:21:14 [http-nio-8084-exec-1] INFO  com.capstone.aspect.LoggerAspect - Method name: com.capstone.controller.loanController
2022-10-12 20:21:14 [http-nio-8084-exec-1] INFO  com.capstone.aspect.LoggerAspect - Method arguments:[Ljava.lang.Object;@1a6aefb9
2022-10-12 20:21:14 [http-nio-8084-exec-1] INFO  com.capstone.aspect.LoggerAspect - *************************************
2022-10-12 20:21:14 [http-nio-8084-exec-1] INFO  com.capstone.aspect.LoggerAspect - Method name: com.capstone.service.loanServiceImp
2022-10-12 20:21:14 [http-nio-8084-exec-1] INFO  com.capstone.aspect.LoggerAspect - Method arguments:[Ljava.lang.Object;@380b4d1
2022-10-12 20:21:14 [http-nio-8084-exec-1] INFO  com.capstone.aspect.LoggerAspect - *************************************
2022-10-12 20:21:14 [http-nio-8084-exec-1] INFO  com.capstone.aspect.LoggerAspect - During: class com.capstone.service.loanServiceImp.getLoanAccByCust() with arguments=[loan [loanaccno=202211011, category=Home, loan_amount=1500000.0, custid=202200001, interest_rate=5.0, tenure=10], loan [loanaccno=202211012, category=Vehicle, loan_amount=110000.0, custid=202200001, interest_rate=3.7, tenure=2]]
2022-10-12 20:21:14 [http-nio-8084-exec-1] INFO  com.capstone.aspect.LoggerAspect - *************************************
2022-10-12 20:21:14 [http-nio-8084-exec-1] INFO  com.capstone.aspect.LoggerAspect - During: class com.capstone.controller.loanController.getloanDetailsbyCust() with arguments=<200 OK OK,[loan [loanaccno=202211011, category=Home, loan_amount=1500000.0, custid=202200001, interest_rate=5.0, tenure=10], loan [loanaccno=202211012, category=Vehicle, loan_amount=110000.0, custid=202200001, interest_rate=3.7, tenure=2]],[]>
2022-10-12 20:21:14 [http-nio-8084-exec-1] INFO  com.capstone.aspect.LoggerAspect - *************************************
2022-10-12 20:22:57 [http-nio-8084-exec-5] INFO  com.capstone.aspect.LoggerAspect - Method name: com.capstone.controller.loanController
2022-10-12 20:22:57 [http-nio-8084-exec-5] INFO  com.capstone.aspect.LoggerAspect - Method arguments:[Ljava.lang.Object;@4ca14890
2022-10-12 20:22:57 [http-nio-8084-exec-5] INFO  com.capstone.aspect.LoggerAspect - *************************************
2022-10-12 20:22:57 [http-nio-8084-exec-5] INFO  com.capstone.aspect.LoggerAspect - Method name: com.capstone.service.loanServiceImp
2022-10-12 20:22:57 [http-nio-8084-exec-5] INFO  com.capstone.aspect.LoggerAspect - Method arguments:[Ljava.lang.Object;@33c930cf
2022-10-12 20:22:57 [http-nio-8084-exec-5] INFO  com.capstone.aspect.LoggerAspect - *************************************
2022-10-12 20:22:57 [http-nio-8084-exec-5] INFO  com.capstone.aspect.LoggerAspect - During: class com.capstone.service.loanServiceImp.getLoanAccByCust() with arguments=[loan [loanaccno=202211011, category=Home, loan_amount=1500000.0, custid=202200001, interest_rate=5.0, tenure=10], loan [loanaccno=202211012, category=Vehicle, loan_amount=110000.0, custid=202200001, interest_rate=3.7, tenure=2]]
2022-10-12 20:22:57 [http-nio-8084-exec-5] INFO  com.capstone.aspect.LoggerAspect - *************************************
2022-10-12 20:22:57 [http-nio-8084-exec-5] INFO  com.capstone.aspect.LoggerAspect - During: class com.capstone.controller.loanController.getloanDetailsbyCust() with arguments=<200 OK OK,[loan [loanaccno=202211011, category=Home, loan_amount=1500000.0, custid=202200001, interest_rate=5.0, tenure=10], loan [loanaccno=202211012, category=Vehicle, loan_amount=110000.0, custid=202200001, interest_rate=3.7, tenure=2]],[]>
2022-10-12 20:22:57 [http-nio-8084-exec-5] INFO  com.capstone.aspect.LoggerAspect - *************************************
2022-10-12 20:24:00 [http-nio-8084-exec-9] INFO  com.capstone.aspect.LoggerAspect - Method name: com.capstone.controller.loanController
2022-10-12 20:24:00 [http-nio-8084-exec-9] INFO  com.capstone.aspect.LoggerAspect - Method arguments:[Ljava.lang.Object;@54746482
2022-10-12 20:24:00 [http-nio-8084-exec-9] INFO  com.capstone.aspect.LoggerAspect - *************************************
2022-10-12 20:24:00 [http-nio-8084-exec-9] INFO  com.capstone.aspect.LoggerAspect - Method name: com.capstone.service.loanServiceImp
2022-10-12 20:24:00 [http-nio-8084-exec-9] INFO  com.capstone.aspect.LoggerAspect - Method arguments:[Ljava.lang.Object;@7a8dd2a3
2022-10-12 20:24:00 [http-nio-8084-exec-9] INFO  com.capstone.aspect.LoggerAspect - *************************************
2022-10-12 20:24:00 [http-nio-8084-exec-9] INFO  com.capstone.aspect.LoggerAspect - During: class com.capstone.service.loanServiceImp.getLoanAccByCust() with arguments=[loan [loanaccno=202211011, category=Home, loan_amount=1500000.0, custid=202200001, interest_rate=5.0, tenure=10], loan [loanaccno=202211012, category=Vehicle, loan_amount=110000.0, custid=202200001, interest_rate=3.7, tenure=2]]
2022-10-12 20:24:00 [http-nio-8084-exec-9] INFO  com.capstone.aspect.LoggerAspect - *************************************
2022-10-12 20:24:00 [http-nio-8084-exec-9] INFO  com.capstone.aspect.LoggerAspect - During: class com.capstone.controller.loanController.getloanDetailsbyCust() with arguments=<200 OK OK,[loan [loanaccno=202211011, category=Home, loan_amount=1500000.0, custid=202200001, interest_rate=5.0, tenure=10], loan [loanaccno=202211012, category=Vehicle, loan_amount=110000.0, custid=202200001, interest_rate=3.7, tenure=2]],[]>
2022-10-12 20:24:00 [http-nio-8084-exec-9] INFO  com.capstone.aspect.LoggerAspect - *************************************
2022-10-12 20:24:05 [http-nio-8084-exec-3] INFO  com.capstone.aspect.LoggerAspect - Method name: com.capstone.controller.loanController
2022-10-12 20:24:05 [http-nio-8084-exec-3] INFO  com.capstone.aspect.LoggerAspect - Method arguments:[Ljava.lang.Object;@955442c
2022-10-12 20:24:05 [http-nio-8084-exec-3] INFO  com.capstone.aspect.LoggerAspect - *************************************
2022-10-12 20:24:05 [http-nio-8084-exec-3] INFO  com.capstone.aspect.LoggerAspect - Method name: com.capstone.service.loanServiceImp
2022-10-12 20:24:05 [http-nio-8084-exec-3] INFO  com.capstone.aspect.LoggerAspect - Method arguments:[Ljava.lang.Object;@792bb76
2022-10-12 20:24:05 [http-nio-8084-exec-3] INFO  com.capstone.aspect.LoggerAspect - *************************************
2022-10-12 20:24:05 [http-nio-8084-exec-3] INFO  com.capstone.aspect.LoggerAspect - During: class com.capstone.service.loanServiceImp.getloanDetailsofCustbyLoan() with arguments=loan [loanaccno=202211011, category=Home, loan_amount=1500000.0, custid=202200001, interest_rate=5.0, tenure=10]
2022-10-12 20:24:05 [http-nio-8084-exec-3] INFO  com.capstone.aspect.LoggerAspect - *************************************
2022-10-12 20:24:05 [http-nio-8084-exec-3] INFO  com.capstone.aspect.LoggerAspect - During: class com.capstone.controller.loanController.getloanDetailsofCustbyLoan() with arguments=<200 OK OK,loan [loanaccno=202211011, category=Home, loan_amount=1500000.0, custid=202200001, interest_rate=5.0, tenure=10],[]>
2022-10-12 20:24:05 [http-nio-8084-exec-3] INFO  com.capstone.aspect.LoggerAspect - *************************************
2022-10-12 20:24:07 [http-nio-8084-exec-4] INFO  com.capstone.aspect.LoggerAspect - Method name: com.capstone.controller.loanController
2022-10-12 20:24:07 [http-nio-8084-exec-4] INFO  com.capstone.aspect.LoggerAspect - Method arguments:[Ljava.lang.Object;@1861de33
2022-10-12 20:24:07 [http-nio-8084-exec-4] INFO  com.capstone.aspect.LoggerAspect - *************************************
2022-10-12 20:24:07 [http-nio-8084-exec-4] INFO  com.capstone.aspect.LoggerAspect - Method name: com.capstone.service.loanServiceImp
2022-10-12 20:24:07 [http-nio-8084-exec-4] INFO  com.capstone.aspect.LoggerAspect - Method arguments:[Ljava.lang.Object;@4561c647
2022-10-12 20:24:07 [http-nio-8084-exec-4] INFO  com.capstone.aspect.LoggerAspect - *************************************
2022-10-12 20:24:07 [http-nio-8084-exec-4] INFO  com.capstone.aspect.LoggerAspect - During: class com.capstone.service.loanServiceImp.getloanDetailsofCustbyLoan() with arguments=loan [loanaccno=202211011, category=Home, loan_amount=1500000.0, custid=202200001, interest_rate=5.0, tenure=10]
2022-10-12 20:24:07 [http-nio-8084-exec-4] INFO  com.capstone.aspect.LoggerAspect - *************************************
2022-10-12 20:24:07 [http-nio-8084-exec-4] INFO  com.capstone.aspect.LoggerAspect - During: class com.capstone.controller.loanController.getloanDetailsofCustbyLoan() with arguments=<200 OK OK,loan [loanaccno=202211011, category=Home, loan_amount=1500000.0, custid=202200001, interest_rate=5.0, tenure=10],[]>
2022-10-12 20:24:07 [http-nio-8084-exec-4] INFO  com.capstone.aspect.LoggerAspect - *************************************
2022-10-12 20:24:12 [http-nio-8084-exec-8] INFO  com.capstone.aspect.LoggerAspect - Method name: com.capstone.controller.loanController
2022-10-12 20:24:12 [http-nio-8084-exec-8] INFO  com.capstone.aspect.LoggerAspect - Method arguments:[Ljava.lang.Object;@7e1bc8ba
2022-10-12 20:24:12 [http-nio-8084-exec-8] INFO  com.capstone.aspect.LoggerAspect - *************************************
2022-10-12 20:24:12 [http-nio-8084-exec-8] INFO  com.capstone.aspect.LoggerAspect - Method name: com.capstone.service.loanServiceImp
2022-10-12 20:24:12 [http-nio-8084-exec-8] INFO  com.capstone.aspect.LoggerAspect - Method arguments:[Ljava.lang.Object;@70dc2909
2022-10-12 20:24:12 [http-nio-8084-exec-8] INFO  com.capstone.aspect.LoggerAspect - *************************************
2022-10-12 20:24:12 [http-nio-8084-exec-8] INFO  com.capstone.aspect.LoggerAspect - During: class com.capstone.service.loanServiceImp.getloanDetailsofCustbyLoan() with arguments=loan [loanaccno=202211011, category=Home, loan_amount=1500000.0, custid=202200001, interest_rate=5.0, tenure=10]
2022-10-12 20:24:12 [http-nio-8084-exec-8] INFO  com.capstone.aspect.LoggerAspect - *************************************
2022-10-12 20:24:12 [http-nio-8084-exec-8] INFO  com.capstone.aspect.LoggerAspect - During: class com.capstone.controller.loanController.getloanDetailsofCustbyLoan() with arguments=<200 OK OK,loan [loanaccno=202211011, category=Home, loan_amount=1500000.0, custid=202200001, interest_rate=5.0, tenure=10],[]>
2022-10-12 20:24:12 [http-nio-8084-exec-8] INFO  com.capstone.aspect.LoggerAspect - *************************************
2022-10-12 20:24:18 [AsyncResolver-bootstrap-executor-0] INFO  c.n.d.s.r.aws.ConfigClusterResolver - Resolving eureka endpoints via configuration
