2022-10-11 23:31:06 [restartedMain] INFO  com.capstone.LoanApiApplication - Starting LoanApiApplication using Java 17.0.2 on MOHAN with PID 656 (C:\Users\mohan\Downloads\Natwest Capstone\frontend\spring-master\loan-api\target\classes started by mohan in C:\Users\mohan\Downloads\Natwest Capstone\frontend\spring-master\loan-api)
2022-10-11 23:31:06 [restartedMain] INFO  com.capstone.LoanApiApplication - No active profile set, falling back to 1 default profile: "default"
2022-10-11 23:31:06 [restartedMain] INFO  o.s.b.d.e.DevToolsPropertyDefaultsPostProcessor - Devtools property defaults active! Set 'spring.devtools.add-properties' to 'false' to disable
2022-10-11 23:31:06 [restartedMain] INFO  o.s.b.d.e.DevToolsPropertyDefaultsPostProcessor - For additional web related logging consider setting the 'logging.level.web' property to 'DEBUG'
2022-10-11 23:31:07 [restartedMain] INFO  o.s.d.r.c.RepositoryConfigurationDelegate - Bootstrapping Spring Data JPA repositories in DEFAULT mode.
2022-10-11 23:31:07 [restartedMain] INFO  o.s.d.r.c.RepositoryConfigurationDelegate - Finished Spring Data repository scanning in 260 ms. Found 1 JPA repository interfaces.
2022-10-11 23:31:07 [restartedMain] INFO  o.s.cloud.context.scope.GenericScope - BeanFactory id=45fe97d3-c3fe-391b-82f8-b9579b09bcd6
2022-10-11 23:31:09 [restartedMain] INFO  o.s.b.w.e.tomcat.TomcatWebServer - Tomcat initialized with port(s): 8084 (http)
2022-10-11 23:31:09 [restartedMain] INFO  o.a.coyote.http11.Http11NioProtocol - Initializing ProtocolHandler ["http-nio-8084"]
2022-10-11 23:31:09 [restartedMain] INFO  o.a.catalina.core.StandardService - Starting service [Tomcat]
2022-10-11 23:31:09 [restartedMain] INFO  o.a.catalina.core.StandardEngine - Starting Servlet engine: [Apache Tomcat/9.0.65]
2022-10-11 23:31:09 [restartedMain] INFO  o.a.c.c.C.[Tomcat].[localhost].[/] - Initializing Spring embedded WebApplicationContext
2022-10-11 23:31:09 [restartedMain] INFO  o.s.b.w.s.c.ServletWebServerApplicationContext - Root WebApplicationContext: initialization completed in 2946 ms
2022-10-11 23:31:09 [restartedMain] INFO  o.a.catalina.core.StandardContext - Suspicious URL pattern: [/api/**] in context [], see sections 12.1 and 12.2 of the Servlet specification
2022-10-11 23:31:09 [restartedMain] INFO  o.h.jpa.internal.util.LogHelper - HHH000204: Processing PersistenceUnitInfo [name: default]
2022-10-11 23:31:09 [restartedMain] INFO  org.hibernate.Version - HHH000412: Hibernate ORM core version 5.6.11.Final
2022-10-11 23:31:09 [restartedMain] INFO  o.h.annotations.common.Version - HCANN000001: Hibernate Commons Annotations {5.1.2.Final}
2022-10-11 23:31:10 [restartedMain] INFO  com.zaxxer.hikari.HikariDataSource - HikariPool-1 - Starting...
2022-10-11 23:31:10 [restartedMain] INFO  com.zaxxer.hikari.HikariDataSource - HikariPool-1 - Start completed.
2022-10-11 23:31:10 [restartedMain] INFO  org.hibernate.dialect.Dialect - HHH000400: Using dialect: org.hibernate.dialect.MySQL8Dialect
2022-10-11 23:31:11 [restartedMain] INFO  o.h.e.t.j.p.i.JtaPlatformInitiator - HHH000490: Using JtaPlatform implementation: [org.hibernate.engine.transaction.jta.platform.internal.NoJtaPlatform]
2022-10-11 23:31:11 [restartedMain] INFO  o.s.o.j.LocalContainerEntityManagerFactoryBean - Initialized JPA EntityManagerFactory for persistence unit 'default'
2022-10-11 23:31:11 [restartedMain] WARN  o.s.b.a.o.j.JpaBaseConfiguration$JpaWebConfiguration - spring.jpa.open-in-view is enabled by default. Therefore, database queries may be performed during view rendering. Explicitly configure spring.jpa.open-in-view to disable this warning
2022-10-11 23:31:12 [restartedMain] WARN  o.s.b.d.a.OptionalLiveReloadServer - Unable to start LiveReload server
2022-10-11 23:31:12 [restartedMain] INFO  o.s.c.n.e.c.DiscoveryClientOptionalArgsConfiguration - Eureka HTTP Client uses RestTemplate.
2022-10-11 23:31:12 [restartedMain] WARN  o.s.c.l.c.LoadBalancerCacheAutoConfiguration$LoadBalancerCaffeineWarnLogger - Spring Cloud LoadBalancer is currently working with the default cache. While this cache implementation is useful for development and tests, it's recommended to use Caffeine cache in production.You can switch to using Caffeine cache, by adding it and org.springframework.cache.caffeine.CaffeineCacheManager to the classpath.
2022-10-11 23:31:13 [restartedMain] INFO  o.s.c.n.eureka.InstanceInfoFactory - Setting initial instance status as: STARTING
2022-10-11 23:31:13 [restartedMain] INFO  c.netflix.discovery.DiscoveryClient - Initializing Eureka in region us-east-1
2022-10-11 23:31:13 [restartedMain] INFO  c.n.d.s.r.aws.ConfigClusterResolver - Resolving eureka endpoints via configuration
2022-10-11 23:31:13 [restartedMain] INFO  c.netflix.discovery.DiscoveryClient - Disable delta property : false
2022-10-11 23:31:13 [restartedMain] INFO  c.netflix.discovery.DiscoveryClient - Single vip registry refresh property : null
2022-10-11 23:31:13 [restartedMain] INFO  c.netflix.discovery.DiscoveryClient - Force full registry fetch : false
2022-10-11 23:31:13 [restartedMain] INFO  c.netflix.discovery.DiscoveryClient - Application is null : false
2022-10-11 23:31:13 [restartedMain] INFO  c.netflix.discovery.DiscoveryClient - Registered Applications size is zero : true
2022-10-11 23:31:13 [restartedMain] INFO  c.netflix.discovery.DiscoveryClient - Application version is -1: true
2022-10-11 23:31:13 [restartedMain] INFO  c.netflix.discovery.DiscoveryClient - Getting all instance registry info from the eureka server
2022-10-11 23:31:13 [restartedMain] INFO  c.netflix.discovery.DiscoveryClient - The response status is 200
2022-10-11 23:31:13 [restartedMain] INFO  c.netflix.discovery.DiscoveryClient - Starting heartbeat executor: renew interval is: 30
2022-10-11 23:31:13 [restartedMain] INFO  c.n.discovery.InstanceInfoReplicator - InstanceInfoReplicator onDemand update allowed rate per min is 4
2022-10-11 23:31:13 [restartedMain] INFO  c.netflix.discovery.DiscoveryClient - Discovery Client initialized at timestamp 1665511273613 with initial instances count: 3
2022-10-11 23:31:13 [restartedMain] INFO  o.s.c.n.e.s.EurekaServiceRegistry - Registering application LOAN-API with eureka with status UP
2022-10-11 23:31:13 [restartedMain] INFO  c.netflix.discovery.DiscoveryClient - Saw local status change event StatusChangeEvent [timestamp=1665511273618, current=UP, previous=STARTING]
2022-10-11 23:31:13 [DiscoveryClient-InstanceInfoReplicator-0] INFO  c.netflix.discovery.DiscoveryClient - DiscoveryClient_LOAN-API/192.168.0.4:loan-api:8084: registering service...
2022-10-11 23:31:13 [restartedMain] INFO  o.a.coyote.http11.Http11NioProtocol - Starting ProtocolHandler ["http-nio-8084"]
2022-10-11 23:31:13 [restartedMain] INFO  o.s.b.w.e.tomcat.TomcatWebServer - Tomcat started on port(s): 8084 (http) with context path ''
2022-10-11 23:31:13 [restartedMain] INFO  o.s.c.n.e.s.EurekaAutoServiceRegistration - Updating port to 8084
2022-10-11 23:31:13 [DiscoveryClient-InstanceInfoReplicator-0] INFO  c.netflix.discovery.DiscoveryClient - DiscoveryClient_LOAN-API/192.168.0.4:loan-api:8084 - registration status: 204
2022-10-11 23:31:13 [restartedMain] INFO  com.capstone.LoanApiApplication - Started LoanApiApplication in 8.323 seconds (JVM running for 9.182)
2022-10-11 23:32:18 [http-nio-8084-exec-1] INFO  o.a.c.c.C.[Tomcat].[localhost].[/] - Initializing Spring DispatcherServlet 'dispatcherServlet'
2022-10-11 23:32:18 [http-nio-8084-exec-1] INFO  o.s.web.servlet.DispatcherServlet - Initializing Servlet 'dispatcherServlet'
2022-10-11 23:32:18 [http-nio-8084-exec-1] INFO  o.s.web.servlet.DispatcherServlet - Completed initialization in 6 ms
2022-10-11 23:32:18 [http-nio-8084-exec-1] INFO  com.capstone.aspect.LoggerAspect - Method name: com.capstone.controller.loanController
2022-10-11 23:32:18 [http-nio-8084-exec-1] INFO  com.capstone.aspect.LoggerAspect - Method arguments:[Ljava.lang.Object;@1d053033
2022-10-11 23:32:18 [http-nio-8084-exec-1] INFO  com.capstone.aspect.LoggerAspect - *************************************
2022-10-11 23:32:18 [http-nio-8084-exec-1] INFO  com.capstone.aspect.LoggerAspect - Method name: com.capstone.service.loanServiceImp
2022-10-11 23:32:18 [http-nio-8084-exec-1] INFO  com.capstone.aspect.LoggerAspect - Method arguments:[Ljava.lang.Object;@42baaf92
2022-10-11 23:32:18 [http-nio-8084-exec-1] INFO  com.capstone.aspect.LoggerAspect - *************************************
2022-10-11 23:32:18 [http-nio-8084-exec-1] INFO  com.capstone.aspect.LoggerAspect - During: class com.capstone.service.loanServiceImp.getLoan() with arguments=[loan [loanaccno=202211011, category=Home, loan_amount=1500000.0, custid=202200001, interest_rate=5.0, tenure=10], loan [loanaccno=202211012, category=Vehicle, loan_amount=110000.0, custid=202200001, interest_rate=3.7, tenure=2], loan [loanaccno=202211021, category=Personal, loan_amount=200000.0, custid=202200002, interest_rate=8.0, tenure=7], loan [loanaccno=202211022, category=Vehicle, loan_amount=500000.0, custid=202200002, interest_rate=3.6, tenure=3], loan [loanaccno=202211031, category=Personal, loan_amount=210000.0, custid=202200003, interest_rate=8.0, tenure=5], loan [loanaccno=202211032, category=Home, loan_amount=5000000.0, custid=202200003, interest_rate=6.7, tenure=10], loan [loanaccno=202211033, category=Vehicle, loan_amount=350000.0, custid=202200003, interest_rate=3.6, tenure=3], loan [loanaccno=202211041, category=Personal, loan_amount=410000.0, custid=202200004, interest_rate=7.0, tenure=4], loan [loanaccno=202211042, category=Home, loan_amount=320000.0, custid=202200004, interest_rate=6.7, tenure=3], loan [loanaccno=202211051, category=Personal, loan_amount=500000.0, custid=202200005, interest_rate=7.0, tenure=4]]
2022-10-11 23:32:18 [http-nio-8084-exec-1] INFO  com.capstone.aspect.LoggerAspect - *************************************
2022-10-11 23:32:18 [http-nio-8084-exec-1] INFO  com.capstone.aspect.LoggerAspect - During: class com.capstone.controller.loanController.getloan() with arguments=<200 OK OK,[loan [loanaccno=202211011, category=Home, loan_amount=1500000.0, custid=202200001, interest_rate=5.0, tenure=10], loan [loanaccno=202211012, category=Vehicle, loan_amount=110000.0, custid=202200001, interest_rate=3.7, tenure=2], loan [loanaccno=202211021, category=Personal, loan_amount=200000.0, custid=202200002, interest_rate=8.0, tenure=7], loan [loanaccno=202211022, category=Vehicle, loan_amount=500000.0, custid=202200002, interest_rate=3.6, tenure=3], loan [loanaccno=202211031, category=Personal, loan_amount=210000.0, custid=202200003, interest_rate=8.0, tenure=5], loan [loanaccno=202211032, category=Home, loan_amount=5000000.0, custid=202200003, interest_rate=6.7, tenure=10], loan [loanaccno=202211033, category=Vehicle, loan_amount=350000.0, custid=202200003, interest_rate=3.6, tenure=3], loan [loanaccno=202211041, category=Personal, loan_amount=410000.0, custid=202200004, interest_rate=7.0, tenure=4], loan [loanaccno=202211042, category=Home, loan_amount=320000.0, custid=202200004, interest_rate=6.7, tenure=3], loan [loanaccno=202211051, category=Personal, loan_amount=500000.0, custid=202200005, interest_rate=7.0, tenure=4]],[]>
2022-10-11 23:32:18 [http-nio-8084-exec-1] INFO  com.capstone.aspect.LoggerAspect - *************************************
2022-10-11 23:33:49 [http-nio-8084-exec-4] INFO  com.capstone.aspect.LoggerAspect - Method name: com.capstone.controller.loanController
2022-10-11 23:33:49 [http-nio-8084-exec-4] INFO  com.capstone.aspect.LoggerAspect - Method arguments:[Ljava.lang.Object;@1b324126
2022-10-11 23:33:49 [http-nio-8084-exec-4] INFO  com.capstone.aspect.LoggerAspect - *************************************
2022-10-11 23:33:49 [http-nio-8084-exec-4] INFO  com.capstone.aspect.LoggerAspect - Method name: com.capstone.service.loanServiceImp
2022-10-11 23:33:49 [http-nio-8084-exec-4] INFO  com.capstone.aspect.LoggerAspect - Method arguments:[Ljava.lang.Object;@1cb6e277
2022-10-11 23:33:49 [http-nio-8084-exec-4] INFO  com.capstone.aspect.LoggerAspect - *************************************
2022-10-11 23:33:49 [http-nio-8084-exec-4] INFO  com.capstone.aspect.LoggerAspect - During: class com.capstone.service.loanServiceImp.getLoanAccountDetails() with arguments=null
2022-10-11 23:33:49 [http-nio-8084-exec-4] INFO  com.capstone.aspect.LoggerAspect - *************************************
2022-10-11 23:33:49 [http-nio-8084-exec-4] INFO  com.capstone.aspect.LoggerAspect - During: class com.capstone.controller.loanController.getloanDetails() with arguments=<200 OK OK,[]>
2022-10-11 23:33:49 [http-nio-8084-exec-4] INFO  com.capstone.aspect.LoggerAspect - *************************************
2022-10-11 23:34:00 [http-nio-8084-exec-5] INFO  com.capstone.aspect.LoggerAspect - Method name: com.capstone.controller.loanController
2022-10-11 23:34:00 [http-nio-8084-exec-5] INFO  com.capstone.aspect.LoggerAspect - Method arguments:[Ljava.lang.Object;@18bf9318
2022-10-11 23:34:00 [http-nio-8084-exec-5] INFO  com.capstone.aspect.LoggerAspect - *************************************
2022-10-11 23:34:00 [http-nio-8084-exec-5] INFO  com.capstone.aspect.LoggerAspect - Method name: com.capstone.service.loanServiceImp
2022-10-11 23:34:00 [http-nio-8084-exec-5] INFO  com.capstone.aspect.LoggerAspect - Method arguments:[Ljava.lang.Object;@16787e7f
2022-10-11 23:34:00 [http-nio-8084-exec-5] INFO  com.capstone.aspect.LoggerAspect - *************************************
2022-10-11 23:34:00 [http-nio-8084-exec-5] INFO  com.capstone.aspect.LoggerAspect - During: class com.capstone.service.loanServiceImp.getLoanAccountDetails() with arguments=null
2022-10-11 23:34:00 [http-nio-8084-exec-5] INFO  com.capstone.aspect.LoggerAspect - *************************************
2022-10-11 23:34:00 [http-nio-8084-exec-5] INFO  com.capstone.aspect.LoggerAspect - During: class com.capstone.controller.loanController.getloanDetails() with arguments=<200 OK OK,[]>
2022-10-11 23:34:00 [http-nio-8084-exec-5] INFO  com.capstone.aspect.LoggerAspect - *************************************
2022-10-11 23:34:30 [http-nio-8084-exec-6] INFO  com.capstone.aspect.LoggerAspect - Method name: com.capstone.controller.loanController
2022-10-11 23:34:30 [http-nio-8084-exec-6] INFO  com.capstone.aspect.LoggerAspect - Method arguments:[Ljava.lang.Object;@574aa420
2022-10-11 23:34:30 [http-nio-8084-exec-6] INFO  com.capstone.aspect.LoggerAspect - *************************************
2022-10-11 23:34:30 [http-nio-8084-exec-6] INFO  com.capstone.aspect.LoggerAspect - Method name: com.capstone.service.loanServiceImp
2022-10-11 23:34:30 [http-nio-8084-exec-6] INFO  com.capstone.aspect.LoggerAspect - Method arguments:[Ljava.lang.Object;@598d50b9
2022-10-11 23:34:30 [http-nio-8084-exec-6] INFO  com.capstone.aspect.LoggerAspect - *************************************
2022-10-11 23:34:30 [http-nio-8084-exec-6] INFO  com.capstone.aspect.LoggerAspect - During: class com.capstone.service.loanServiceImp.getLoanAccountDetails() with arguments=null
2022-10-11 23:34:30 [http-nio-8084-exec-6] INFO  com.capstone.aspect.LoggerAspect - *************************************
2022-10-11 23:34:30 [http-nio-8084-exec-6] INFO  com.capstone.aspect.LoggerAspect - During: class com.capstone.controller.loanController.getloanDetails() with arguments=<200 OK OK,[]>
2022-10-11 23:34:30 [http-nio-8084-exec-6] INFO  com.capstone.aspect.LoggerAspect - *************************************
2022-10-11 23:34:46 [http-nio-8084-exec-9] WARN  o.s.w.s.m.s.DefaultHandlerExceptionResolver - Resolved [org.springframework.web.method.annotation.MethodArgumentTypeMismatchException: Failed to convert value of type 'java.lang.String' to required type 'int'; nested exception is java.lang.NumberFormatException: For input string: "20221101112"]
2022-10-11 23:34:52 [http-nio-8084-exec-7] INFO  com.capstone.aspect.LoggerAspect - Method name: com.capstone.controller.loanController
2022-10-11 23:34:52 [http-nio-8084-exec-7] INFO  com.capstone.aspect.LoggerAspect - Method arguments:[Ljava.lang.Object;@8bd0696
2022-10-11 23:34:52 [http-nio-8084-exec-7] INFO  com.capstone.aspect.LoggerAspect - *************************************
2022-10-11 23:34:52 [http-nio-8084-exec-7] INFO  com.capstone.aspect.LoggerAspect - Method name: com.capstone.service.loanServiceImp
2022-10-11 23:34:52 [http-nio-8084-exec-7] INFO  com.capstone.aspect.LoggerAspect - Method arguments:[Ljava.lang.Object;@67ae9f1
2022-10-11 23:34:52 [http-nio-8084-exec-7] INFO  com.capstone.aspect.LoggerAspect - *************************************
2022-10-11 23:34:52 [http-nio-8084-exec-7] INFO  com.capstone.aspect.LoggerAspect - During: class com.capstone.service.loanServiceImp.getLoanAccountDetails() with arguments=null
2022-10-11 23:34:52 [http-nio-8084-exec-7] INFO  com.capstone.aspect.LoggerAspect - *************************************
2022-10-11 23:34:52 [http-nio-8084-exec-7] INFO  com.capstone.aspect.LoggerAspect - During: class com.capstone.controller.loanController.getloanDetails() with arguments=<200 OK OK,[]>
2022-10-11 23:34:52 [http-nio-8084-exec-7] INFO  com.capstone.aspect.LoggerAspect - *************************************
2022-10-11 23:35:00 [http-nio-8084-exec-8] INFO  com.capstone.aspect.LoggerAspect - Method name: com.capstone.controller.loanController
2022-10-11 23:35:00 [http-nio-8084-exec-8] INFO  com.capstone.aspect.LoggerAspect - Method arguments:[Ljava.lang.Object;@1f078da6
2022-10-11 23:35:00 [http-nio-8084-exec-8] INFO  com.capstone.aspect.LoggerAspect - *************************************
2022-10-11 23:35:00 [http-nio-8084-exec-8] INFO  com.capstone.aspect.LoggerAspect - Method name: com.capstone.service.loanServiceImp
2022-10-11 23:35:00 [http-nio-8084-exec-8] INFO  com.capstone.aspect.LoggerAspect - Method arguments:[Ljava.lang.Object;@5a050022
2022-10-11 23:35:00 [http-nio-8084-exec-8] INFO  com.capstone.aspect.LoggerAspect - *************************************
2022-10-11 23:35:00 [http-nio-8084-exec-8] INFO  com.capstone.aspect.LoggerAspect - During: class com.capstone.service.loanServiceImp.getLoanAccountDetails() with arguments=null
2022-10-11 23:35:00 [http-nio-8084-exec-8] INFO  com.capstone.aspect.LoggerAspect - *************************************
2022-10-11 23:35:00 [http-nio-8084-exec-8] INFO  com.capstone.aspect.LoggerAspect - During: class com.capstone.controller.loanController.getloanDetails() with arguments=<200 OK OK,[]>
2022-10-11 23:35:00 [http-nio-8084-exec-8] INFO  com.capstone.aspect.LoggerAspect - *************************************
2022-10-11 23:35:22 [File Watcher] INFO  o.s.b.d.a.LocalDevToolsAutoConfiguration$RestartingClassPathChangeChangedEventListener - Restarting due to 1 class path change (0 additions, 0 deletions, 1 modification)
2022-10-11 23:35:22 [Thread-1] INFO  o.s.c.n.e.s.EurekaServiceRegistry - Unregistering application LOAN-API with eureka with status DOWN
2022-10-11 23:35:22 [Thread-1] INFO  c.netflix.discovery.DiscoveryClient - Saw local status change event StatusChangeEvent [timestamp=1665511522707, current=DOWN, previous=UP]
2022-10-11 23:35:22 [DiscoveryClient-InstanceInfoReplicator-0] INFO  c.netflix.discovery.DiscoveryClient - DiscoveryClient_LOAN-API/192.168.0.4:loan-api:8084: registering service...
2022-10-11 23:35:22 [DiscoveryClient-InstanceInfoReplicator-0] INFO  c.netflix.discovery.DiscoveryClient - DiscoveryClient_LOAN-API/192.168.0.4:loan-api:8084 - registration status: 204
2022-10-11 23:35:22 [Thread-1] INFO  o.a.coyote.http11.Http11NioProtocol - Pausing ProtocolHandler ["http-nio-8084"]
2022-10-11 23:35:22 [Thread-1] INFO  o.a.catalina.core.StandardService - Stopping service [Tomcat]
2022-10-11 23:35:22 [Thread-1] INFO  o.a.c.c.C.[Tomcat].[localhost].[/] - Destroying Spring FrameworkServlet 'dispatcherServlet'
2022-10-11 23:35:22 [Thread-1] INFO  o.a.coyote.http11.Http11NioProtocol - Stopping ProtocolHandler ["http-nio-8084"]
2022-10-11 23:35:22 [Thread-1] INFO  o.a.coyote.http11.Http11NioProtocol - Destroying ProtocolHandler ["http-nio-8084"]
2022-10-11 23:35:22 [Thread-1] INFO  o.s.o.j.LocalContainerEntityManagerFactoryBean - Closing JPA EntityManagerFactory for persistence unit 'default'
2022-10-11 23:35:22 [Thread-1] INFO  com.zaxxer.hikari.HikariDataSource - HikariPool-1 - Shutdown initiated...
2022-10-11 23:35:22 [Thread-1] INFO  com.zaxxer.hikari.HikariDataSource - HikariPool-1 - Shutdown completed.
2022-10-11 23:35:22 [Thread-1] INFO  c.netflix.discovery.DiscoveryClient - Shutting down DiscoveryClient ...
2022-10-11 23:35:25 [Thread-1] INFO  c.netflix.discovery.DiscoveryClient - Unregistering ...
2022-10-11 23:35:25 [Thread-1] INFO  c.netflix.discovery.DiscoveryClient - DiscoveryClient_LOAN-API/192.168.0.4:loan-api:8084 - deregister  status: 200
2022-10-11 23:35:25 [Thread-1] INFO  c.netflix.discovery.DiscoveryClient - Completed shut down of DiscoveryClient
2022-10-11 23:35:26 [restartedMain] INFO  com.capstone.LoanApiApplication - Starting LoanApiApplication using Java 17.0.2 on MOHAN with PID 656 (C:\Users\mohan\Downloads\Natwest Capstone\frontend\spring-master\loan-api\target\classes started by mohan in C:\Users\mohan\Downloads\Natwest Capstone\frontend\spring-master\loan-api)
2022-10-11 23:35:26 [restartedMain] INFO  com.capstone.LoanApiApplication - No active profile set, falling back to 1 default profile: "default"
2022-10-11 23:35:26 [restartedMain] INFO  o.s.d.r.c.RepositoryConfigurationDelegate - Bootstrapping Spring Data JPA repositories in DEFAULT mode.
2022-10-11 23:35:26 [restartedMain] INFO  o.s.d.r.c.RepositoryConfigurationDelegate - Finished Spring Data repository scanning in 14 ms. Found 1 JPA repository interfaces.
2022-10-11 23:35:26 [restartedMain] INFO  o.s.cloud.context.scope.GenericScope - BeanFactory id=45fe97d3-c3fe-391b-82f8-b9579b09bcd6
2022-10-11 23:35:26 [restartedMain] INFO  o.s.b.w.e.tomcat.TomcatWebServer - Tomcat initialized with port(s): 8084 (http)
2022-10-11 23:35:26 [restartedMain] INFO  o.a.coyote.http11.Http11NioProtocol - Initializing ProtocolHandler ["http-nio-8084"]
2022-10-11 23:35:26 [restartedMain] INFO  o.a.catalina.core.StandardService - Starting service [Tomcat]
2022-10-11 23:35:26 [restartedMain] INFO  o.a.catalina.core.StandardEngine - Starting Servlet engine: [Apache Tomcat/9.0.65]
2022-10-11 23:35:26 [restartedMain] INFO  o.a.c.c.C.[Tomcat].[localhost].[/] - Initializing Spring embedded WebApplicationContext
2022-10-11 23:35:26 [restartedMain] INFO  o.s.b.w.s.c.ServletWebServerApplicationContext - Root WebApplicationContext: initialization completed in 465 ms
2022-10-11 23:35:26 [restartedMain] INFO  o.a.catalina.core.StandardContext - Suspicious URL pattern: [/api/**] in context [], see sections 12.1 and 12.2 of the Servlet specification
2022-10-11 23:35:26 [restartedMain] INFO  o.h.jpa.internal.util.LogHelper - HHH000204: Processing PersistenceUnitInfo [name: default]
2022-10-11 23:35:26 [restartedMain] INFO  com.zaxxer.hikari.HikariDataSource - HikariPool-2 - Starting...
2022-10-11 23:35:26 [restartedMain] INFO  com.zaxxer.hikari.HikariDataSource - HikariPool-2 - Start completed.
2022-10-11 23:35:26 [restartedMain] INFO  org.hibernate.dialect.Dialect - HHH000400: Using dialect: org.hibernate.dialect.MySQL8Dialect
2022-10-11 23:35:26 [restartedMain] INFO  o.h.e.t.j.p.i.JtaPlatformInitiator - HHH000490: Using JtaPlatform implementation: [org.hibernate.engine.transaction.jta.platform.internal.NoJtaPlatform]
2022-10-11 23:35:26 [restartedMain] INFO  o.s.o.j.LocalContainerEntityManagerFactoryBean - Initialized JPA EntityManagerFactory for persistence unit 'default'
2022-10-11 23:35:26 [restartedMain] WARN  o.s.b.a.o.j.JpaBaseConfiguration$JpaWebConfiguration - spring.jpa.open-in-view is enabled by default. Therefore, database queries may be performed during view rendering. Explicitly configure spring.jpa.open-in-view to disable this warning
2022-10-11 23:35:27 [restartedMain] WARN  o.s.b.d.a.OptionalLiveReloadServer - Unable to start LiveReload server
2022-10-11 23:35:27 [restartedMain] INFO  o.s.c.n.e.c.DiscoveryClientOptionalArgsConfiguration - Eureka HTTP Client uses RestTemplate.
2022-10-11 23:35:27 [restartedMain] WARN  o.s.c.l.c.LoadBalancerCacheAutoConfiguration$LoadBalancerCaffeineWarnLogger - Spring Cloud LoadBalancer is currently working with the default cache. While this cache implementation is useful for development and tests, it's recommended to use Caffeine cache in production.You can switch to using Caffeine cache, by adding it and org.springframework.cache.caffeine.CaffeineCacheManager to the classpath.
2022-10-11 23:35:27 [restartedMain] INFO  o.s.c.n.eureka.InstanceInfoFactory - Setting initial instance status as: STARTING
2022-10-11 23:35:27 [restartedMain] INFO  c.netflix.discovery.DiscoveryClient - Initializing Eureka in region us-east-1
2022-10-11 23:35:27 [restartedMain] INFO  c.n.d.s.r.aws.ConfigClusterResolver - Resolving eureka endpoints via configuration
2022-10-11 23:35:27 [restartedMain] INFO  c.netflix.discovery.DiscoveryClient - Disable delta property : false
2022-10-11 23:35:27 [restartedMain] INFO  c.netflix.discovery.DiscoveryClient - Single vip registry refresh property : null
2022-10-11 23:35:27 [restartedMain] INFO  c.netflix.discovery.DiscoveryClient - Force full registry fetch : false
2022-10-11 23:35:27 [restartedMain] INFO  c.netflix.discovery.DiscoveryClient - Application is null : false
2022-10-11 23:35:27 [restartedMain] INFO  c.netflix.discovery.DiscoveryClient - Registered Applications size is zero : true
2022-10-11 23:35:27 [restartedMain] INFO  c.netflix.discovery.DiscoveryClient - Application version is -1: true
2022-10-11 23:35:27 [restartedMain] INFO  c.netflix.discovery.DiscoveryClient - Getting all instance registry info from the eureka server
2022-10-11 23:35:27 [restartedMain] INFO  c.netflix.discovery.DiscoveryClient - The response status is 200
2022-10-11 23:35:27 [restartedMain] INFO  c.netflix.discovery.DiscoveryClient - Starting heartbeat executor: renew interval is: 30
2022-10-11 23:35:27 [restartedMain] INFO  c.n.discovery.InstanceInfoReplicator - InstanceInfoReplicator onDemand update allowed rate per min is 4
2022-10-11 23:35:27 [restartedMain] INFO  c.netflix.discovery.DiscoveryClient - Discovery Client initialized at timestamp 1665511527574 with initial instances count: 4
2022-10-11 23:35:27 [restartedMain] INFO  o.s.c.n.e.s.EurekaServiceRegistry - Registering application LOAN-API with eureka with status UP
2022-10-11 23:35:27 [restartedMain] INFO  c.netflix.discovery.DiscoveryClient - Saw local status change event StatusChangeEvent [timestamp=1665511527575, current=UP, previous=STARTING]
2022-10-11 23:35:27 [DiscoveryClient-InstanceInfoReplicator-0] INFO  c.netflix.discovery.DiscoveryClient - DiscoveryClient_LOAN-API/192.168.0.4:loan-api:8084: registering service...
2022-10-11 23:35:27 [restartedMain] INFO  o.a.coyote.http11.Http11NioProtocol - Starting ProtocolHandler ["http-nio-8084"]
2022-10-11 23:35:27 [restartedMain] INFO  o.s.b.w.e.tomcat.TomcatWebServer - Tomcat started on port(s): 8084 (http) with context path ''
2022-10-11 23:35:27 [restartedMain] INFO  o.s.c.n.e.s.EurekaAutoServiceRegistration - Updating port to 8084
2022-10-11 23:35:27 [DiscoveryClient-InstanceInfoReplicator-0] INFO  c.netflix.discovery.DiscoveryClient - DiscoveryClient_LOAN-API/192.168.0.4:loan-api:8084 - registration status: 204
2022-10-11 23:35:27 [restartedMain] INFO  com.capstone.LoanApiApplication - Started LoanApiApplication in 1.667 seconds (JVM running for 263.089)
2022-10-11 23:35:27 [restartedMain] INFO  o.s.b.d.a.ConditionEvaluationDeltaLoggingListener - Condition evaluation unchanged
2022-10-11 23:35:31 [File Watcher] INFO  o.s.b.d.a.LocalDevToolsAutoConfiguration$RestartingClassPathChangeChangedEventListener - Restarting due to 1 class path change (0 additions, 0 deletions, 1 modification)
2022-10-11 23:35:31 [Thread-7] INFO  o.s.c.n.e.s.EurekaServiceRegistry - Unregistering application LOAN-API with eureka with status DOWN
2022-10-11 23:35:31 [Thread-7] INFO  c.netflix.discovery.DiscoveryClient - Saw local status change event StatusChangeEvent [timestamp=1665511531637, current=DOWN, previous=UP]
2022-10-11 23:35:31 [DiscoveryClient-InstanceInfoReplicator-0] INFO  c.netflix.discovery.DiscoveryClient - DiscoveryClient_LOAN-API/192.168.0.4:loan-api:8084: registering service...
2022-10-11 23:35:31 [DiscoveryClient-InstanceInfoReplicator-0] INFO  c.netflix.discovery.DiscoveryClient - DiscoveryClient_LOAN-API/192.168.0.4:loan-api:8084 - registration status: 204
2022-10-11 23:35:31 [Thread-7] INFO  o.a.coyote.http11.Http11NioProtocol - Pausing ProtocolHandler ["http-nio-8084"]
2022-10-11 23:35:31 [Thread-7] INFO  o.a.catalina.core.StandardService - Stopping service [Tomcat]
2022-10-11 23:35:31 [Thread-7] INFO  o.a.coyote.http11.Http11NioProtocol - Stopping ProtocolHandler ["http-nio-8084"]
2022-10-11 23:35:31 [Thread-7] INFO  o.a.coyote.http11.Http11NioProtocol - Destroying ProtocolHandler ["http-nio-8084"]
2022-10-11 23:35:31 [Thread-7] INFO  o.s.o.j.LocalContainerEntityManagerFactoryBean - Closing JPA EntityManagerFactory for persistence unit 'default'
2022-10-11 23:35:31 [Thread-7] INFO  com.zaxxer.hikari.HikariDataSource - HikariPool-2 - Shutdown initiated...
2022-10-11 23:35:31 [Thread-7] INFO  com.zaxxer.hikari.HikariDataSource - HikariPool-2 - Shutdown completed.
2022-10-11 23:35:31 [Thread-7] INFO  c.netflix.discovery.DiscoveryClient - Shutting down DiscoveryClient ...
2022-10-11 23:35:34 [Thread-7] INFO  c.netflix.discovery.DiscoveryClient - Unregistering ...
2022-10-11 23:35:34 [Thread-7] INFO  c.netflix.discovery.DiscoveryClient - DiscoveryClient_LOAN-API/192.168.0.4:loan-api:8084 - deregister  status: 200
2022-10-11 23:35:34 [Thread-7] INFO  c.netflix.discovery.DiscoveryClient - Completed shut down of DiscoveryClient
2022-10-11 23:35:35 [restartedMain] INFO  com.capstone.LoanApiApplication - Starting LoanApiApplication using Java 17.0.2 on MOHAN with PID 656 (C:\Users\mohan\Downloads\Natwest Capstone\frontend\spring-master\loan-api\target\classes started by mohan in C:\Users\mohan\Downloads\Natwest Capstone\frontend\spring-master\loan-api)
2022-10-11 23:35:35 [restartedMain] INFO  com.capstone.LoanApiApplication - No active profile set, falling back to 1 default profile: "default"
2022-10-11 23:35:35 [restartedMain] INFO  o.s.d.r.c.RepositoryConfigurationDelegate - Bootstrapping Spring Data JPA repositories in DEFAULT mode.
2022-10-11 23:35:35 [restartedMain] INFO  o.s.d.r.c.RepositoryConfigurationDelegate - Finished Spring Data repository scanning in 12 ms. Found 1 JPA repository interfaces.
2022-10-11 23:35:35 [restartedMain] INFO  o.s.cloud.context.scope.GenericScope - BeanFactory id=45fe97d3-c3fe-391b-82f8-b9579b09bcd6
2022-10-11 23:35:35 [restartedMain] INFO  o.s.b.w.e.tomcat.TomcatWebServer - Tomcat initialized with port(s): 8084 (http)
2022-10-11 23:35:35 [restartedMain] INFO  o.a.coyote.http11.Http11NioProtocol - Initializing ProtocolHandler ["http-nio-8084"]
2022-10-11 23:35:35 [restartedMain] INFO  o.a.catalina.core.StandardService - Starting service [Tomcat]
2022-10-11 23:35:35 [restartedMain] INFO  o.a.catalina.core.StandardEngine - Starting Servlet engine: [Apache Tomcat/9.0.65]
2022-10-11 23:35:35 [restartedMain] INFO  o.a.c.c.C.[Tomcat].[localhost].[/] - Initializing Spring embedded WebApplicationContext
2022-10-11 23:35:35 [restartedMain] INFO  o.s.b.w.s.c.ServletWebServerApplicationContext - Root WebApplicationContext: initialization completed in 471 ms
2022-10-11 23:35:35 [restartedMain] INFO  o.a.catalina.core.StandardContext - Suspicious URL pattern: [/api/**] in context [], see sections 12.1 and 12.2 of the Servlet specification
2022-10-11 23:35:35 [restartedMain] INFO  o.h.jpa.internal.util.LogHelper - HHH000204: Processing PersistenceUnitInfo [name: default]
2022-10-11 23:35:35 [restartedMain] INFO  com.zaxxer.hikari.HikariDataSource - HikariPool-3 - Starting...
2022-10-11 23:35:35 [restartedMain] INFO  com.zaxxer.hikari.HikariDataSource - HikariPool-3 - Start completed.
2022-10-11 23:35:35 [restartedMain] INFO  org.hibernate.dialect.Dialect - HHH000400: Using dialect: org.hibernate.dialect.MySQL8Dialect
2022-10-11 23:35:35 [restartedMain] INFO  o.h.e.t.j.p.i.JtaPlatformInitiator - HHH000490: Using JtaPlatform implementation: [org.hibernate.engine.transaction.jta.platform.internal.NoJtaPlatform]
2022-10-11 23:35:35 [restartedMain] INFO  o.s.o.j.LocalContainerEntityManagerFactoryBean - Initialized JPA EntityManagerFactory for persistence unit 'default'
2022-10-11 23:35:35 [restartedMain] WARN  o.s.b.a.o.j.JpaBaseConfiguration$JpaWebConfiguration - spring.jpa.open-in-view is enabled by default. Therefore, database queries may be performed during view rendering. Explicitly configure spring.jpa.open-in-view to disable this warning
2022-10-11 23:35:36 [restartedMain] WARN  o.s.b.d.a.OptionalLiveReloadServer - Unable to start LiveReload server
2022-10-11 23:35:36 [restartedMain] INFO  o.s.c.n.e.c.DiscoveryClientOptionalArgsConfiguration - Eureka HTTP Client uses RestTemplate.
2022-10-11 23:35:36 [restartedMain] WARN  o.s.c.l.c.LoadBalancerCacheAutoConfiguration$LoadBalancerCaffeineWarnLogger - Spring Cloud LoadBalancer is currently working with the default cache. While this cache implementation is useful for development and tests, it's recommended to use Caffeine cache in production.You can switch to using Caffeine cache, by adding it and org.springframework.cache.caffeine.CaffeineCacheManager to the classpath.
2022-10-11 23:35:36 [restartedMain] INFO  o.s.c.n.eureka.InstanceInfoFactory - Setting initial instance status as: STARTING
2022-10-11 23:35:36 [restartedMain] INFO  c.netflix.discovery.DiscoveryClient - Initializing Eureka in region us-east-1
2022-10-11 23:35:36 [restartedMain] INFO  c.n.d.s.r.aws.ConfigClusterResolver - Resolving eureka endpoints via configuration
2022-10-11 23:35:36 [restartedMain] INFO  c.netflix.discovery.DiscoveryClient - Disable delta property : false
2022-10-11 23:35:36 [restartedMain] INFO  c.netflix.discovery.DiscoveryClient - Single vip registry refresh property : null
2022-10-11 23:35:36 [restartedMain] INFO  c.netflix.discovery.DiscoveryClient - Force full registry fetch : false
2022-10-11 23:35:36 [restartedMain] INFO  c.netflix.discovery.DiscoveryClient - Application is null : false
2022-10-11 23:35:36 [restartedMain] INFO  c.netflix.discovery.DiscoveryClient - Registered Applications size is zero : true
2022-10-11 23:35:36 [restartedMain] INFO  c.netflix.discovery.DiscoveryClient - Application version is -1: true
2022-10-11 23:35:36 [restartedMain] INFO  c.netflix.discovery.DiscoveryClient - Getting all instance registry info from the eureka server
2022-10-11 23:35:36 [restartedMain] INFO  c.netflix.discovery.DiscoveryClient - The response status is 200
2022-10-11 23:35:36 [restartedMain] INFO  c.netflix.discovery.DiscoveryClient - Starting heartbeat executor: renew interval is: 30
2022-10-11 23:35:36 [restartedMain] INFO  c.n.discovery.InstanceInfoReplicator - InstanceInfoReplicator onDemand update allowed rate per min is 4
2022-10-11 23:35:36 [restartedMain] INFO  c.netflix.discovery.DiscoveryClient - Discovery Client initialized at timestamp 1665511536396 with initial instances count: 4
2022-10-11 23:35:36 [restartedMain] INFO  o.s.c.n.e.s.EurekaServiceRegistry - Registering application LOAN-API with eureka with status UP
2022-10-11 23:35:36 [restartedMain] INFO  c.netflix.discovery.DiscoveryClient - Saw local status change event StatusChangeEvent [timestamp=1665511536397, current=UP, previous=STARTING]
2022-10-11 23:35:36 [DiscoveryClient-InstanceInfoReplicator-0] INFO  c.netflix.discovery.DiscoveryClient - DiscoveryClient_LOAN-API/192.168.0.4:loan-api:8084: registering service...
2022-10-11 23:35:36 [restartedMain] INFO  o.a.coyote.http11.Http11NioProtocol - Starting ProtocolHandler ["http-nio-8084"]
2022-10-11 23:35:36 [restartedMain] INFO  o.s.b.w.e.tomcat.TomcatWebServer - Tomcat started on port(s): 8084 (http) with context path ''
2022-10-11 23:35:36 [restartedMain] INFO  o.s.c.n.e.s.EurekaAutoServiceRegistration - Updating port to 8084
2022-10-11 23:35:36 [DiscoveryClient-InstanceInfoReplicator-0] INFO  c.netflix.discovery.DiscoveryClient - DiscoveryClient_LOAN-API/192.168.0.4:loan-api:8084 - registration status: 204
2022-10-11 23:35:36 [restartedMain] INFO  com.capstone.LoanApiApplication - Started LoanApiApplication in 1.662 seconds (JVM running for 271.89)
2022-10-11 23:35:36 [restartedMain] INFO  o.s.b.d.a.ConditionEvaluationDeltaLoggingListener - Condition evaluation unchanged
2022-10-11 23:35:45 [http-nio-8084-exec-1] INFO  o.a.c.c.C.[Tomcat].[localhost].[/] - Initializing Spring DispatcherServlet 'dispatcherServlet'
2022-10-11 23:35:45 [http-nio-8084-exec-1] INFO  o.s.web.servlet.DispatcherServlet - Initializing Servlet 'dispatcherServlet'
2022-10-11 23:35:45 [http-nio-8084-exec-1] INFO  o.s.web.servlet.DispatcherServlet - Completed initialization in 1 ms
2022-10-11 23:35:45 [http-nio-8084-exec-1] INFO  com.capstone.aspect.LoggerAspect - Method name: com.capstone.controller.loanController
2022-10-11 23:35:45 [http-nio-8084-exec-1] INFO  com.capstone.aspect.LoggerAspect - Method arguments:[Ljava.lang.Object;@309fab13
2022-10-11 23:35:45 [http-nio-8084-exec-1] INFO  com.capstone.aspect.LoggerAspect - *************************************
2022-10-11 23:35:45 [http-nio-8084-exec-1] INFO  com.capstone.aspect.LoggerAspect - Method name: com.capstone.service.loanServiceImp
2022-10-11 23:35:45 [http-nio-8084-exec-1] INFO  com.capstone.aspect.LoggerAspect - Method arguments:[Ljava.lang.Object;@64e4d72d
2022-10-11 23:35:45 [http-nio-8084-exec-1] INFO  com.capstone.aspect.LoggerAspect - *************************************
2022-10-11 23:35:45 [http-nio-8084-exec-1] INFO  com.capstone.aspect.LoggerAspect - During: class com.capstone.service.loanServiceImp.getLoanAccountDetails() with arguments=loan [loanaccno=202211011, category=Home, loan_amount=1500000.0, custid=202200001, interest_rate=5.0, tenure=10]
2022-10-11 23:35:45 [http-nio-8084-exec-1] INFO  com.capstone.aspect.LoggerAspect - *************************************
2022-10-11 23:35:45 [http-nio-8084-exec-1] INFO  com.capstone.aspect.LoggerAspect - During: class com.capstone.controller.loanController.getloanDetails() with arguments=<200 OK OK,loan [loanaccno=202211011, category=Home, loan_amount=1500000.0, custid=202200001, interest_rate=5.0, tenure=10],[]>
2022-10-11 23:35:45 [http-nio-8084-exec-1] INFO  com.capstone.aspect.LoggerAspect - *************************************
2022-10-11 23:38:27 [http-nio-8084-exec-4] INFO  com.capstone.aspect.LoggerAspect - Method name: com.capstone.controller.loanController
2022-10-11 23:38:27 [http-nio-8084-exec-4] INFO  com.capstone.aspect.LoggerAspect - Method arguments:[Ljava.lang.Object;@2af9140e
2022-10-11 23:38:27 [http-nio-8084-exec-4] INFO  com.capstone.aspect.LoggerAspect - *************************************
2022-10-11 23:38:27 [http-nio-8084-exec-4] INFO  com.capstone.aspect.LoggerAspect - Method name: com.capstone.service.loanServiceImp
2022-10-11 23:38:27 [http-nio-8084-exec-4] INFO  com.capstone.aspect.LoggerAspect - Method arguments:[Ljava.lang.Object;@69f9e277
2022-10-11 23:38:27 [http-nio-8084-exec-4] INFO  com.capstone.aspect.LoggerAspect - *************************************
2022-10-11 23:38:27 [http-nio-8084-exec-4] INFO  com.capstone.aspect.LoggerAspect - During: class com.capstone.service.loanServiceImp.getLoanAccountDetails() with arguments=loan [loanaccno=202211032, category=Home, loan_amount=5000000.0, custid=202200003, interest_rate=6.7, tenure=10]
2022-10-11 23:38:27 [http-nio-8084-exec-4] INFO  com.capstone.aspect.LoggerAspect - *************************************
2022-10-11 23:38:27 [http-nio-8084-exec-4] INFO  com.capstone.aspect.LoggerAspect - During: class com.capstone.controller.loanController.getloanDetails() with arguments=<200 OK OK,loan [loanaccno=202211032, category=Home, loan_amount=5000000.0, custid=202200003, interest_rate=6.7, tenure=10],[]>
2022-10-11 23:38:27 [http-nio-8084-exec-4] INFO  com.capstone.aspect.LoggerAspect - *************************************
2022-10-11 23:38:31 [http-nio-8084-exec-2] INFO  com.capstone.aspect.LoggerAspect - Method name: com.capstone.controller.loanController
2022-10-11 23:38:31 [http-nio-8084-exec-2] INFO  com.capstone.aspect.LoggerAspect - Method arguments:[Ljava.lang.Object;@2a3fca
2022-10-11 23:38:31 [http-nio-8084-exec-2] INFO  com.capstone.aspect.LoggerAspect - *************************************
2022-10-11 23:38:31 [http-nio-8084-exec-2] INFO  com.capstone.aspect.LoggerAspect - Method name: com.capstone.service.loanServiceImp
2022-10-11 23:38:31 [http-nio-8084-exec-2] INFO  com.capstone.aspect.LoggerAspect - Method arguments:[Ljava.lang.Object;@eedd1bf
2022-10-11 23:38:31 [http-nio-8084-exec-2] INFO  com.capstone.aspect.LoggerAspect - *************************************
2022-10-11 23:38:31 [http-nio-8084-exec-2] INFO  com.capstone.aspect.LoggerAspect - During: class com.capstone.service.loanServiceImp.getLoanAccountDetails() with arguments=loan [loanaccno=202211032, category=Home, loan_amount=5000000.0, custid=202200003, interest_rate=6.7, tenure=10]
2022-10-11 23:38:31 [http-nio-8084-exec-2] INFO  com.capstone.aspect.LoggerAspect - *************************************
2022-10-11 23:38:31 [http-nio-8084-exec-2] INFO  com.capstone.aspect.LoggerAspect - During: class com.capstone.controller.loanController.getloanDetails() with arguments=<200 OK OK,loan [loanaccno=202211032, category=Home, loan_amount=5000000.0, custid=202200003, interest_rate=6.7, tenure=10],[]>
2022-10-11 23:38:31 [http-nio-8084-exec-2] INFO  com.capstone.aspect.LoggerAspect - *************************************
2022-10-11 23:38:57 [http-nio-8084-exec-7] INFO  com.capstone.aspect.LoggerAspect - Method name: com.capstone.controller.loanController
2022-10-11 23:38:57 [http-nio-8084-exec-7] INFO  com.capstone.aspect.LoggerAspect - Method arguments:[Ljava.lang.Object;@217171f5
2022-10-11 23:38:57 [http-nio-8084-exec-7] INFO  com.capstone.aspect.LoggerAspect - *************************************
2022-10-11 23:38:57 [http-nio-8084-exec-7] INFO  com.capstone.aspect.LoggerAspect - Method name: com.capstone.service.loanServiceImp
2022-10-11 23:38:57 [http-nio-8084-exec-7] INFO  com.capstone.aspect.LoggerAspect - Method arguments:[Ljava.lang.Object;@2fb68bab
2022-10-11 23:38:57 [http-nio-8084-exec-7] INFO  com.capstone.aspect.LoggerAspect - *************************************
2022-10-11 23:38:57 [http-nio-8084-exec-7] INFO  com.capstone.aspect.LoggerAspect - During: class com.capstone.service.loanServiceImp.getLoanAccountDetails() with arguments=loan [loanaccno=202211032, category=Home, loan_amount=5000000.0, custid=202200003, interest_rate=6.7, tenure=10]
2022-10-11 23:38:57 [http-nio-8084-exec-7] INFO  com.capstone.aspect.LoggerAspect - *************************************
2022-10-11 23:38:57 [http-nio-8084-exec-7] INFO  com.capstone.aspect.LoggerAspect - During: class com.capstone.controller.loanController.getloanDetails() with arguments=<200 OK OK,loan [loanaccno=202211032, category=Home, loan_amount=5000000.0, custid=202200003, interest_rate=6.7, tenure=10],[]>
2022-10-11 23:38:57 [http-nio-8084-exec-7] INFO  com.capstone.aspect.LoggerAspect - *************************************
2022-10-11 23:40:36 [AsyncResolver-bootstrap-executor-0] INFO  c.n.d.s.r.aws.ConfigClusterResolver - Resolving eureka endpoints via configuration
2022-10-11 23:41:49 [http-nio-8084-exec-5] INFO  com.capstone.aspect.LoggerAspect - Method name: com.capstone.controller.loanController
2022-10-11 23:41:49 [http-nio-8084-exec-5] INFO  com.capstone.aspect.LoggerAspect - Method arguments:[Ljava.lang.Object;@69e774be
2022-10-11 23:41:49 [http-nio-8084-exec-5] INFO  com.capstone.aspect.LoggerAspect - *************************************
2022-10-11 23:41:49 [http-nio-8084-exec-5] INFO  com.capstone.aspect.LoggerAspect - Method name: com.capstone.service.loanServiceImp
2022-10-11 23:41:49 [http-nio-8084-exec-5] INFO  com.capstone.aspect.LoggerAspect - Method arguments:[Ljava.lang.Object;@efecab0
2022-10-11 23:41:49 [http-nio-8084-exec-5] INFO  com.capstone.aspect.LoggerAspect - *************************************
2022-10-11 23:41:49 [http-nio-8084-exec-5] INFO  com.capstone.aspect.LoggerAspect - During: class com.capstone.service.loanServiceImp.getLoanAccountDetails() with arguments=loan [loanaccno=202211032, category=Home, loan_amount=5000000.0, custid=202200003, interest_rate=6.7, tenure=10]
2022-10-11 23:41:49 [http-nio-8084-exec-5] INFO  com.capstone.aspect.LoggerAspect - *************************************
2022-10-11 23:41:49 [http-nio-8084-exec-5] INFO  com.capstone.aspect.LoggerAspect - During: class com.capstone.controller.loanController.getloanDetails() with arguments=<200 OK OK,loan [loanaccno=202211032, category=Home, loan_amount=5000000.0, custid=202200003, interest_rate=6.7, tenure=10],[]>
2022-10-11 23:41:49 [http-nio-8084-exec-5] INFO  com.capstone.aspect.LoggerAspect - *************************************
