2022-10-14 18:52:27 [restartedMain] INFO  c.c.AuthenticationApiApplication - Starting AuthenticationApiApplication using Java 17.0.2 on MOHAN with PID 21988 (C:\Users\mohan\Downloads\Natwest Capstone\frontend\spring-master\authentication-api\target\classes started by mohan in C:\Users\mohan\Downloads\Natwest Capstone\frontend\spring-master\authentication-api)
2022-10-14 18:52:27 [restartedMain] INFO  c.c.AuthenticationApiApplication - No active profile set, falling back to 1 default profile: "default"
2022-10-14 18:52:27 [restartedMain] INFO  o.s.b.d.e.DevToolsPropertyDefaultsPostProcessor - Devtools property defaults active! Set 'spring.devtools.add-properties' to 'false' to disable
2022-10-14 18:52:27 [restartedMain] INFO  o.s.b.d.e.DevToolsPropertyDefaultsPostProcessor - For additional web related logging consider setting the 'logging.level.web' property to 'DEBUG'
2022-10-14 18:52:27 [restartedMain] INFO  o.s.d.r.c.RepositoryConfigurationDelegate - Bootstrapping Spring Data JPA repositories in DEFAULT mode.
2022-10-14 18:52:27 [restartedMain] INFO  o.s.d.r.c.RepositoryConfigurationDelegate - Finished Spring Data repository scanning in 108 ms. Found 1 JPA repository interfaces.
2022-10-14 18:52:27 [restartedMain] INFO  o.s.cloud.context.scope.GenericScope - BeanFactory id=20fbd41e-9591-323c-a48b-adc1d5296ce3
2022-10-14 18:52:28 [restartedMain] INFO  o.s.b.w.e.tomcat.TomcatWebServer - Tomcat initialized with port(s): 8085 (http)
2022-10-14 18:52:28 [restartedMain] INFO  o.a.coyote.http11.Http11NioProtocol - Initializing ProtocolHandler ["http-nio-8085"]
2022-10-14 18:52:28 [restartedMain] INFO  o.a.catalina.core.StandardService - Starting service [Tomcat]
2022-10-14 18:52:28 [restartedMain] INFO  o.a.catalina.core.StandardEngine - Starting Servlet engine: [Apache Tomcat/9.0.65]
2022-10-14 18:52:28 [restartedMain] INFO  o.a.c.c.C.[Tomcat].[localhost].[/] - Initializing Spring embedded WebApplicationContext
2022-10-14 18:52:28 [restartedMain] INFO  o.s.b.w.s.c.ServletWebServerApplicationContext - Root WebApplicationContext: initialization completed in 1653 ms
2022-10-14 18:52:28 [restartedMain] INFO  o.h.jpa.internal.util.LogHelper - HHH000204: Processing PersistenceUnitInfo [name: default]
2022-10-14 18:52:28 [restartedMain] INFO  org.hibernate.Version - HHH000412: Hibernate ORM core version 5.6.11.Final
2022-10-14 18:52:29 [restartedMain] INFO  o.h.annotations.common.Version - HCANN000001: Hibernate Commons Annotations {5.1.2.Final}
2022-10-14 18:52:29 [restartedMain] INFO  com.zaxxer.hikari.HikariDataSource - HikariPool-1 - Starting...
2022-10-14 18:52:29 [restartedMain] INFO  com.zaxxer.hikari.HikariDataSource - HikariPool-1 - Start completed.
2022-10-14 18:52:29 [restartedMain] INFO  org.hibernate.dialect.Dialect - HHH000400: Using dialect: org.hibernate.dialect.MySQL8Dialect
2022-10-14 18:52:30 [restartedMain] INFO  o.h.e.t.j.p.i.JtaPlatformInitiator - HHH000490: Using JtaPlatform implementation: [org.hibernate.engine.transaction.jta.platform.internal.NoJtaPlatform]
2022-10-14 18:52:30 [restartedMain] INFO  o.s.o.j.LocalContainerEntityManagerFactoryBean - Initialized JPA EntityManagerFactory for persistence unit 'default'
2022-10-14 18:52:30 [restartedMain] WARN  o.s.b.a.o.j.JpaBaseConfiguration$JpaWebConfiguration - spring.jpa.open-in-view is enabled by default. Therefore, database queries may be performed during view rendering. Explicitly configure spring.jpa.open-in-view to disable this warning
2022-10-14 18:52:30 [restartedMain] WARN  o.s.b.d.a.OptionalLiveReloadServer - Unable to start LiveReload server
2022-10-14 18:52:30 [restartedMain] INFO  o.s.c.n.e.c.DiscoveryClientOptionalArgsConfiguration - Eureka HTTP Client uses RestTemplate.
2022-10-14 18:52:31 [restartedMain] WARN  o.s.c.l.c.LoadBalancerCacheAutoConfiguration$LoadBalancerCaffeineWarnLogger - Spring Cloud LoadBalancer is currently working with the default cache. While this cache implementation is useful for development and tests, it's recommended to use Caffeine cache in production.You can switch to using Caffeine cache, by adding it and org.springframework.cache.caffeine.CaffeineCacheManager to the classpath.
2022-10-14 18:52:31 [restartedMain] INFO  o.s.c.n.eureka.InstanceInfoFactory - Setting initial instance status as: STARTING
2022-10-14 18:52:31 [restartedMain] INFO  c.netflix.discovery.DiscoveryClient - Initializing Eureka in region us-east-1
2022-10-14 18:52:31 [restartedMain] INFO  c.n.d.s.r.aws.ConfigClusterResolver - Resolving eureka endpoints via configuration
2022-10-14 18:52:31 [restartedMain] INFO  c.netflix.discovery.DiscoveryClient - Disable delta property : false
2022-10-14 18:52:31 [restartedMain] INFO  c.netflix.discovery.DiscoveryClient - Single vip registry refresh property : null
2022-10-14 18:52:31 [restartedMain] INFO  c.netflix.discovery.DiscoveryClient - Force full registry fetch : false
2022-10-14 18:52:31 [restartedMain] INFO  c.netflix.discovery.DiscoveryClient - Application is null : false
2022-10-14 18:52:31 [restartedMain] INFO  c.netflix.discovery.DiscoveryClient - Registered Applications size is zero : true
2022-10-14 18:52:31 [restartedMain] INFO  c.netflix.discovery.DiscoveryClient - Application version is -1: true
2022-10-14 18:52:31 [restartedMain] INFO  c.netflix.discovery.DiscoveryClient - Getting all instance registry info from the eureka server
2022-10-14 18:52:31 [restartedMain] INFO  c.netflix.discovery.DiscoveryClient - The response status is 200
2022-10-14 18:52:31 [restartedMain] INFO  c.netflix.discovery.DiscoveryClient - Starting heartbeat executor: renew interval is: 30
2022-10-14 18:52:31 [restartedMain] INFO  c.n.discovery.InstanceInfoReplicator - InstanceInfoReplicator onDemand update allowed rate per min is 4
2022-10-14 18:52:31 [restartedMain] INFO  c.netflix.discovery.DiscoveryClient - Discovery Client initialized at timestamp 1665753751624 with initial instances count: 2
2022-10-14 18:52:31 [restartedMain] INFO  o.s.c.n.e.s.EurekaServiceRegistry - Registering application AUTHENTICATION-API with eureka with status UP
2022-10-14 18:52:31 [restartedMain] INFO  c.netflix.discovery.DiscoveryClient - Saw local status change event StatusChangeEvent [timestamp=1665753751628, current=UP, previous=STARTING]
2022-10-14 18:52:31 [DiscoveryClient-InstanceInfoReplicator-0] INFO  c.netflix.discovery.DiscoveryClient - DiscoveryClient_AUTHENTICATION-API/MOHAN:authentication-api:8085: registering service...
2022-10-14 18:52:31 [restartedMain] INFO  o.a.coyote.http11.Http11NioProtocol - Starting ProtocolHandler ["http-nio-8085"]
2022-10-14 18:52:31 [restartedMain] INFO  o.s.b.w.e.tomcat.TomcatWebServer - Tomcat started on port(s): 8085 (http) with context path ''
2022-10-14 18:52:31 [restartedMain] INFO  o.s.c.n.e.s.EurekaAutoServiceRegistration - Updating port to 8085
2022-10-14 18:52:31 [DiscoveryClient-InstanceInfoReplicator-0] INFO  c.netflix.discovery.DiscoveryClient - DiscoveryClient_AUTHENTICATION-API/MOHAN:authentication-api:8085 - registration status: 204
2022-10-14 18:52:31 [restartedMain] INFO  c.c.AuthenticationApiApplication - Started AuthenticationApiApplication in 5.187 seconds (JVM running for 6.055)
2022-10-14 18:53:13 [http-nio-8085-exec-1] INFO  o.a.c.c.C.[Tomcat].[localhost].[/] - Initializing Spring DispatcherServlet 'dispatcherServlet'
2022-10-14 18:53:13 [http-nio-8085-exec-1] INFO  o.s.web.servlet.DispatcherServlet - Initializing Servlet 'dispatcherServlet'
2022-10-14 18:53:13 [http-nio-8085-exec-1] INFO  o.s.web.servlet.DispatcherServlet - Completed initialization in 0 ms
2022-10-14 18:53:13 [http-nio-8085-exec-1] INFO  com.capstone.aspect.LoggerAspect - Method name: com.capstone.controller.AuthenticationController
2022-10-14 18:53:13 [http-nio-8085-exec-1] INFO  com.capstone.aspect.LoggerAspect - Method arguments:[Ljava.lang.Object;@2e6b0f2e
2022-10-14 18:53:13 [http-nio-8085-exec-1] INFO  com.capstone.aspect.LoggerAspect - *************************************
2022-10-14 18:53:13 [http-nio-8085-exec-1] INFO  com.capstone.aspect.LoggerAspect - Method name: com.capstone.service.userServiceImpl
2022-10-14 18:53:13 [http-nio-8085-exec-1] INFO  com.capstone.aspect.LoggerAspect - Method arguments:[Ljava.lang.Object;@307b177d
2022-10-14 18:53:13 [http-nio-8085-exec-1] INFO  com.capstone.aspect.LoggerAspect - *************************************
2022-10-14 18:53:13 [http-nio-8085-exec-1] INFO  com.capstone.aspect.LoggerAspect - During: class com.capstone.service.userServiceImpl.findByCustidAndPassword() with arguments=users [custid=202200005, password=Natwest@123, username=NATWEST5, email=natwest5@gmail.com]
2022-10-14 18:53:13 [http-nio-8085-exec-1] INFO  com.capstone.aspect.LoggerAspect - *************************************
2022-10-14 18:53:14 [http-nio-8085-exec-1] INFO  com.capstone.aspect.LoggerAspect - During: class com.capstone.controller.AuthenticationController.login() with arguments=<200 OK OK,{message=User successfully logged in, token=eyJhbGciOiJIUzI1NiJ9.eyJzdWIiOiIyMDIyMDAwMDUiLCJpYXQiOjE2NjU3NTM3OTMsImV4cCI6MTY2NTc1NzM5M30.UcYY67JrT9tw9rSAaotU51p0BN3pyBCj9jbkqvwn5so},[]>
2022-10-14 18:53:14 [http-nio-8085-exec-1] INFO  com.capstone.aspect.LoggerAspect - *************************************
2022-10-14 18:57:31 [AsyncResolver-bootstrap-executor-0] INFO  c.n.d.s.r.aws.ConfigClusterResolver - Resolving eureka endpoints via configuration
2022-10-14 19:02:31 [AsyncResolver-bootstrap-executor-0] INFO  c.n.d.s.r.aws.ConfigClusterResolver - Resolving eureka endpoints via configuration
2022-10-14 19:03:00 [http-nio-8085-exec-3] INFO  com.capstone.aspect.LoggerAspect - Method name: com.capstone.controller.AuthenticationController
2022-10-14 19:03:00 [http-nio-8085-exec-3] INFO  com.capstone.aspect.LoggerAspect - Method arguments:[Ljava.lang.Object;@61e70d36
2022-10-14 19:03:00 [http-nio-8085-exec-3] INFO  com.capstone.aspect.LoggerAspect - *************************************
2022-10-14 19:03:00 [http-nio-8085-exec-3] INFO  com.capstone.aspect.LoggerAspect - Method name: com.capstone.service.userServiceImpl
2022-10-14 19:03:00 [http-nio-8085-exec-3] INFO  com.capstone.aspect.LoggerAspect - Method arguments:[Ljava.lang.Object;@4434baa0
2022-10-14 19:03:00 [http-nio-8085-exec-3] INFO  com.capstone.aspect.LoggerAspect - *************************************
2022-10-14 19:03:00 [http-nio-8085-exec-3] INFO  com.capstone.aspect.LoggerAspect - During: class com.capstone.service.userServiceImpl.findByCustidAndPassword() with arguments=users [custid=202200005, password=Natwest@123, username=NATWEST5, email=natwest5@gmail.com]
2022-10-14 19:03:00 [http-nio-8085-exec-3] INFO  com.capstone.aspect.LoggerAspect - *************************************
2022-10-14 19:03:00 [http-nio-8085-exec-3] INFO  com.capstone.aspect.LoggerAspect - During: class com.capstone.controller.AuthenticationController.login() with arguments=<200 OK OK,{message=User successfully logged in, token=eyJhbGciOiJIUzI1NiJ9.eyJzdWIiOiIyMDIyMDAwMDUiLCJpYXQiOjE2NjU3NTQzODAsImV4cCI6MTY2NTc1Nzk4MH0.jw-L1dvzMmwYw1RBA1Aa4tYAsHb7UHt66mG8CgwG934},[]>
2022-10-14 19:03:00 [http-nio-8085-exec-3] INFO  com.capstone.aspect.LoggerAspect - *************************************
2022-10-14 19:07:31 [AsyncResolver-bootstrap-executor-0] INFO  c.n.d.s.r.aws.ConfigClusterResolver - Resolving eureka endpoints via configuration
2022-10-14 19:12:31 [AsyncResolver-bootstrap-executor-0] INFO  c.n.d.s.r.aws.ConfigClusterResolver - Resolving eureka endpoints via configuration
2022-10-14 19:17:31 [AsyncResolver-bootstrap-executor-0] INFO  c.n.d.s.r.aws.ConfigClusterResolver - Resolving eureka endpoints via configuration
2022-10-14 19:22:31 [AsyncResolver-bootstrap-executor-0] INFO  c.n.d.s.r.aws.ConfigClusterResolver - Resolving eureka endpoints via configuration
2022-10-14 19:23:29 [http-nio-8085-exec-5] INFO  com.capstone.aspect.LoggerAspect - Method name: com.capstone.controller.AuthenticationController
2022-10-14 19:23:29 [http-nio-8085-exec-5] INFO  com.capstone.aspect.LoggerAspect - Method arguments:[Ljava.lang.Object;@5e2d7184
2022-10-14 19:23:29 [http-nio-8085-exec-5] INFO  com.capstone.aspect.LoggerAspect - *************************************
2022-10-14 19:23:29 [http-nio-8085-exec-5] INFO  com.capstone.aspect.LoggerAspect - Method name: com.capstone.service.userServiceImpl
2022-10-14 19:23:29 [http-nio-8085-exec-5] INFO  com.capstone.aspect.LoggerAspect - Method arguments:[Ljava.lang.Object;@2e183117
2022-10-14 19:23:29 [http-nio-8085-exec-5] INFO  com.capstone.aspect.LoggerAspect - *************************************
2022-10-14 19:23:29 [http-nio-8085-exec-5] INFO  com.capstone.aspect.LoggerAspect - During: class com.capstone.service.userServiceImpl.findByCustidAndPassword() with arguments=users [custid=202200005, password=Natwest@123, username=NATWEST5, email=natwest5@gmail.com]
2022-10-14 19:23:29 [http-nio-8085-exec-5] INFO  com.capstone.aspect.LoggerAspect - *************************************
2022-10-14 19:23:29 [http-nio-8085-exec-5] INFO  com.capstone.aspect.LoggerAspect - During: class com.capstone.controller.AuthenticationController.login() with arguments=<200 OK OK,{message=User successfully logged in, token=eyJhbGciOiJIUzI1NiJ9.eyJzdWIiOiIyMDIyMDAwMDUiLCJpYXQiOjE2NjU3NTU2MDksImV4cCI6MTY2NTc1OTIwOX0.spRh1zZFF8XeKEmjpyYjwnNnnyonWzS1MC0BRXEdeP0},[]>
2022-10-14 19:23:29 [http-nio-8085-exec-5] INFO  com.capstone.aspect.LoggerAspect - *************************************
2022-10-14 19:27:31 [AsyncResolver-bootstrap-executor-0] INFO  c.n.d.s.r.aws.ConfigClusterResolver - Resolving eureka endpoints via configuration
2022-10-14 19:28:23 [http-nio-8085-exec-10] INFO  com.capstone.aspect.LoggerAspect - Method name: com.capstone.controller.AuthenticationController
2022-10-14 19:28:23 [http-nio-8085-exec-10] INFO  com.capstone.aspect.LoggerAspect - Method arguments:[Ljava.lang.Object;@4cd2b62b
2022-10-14 19:28:23 [http-nio-8085-exec-10] INFO  com.capstone.aspect.LoggerAspect - *************************************
2022-10-14 19:28:23 [http-nio-8085-exec-10] INFO  com.capstone.aspect.LoggerAspect - Method name: com.capstone.service.userServiceImpl
2022-10-14 19:28:23 [http-nio-8085-exec-10] INFO  com.capstone.aspect.LoggerAspect - Method arguments:[Ljava.lang.Object;@421541c1
2022-10-14 19:28:23 [http-nio-8085-exec-10] INFO  com.capstone.aspect.LoggerAspect - *************************************
2022-10-14 19:28:24 [http-nio-8085-exec-10] INFO  com.capstone.aspect.LoggerAspect - During: class com.capstone.service.userServiceImpl.findByCustidAndPassword() with arguments=users [custid=202200005, password=Natwest@123, username=NATWEST5, email=natwest5@gmail.com]
2022-10-14 19:28:24 [http-nio-8085-exec-10] INFO  com.capstone.aspect.LoggerAspect - *************************************
2022-10-14 19:28:24 [http-nio-8085-exec-10] INFO  com.capstone.aspect.LoggerAspect - During: class com.capstone.controller.AuthenticationController.login() with arguments=<200 OK OK,{message=User successfully logged in, token=eyJhbGciOiJIUzI1NiJ9.eyJzdWIiOiIyMDIyMDAwMDUiLCJpYXQiOjE2NjU3NTU5MDQsImV4cCI6MTY2NTc1OTUwNH0.bjUEeH0Oi9we8MCCYYBp4vVWZmcZLNV3qk81QTi_Qls},[]>
2022-10-14 19:28:24 [http-nio-8085-exec-10] INFO  com.capstone.aspect.LoggerAspect - *************************************
2022-10-14 19:32:10 [http-nio-8085-exec-2] INFO  com.capstone.aspect.LoggerAspect - Method name: com.capstone.controller.AuthenticationController
2022-10-14 19:32:10 [http-nio-8085-exec-2] INFO  com.capstone.aspect.LoggerAspect - Method arguments:[Ljava.lang.Object;@34e4edf8
2022-10-14 19:32:10 [http-nio-8085-exec-2] INFO  com.capstone.aspect.LoggerAspect - *************************************
2022-10-14 19:32:10 [http-nio-8085-exec-2] INFO  com.capstone.aspect.LoggerAspect - Method name: com.capstone.service.userServiceImpl
2022-10-14 19:32:10 [http-nio-8085-exec-2] INFO  com.capstone.aspect.LoggerAspect - Method arguments:[Ljava.lang.Object;@3a231514
2022-10-14 19:32:10 [http-nio-8085-exec-2] INFO  com.capstone.aspect.LoggerAspect - *************************************
2022-10-14 19:32:10 [http-nio-8085-exec-2] INFO  com.capstone.aspect.LoggerAspect - During: class com.capstone.service.userServiceImpl.findByCustidAndPassword() with arguments=users [custid=202200005, password=Natwest@123, username=NATWEST5, email=natwest5@gmail.com]
2022-10-14 19:32:10 [http-nio-8085-exec-2] INFO  com.capstone.aspect.LoggerAspect - *************************************
2022-10-14 19:32:10 [http-nio-8085-exec-2] INFO  com.capstone.aspect.LoggerAspect - During: class com.capstone.controller.AuthenticationController.login() with arguments=<200 OK OK,{message=User successfully logged in, token=eyJhbGciOiJIUzI1NiJ9.eyJzdWIiOiIyMDIyMDAwMDUiLCJpYXQiOjE2NjU3NTYxMzAsImV4cCI6MTY2NTc1OTczMH0.cwCgqSRFIh9KYFGwikcWTONR8NVtOGvqt4ckl3oBRsY},[]>
2022-10-14 19:32:10 [http-nio-8085-exec-2] INFO  com.capstone.aspect.LoggerAspect - *************************************
2022-10-14 19:32:31 [AsyncResolver-bootstrap-executor-0] INFO  c.n.d.s.r.aws.ConfigClusterResolver - Resolving eureka endpoints via configuration
2022-10-14 19:37:31 [AsyncResolver-bootstrap-executor-0] INFO  c.n.d.s.r.aws.ConfigClusterResolver - Resolving eureka endpoints via configuration
2022-10-14 19:43:03 [HikariPool-1 housekeeper] WARN  com.zaxxer.hikari.pool.HikariPool - HikariPool-1 - Thread starvation or clock leap detected (housekeeper delta=3m3s485ms813µs400ns).
2022-10-14 19:45:04 [AsyncResolver-bootstrap-executor-0] INFO  c.n.d.s.r.aws.ConfigClusterResolver - Resolving eureka endpoints via configuration
2022-10-14 19:45:43 [File Watcher] INFO  o.s.b.d.a.LocalDevToolsAutoConfiguration$RestartingClassPathChangeChangedEventListener - Restarting due to 3 class path changes (0 additions, 0 deletions, 3 modifications)
2022-10-14 19:45:43 [Thread-1] INFO  o.s.c.n.e.s.EurekaServiceRegistry - Unregistering application AUTHENTICATION-API with eureka with status DOWN
2022-10-14 19:45:43 [Thread-1] INFO  c.netflix.discovery.DiscoveryClient - Saw local status change event StatusChangeEvent [timestamp=1665756943363, current=DOWN, previous=UP]
2022-10-14 19:45:43 [DiscoveryClient-InstanceInfoReplicator-0] INFO  c.netflix.discovery.DiscoveryClient - DiscoveryClient_AUTHENTICATION-API/MOHAN:authentication-api:8085: registering service...
2022-10-14 19:45:43 [DiscoveryClient-InstanceInfoReplicator-0] INFO  c.netflix.discovery.DiscoveryClient - DiscoveryClient_AUTHENTICATION-API/MOHAN:authentication-api:8085 - registration status: 204
2022-10-14 19:45:43 [Thread-1] INFO  o.a.coyote.http11.Http11NioProtocol - Pausing ProtocolHandler ["http-nio-8085"]
2022-10-14 19:45:43 [Thread-1] INFO  o.a.catalina.core.StandardService - Stopping service [Tomcat]
2022-10-14 19:45:43 [Thread-1] INFO  o.a.c.c.C.[Tomcat].[localhost].[/] - Destroying Spring FrameworkServlet 'dispatcherServlet'
2022-10-14 19:45:44 [Thread-1] INFO  o.a.coyote.http11.Http11NioProtocol - Stopping ProtocolHandler ["http-nio-8085"]
2022-10-14 19:45:44 [Thread-1] INFO  o.a.coyote.http11.Http11NioProtocol - Destroying ProtocolHandler ["http-nio-8085"]
2022-10-14 19:45:44 [Thread-1] INFO  o.s.o.j.LocalContainerEntityManagerFactoryBean - Closing JPA EntityManagerFactory for persistence unit 'default'
2022-10-14 19:45:45 [Thread-1] INFO  com.zaxxer.hikari.HikariDataSource - HikariPool-1 - Shutdown initiated...
2022-10-14 19:45:45 [Thread-1] INFO  com.zaxxer.hikari.HikariDataSource - HikariPool-1 - Shutdown completed.
2022-10-14 19:45:45 [Thread-1] INFO  c.netflix.discovery.DiscoveryClient - Shutting down DiscoveryClient ...
2022-10-14 19:45:48 [Thread-1] INFO  c.netflix.discovery.DiscoveryClient - Unregistering ...
2022-10-14 19:45:48 [Thread-1] INFO  c.netflix.discovery.DiscoveryClient - DiscoveryClient_AUTHENTICATION-API/MOHAN:authentication-api:8085 - deregister  status: 200
2022-10-14 19:45:48 [Thread-1] INFO  c.netflix.discovery.DiscoveryClient - Completed shut down of DiscoveryClient
2022-10-14 19:45:49 [restartedMain] INFO  c.c.AuthenticationApiApplication - Starting AuthenticationApiApplication using Java 17.0.2 on MOHAN with PID 21988 (C:\Users\mohan\Downloads\Natwest Capstone\frontend\spring-master\authentication-api\target\classes started by mohan in C:\Users\mohan\Downloads\Natwest Capstone\frontend\spring-master\authentication-api)
2022-10-14 19:45:49 [restartedMain] INFO  c.c.AuthenticationApiApplication - No active profile set, falling back to 1 default profile: "default"
2022-10-14 19:45:50 [restartedMain] INFO  o.s.d.r.c.RepositoryConfigurationDelegate - Bootstrapping Spring Data JPA repositories in DEFAULT mode.
2022-10-14 19:45:50 [restartedMain] INFO  o.s.d.r.c.RepositoryConfigurationDelegate - Finished Spring Data repository scanning in 28 ms. Found 1 JPA repository interfaces.
2022-10-14 19:45:50 [restartedMain] INFO  o.s.cloud.context.scope.GenericScope - BeanFactory id=20fbd41e-9591-323c-a48b-adc1d5296ce3
2022-10-14 19:45:50 [restartedMain] INFO  o.s.b.w.e.tomcat.TomcatWebServer - Tomcat initialized with port(s): 8085 (http)
2022-10-14 19:45:50 [restartedMain] INFO  o.a.coyote.http11.Http11NioProtocol - Initializing ProtocolHandler ["http-nio-8085"]
2022-10-14 19:45:50 [restartedMain] INFO  o.a.catalina.core.StandardService - Starting service [Tomcat]
2022-10-14 19:45:50 [restartedMain] INFO  o.a.catalina.core.StandardEngine - Starting Servlet engine: [Apache Tomcat/9.0.65]
2022-10-14 19:45:50 [restartedMain] INFO  o.a.c.c.C.[Tomcat].[localhost].[/] - Initializing Spring embedded WebApplicationContext
2022-10-14 19:45:50 [restartedMain] INFO  o.s.b.w.s.c.ServletWebServerApplicationContext - Root WebApplicationContext: initialization completed in 1565 ms
2022-10-14 19:45:50 [restartedMain] INFO  o.h.jpa.internal.util.LogHelper - HHH000204: Processing PersistenceUnitInfo [name: default]
2022-10-14 19:45:50 [restartedMain] INFO  com.zaxxer.hikari.HikariDataSource - HikariPool-2 - Starting...
2022-10-14 19:45:51 [restartedMain] INFO  com.zaxxer.hikari.HikariDataSource - HikariPool-2 - Start completed.
2022-10-14 19:45:51 [restartedMain] INFO  org.hibernate.dialect.Dialect - HHH000400: Using dialect: org.hibernate.dialect.MySQL8Dialect
2022-10-14 19:45:51 [restartedMain] INFO  o.h.e.t.j.p.i.JtaPlatformInitiator - HHH000490: Using JtaPlatform implementation: [org.hibernate.engine.transaction.jta.platform.internal.NoJtaPlatform]
2022-10-14 19:45:51 [restartedMain] INFO  o.s.o.j.LocalContainerEntityManagerFactoryBean - Initialized JPA EntityManagerFactory for persistence unit 'default'
2022-10-14 19:45:51 [restartedMain] WARN  o.s.b.a.o.j.JpaBaseConfiguration$JpaWebConfiguration - spring.jpa.open-in-view is enabled by default. Therefore, database queries may be performed during view rendering. Explicitly configure spring.jpa.open-in-view to disable this warning
2022-10-14 19:45:51 [restartedMain] WARN  o.s.b.d.a.OptionalLiveReloadServer - Unable to start LiveReload server
2022-10-14 19:45:51 [restartedMain] INFO  o.s.c.n.e.c.DiscoveryClientOptionalArgsConfiguration - Eureka HTTP Client uses RestTemplate.
2022-10-14 19:45:51 [restartedMain] WARN  o.s.c.l.c.LoadBalancerCacheAutoConfiguration$LoadBalancerCaffeineWarnLogger - Spring Cloud LoadBalancer is currently working with the default cache. While this cache implementation is useful for development and tests, it's recommended to use Caffeine cache in production.You can switch to using Caffeine cache, by adding it and org.springframework.cache.caffeine.CaffeineCacheManager to the classpath.
2022-10-14 19:45:51 [restartedMain] INFO  o.s.c.n.eureka.InstanceInfoFactory - Setting initial instance status as: STARTING
2022-10-14 19:45:51 [restartedMain] INFO  c.netflix.discovery.DiscoveryClient - Initializing Eureka in region us-east-1
2022-10-14 19:45:51 [restartedMain] INFO  c.n.d.s.r.aws.ConfigClusterResolver - Resolving eureka endpoints via configuration
2022-10-14 19:45:51 [restartedMain] INFO  c.netflix.discovery.DiscoveryClient - Disable delta property : false
2022-10-14 19:45:51 [restartedMain] INFO  c.netflix.discovery.DiscoveryClient - Single vip registry refresh property : null
2022-10-14 19:45:51 [restartedMain] INFO  c.netflix.discovery.DiscoveryClient - Force full registry fetch : false
2022-10-14 19:45:51 [restartedMain] INFO  c.netflix.discovery.DiscoveryClient - Application is null : false
2022-10-14 19:45:51 [restartedMain] INFO  c.netflix.discovery.DiscoveryClient - Registered Applications size is zero : true
2022-10-14 19:45:51 [restartedMain] INFO  c.netflix.discovery.DiscoveryClient - Application version is -1: true
2022-10-14 19:45:51 [restartedMain] INFO  c.netflix.discovery.DiscoveryClient - Getting all instance registry info from the eureka server
2022-10-14 19:45:51 [restartedMain] INFO  c.netflix.discovery.DiscoveryClient - The response status is 200
2022-10-14 19:45:51 [restartedMain] INFO  c.netflix.discovery.DiscoveryClient - Starting heartbeat executor: renew interval is: 30
2022-10-14 19:45:52 [restartedMain] INFO  c.n.discovery.InstanceInfoReplicator - InstanceInfoReplicator onDemand update allowed rate per min is 4
2022-10-14 19:45:52 [restartedMain] INFO  c.netflix.discovery.DiscoveryClient - Discovery Client initialized at timestamp 1665756952015 with initial instances count: 8
2022-10-14 19:45:52 [restartedMain] INFO  o.s.c.n.e.s.EurekaServiceRegistry - Registering application AUTHENTICATION-API with eureka with status UP
2022-10-14 19:45:52 [restartedMain] INFO  c.netflix.discovery.DiscoveryClient - Saw local status change event StatusChangeEvent [timestamp=1665756952017, current=UP, previous=STARTING]
2022-10-14 19:45:52 [DiscoveryClient-InstanceInfoReplicator-0] INFO  c.netflix.discovery.DiscoveryClient - DiscoveryClient_AUTHENTICATION-API/MOHAN:authentication-api:8085: registering service...
2022-10-14 19:45:52 [restartedMain] INFO  o.a.coyote.http11.Http11NioProtocol - Starting ProtocolHandler ["http-nio-8085"]
2022-10-14 19:45:52 [restartedMain] INFO  o.s.b.w.e.tomcat.TomcatWebServer - Tomcat started on port(s): 8085 (http) with context path ''
2022-10-14 19:45:52 [restartedMain] INFO  o.s.c.n.e.s.EurekaAutoServiceRegistration - Updating port to 8085
2022-10-14 19:45:52 [DiscoveryClient-InstanceInfoReplicator-0] INFO  c.netflix.discovery.DiscoveryClient - DiscoveryClient_AUTHENTICATION-API/MOHAN:authentication-api:8085 - registration status: 204
2022-10-14 19:45:52 [restartedMain] INFO  c.c.AuthenticationApiApplication - Started AuthenticationApiApplication in 3.107 seconds (JVM running for 3206.426)
2022-10-14 19:45:52 [restartedMain] INFO  o.s.b.d.a.ConditionEvaluationDeltaLoggingListener - Condition evaluation unchanged
2022-10-14 19:50:51 [AsyncResolver-bootstrap-executor-0] INFO  c.n.d.s.r.aws.ConfigClusterResolver - Resolving eureka endpoints via configuration
2022-10-14 19:55:51 [AsyncResolver-bootstrap-executor-0] INFO  c.n.d.s.r.aws.ConfigClusterResolver - Resolving eureka endpoints via configuration
2022-10-14 20:00:52 [AsyncResolver-bootstrap-executor-0] INFO  c.n.d.s.r.aws.ConfigClusterResolver - Resolving eureka endpoints via configuration
2022-10-14 20:09:00 [HikariPool-2 housekeeper] WARN  com.zaxxer.hikari.pool.HikariPool - HikariPool-2 - Thread starvation or clock leap detected (housekeeper delta=7m8s912ms253µs100ns).
