2022-10-12 20:05:33 [restartedMain] INFO  com.capstone.EmiApiApplication - Starting EmiApiApplication using Java 17.0.2 on MOHAN with PID 29504 (C:\Users\mohan\Downloads\Natwest Capstone\frontend\spring-master\emi-api\target\classes started by mohan in C:\Users\mohan\Downloads\Natwest Capstone\frontend\spring-master\emi-api)
2022-10-12 20:05:33 [restartedMain] INFO  com.capstone.EmiApiApplication - No active profile set, falling back to 1 default profile: "default"
2022-10-12 20:05:33 [restartedMain] INFO  o.s.b.d.e.DevToolsPropertyDefaultsPostProcessor - Devtools property defaults active! Set 'spring.devtools.add-properties' to 'false' to disable
2022-10-12 20:05:33 [restartedMain] INFO  o.s.b.d.e.DevToolsPropertyDefaultsPostProcessor - For additional web related logging consider setting the 'logging.level.web' property to 'DEBUG'
2022-10-12 20:05:34 [restartedMain] INFO  o.s.d.r.c.RepositoryConfigurationDelegate - Bootstrapping Spring Data JPA repositories in DEFAULT mode.
2022-10-12 20:05:34 [restartedMain] INFO  o.s.d.r.c.RepositoryConfigurationDelegate - Finished Spring Data repository scanning in 159 ms. Found 1 JPA repository interfaces.
2022-10-12 20:05:35 [restartedMain] INFO  o.s.cloud.context.scope.GenericScope - BeanFactory id=5babc4e2-f0b0-3323-8f75-7d5bd9cf4d2d
2022-10-12 20:05:36 [restartedMain] INFO  o.s.b.w.e.tomcat.TomcatWebServer - Tomcat initialized with port(s): 8081 (http)
2022-10-12 20:05:36 [restartedMain] INFO  o.a.coyote.http11.Http11NioProtocol - Initializing ProtocolHandler ["http-nio-8081"]
2022-10-12 20:05:36 [restartedMain] INFO  o.a.catalina.core.StandardService - Starting service [Tomcat]
2022-10-12 20:05:36 [restartedMain] INFO  o.a.catalina.core.StandardEngine - Starting Servlet engine: [Apache Tomcat/9.0.65]
2022-10-12 20:05:36 [restartedMain] INFO  o.a.c.c.C.[Tomcat].[localhost].[/] - Initializing Spring embedded WebApplicationContext
2022-10-12 20:05:36 [restartedMain] INFO  o.s.b.w.s.c.ServletWebServerApplicationContext - Root WebApplicationContext: initialization completed in 2799 ms
2022-10-12 20:05:36 [restartedMain] INFO  o.a.catalina.core.StandardContext - Suspicious URL pattern: [/api/**] in context [], see sections 12.1 and 12.2 of the Servlet specification
2022-10-12 20:05:36 [restartedMain] INFO  o.h.jpa.internal.util.LogHelper - HHH000204: Processing PersistenceUnitInfo [name: default]
2022-10-12 20:05:36 [restartedMain] INFO  org.hibernate.Version - HHH000412: Hibernate ORM core version 5.6.11.Final
2022-10-12 20:05:37 [restartedMain] INFO  o.h.annotations.common.Version - HCANN000001: Hibernate Commons Annotations {5.1.2.Final}
2022-10-12 20:05:37 [restartedMain] INFO  com.zaxxer.hikari.HikariDataSource - HikariPool-1 - Starting...
2022-10-12 20:05:37 [restartedMain] INFO  com.zaxxer.hikari.HikariDataSource - HikariPool-1 - Start completed.
2022-10-12 20:05:38 [restartedMain] INFO  org.hibernate.dialect.Dialect - HHH000400: Using dialect: org.hibernate.dialect.MySQL8Dialect
2022-10-12 20:05:38 [restartedMain] INFO  o.h.e.t.j.p.i.JtaPlatformInitiator - HHH000490: Using JtaPlatform implementation: [org.hibernate.engine.transaction.jta.platform.internal.NoJtaPlatform]
2022-10-12 20:05:38 [restartedMain] INFO  o.s.o.j.LocalContainerEntityManagerFactoryBean - Initialized JPA EntityManagerFactory for persistence unit 'default'
2022-10-12 20:05:39 [restartedMain] WARN  o.s.b.a.o.j.JpaBaseConfiguration$JpaWebConfiguration - spring.jpa.open-in-view is enabled by default. Therefore, database queries may be performed during view rendering. Explicitly configure spring.jpa.open-in-view to disable this warning
2022-10-12 20:05:40 [restartedMain] WARN  o.s.b.d.a.OptionalLiveReloadServer - Unable to start LiveReload server
2022-10-12 20:05:40 [restartedMain] INFO  o.s.c.n.e.c.DiscoveryClientOptionalArgsConfiguration - Eureka HTTP Client uses RestTemplate.
2022-10-12 20:05:40 [restartedMain] WARN  o.s.c.l.c.LoadBalancerCacheAutoConfiguration$LoadBalancerCaffeineWarnLogger - Spring Cloud LoadBalancer is currently working with the default cache. While this cache implementation is useful for development and tests, it's recommended to use Caffeine cache in production.You can switch to using Caffeine cache, by adding it and org.springframework.cache.caffeine.CaffeineCacheManager to the classpath.
2022-10-12 20:05:40 [restartedMain] INFO  o.s.c.n.eureka.InstanceInfoFactory - Setting initial instance status as: STARTING
2022-10-12 20:05:40 [restartedMain] INFO  c.netflix.discovery.DiscoveryClient - Initializing Eureka in region us-east-1
2022-10-12 20:05:40 [restartedMain] INFO  c.n.d.s.r.aws.ConfigClusterResolver - Resolving eureka endpoints via configuration
2022-10-12 20:05:40 [restartedMain] INFO  c.netflix.discovery.DiscoveryClient - Disable delta property : false
2022-10-12 20:05:40 [restartedMain] INFO  c.netflix.discovery.DiscoveryClient - Single vip registry refresh property : null
2022-10-12 20:05:40 [restartedMain] INFO  c.netflix.discovery.DiscoveryClient - Force full registry fetch : false
2022-10-12 20:05:40 [restartedMain] INFO  c.netflix.discovery.DiscoveryClient - Application is null : false
2022-10-12 20:05:40 [restartedMain] INFO  c.netflix.discovery.DiscoveryClient - Registered Applications size is zero : true
2022-10-12 20:05:40 [restartedMain] INFO  c.netflix.discovery.DiscoveryClient - Application version is -1: true
2022-10-12 20:05:40 [restartedMain] INFO  c.netflix.discovery.DiscoveryClient - Getting all instance registry info from the eureka server
2022-10-12 20:05:41 [restartedMain] INFO  c.netflix.discovery.DiscoveryClient - The response status is 200
2022-10-12 20:05:41 [restartedMain] INFO  c.netflix.discovery.DiscoveryClient - Starting heartbeat executor: renew interval is: 30
2022-10-12 20:05:41 [restartedMain] INFO  c.n.discovery.InstanceInfoReplicator - InstanceInfoReplicator onDemand update allowed rate per min is 4
2022-10-12 20:05:41 [restartedMain] INFO  c.netflix.discovery.DiscoveryClient - Discovery Client initialized at timestamp 1665585341059 with initial instances count: 2
2022-10-12 20:05:41 [restartedMain] INFO  o.s.c.n.e.s.EurekaServiceRegistry - Registering application EMI-API with eureka with status UP
2022-10-12 20:05:41 [restartedMain] INFO  c.netflix.discovery.DiscoveryClient - Saw local status change event StatusChangeEvent [timestamp=1665585341065, current=UP, previous=STARTING]
2022-10-12 20:05:41 [DiscoveryClient-InstanceInfoReplicator-0] INFO  c.netflix.discovery.DiscoveryClient - DiscoveryClient_EMI-API/192.168.0.7:emi-api:8081: registering service...
2022-10-12 20:05:41 [restartedMain] INFO  o.a.coyote.http11.Http11NioProtocol - Starting ProtocolHandler ["http-nio-8081"]
2022-10-12 20:05:41 [restartedMain] INFO  o.s.b.w.e.tomcat.TomcatWebServer - Tomcat started on port(s): 8081 (http) with context path ''
2022-10-12 20:05:41 [restartedMain] INFO  o.s.c.n.e.s.EurekaAutoServiceRegistration - Updating port to 8081
2022-10-12 20:05:41 [DiscoveryClient-InstanceInfoReplicator-0] INFO  c.netflix.discovery.DiscoveryClient - DiscoveryClient_EMI-API/192.168.0.7:emi-api:8081 - registration status: 204
2022-10-12 20:05:41 [restartedMain] INFO  com.capstone.EmiApiApplication - Started EmiApiApplication in 8.341 seconds (JVM running for 9.15)
2022-10-12 20:07:13 [http-nio-8081-exec-1] INFO  o.a.c.c.C.[Tomcat].[localhost].[/] - Initializing Spring DispatcherServlet 'dispatcherServlet'
2022-10-12 20:07:13 [http-nio-8081-exec-1] INFO  o.s.web.servlet.DispatcherServlet - Initializing Servlet 'dispatcherServlet'
2022-10-12 20:07:13 [http-nio-8081-exec-1] INFO  o.s.web.servlet.DispatcherServlet - Completed initialization in 4 ms
2022-10-12 20:07:13 [http-nio-8081-exec-1] INFO  com.capstone.aspect.LoggerAspect - Method name: com.capstone.controller.emiController
2022-10-12 20:07:13 [http-nio-8081-exec-1] INFO  com.capstone.aspect.LoggerAspect - Method arguments:[Ljava.lang.Object;@13cb749a
2022-10-12 20:07:13 [http-nio-8081-exec-1] INFO  com.capstone.aspect.LoggerAspect - *************************************
2022-10-12 20:07:13 [http-nio-8081-exec-1] INFO  com.capstone.aspect.LoggerAspect - Method name: com.capstone.service.emiServiceImp
2022-10-12 20:07:13 [http-nio-8081-exec-1] INFO  com.capstone.aspect.LoggerAspect - Method arguments:[Ljava.lang.Object;@384622ed
2022-10-12 20:07:13 [http-nio-8081-exec-1] INFO  com.capstone.aspect.LoggerAspect - *************************************
2022-10-12 20:07:13 [http-nio-8081-exec-1] INFO  com.capstone.aspect.LoggerAspect - During: class com.capstone.service.emiServiceImp.getEmiData() with arguments=emi [s_no=1, loanaccno=202211011, loan_status=active, emi_amount=15910.0, upcomming_payment_date=2022-11-07, remaining_amount=1500000.0]
2022-10-12 20:07:13 [http-nio-8081-exec-1] INFO  com.capstone.aspect.LoggerAspect - *************************************
2022-10-12 20:07:13 [http-nio-8081-exec-1] INFO  com.capstone.aspect.LoggerAspect - Method name: com.capstone.service.emiServiceImp
2022-10-12 20:07:13 [http-nio-8081-exec-1] INFO  com.capstone.aspect.LoggerAspect - Method arguments:[Ljava.lang.Object;@2b004fe5
2022-10-12 20:07:13 [http-nio-8081-exec-1] INFO  com.capstone.aspect.LoggerAspect - *************************************
2022-10-12 20:07:13 [http-nio-8081-exec-1] INFO  com.capstone.aspect.LoggerAspect - During: class com.capstone.service.emiServiceImp.getEmiData() with arguments=emi [s_no=1, loanaccno=202211011, loan_status=active, emi_amount=15910.0, upcomming_payment_date=2022-11-07, remaining_amount=1500000.0]
2022-10-12 20:07:13 [http-nio-8081-exec-1] INFO  com.capstone.aspect.LoggerAspect - *************************************
2022-10-12 20:07:13 [http-nio-8081-exec-1] INFO  com.capstone.aspect.LoggerAspect - During: class com.capstone.controller.emiController.getemiofAccount() with arguments=<200 OK OK,emi [s_no=1, loanaccno=202211011, loan_status=active, emi_amount=15910.0, upcomming_payment_date=2022-11-07, remaining_amount=1500000.0],[]>
2022-10-12 20:07:13 [http-nio-8081-exec-1] INFO  com.capstone.aspect.LoggerAspect - *************************************
2022-10-12 20:10:40 [AsyncResolver-bootstrap-executor-0] INFO  c.n.d.s.r.aws.ConfigClusterResolver - Resolving eureka endpoints via configuration
2022-10-12 20:11:54 [http-nio-8081-exec-3] INFO  com.capstone.aspect.LoggerAspect - Method name: com.capstone.controller.emiController
2022-10-12 20:11:54 [http-nio-8081-exec-3] INFO  com.capstone.aspect.LoggerAspect - Method arguments:[Ljava.lang.Object;@71beea9c
2022-10-12 20:11:54 [http-nio-8081-exec-3] INFO  com.capstone.aspect.LoggerAspect - *************************************
2022-10-12 20:11:54 [http-nio-8081-exec-3] INFO  com.capstone.aspect.LoggerAspect - Method name: com.capstone.service.emiServiceImp
2022-10-12 20:11:54 [http-nio-8081-exec-3] INFO  com.capstone.aspect.LoggerAspect - Method arguments:[Ljava.lang.Object;@7f790adb
2022-10-12 20:11:54 [http-nio-8081-exec-3] INFO  com.capstone.aspect.LoggerAspect - *************************************
2022-10-12 20:11:54 [http-nio-8081-exec-3] INFO  com.capstone.aspect.LoggerAspect - During: class com.capstone.service.emiServiceImp.getEmiData() with arguments=emi [s_no=1, loanaccno=202211011, loan_status=active, emi_amount=15910.0, upcomming_payment_date=2022-11-07, remaining_amount=1500000.0]
2022-10-12 20:11:54 [http-nio-8081-exec-3] INFO  com.capstone.aspect.LoggerAspect - *************************************
2022-10-12 20:11:54 [http-nio-8081-exec-3] INFO  com.capstone.aspect.LoggerAspect - Method name: com.capstone.service.emiServiceImp
2022-10-12 20:11:54 [http-nio-8081-exec-3] INFO  com.capstone.aspect.LoggerAspect - Method arguments:[Ljava.lang.Object;@2e53a254
2022-10-12 20:11:54 [http-nio-8081-exec-3] INFO  com.capstone.aspect.LoggerAspect - *************************************
2022-10-12 20:11:54 [http-nio-8081-exec-3] INFO  com.capstone.aspect.LoggerAspect - During: class com.capstone.service.emiServiceImp.getEmiData() with arguments=emi [s_no=1, loanaccno=202211011, loan_status=active, emi_amount=15910.0, upcomming_payment_date=2022-11-07, remaining_amount=1500000.0]
2022-10-12 20:11:54 [http-nio-8081-exec-3] INFO  com.capstone.aspect.LoggerAspect - *************************************
2022-10-12 20:11:54 [http-nio-8081-exec-3] INFO  com.capstone.aspect.LoggerAspect - During: class com.capstone.controller.emiController.getemiofAccount() with arguments=<200 OK OK,emi [s_no=1, loanaccno=202211011, loan_status=active, emi_amount=15910.0, upcomming_payment_date=2022-11-07, remaining_amount=1500000.0],[]>
2022-10-12 20:11:54 [http-nio-8081-exec-3] INFO  com.capstone.aspect.LoggerAspect - *************************************
2022-10-12 20:14:12 [http-nio-8081-exec-5] INFO  com.capstone.aspect.LoggerAspect - Method name: com.capstone.controller.emiController
2022-10-12 20:14:12 [http-nio-8081-exec-5] INFO  com.capstone.aspect.LoggerAspect - Method arguments:[Ljava.lang.Object;@4124ff9f
2022-10-12 20:14:12 [http-nio-8081-exec-5] INFO  com.capstone.aspect.LoggerAspect - *************************************
2022-10-12 20:14:12 [http-nio-8081-exec-5] INFO  com.capstone.aspect.LoggerAspect - Method name: com.capstone.service.emiServiceImp
2022-10-12 20:14:12 [http-nio-8081-exec-5] INFO  com.capstone.aspect.LoggerAspect - Method arguments:[Ljava.lang.Object;@4fe309cb
2022-10-12 20:14:12 [http-nio-8081-exec-5] INFO  com.capstone.aspect.LoggerAspect - *************************************
2022-10-12 20:14:12 [http-nio-8081-exec-5] INFO  com.capstone.aspect.LoggerAspect - During: class com.capstone.service.emiServiceImp.getEmiData() with arguments=emi [s_no=1, loanaccno=202211011, loan_status=active, emi_amount=15910.0, upcomming_payment_date=2022-11-07, remaining_amount=1500000.0]
2022-10-12 20:14:12 [http-nio-8081-exec-5] INFO  com.capstone.aspect.LoggerAspect - *************************************
2022-10-12 20:14:12 [http-nio-8081-exec-5] INFO  com.capstone.aspect.LoggerAspect - Method name: com.capstone.service.emiServiceImp
2022-10-12 20:14:12 [http-nio-8081-exec-5] INFO  com.capstone.aspect.LoggerAspect - Method arguments:[Ljava.lang.Object;@6e87c6a4
2022-10-12 20:14:12 [http-nio-8081-exec-5] INFO  com.capstone.aspect.LoggerAspect - *************************************
2022-10-12 20:14:12 [http-nio-8081-exec-5] INFO  com.capstone.aspect.LoggerAspect - During: class com.capstone.service.emiServiceImp.getEmiData() with arguments=emi [s_no=1, loanaccno=202211011, loan_status=active, emi_amount=15910.0, upcomming_payment_date=2022-11-07, remaining_amount=1500000.0]
2022-10-12 20:14:12 [http-nio-8081-exec-5] INFO  com.capstone.aspect.LoggerAspect - *************************************
2022-10-12 20:14:12 [http-nio-8081-exec-5] INFO  com.capstone.aspect.LoggerAspect - During: class com.capstone.controller.emiController.getemiofAccount() with arguments=<200 OK OK,emi [s_no=1, loanaccno=202211011, loan_status=active, emi_amount=15910.0, upcomming_payment_date=2022-11-07, remaining_amount=1500000.0],[]>
2022-10-12 20:14:12 [http-nio-8081-exec-5] INFO  com.capstone.aspect.LoggerAspect - *************************************
2022-10-12 20:14:29 [http-nio-8081-exec-7] INFO  com.capstone.aspect.LoggerAspect - Method name: com.capstone.controller.emiController
2022-10-12 20:14:29 [http-nio-8081-exec-7] INFO  com.capstone.aspect.LoggerAspect - Method arguments:[Ljava.lang.Object;@3b268e15
2022-10-12 20:14:29 [http-nio-8081-exec-7] INFO  com.capstone.aspect.LoggerAspect - *************************************
2022-10-12 20:14:29 [http-nio-8081-exec-7] INFO  com.capstone.aspect.LoggerAspect - Method name: com.capstone.service.emiServiceImp
2022-10-12 20:14:29 [http-nio-8081-exec-7] INFO  com.capstone.aspect.LoggerAspect - Method arguments:[Ljava.lang.Object;@35e16701
2022-10-12 20:14:29 [http-nio-8081-exec-7] INFO  com.capstone.aspect.LoggerAspect - *************************************
2022-10-12 20:14:29 [http-nio-8081-exec-7] INFO  com.capstone.aspect.LoggerAspect - During: class com.capstone.service.emiServiceImp.getEmiData() with arguments=emi [s_no=1, loanaccno=202211011, loan_status=active, emi_amount=15910.0, upcomming_payment_date=2022-11-07, remaining_amount=1500000.0]
2022-10-12 20:14:29 [http-nio-8081-exec-7] INFO  com.capstone.aspect.LoggerAspect - *************************************
2022-10-12 20:14:29 [http-nio-8081-exec-7] INFO  com.capstone.aspect.LoggerAspect - Method name: com.capstone.service.emiServiceImp
2022-10-12 20:14:29 [http-nio-8081-exec-7] INFO  com.capstone.aspect.LoggerAspect - Method arguments:[Ljava.lang.Object;@175ffecb
2022-10-12 20:14:29 [http-nio-8081-exec-7] INFO  com.capstone.aspect.LoggerAspect - *************************************
2022-10-12 20:14:29 [http-nio-8081-exec-7] INFO  com.capstone.aspect.LoggerAspect - During: class com.capstone.service.emiServiceImp.getEmiData() with arguments=emi [s_no=1, loanaccno=202211011, loan_status=active, emi_amount=15910.0, upcomming_payment_date=2022-11-07, remaining_amount=1500000.0]
2022-10-12 20:14:29 [http-nio-8081-exec-7] INFO  com.capstone.aspect.LoggerAspect - *************************************
2022-10-12 20:14:29 [http-nio-8081-exec-7] INFO  com.capstone.aspect.LoggerAspect - During: class com.capstone.controller.emiController.getemiofAccount() with arguments=<200 OK OK,emi [s_no=1, loanaccno=202211011, loan_status=active, emi_amount=15910.0, upcomming_payment_date=2022-11-07, remaining_amount=1500000.0],[]>
2022-10-12 20:14:29 [http-nio-8081-exec-7] INFO  com.capstone.aspect.LoggerAspect - *************************************
2022-10-12 20:14:36 [http-nio-8081-exec-9] INFO  com.capstone.aspect.LoggerAspect - Method name: com.capstone.controller.emiController
2022-10-12 20:14:36 [http-nio-8081-exec-9] INFO  com.capstone.aspect.LoggerAspect - Method arguments:[Ljava.lang.Object;@3b879e86
2022-10-12 20:14:36 [http-nio-8081-exec-9] INFO  com.capstone.aspect.LoggerAspect - *************************************
2022-10-12 20:14:36 [http-nio-8081-exec-9] INFO  com.capstone.aspect.LoggerAspect - Method name: com.capstone.service.emiServiceImp
2022-10-12 20:14:36 [http-nio-8081-exec-9] INFO  com.capstone.aspect.LoggerAspect - Method arguments:[Ljava.lang.Object;@35407786
2022-10-12 20:14:36 [http-nio-8081-exec-9] INFO  com.capstone.aspect.LoggerAspect - *************************************
2022-10-12 20:14:36 [http-nio-8081-exec-9] INFO  com.capstone.aspect.LoggerAspect - During: class com.capstone.service.emiServiceImp.getEmiData() with arguments=emi [s_no=1, loanaccno=202211011, loan_status=active, emi_amount=15910.0, upcomming_payment_date=2022-11-07, remaining_amount=1500000.0]
2022-10-12 20:14:36 [http-nio-8081-exec-9] INFO  com.capstone.aspect.LoggerAspect - *************************************
2022-10-12 20:14:36 [http-nio-8081-exec-9] INFO  com.capstone.aspect.LoggerAspect - Method name: com.capstone.service.emiServiceImp
2022-10-12 20:14:36 [http-nio-8081-exec-9] INFO  com.capstone.aspect.LoggerAspect - Method arguments:[Ljava.lang.Object;@77d657af
2022-10-12 20:14:36 [http-nio-8081-exec-9] INFO  com.capstone.aspect.LoggerAspect - *************************************
2022-10-12 20:14:36 [http-nio-8081-exec-9] INFO  com.capstone.aspect.LoggerAspect - During: class com.capstone.service.emiServiceImp.getEmiData() with arguments=emi [s_no=1, loanaccno=202211011, loan_status=active, emi_amount=15910.0, upcomming_payment_date=2022-11-07, remaining_amount=1500000.0]
2022-10-12 20:14:36 [http-nio-8081-exec-9] INFO  com.capstone.aspect.LoggerAspect - *************************************
2022-10-12 20:14:36 [http-nio-8081-exec-9] INFO  com.capstone.aspect.LoggerAspect - During: class com.capstone.controller.emiController.getemiofAccount() with arguments=<200 OK OK,emi [s_no=1, loanaccno=202211011, loan_status=active, emi_amount=15910.0, upcomming_payment_date=2022-11-07, remaining_amount=1500000.0],[]>
2022-10-12 20:14:36 [http-nio-8081-exec-9] INFO  com.capstone.aspect.LoggerAspect - *************************************
2022-10-12 20:15:40 [AsyncResolver-bootstrap-executor-0] INFO  c.n.d.s.r.aws.ConfigClusterResolver - Resolving eureka endpoints via configuration
2022-10-12 20:20:40 [AsyncResolver-bootstrap-executor-0] INFO  c.n.d.s.r.aws.ConfigClusterResolver - Resolving eureka endpoints via configuration
2022-10-12 20:24:05 [http-nio-8081-exec-1] INFO  com.capstone.aspect.LoggerAspect - Method name: com.capstone.controller.emiController
2022-10-12 20:24:05 [http-nio-8081-exec-1] INFO  com.capstone.aspect.LoggerAspect - Method arguments:[Ljava.lang.Object;@4e53f5ce
2022-10-12 20:24:05 [http-nio-8081-exec-1] INFO  com.capstone.aspect.LoggerAspect - *************************************
2022-10-12 20:24:05 [http-nio-8081-exec-1] INFO  com.capstone.aspect.LoggerAspect - Method name: com.capstone.service.emiServiceImp
2022-10-12 20:24:05 [http-nio-8081-exec-1] INFO  com.capstone.aspect.LoggerAspect - Method arguments:[Ljava.lang.Object;@4591fccc
2022-10-12 20:24:05 [http-nio-8081-exec-1] INFO  com.capstone.aspect.LoggerAspect - *************************************
2022-10-12 20:24:05 [http-nio-8081-exec-1] INFO  com.capstone.aspect.LoggerAspect - During: class com.capstone.service.emiServiceImp.getEmiData() with arguments=emi [s_no=1, loanaccno=202211011, loan_status=active, emi_amount=15910.0, upcomming_payment_date=2022-11-07, remaining_amount=1500000.0]
2022-10-12 20:24:05 [http-nio-8081-exec-1] INFO  com.capstone.aspect.LoggerAspect - *************************************
2022-10-12 20:24:05 [http-nio-8081-exec-1] INFO  com.capstone.aspect.LoggerAspect - Method name: com.capstone.service.emiServiceImp
2022-10-12 20:24:05 [http-nio-8081-exec-1] INFO  com.capstone.aspect.LoggerAspect - Method arguments:[Ljava.lang.Object;@3790bce8
2022-10-12 20:24:05 [http-nio-8081-exec-1] INFO  com.capstone.aspect.LoggerAspect - *************************************
2022-10-12 20:24:05 [http-nio-8081-exec-1] INFO  com.capstone.aspect.LoggerAspect - During: class com.capstone.service.emiServiceImp.getEmiData() with arguments=emi [s_no=1, loanaccno=202211011, loan_status=active, emi_amount=15910.0, upcomming_payment_date=2022-11-07, remaining_amount=1500000.0]
2022-10-12 20:24:05 [http-nio-8081-exec-1] INFO  com.capstone.aspect.LoggerAspect - *************************************
2022-10-12 20:24:05 [http-nio-8081-exec-1] INFO  com.capstone.aspect.LoggerAspect - During: class com.capstone.controller.emiController.getemiofAccount() with arguments=<200 OK OK,emi [s_no=1, loanaccno=202211011, loan_status=active, emi_amount=15910.0, upcomming_payment_date=2022-11-07, remaining_amount=1500000.0],[]>
2022-10-12 20:24:05 [http-nio-8081-exec-1] INFO  com.capstone.aspect.LoggerAspect - *************************************
2022-10-12 20:24:07 [http-nio-8081-exec-2] INFO  com.capstone.aspect.LoggerAspect - Method name: com.capstone.controller.emiController
2022-10-12 20:24:07 [http-nio-8081-exec-2] INFO  com.capstone.aspect.LoggerAspect - Method arguments:[Ljava.lang.Object;@43110828
2022-10-12 20:24:07 [http-nio-8081-exec-2] INFO  com.capstone.aspect.LoggerAspect - *************************************
2022-10-12 20:24:07 [http-nio-8081-exec-2] INFO  com.capstone.aspect.LoggerAspect - Method name: com.capstone.service.emiServiceImp
2022-10-12 20:24:07 [http-nio-8081-exec-2] INFO  com.capstone.aspect.LoggerAspect - Method arguments:[Ljava.lang.Object;@4dd6ee3a
2022-10-12 20:24:07 [http-nio-8081-exec-2] INFO  com.capstone.aspect.LoggerAspect - *************************************
2022-10-12 20:24:07 [http-nio-8081-exec-2] INFO  com.capstone.aspect.LoggerAspect - During: class com.capstone.service.emiServiceImp.getEmiData() with arguments=emi [s_no=1, loanaccno=202211011, loan_status=active, emi_amount=15910.0, upcomming_payment_date=2022-11-07, remaining_amount=1500000.0]
2022-10-12 20:24:07 [http-nio-8081-exec-2] INFO  com.capstone.aspect.LoggerAspect - *************************************
2022-10-12 20:24:07 [http-nio-8081-exec-2] INFO  com.capstone.aspect.LoggerAspect - Method name: com.capstone.service.emiServiceImp
2022-10-12 20:24:07 [http-nio-8081-exec-2] INFO  com.capstone.aspect.LoggerAspect - Method arguments:[Ljava.lang.Object;@7a0090ee
2022-10-12 20:24:07 [http-nio-8081-exec-2] INFO  com.capstone.aspect.LoggerAspect - *************************************
2022-10-12 20:24:07 [http-nio-8081-exec-2] INFO  com.capstone.aspect.LoggerAspect - During: class com.capstone.service.emiServiceImp.getEmiData() with arguments=emi [s_no=1, loanaccno=202211011, loan_status=active, emi_amount=15910.0, upcomming_payment_date=2022-11-07, remaining_amount=1500000.0]
2022-10-12 20:24:07 [http-nio-8081-exec-2] INFO  com.capstone.aspect.LoggerAspect - *************************************
2022-10-12 20:24:07 [http-nio-8081-exec-2] INFO  com.capstone.aspect.LoggerAspect - During: class com.capstone.controller.emiController.getemiofAccount() with arguments=<200 OK OK,emi [s_no=1, loanaccno=202211011, loan_status=active, emi_amount=15910.0, upcomming_payment_date=2022-11-07, remaining_amount=1500000.0],[]>
2022-10-12 20:24:07 [http-nio-8081-exec-2] INFO  com.capstone.aspect.LoggerAspect - *************************************
2022-10-12 20:24:12 [http-nio-8081-exec-4] INFO  com.capstone.aspect.LoggerAspect - Method name: com.capstone.controller.emiController
2022-10-12 20:24:12 [http-nio-8081-exec-4] INFO  com.capstone.aspect.LoggerAspect - Method arguments:[Ljava.lang.Object;@2185a696
2022-10-12 20:24:12 [http-nio-8081-exec-4] INFO  com.capstone.aspect.LoggerAspect - *************************************
2022-10-12 20:24:12 [http-nio-8081-exec-4] INFO  com.capstone.aspect.LoggerAspect - Method name: com.capstone.service.emiServiceImp
2022-10-12 20:24:12 [http-nio-8081-exec-4] INFO  com.capstone.aspect.LoggerAspect - Method arguments:[Ljava.lang.Object;@2f425cd6
2022-10-12 20:24:12 [http-nio-8081-exec-4] INFO  com.capstone.aspect.LoggerAspect - *************************************
2022-10-12 20:24:12 [http-nio-8081-exec-4] INFO  com.capstone.aspect.LoggerAspect - During: class com.capstone.service.emiServiceImp.getEmiData() with arguments=emi [s_no=1, loanaccno=202211011, loan_status=active, emi_amount=15910.0, upcomming_payment_date=2022-11-07, remaining_amount=1500000.0]
2022-10-12 20:24:12 [http-nio-8081-exec-4] INFO  com.capstone.aspect.LoggerAspect - *************************************
2022-10-12 20:24:12 [http-nio-8081-exec-4] INFO  com.capstone.aspect.LoggerAspect - Method name: com.capstone.service.emiServiceImp
2022-10-12 20:24:12 [http-nio-8081-exec-4] INFO  com.capstone.aspect.LoggerAspect - Method arguments:[Ljava.lang.Object;@799d492e
2022-10-12 20:24:12 [http-nio-8081-exec-4] INFO  com.capstone.aspect.LoggerAspect - *************************************
2022-10-12 20:24:12 [http-nio-8081-exec-4] INFO  com.capstone.aspect.LoggerAspect - During: class com.capstone.service.emiServiceImp.getEmiData() with arguments=emi [s_no=1, loanaccno=202211011, loan_status=active, emi_amount=15910.0, upcomming_payment_date=2022-11-07, remaining_amount=1500000.0]
2022-10-12 20:24:12 [http-nio-8081-exec-4] INFO  com.capstone.aspect.LoggerAspect - *************************************
2022-10-12 20:24:12 [http-nio-8081-exec-4] INFO  com.capstone.aspect.LoggerAspect - During: class com.capstone.controller.emiController.getemiofAccount() with arguments=<200 OK OK,emi [s_no=1, loanaccno=202211011, loan_status=active, emi_amount=15910.0, upcomming_payment_date=2022-11-07, remaining_amount=1500000.0],[]>
2022-10-12 20:24:12 [http-nio-8081-exec-4] INFO  com.capstone.aspect.LoggerAspect - *************************************
