2022-10-12 19:59:54 [restartedMain] INFO  c.capstone.AccountinfoApiApplication - Starting AccountinfoApiApplication using Java 17.0.2 on MOHAN with PID 23108 (C:\Users\mohan\Downloads\Natwest Capstone\frontend\spring-master\accountinfo-api\target\classes started by mohan in C:\Users\mohan\Downloads\Natwest Capstone\frontend\spring-master\accountinfo-api)
2022-10-12 19:59:54 [restartedMain] INFO  c.capstone.AccountinfoApiApplication - No active profile set, falling back to 1 default profile: "default"
2022-10-12 19:59:54 [restartedMain] INFO  o.s.b.d.e.DevToolsPropertyDefaultsPostProcessor - Devtools property defaults active! Set 'spring.devtools.add-properties' to 'false' to disable
2022-10-12 19:59:54 [restartedMain] INFO  o.s.b.d.e.DevToolsPropertyDefaultsPostProcessor - For additional web related logging consider setting the 'logging.level.web' property to 'DEBUG'
2022-10-12 19:59:55 [restartedMain] INFO  o.s.d.r.c.RepositoryConfigurationDelegate - Bootstrapping Spring Data JPA repositories in DEFAULT mode.
2022-10-12 19:59:55 [restartedMain] INFO  o.s.d.r.c.RepositoryConfigurationDelegate - Finished Spring Data repository scanning in 150 ms. Found 1 JPA repository interfaces.
2022-10-12 19:59:56 [restartedMain] INFO  o.s.cloud.context.scope.GenericScope - BeanFactory id=2057b36b-6c2f-343d-b55b-cba8c53b7bb5
2022-10-12 19:59:57 [restartedMain] INFO  o.s.b.w.e.tomcat.TomcatWebServer - Tomcat initialized with port(s): 8082 (http)
2022-10-12 19:59:57 [restartedMain] INFO  o.a.coyote.http11.Http11NioProtocol - Initializing ProtocolHandler ["http-nio-8082"]
2022-10-12 19:59:57 [restartedMain] INFO  o.a.catalina.core.StandardService - Starting service [Tomcat]
2022-10-12 19:59:57 [restartedMain] INFO  o.a.catalina.core.StandardEngine - Starting Servlet engine: [Apache Tomcat/9.0.65]
2022-10-12 19:59:57 [restartedMain] INFO  o.a.c.c.C.[Tomcat].[localhost].[/] - Initializing Spring embedded WebApplicationContext
2022-10-12 19:59:57 [restartedMain] INFO  o.s.b.w.s.c.ServletWebServerApplicationContext - Root WebApplicationContext: initialization completed in 2579 ms
2022-10-12 19:59:57 [restartedMain] INFO  o.a.catalina.core.StandardContext - Suspicious URL pattern: [/api/**] in context [], see sections 12.1 and 12.2 of the Servlet specification
2022-10-12 19:59:57 [restartedMain] INFO  o.h.jpa.internal.util.LogHelper - HHH000204: Processing PersistenceUnitInfo [name: default]
2022-10-12 19:59:57 [restartedMain] INFO  org.hibernate.Version - HHH000412: Hibernate ORM core version 5.6.11.Final
2022-10-12 19:59:58 [restartedMain] INFO  o.h.annotations.common.Version - HCANN000001: Hibernate Commons Annotations {5.1.2.Final}
2022-10-12 19:59:58 [restartedMain] INFO  com.zaxxer.hikari.HikariDataSource - HikariPool-1 - Starting...
2022-10-12 19:59:58 [restartedMain] INFO  com.zaxxer.hikari.HikariDataSource - HikariPool-1 - Start completed.
2022-10-12 19:59:58 [restartedMain] INFO  org.hibernate.dialect.Dialect - HHH000400: Using dialect: org.hibernate.dialect.MySQL8Dialect
2022-10-12 19:59:59 [restartedMain] INFO  o.h.e.t.j.p.i.JtaPlatformInitiator - HHH000490: Using JtaPlatform implementation: [org.hibernate.engine.transaction.jta.platform.internal.NoJtaPlatform]
2022-10-12 19:59:59 [restartedMain] INFO  o.s.o.j.LocalContainerEntityManagerFactoryBean - Initialized JPA EntityManagerFactory for persistence unit 'default'
2022-10-12 19:59:59 [restartedMain] WARN  o.s.b.a.o.j.JpaBaseConfiguration$JpaWebConfiguration - spring.jpa.open-in-view is enabled by default. Therefore, database queries may be performed during view rendering. Explicitly configure spring.jpa.open-in-view to disable this warning
2022-10-12 20:00:00 [restartedMain] WARN  o.s.b.d.a.OptionalLiveReloadServer - Unable to start LiveReload server
2022-10-12 20:00:00 [restartedMain] INFO  o.s.c.n.e.c.DiscoveryClientOptionalArgsConfiguration - Eureka HTTP Client uses RestTemplate.
2022-10-12 20:00:01 [restartedMain] WARN  o.s.c.l.c.LoadBalancerCacheAutoConfiguration$LoadBalancerCaffeineWarnLogger - Spring Cloud LoadBalancer is currently working with the default cache. While this cache implementation is useful for development and tests, it's recommended to use Caffeine cache in production.You can switch to using Caffeine cache, by adding it and org.springframework.cache.caffeine.CaffeineCacheManager to the classpath.
2022-10-12 20:00:01 [restartedMain] INFO  o.s.c.n.eureka.InstanceInfoFactory - Setting initial instance status as: STARTING
2022-10-12 20:00:01 [restartedMain] INFO  c.netflix.discovery.DiscoveryClient - Initializing Eureka in region us-east-1
2022-10-12 20:00:01 [restartedMain] INFO  c.n.d.s.r.aws.ConfigClusterResolver - Resolving eureka endpoints via configuration
2022-10-12 20:00:01 [restartedMain] INFO  c.netflix.discovery.DiscoveryClient - Disable delta property : false
2022-10-12 20:00:01 [restartedMain] INFO  c.netflix.discovery.DiscoveryClient - Single vip registry refresh property : null
2022-10-12 20:00:01 [restartedMain] INFO  c.netflix.discovery.DiscoveryClient - Force full registry fetch : false
2022-10-12 20:00:01 [restartedMain] INFO  c.netflix.discovery.DiscoveryClient - Application is null : false
2022-10-12 20:00:01 [restartedMain] INFO  c.netflix.discovery.DiscoveryClient - Registered Applications size is zero : true
2022-10-12 20:00:01 [restartedMain] INFO  c.netflix.discovery.DiscoveryClient - Application version is -1: true
2022-10-12 20:00:01 [restartedMain] INFO  c.netflix.discovery.DiscoveryClient - Getting all instance registry info from the eureka server
2022-10-12 20:00:01 [restartedMain] INFO  c.netflix.discovery.DiscoveryClient - The response status is 200
2022-10-12 20:00:01 [restartedMain] INFO  c.netflix.discovery.DiscoveryClient - Starting heartbeat executor: renew interval is: 30
2022-10-12 20:00:01 [restartedMain] INFO  c.n.discovery.InstanceInfoReplicator - InstanceInfoReplicator onDemand update allowed rate per min is 4
2022-10-12 20:00:01 [restartedMain] INFO  c.netflix.discovery.DiscoveryClient - Discovery Client initialized at timestamp 1665585001858 with initial instances count: 1
2022-10-12 20:00:01 [restartedMain] INFO  o.s.c.n.e.s.EurekaServiceRegistry - Registering application ACCOUNTINFO-API with eureka with status UP
2022-10-12 20:00:01 [restartedMain] INFO  c.netflix.discovery.DiscoveryClient - Saw local status change event StatusChangeEvent [timestamp=1665585001864, current=UP, previous=STARTING]
2022-10-12 20:00:01 [DiscoveryClient-InstanceInfoReplicator-0] INFO  c.netflix.discovery.DiscoveryClient - DiscoveryClient_ACCOUNTINFO-API/192.168.0.7:accountinfo-api:8082: registering service...
2022-10-12 20:00:01 [restartedMain] INFO  o.a.coyote.http11.Http11NioProtocol - Starting ProtocolHandler ["http-nio-8082"]
2022-10-12 20:00:01 [restartedMain] INFO  o.s.b.w.e.tomcat.TomcatWebServer - Tomcat started on port(s): 8082 (http) with context path ''
2022-10-12 20:00:01 [restartedMain] INFO  o.s.c.n.e.s.EurekaAutoServiceRegistration - Updating port to 8082
2022-10-12 20:00:01 [DiscoveryClient-InstanceInfoReplicator-0] INFO  c.netflix.discovery.DiscoveryClient - DiscoveryClient_ACCOUNTINFO-API/192.168.0.7:accountinfo-api:8082 - registration status: 204
2022-10-12 20:00:02 [restartedMain] INFO  c.capstone.AccountinfoApiApplication - Started AccountinfoApiApplication in 8.093 seconds (JVM running for 8.949)
2022-10-12 20:00:03 [http-nio-8082-exec-1] INFO  o.a.c.c.C.[Tomcat].[localhost].[/] - Initializing Spring DispatcherServlet 'dispatcherServlet'
2022-10-12 20:00:03 [http-nio-8082-exec-1] INFO  o.s.web.servlet.DispatcherServlet - Initializing Servlet 'dispatcherServlet'
2022-10-12 20:00:03 [http-nio-8082-exec-1] INFO  o.s.web.servlet.DispatcherServlet - Completed initialization in 2 ms
2022-10-12 20:05:01 [AsyncResolver-bootstrap-executor-0] INFO  c.n.d.s.r.aws.ConfigClusterResolver - Resolving eureka endpoints via configuration
2022-10-12 20:10:01 [AsyncResolver-bootstrap-executor-0] INFO  c.n.d.s.r.aws.ConfigClusterResolver - Resolving eureka endpoints via configuration
2022-10-12 20:15:01 [AsyncResolver-bootstrap-executor-0] INFO  c.n.d.s.r.aws.ConfigClusterResolver - Resolving eureka endpoints via configuration
2022-10-12 20:18:24 [File Watcher] INFO  o.s.b.d.a.LocalDevToolsAutoConfiguration$RestartingClassPathChangeChangedEventListener - Restarting due to 2 class path changes (0 additions, 0 deletions, 2 modifications)
2022-10-12 20:18:24 [Thread-1] INFO  o.s.c.n.e.s.EurekaServiceRegistry - Unregistering application ACCOUNTINFO-API with eureka with status DOWN
2022-10-12 20:18:24 [Thread-1] INFO  c.netflix.discovery.DiscoveryClient - Saw local status change event StatusChangeEvent [timestamp=1665586104621, current=DOWN, previous=UP]
2022-10-12 20:18:24 [DiscoveryClient-InstanceInfoReplicator-0] INFO  c.netflix.discovery.DiscoveryClient - DiscoveryClient_ACCOUNTINFO-API/192.168.0.7:accountinfo-api:8082: registering service...
2022-10-12 20:18:24 [DiscoveryClient-InstanceInfoReplicator-0] INFO  c.netflix.discovery.DiscoveryClient - DiscoveryClient_ACCOUNTINFO-API/192.168.0.7:accountinfo-api:8082 - registration status: 204
2022-10-12 20:18:24 [Thread-1] INFO  o.a.coyote.http11.Http11NioProtocol - Pausing ProtocolHandler ["http-nio-8082"]
2022-10-12 20:18:24 [Thread-1] INFO  o.a.catalina.core.StandardService - Stopping service [Tomcat]
2022-10-12 20:18:24 [Thread-1] INFO  o.a.c.c.C.[Tomcat].[localhost].[/] - Destroying Spring FrameworkServlet 'dispatcherServlet'
2022-10-12 20:18:24 [Thread-1] INFO  o.a.coyote.http11.Http11NioProtocol - Stopping ProtocolHandler ["http-nio-8082"]
2022-10-12 20:18:24 [Thread-1] INFO  o.a.coyote.http11.Http11NioProtocol - Destroying ProtocolHandler ["http-nio-8082"]
2022-10-12 20:18:24 [Thread-1] INFO  o.s.o.j.LocalContainerEntityManagerFactoryBean - Closing JPA EntityManagerFactory for persistence unit 'default'
2022-10-12 20:18:24 [Thread-1] INFO  com.zaxxer.hikari.HikariDataSource - HikariPool-1 - Shutdown initiated...
2022-10-12 20:18:24 [Thread-1] INFO  com.zaxxer.hikari.HikariDataSource - HikariPool-1 - Shutdown completed.
2022-10-12 20:18:24 [Thread-1] INFO  c.netflix.discovery.DiscoveryClient - Shutting down DiscoveryClient ...
2022-10-12 20:18:28 [Thread-1] INFO  c.netflix.discovery.DiscoveryClient - Unregistering ...
2022-10-12 20:18:28 [Thread-1] INFO  c.netflix.discovery.DiscoveryClient - DiscoveryClient_ACCOUNTINFO-API/192.168.0.7:accountinfo-api:8082 - deregister  status: 200
2022-10-12 20:18:28 [Thread-1] INFO  c.netflix.discovery.DiscoveryClient - Completed shut down of DiscoveryClient
2022-10-12 20:18:28 [restartedMain] INFO  c.capstone.AccountinfoApiApplication - Starting AccountinfoApiApplication using Java 17.0.2 on MOHAN with PID 23108 (C:\Users\mohan\Downloads\Natwest Capstone\frontend\spring-master\accountinfo-api\target\classes started by mohan in C:\Users\mohan\Downloads\Natwest Capstone\frontend\spring-master\accountinfo-api)
2022-10-12 20:18:28 [restartedMain] INFO  c.capstone.AccountinfoApiApplication - No active profile set, falling back to 1 default profile: "default"
2022-10-12 20:18:28 [restartedMain] INFO  o.s.d.r.c.RepositoryConfigurationDelegate - Bootstrapping Spring Data JPA repositories in DEFAULT mode.
2022-10-12 20:18:28 [restartedMain] INFO  o.s.d.r.c.RepositoryConfigurationDelegate - Finished Spring Data repository scanning in 23 ms. Found 1 JPA repository interfaces.
2022-10-12 20:18:28 [restartedMain] INFO  o.s.cloud.context.scope.GenericScope - BeanFactory id=2057b36b-6c2f-343d-b55b-cba8c53b7bb5
2022-10-12 20:18:29 [restartedMain] INFO  o.s.b.w.e.tomcat.TomcatWebServer - Tomcat initialized with port(s): 8082 (http)
2022-10-12 20:18:29 [restartedMain] INFO  o.a.coyote.http11.Http11NioProtocol - Initializing ProtocolHandler ["http-nio-8082"]
2022-10-12 20:18:29 [restartedMain] INFO  o.a.catalina.core.StandardService - Starting service [Tomcat]
2022-10-12 20:18:29 [restartedMain] INFO  o.a.catalina.core.StandardEngine - Starting Servlet engine: [Apache Tomcat/9.0.65]
2022-10-12 20:18:29 [restartedMain] INFO  o.a.c.c.C.[Tomcat].[localhost].[/] - Initializing Spring embedded WebApplicationContext
2022-10-12 20:18:29 [restartedMain] INFO  o.s.b.w.s.c.ServletWebServerApplicationContext - Root WebApplicationContext: initialization completed in 693 ms
2022-10-12 20:18:29 [restartedMain] INFO  o.a.catalina.core.StandardContext - Suspicious URL pattern: [/api/**] in context [], see sections 12.1 and 12.2 of the Servlet specification
2022-10-12 20:18:29 [restartedMain] INFO  o.h.jpa.internal.util.LogHelper - HHH000204: Processing PersistenceUnitInfo [name: default]
2022-10-12 20:18:29 [restartedMain] INFO  com.zaxxer.hikari.HikariDataSource - HikariPool-2 - Starting...
2022-10-12 20:18:29 [restartedMain] INFO  com.zaxxer.hikari.HikariDataSource - HikariPool-2 - Start completed.
2022-10-12 20:18:29 [restartedMain] INFO  org.hibernate.dialect.Dialect - HHH000400: Using dialect: org.hibernate.dialect.MySQL8Dialect
2022-10-12 20:18:29 [restartedMain] INFO  o.h.e.t.j.p.i.JtaPlatformInitiator - HHH000490: Using JtaPlatform implementation: [org.hibernate.engine.transaction.jta.platform.internal.NoJtaPlatform]
2022-10-12 20:18:29 [restartedMain] INFO  o.s.o.j.LocalContainerEntityManagerFactoryBean - Initialized JPA EntityManagerFactory for persistence unit 'default'
2022-10-12 20:18:29 [restartedMain] WARN  o.s.b.a.o.j.JpaBaseConfiguration$JpaWebConfiguration - spring.jpa.open-in-view is enabled by default. Therefore, database queries may be performed during view rendering. Explicitly configure spring.jpa.open-in-view to disable this warning
2022-10-12 20:18:29 [restartedMain] WARN  o.s.b.d.a.OptionalLiveReloadServer - Unable to start LiveReload server
2022-10-12 20:18:30 [restartedMain] INFO  o.s.c.n.e.c.DiscoveryClientOptionalArgsConfiguration - Eureka HTTP Client uses RestTemplate.
2022-10-12 20:18:30 [restartedMain] WARN  o.s.c.l.c.LoadBalancerCacheAutoConfiguration$LoadBalancerCaffeineWarnLogger - Spring Cloud LoadBalancer is currently working with the default cache. While this cache implementation is useful for development and tests, it's recommended to use Caffeine cache in production.You can switch to using Caffeine cache, by adding it and org.springframework.cache.caffeine.CaffeineCacheManager to the classpath.
2022-10-12 20:18:30 [restartedMain] INFO  o.s.c.n.eureka.InstanceInfoFactory - Setting initial instance status as: STARTING
2022-10-12 20:18:30 [restartedMain] INFO  c.netflix.discovery.DiscoveryClient - Initializing Eureka in region us-east-1
2022-10-12 20:18:30 [restartedMain] INFO  c.n.d.s.r.aws.ConfigClusterResolver - Resolving eureka endpoints via configuration
2022-10-12 20:18:30 [restartedMain] INFO  c.netflix.discovery.DiscoveryClient - Disable delta property : false
2022-10-12 20:18:30 [restartedMain] INFO  c.netflix.discovery.DiscoveryClient - Single vip registry refresh property : null
2022-10-12 20:18:30 [restartedMain] INFO  c.netflix.discovery.DiscoveryClient - Force full registry fetch : false
2022-10-12 20:18:30 [restartedMain] INFO  c.netflix.discovery.DiscoveryClient - Application is null : false
2022-10-12 20:18:30 [restartedMain] INFO  c.netflix.discovery.DiscoveryClient - Registered Applications size is zero : true
2022-10-12 20:18:30 [restartedMain] INFO  c.netflix.discovery.DiscoveryClient - Application version is -1: true
2022-10-12 20:18:30 [restartedMain] INFO  c.netflix.discovery.DiscoveryClient - Getting all instance registry info from the eureka server
2022-10-12 20:18:30 [restartedMain] INFO  c.netflix.discovery.DiscoveryClient - The response status is 200
2022-10-12 20:18:30 [restartedMain] INFO  c.netflix.discovery.DiscoveryClient - Starting heartbeat executor: renew interval is: 30
2022-10-12 20:18:30 [restartedMain] INFO  c.n.discovery.InstanceInfoReplicator - InstanceInfoReplicator onDemand update allowed rate per min is 4
2022-10-12 20:18:30 [restartedMain] INFO  c.netflix.discovery.DiscoveryClient - Discovery Client initialized at timestamp 1665586110321 with initial instances count: 4
2022-10-12 20:18:30 [restartedMain] INFO  o.s.c.n.e.s.EurekaServiceRegistry - Registering application ACCOUNTINFO-API with eureka with status UP
2022-10-12 20:18:30 [restartedMain] INFO  c.netflix.discovery.DiscoveryClient - Saw local status change event StatusChangeEvent [timestamp=1665586110323, current=UP, previous=STARTING]
2022-10-12 20:18:30 [DiscoveryClient-InstanceInfoReplicator-0] INFO  c.netflix.discovery.DiscoveryClient - DiscoveryClient_ACCOUNTINFO-API/192.168.0.7:accountinfo-api:8082: registering service...
2022-10-12 20:18:30 [restartedMain] INFO  o.a.coyote.http11.Http11NioProtocol - Starting ProtocolHandler ["http-nio-8082"]
2022-10-12 20:18:30 [restartedMain] INFO  o.s.b.w.e.tomcat.TomcatWebServer - Tomcat started on port(s): 8082 (http) with context path ''
2022-10-12 20:18:30 [restartedMain] INFO  o.s.c.n.e.s.EurekaAutoServiceRegistration - Updating port to 8082
2022-10-12 20:18:30 [DiscoveryClient-InstanceInfoReplicator-0] INFO  c.netflix.discovery.DiscoveryClient - DiscoveryClient_ACCOUNTINFO-API/192.168.0.7:accountinfo-api:8082 - registration status: 204
2022-10-12 20:18:30 [restartedMain] INFO  c.capstone.AccountinfoApiApplication - Started AccountinfoApiApplication in 2.183 seconds (JVM running for 1117.328)
2022-10-12 20:18:30 [restartedMain] INFO  o.s.b.d.a.ConditionEvaluationDeltaLoggingListener - Condition evaluation unchanged
2022-10-12 20:20:03 [File Watcher] INFO  o.s.b.d.a.LocalDevToolsAutoConfiguration$RestartingClassPathChangeChangedEventListener - Restarting due to 1 class path change (0 additions, 0 deletions, 1 modification)
2022-10-12 20:20:03 [Thread-7] INFO  o.s.c.n.e.s.EurekaServiceRegistry - Unregistering application ACCOUNTINFO-API with eureka with status DOWN
2022-10-12 20:20:03 [Thread-7] INFO  c.netflix.discovery.DiscoveryClient - Saw local status change event StatusChangeEvent [timestamp=1665586203355, current=DOWN, previous=UP]
2022-10-12 20:20:03 [DiscoveryClient-InstanceInfoReplicator-0] INFO  c.netflix.discovery.DiscoveryClient - DiscoveryClient_ACCOUNTINFO-API/192.168.0.7:accountinfo-api:8082: registering service...
2022-10-12 20:20:03 [DiscoveryClient-InstanceInfoReplicator-0] INFO  c.netflix.discovery.DiscoveryClient - DiscoveryClient_ACCOUNTINFO-API/192.168.0.7:accountinfo-api:8082 - registration status: 204
2022-10-12 20:20:03 [Thread-7] INFO  o.a.coyote.http11.Http11NioProtocol - Pausing ProtocolHandler ["http-nio-8082"]
2022-10-12 20:20:03 [Thread-7] INFO  o.a.catalina.core.StandardService - Stopping service [Tomcat]
2022-10-12 20:20:03 [Thread-7] INFO  o.a.coyote.http11.Http11NioProtocol - Stopping ProtocolHandler ["http-nio-8082"]
2022-10-12 20:20:03 [Thread-7] INFO  o.a.coyote.http11.Http11NioProtocol - Destroying ProtocolHandler ["http-nio-8082"]
2022-10-12 20:20:03 [Thread-7] INFO  o.s.o.j.LocalContainerEntityManagerFactoryBean - Closing JPA EntityManagerFactory for persistence unit 'default'
2022-10-12 20:20:03 [Thread-7] INFO  com.zaxxer.hikari.HikariDataSource - HikariPool-2 - Shutdown initiated...
2022-10-12 20:20:03 [Thread-7] INFO  com.zaxxer.hikari.HikariDataSource - HikariPool-2 - Shutdown completed.
2022-10-12 20:20:03 [Thread-7] INFO  c.netflix.discovery.DiscoveryClient - Shutting down DiscoveryClient ...
2022-10-12 20:20:06 [Thread-7] INFO  c.netflix.discovery.DiscoveryClient - Unregistering ...
2022-10-12 20:20:06 [Thread-7] INFO  c.netflix.discovery.DiscoveryClient - DiscoveryClient_ACCOUNTINFO-API/192.168.0.7:accountinfo-api:8082 - deregister  status: 200
2022-10-12 20:20:06 [Thread-7] INFO  c.netflix.discovery.DiscoveryClient - Completed shut down of DiscoveryClient
2022-10-12 20:20:06 [restartedMain] INFO  c.capstone.AccountinfoApiApplication - Starting AccountinfoApiApplication using Java 17.0.2 on MOHAN with PID 23108 (C:\Users\mohan\Downloads\Natwest Capstone\frontend\spring-master\accountinfo-api\target\classes started by mohan in C:\Users\mohan\Downloads\Natwest Capstone\frontend\spring-master\accountinfo-api)
2022-10-12 20:20:06 [restartedMain] INFO  c.capstone.AccountinfoApiApplication - No active profile set, falling back to 1 default profile: "default"
2022-10-12 20:20:06 [restartedMain] INFO  o.s.d.r.c.RepositoryConfigurationDelegate - Bootstrapping Spring Data JPA repositories in DEFAULT mode.
2022-10-12 20:20:07 [restartedMain] INFO  o.s.d.r.c.RepositoryConfigurationDelegate - Finished Spring Data repository scanning in 26 ms. Found 1 JPA repository interfaces.
2022-10-12 20:20:07 [restartedMain] INFO  o.s.cloud.context.scope.GenericScope - BeanFactory id=2057b36b-6c2f-343d-b55b-cba8c53b7bb5
2022-10-12 20:20:07 [restartedMain] INFO  o.s.b.w.e.tomcat.TomcatWebServer - Tomcat initialized with port(s): 8082 (http)
2022-10-12 20:20:07 [restartedMain] INFO  o.a.coyote.http11.Http11NioProtocol - Initializing ProtocolHandler ["http-nio-8082"]
2022-10-12 20:20:07 [restartedMain] INFO  o.a.catalina.core.StandardService - Starting service [Tomcat]
2022-10-12 20:20:07 [restartedMain] INFO  o.a.catalina.core.StandardEngine - Starting Servlet engine: [Apache Tomcat/9.0.65]
2022-10-12 20:20:07 [restartedMain] INFO  o.a.c.c.C.[Tomcat].[localhost].[/] - Initializing Spring embedded WebApplicationContext
2022-10-12 20:20:07 [restartedMain] INFO  o.s.b.w.s.c.ServletWebServerApplicationContext - Root WebApplicationContext: initialization completed in 503 ms
2022-10-12 20:20:07 [restartedMain] INFO  o.a.catalina.core.StandardContext - Suspicious URL pattern: [/api/**] in context [], see sections 12.1 and 12.2 of the Servlet specification
2022-10-12 20:20:07 [restartedMain] INFO  o.h.jpa.internal.util.LogHelper - HHH000204: Processing PersistenceUnitInfo [name: default]
2022-10-12 20:20:07 [restartedMain] INFO  com.zaxxer.hikari.HikariDataSource - HikariPool-3 - Starting...
2022-10-12 20:20:07 [restartedMain] INFO  com.zaxxer.hikari.HikariDataSource - HikariPool-3 - Start completed.
2022-10-12 20:20:07 [restartedMain] INFO  org.hibernate.dialect.Dialect - HHH000400: Using dialect: org.hibernate.dialect.MySQL8Dialect
2022-10-12 20:20:07 [restartedMain] INFO  o.h.e.t.j.p.i.JtaPlatformInitiator - HHH000490: Using JtaPlatform implementation: [org.hibernate.engine.transaction.jta.platform.internal.NoJtaPlatform]
2022-10-12 20:20:07 [restartedMain] INFO  o.s.o.j.LocalContainerEntityManagerFactoryBean - Initialized JPA EntityManagerFactory for persistence unit 'default'
2022-10-12 20:20:07 [restartedMain] WARN  o.s.b.a.o.j.JpaBaseConfiguration$JpaWebConfiguration - spring.jpa.open-in-view is enabled by default. Therefore, database queries may be performed during view rendering. Explicitly configure spring.jpa.open-in-view to disable this warning
2022-10-12 20:20:07 [restartedMain] WARN  o.s.b.d.a.OptionalLiveReloadServer - Unable to start LiveReload server
2022-10-12 20:20:07 [restartedMain] INFO  o.s.c.n.e.c.DiscoveryClientOptionalArgsConfiguration - Eureka HTTP Client uses RestTemplate.
2022-10-12 20:20:07 [restartedMain] WARN  o.s.c.l.c.LoadBalancerCacheAutoConfiguration$LoadBalancerCaffeineWarnLogger - Spring Cloud LoadBalancer is currently working with the default cache. While this cache implementation is useful for development and tests, it's recommended to use Caffeine cache in production.You can switch to using Caffeine cache, by adding it and org.springframework.cache.caffeine.CaffeineCacheManager to the classpath.
2022-10-12 20:20:07 [restartedMain] INFO  o.s.c.n.eureka.InstanceInfoFactory - Setting initial instance status as: STARTING
2022-10-12 20:20:07 [restartedMain] INFO  c.netflix.discovery.DiscoveryClient - Initializing Eureka in region us-east-1
2022-10-12 20:20:07 [restartedMain] INFO  c.n.d.s.r.aws.ConfigClusterResolver - Resolving eureka endpoints via configuration
2022-10-12 20:20:07 [restartedMain] INFO  c.netflix.discovery.DiscoveryClient - Disable delta property : false
2022-10-12 20:20:07 [restartedMain] INFO  c.netflix.discovery.DiscoveryClient - Single vip registry refresh property : null
2022-10-12 20:20:07 [restartedMain] INFO  c.netflix.discovery.DiscoveryClient - Force full registry fetch : false
2022-10-12 20:20:07 [restartedMain] INFO  c.netflix.discovery.DiscoveryClient - Application is null : false
2022-10-12 20:20:07 [restartedMain] INFO  c.netflix.discovery.DiscoveryClient - Registered Applications size is zero : true
2022-10-12 20:20:07 [restartedMain] INFO  c.netflix.discovery.DiscoveryClient - Application version is -1: true
2022-10-12 20:20:07 [restartedMain] INFO  c.netflix.discovery.DiscoveryClient - Getting all instance registry info from the eureka server
2022-10-12 20:20:07 [restartedMain] INFO  c.netflix.discovery.DiscoveryClient - The response status is 200
2022-10-12 20:20:07 [restartedMain] INFO  c.netflix.discovery.DiscoveryClient - Starting heartbeat executor: renew interval is: 30
2022-10-12 20:20:07 [restartedMain] INFO  c.n.discovery.InstanceInfoReplicator - InstanceInfoReplicator onDemand update allowed rate per min is 4
2022-10-12 20:20:07 [restartedMain] INFO  c.netflix.discovery.DiscoveryClient - Discovery Client initialized at timestamp 1665586207978 with initial instances count: 5
2022-10-12 20:20:07 [restartedMain] INFO  o.s.c.n.e.s.EurekaServiceRegistry - Registering application ACCOUNTINFO-API with eureka with status UP
2022-10-12 20:20:07 [restartedMain] INFO  c.netflix.discovery.DiscoveryClient - Saw local status change event StatusChangeEvent [timestamp=1665586207979, current=UP, previous=STARTING]
2022-10-12 20:20:07 [DiscoveryClient-InstanceInfoReplicator-0] INFO  c.netflix.discovery.DiscoveryClient - DiscoveryClient_ACCOUNTINFO-API/192.168.0.7:accountinfo-api:8082: registering service...
2022-10-12 20:20:07 [restartedMain] INFO  o.a.coyote.http11.Http11NioProtocol - Starting ProtocolHandler ["http-nio-8082"]
2022-10-12 20:20:07 [restartedMain] INFO  o.s.b.w.e.tomcat.TomcatWebServer - Tomcat started on port(s): 8082 (http) with context path ''
2022-10-12 20:20:07 [restartedMain] INFO  o.s.c.n.e.s.EurekaAutoServiceRegistration - Updating port to 8082
2022-10-12 20:20:08 [DiscoveryClient-InstanceInfoReplicator-0] INFO  c.netflix.discovery.DiscoveryClient - DiscoveryClient_ACCOUNTINFO-API/192.168.0.7:accountinfo-api:8082 - registration status: 204
2022-10-12 20:20:08 [restartedMain] INFO  c.capstone.AccountinfoApiApplication - Started AccountinfoApiApplication in 1.549 seconds (JVM running for 1214.95)
2022-10-12 20:20:08 [restartedMain] INFO  o.s.b.d.a.ConditionEvaluationDeltaLoggingListener - Condition evaluation unchanged
2022-10-12 20:20:36 [File Watcher] INFO  o.s.b.d.a.LocalDevToolsAutoConfiguration$RestartingClassPathChangeChangedEventListener - Restarting due to 2 class path changes (0 additions, 0 deletions, 2 modifications)
2022-10-12 20:20:36 [Thread-13] INFO  o.s.c.n.e.s.EurekaServiceRegistry - Unregistering application ACCOUNTINFO-API with eureka with status DOWN
2022-10-12 20:20:36 [Thread-13] INFO  c.netflix.discovery.DiscoveryClient - Saw local status change event StatusChangeEvent [timestamp=1665586236698, current=DOWN, previous=UP]
2022-10-12 20:20:36 [DiscoveryClient-InstanceInfoReplicator-0] INFO  c.netflix.discovery.DiscoveryClient - DiscoveryClient_ACCOUNTINFO-API/192.168.0.7:accountinfo-api:8082: registering service...
2022-10-12 20:20:36 [DiscoveryClient-InstanceInfoReplicator-0] INFO  c.netflix.discovery.DiscoveryClient - DiscoveryClient_ACCOUNTINFO-API/192.168.0.7:accountinfo-api:8082 - registration status: 204
2022-10-12 20:20:36 [Thread-13] INFO  o.a.coyote.http11.Http11NioProtocol - Pausing ProtocolHandler ["http-nio-8082"]
2022-10-12 20:20:36 [Thread-13] INFO  o.a.catalina.core.StandardService - Stopping service [Tomcat]
2022-10-12 20:20:36 [Thread-13] INFO  o.a.coyote.http11.Http11NioProtocol - Stopping ProtocolHandler ["http-nio-8082"]
2022-10-12 20:20:36 [Thread-13] INFO  o.a.coyote.http11.Http11NioProtocol - Destroying ProtocolHandler ["http-nio-8082"]
2022-10-12 20:20:36 [Thread-13] INFO  o.s.o.j.LocalContainerEntityManagerFactoryBean - Closing JPA EntityManagerFactory for persistence unit 'default'
2022-10-12 20:20:36 [Thread-13] INFO  com.zaxxer.hikari.HikariDataSource - HikariPool-3 - Shutdown initiated...
2022-10-12 20:20:36 [Thread-13] INFO  com.zaxxer.hikari.HikariDataSource - HikariPool-3 - Shutdown completed.
2022-10-12 20:20:36 [Thread-13] INFO  c.netflix.discovery.DiscoveryClient - Shutting down DiscoveryClient ...
2022-10-12 20:20:39 [DiscoveryClient-0] WARN  c.n.discovery.TimedSupervisorTask - task supervisor shutting down, can't accept the task
2022-10-12 20:20:39 [Thread-13] INFO  c.netflix.discovery.DiscoveryClient - Unregistering ...
2022-10-12 20:20:39 [Thread-13] INFO  c.netflix.discovery.DiscoveryClient - DiscoveryClient_ACCOUNTINFO-API/192.168.0.7:accountinfo-api:8082 - deregister  status: 200
2022-10-12 20:20:39 [Thread-13] INFO  c.netflix.discovery.DiscoveryClient - Completed shut down of DiscoveryClient
2022-10-12 20:20:39 [restartedMain] INFO  c.capstone.AccountinfoApiApplication - Starting AccountinfoApiApplication using Java 17.0.2 on MOHAN with PID 23108 (C:\Users\mohan\Downloads\Natwest Capstone\frontend\spring-master\accountinfo-api\target\classes started by mohan in C:\Users\mohan\Downloads\Natwest Capstone\frontend\spring-master\accountinfo-api)
2022-10-12 20:20:39 [restartedMain] INFO  c.capstone.AccountinfoApiApplication - No active profile set, falling back to 1 default profile: "default"
2022-10-12 20:20:40 [restartedMain] INFO  o.s.d.r.c.RepositoryConfigurationDelegate - Bootstrapping Spring Data JPA repositories in DEFAULT mode.
2022-10-12 20:20:40 [restartedMain] INFO  o.s.d.r.c.RepositoryConfigurationDelegate - Finished Spring Data repository scanning in 12 ms. Found 1 JPA repository interfaces.
2022-10-12 20:20:40 [restartedMain] INFO  o.s.cloud.context.scope.GenericScope - BeanFactory id=2057b36b-6c2f-343d-b55b-cba8c53b7bb5
2022-10-12 20:20:40 [restartedMain] INFO  o.s.b.w.e.tomcat.TomcatWebServer - Tomcat initialized with port(s): 8082 (http)
2022-10-12 20:20:40 [restartedMain] INFO  o.a.coyote.http11.Http11NioProtocol - Initializing ProtocolHandler ["http-nio-8082"]
2022-10-12 20:20:40 [restartedMain] INFO  o.a.catalina.core.StandardService - Starting service [Tomcat]
2022-10-12 20:20:40 [restartedMain] INFO  o.a.catalina.core.StandardEngine - Starting Servlet engine: [Apache Tomcat/9.0.65]
2022-10-12 20:20:40 [restartedMain] INFO  o.a.c.c.C.[Tomcat].[localhost].[/] - Initializing Spring embedded WebApplicationContext
2022-10-12 20:20:40 [restartedMain] INFO  o.s.b.w.s.c.ServletWebServerApplicationContext - Root WebApplicationContext: initialization completed in 458 ms
2022-10-12 20:20:40 [restartedMain] INFO  o.a.catalina.core.StandardContext - Suspicious URL pattern: [/api/**] in context [], see sections 12.1 and 12.2 of the Servlet specification
2022-10-12 20:20:40 [restartedMain] INFO  o.h.jpa.internal.util.LogHelper - HHH000204: Processing PersistenceUnitInfo [name: default]
2022-10-12 20:20:40 [restartedMain] INFO  com.zaxxer.hikari.HikariDataSource - HikariPool-4 - Starting...
2022-10-12 20:20:40 [restartedMain] INFO  com.zaxxer.hikari.HikariDataSource - HikariPool-4 - Start completed.
2022-10-12 20:20:40 [restartedMain] INFO  org.hibernate.dialect.Dialect - HHH000400: Using dialect: org.hibernate.dialect.MySQL8Dialect
2022-10-12 20:20:40 [restartedMain] INFO  o.h.e.t.j.p.i.JtaPlatformInitiator - HHH000490: Using JtaPlatform implementation: [org.hibernate.engine.transaction.jta.platform.internal.NoJtaPlatform]
2022-10-12 20:20:40 [restartedMain] INFO  o.s.o.j.LocalContainerEntityManagerFactoryBean - Initialized JPA EntityManagerFactory for persistence unit 'default'
2022-10-12 20:20:40 [restartedMain] WARN  o.s.b.a.o.j.JpaBaseConfiguration$JpaWebConfiguration - spring.jpa.open-in-view is enabled by default. Therefore, database queries may be performed during view rendering. Explicitly configure spring.jpa.open-in-view to disable this warning
2022-10-12 20:20:40 [restartedMain] WARN  o.s.b.d.a.OptionalLiveReloadServer - Unable to start LiveReload server
2022-10-12 20:20:41 [restartedMain] INFO  o.s.c.n.e.c.DiscoveryClientOptionalArgsConfiguration - Eureka HTTP Client uses RestTemplate.
2022-10-12 20:20:41 [restartedMain] WARN  o.s.c.l.c.LoadBalancerCacheAutoConfiguration$LoadBalancerCaffeineWarnLogger - Spring Cloud LoadBalancer is currently working with the default cache. While this cache implementation is useful for development and tests, it's recommended to use Caffeine cache in production.You can switch to using Caffeine cache, by adding it and org.springframework.cache.caffeine.CaffeineCacheManager to the classpath.
2022-10-12 20:20:41 [restartedMain] INFO  o.s.c.n.eureka.InstanceInfoFactory - Setting initial instance status as: STARTING
2022-10-12 20:20:41 [restartedMain] INFO  c.netflix.discovery.DiscoveryClient - Initializing Eureka in region us-east-1
2022-10-12 20:20:41 [restartedMain] INFO  c.n.d.s.r.aws.ConfigClusterResolver - Resolving eureka endpoints via configuration
2022-10-12 20:20:41 [restartedMain] INFO  c.netflix.discovery.DiscoveryClient - Disable delta property : false
2022-10-12 20:20:41 [restartedMain] INFO  c.netflix.discovery.DiscoveryClient - Single vip registry refresh property : null
2022-10-12 20:20:41 [restartedMain] INFO  c.netflix.discovery.DiscoveryClient - Force full registry fetch : false
2022-10-12 20:20:41 [restartedMain] INFO  c.netflix.discovery.DiscoveryClient - Application is null : false
2022-10-12 20:20:41 [restartedMain] INFO  c.netflix.discovery.DiscoveryClient - Registered Applications size is zero : true
2022-10-12 20:20:41 [restartedMain] INFO  c.netflix.discovery.DiscoveryClient - Application version is -1: true
2022-10-12 20:20:41 [restartedMain] INFO  c.netflix.discovery.DiscoveryClient - Getting all instance registry info from the eureka server
2022-10-12 20:20:41 [restartedMain] INFO  c.netflix.discovery.DiscoveryClient - The response status is 200
2022-10-12 20:20:41 [restartedMain] INFO  c.netflix.discovery.DiscoveryClient - Starting heartbeat executor: renew interval is: 30
2022-10-12 20:20:41 [restartedMain] INFO  c.n.discovery.InstanceInfoReplicator - InstanceInfoReplicator onDemand update allowed rate per min is 4
2022-10-12 20:20:41 [restartedMain] INFO  c.netflix.discovery.DiscoveryClient - Discovery Client initialized at timestamp 1665586241169 with initial instances count: 5
2022-10-12 20:20:41 [restartedMain] INFO  o.s.c.n.e.s.EurekaServiceRegistry - Registering application ACCOUNTINFO-API with eureka with status UP
2022-10-12 20:20:41 [restartedMain] INFO  c.netflix.discovery.DiscoveryClient - Saw local status change event StatusChangeEvent [timestamp=1665586241171, current=UP, previous=STARTING]
2022-10-12 20:20:41 [DiscoveryClient-InstanceInfoReplicator-0] INFO  c.netflix.discovery.DiscoveryClient - DiscoveryClient_ACCOUNTINFO-API/192.168.0.7:accountinfo-api:8082: registering service...
2022-10-12 20:20:41 [restartedMain] INFO  o.a.coyote.http11.Http11NioProtocol - Starting ProtocolHandler ["http-nio-8082"]
2022-10-12 20:20:41 [restartedMain] INFO  o.s.b.w.e.tomcat.TomcatWebServer - Tomcat started on port(s): 8082 (http) with context path ''
2022-10-12 20:20:41 [restartedMain] INFO  o.s.c.n.e.s.EurekaAutoServiceRegistration - Updating port to 8082
2022-10-12 20:20:41 [DiscoveryClient-InstanceInfoReplicator-0] INFO  c.netflix.discovery.DiscoveryClient - DiscoveryClient_ACCOUNTINFO-API/192.168.0.7:accountinfo-api:8082 - registration status: 204
2022-10-12 20:20:41 [restartedMain] INFO  c.capstone.AccountinfoApiApplication - Started AccountinfoApiApplication in 1.472 seconds (JVM running for 1248.126)
2022-10-12 20:20:41 [restartedMain] INFO  o.s.b.d.a.ConditionEvaluationDeltaLoggingListener - Condition evaluation unchanged
2022-10-12 20:20:45 [File Watcher] INFO  o.s.b.d.a.LocalDevToolsAutoConfiguration$RestartingClassPathChangeChangedEventListener - Restarting due to 1 class path change (0 additions, 0 deletions, 1 modification)
2022-10-12 20:20:45 [Thread-19] INFO  o.s.c.n.e.s.EurekaServiceRegistry - Unregistering application ACCOUNTINFO-API with eureka with status DOWN
2022-10-12 20:20:45 [Thread-19] INFO  c.netflix.discovery.DiscoveryClient - Saw local status change event StatusChangeEvent [timestamp=1665586245388, current=DOWN, previous=UP]
2022-10-12 20:20:45 [DiscoveryClient-InstanceInfoReplicator-0] INFO  c.netflix.discovery.DiscoveryClient - DiscoveryClient_ACCOUNTINFO-API/192.168.0.7:accountinfo-api:8082: registering service...
2022-10-12 20:20:45 [DiscoveryClient-InstanceInfoReplicator-0] INFO  c.netflix.discovery.DiscoveryClient - DiscoveryClient_ACCOUNTINFO-API/192.168.0.7:accountinfo-api:8082 - registration status: 204
2022-10-12 20:20:45 [Thread-19] INFO  o.a.coyote.http11.Http11NioProtocol - Pausing ProtocolHandler ["http-nio-8082"]
2022-10-12 20:20:45 [Thread-19] INFO  o.a.catalina.core.StandardService - Stopping service [Tomcat]
2022-10-12 20:20:45 [Thread-19] INFO  o.a.coyote.http11.Http11NioProtocol - Stopping ProtocolHandler ["http-nio-8082"]
2022-10-12 20:20:45 [Thread-19] INFO  o.a.coyote.http11.Http11NioProtocol - Destroying ProtocolHandler ["http-nio-8082"]
2022-10-12 20:20:45 [Thread-19] INFO  o.s.o.j.LocalContainerEntityManagerFactoryBean - Closing JPA EntityManagerFactory for persistence unit 'default'
2022-10-12 20:20:45 [Thread-19] INFO  com.zaxxer.hikari.HikariDataSource - HikariPool-4 - Shutdown initiated...
2022-10-12 20:20:45 [Thread-19] INFO  com.zaxxer.hikari.HikariDataSource - HikariPool-4 - Shutdown completed.
2022-10-12 20:20:45 [Thread-19] INFO  c.netflix.discovery.DiscoveryClient - Shutting down DiscoveryClient ...
2022-10-12 20:20:48 [Thread-19] INFO  c.netflix.discovery.DiscoveryClient - Unregistering ...
2022-10-12 20:20:48 [Thread-19] INFO  c.netflix.discovery.DiscoveryClient - DiscoveryClient_ACCOUNTINFO-API/192.168.0.7:accountinfo-api:8082 - deregister  status: 200
2022-10-12 20:20:48 [Thread-19] INFO  c.netflix.discovery.DiscoveryClient - Completed shut down of DiscoveryClient
2022-10-12 20:20:48 [restartedMain] INFO  c.capstone.AccountinfoApiApplication - Starting AccountinfoApiApplication using Java 17.0.2 on MOHAN with PID 23108 (C:\Users\mohan\Downloads\Natwest Capstone\frontend\spring-master\accountinfo-api\target\classes started by mohan in C:\Users\mohan\Downloads\Natwest Capstone\frontend\spring-master\accountinfo-api)
2022-10-12 20:20:48 [restartedMain] INFO  c.capstone.AccountinfoApiApplication - No active profile set, falling back to 1 default profile: "default"
2022-10-12 20:20:48 [restartedMain] INFO  o.s.d.r.c.RepositoryConfigurationDelegate - Bootstrapping Spring Data JPA repositories in DEFAULT mode.
2022-10-12 20:20:48 [restartedMain] INFO  o.s.d.r.c.RepositoryConfigurationDelegate - Finished Spring Data repository scanning in 10 ms. Found 1 JPA repository interfaces.
2022-10-12 20:20:48 [restartedMain] INFO  o.s.cloud.context.scope.GenericScope - BeanFactory id=2057b36b-6c2f-343d-b55b-cba8c53b7bb5
2022-10-12 20:20:49 [restartedMain] INFO  o.s.b.w.e.tomcat.TomcatWebServer - Tomcat initialized with port(s): 8082 (http)
2022-10-12 20:20:49 [restartedMain] INFO  o.a.coyote.http11.Http11NioProtocol - Initializing ProtocolHandler ["http-nio-8082"]
2022-10-12 20:20:49 [restartedMain] INFO  o.a.catalina.core.StandardService - Starting service [Tomcat]
2022-10-12 20:20:49 [restartedMain] INFO  o.a.catalina.core.StandardEngine - Starting Servlet engine: [Apache Tomcat/9.0.65]
2022-10-12 20:20:49 [restartedMain] INFO  o.a.c.c.C.[Tomcat].[localhost].[/] - Initializing Spring embedded WebApplicationContext
2022-10-12 20:20:49 [restartedMain] INFO  o.s.b.w.s.c.ServletWebServerApplicationContext - Root WebApplicationContext: initialization completed in 400 ms
2022-10-12 20:20:49 [restartedMain] INFO  o.a.catalina.core.StandardContext - Suspicious URL pattern: [/api/**] in context [], see sections 12.1 and 12.2 of the Servlet specification
2022-10-12 20:20:49 [restartedMain] INFO  o.h.jpa.internal.util.LogHelper - HHH000204: Processing PersistenceUnitInfo [name: default]
2022-10-12 20:20:49 [restartedMain] INFO  com.zaxxer.hikari.HikariDataSource - HikariPool-5 - Starting...
2022-10-12 20:20:49 [restartedMain] INFO  com.zaxxer.hikari.HikariDataSource - HikariPool-5 - Start completed.
2022-10-12 20:20:49 [restartedMain] INFO  org.hibernate.dialect.Dialect - HHH000400: Using dialect: org.hibernate.dialect.MySQL8Dialect
2022-10-12 20:20:49 [restartedMain] INFO  o.h.e.t.j.p.i.JtaPlatformInitiator - HHH000490: Using JtaPlatform implementation: [org.hibernate.engine.transaction.jta.platform.internal.NoJtaPlatform]
2022-10-12 20:20:49 [restartedMain] INFO  o.s.o.j.LocalContainerEntityManagerFactoryBean - Initialized JPA EntityManagerFactory for persistence unit 'default'
2022-10-12 20:20:49 [restartedMain] WARN  o.s.b.a.o.j.JpaBaseConfiguration$JpaWebConfiguration - spring.jpa.open-in-view is enabled by default. Therefore, database queries may be performed during view rendering. Explicitly configure spring.jpa.open-in-view to disable this warning
2022-10-12 20:20:49 [restartedMain] WARN  o.s.b.d.a.OptionalLiveReloadServer - Unable to start LiveReload server
2022-10-12 20:20:49 [restartedMain] INFO  o.s.c.n.e.c.DiscoveryClientOptionalArgsConfiguration - Eureka HTTP Client uses RestTemplate.
2022-10-12 20:20:49 [restartedMain] WARN  o.s.c.l.c.LoadBalancerCacheAutoConfiguration$LoadBalancerCaffeineWarnLogger - Spring Cloud LoadBalancer is currently working with the default cache. While this cache implementation is useful for development and tests, it's recommended to use Caffeine cache in production.You can switch to using Caffeine cache, by adding it and org.springframework.cache.caffeine.CaffeineCacheManager to the classpath.
2022-10-12 20:20:49 [restartedMain] INFO  o.s.c.n.eureka.InstanceInfoFactory - Setting initial instance status as: STARTING
2022-10-12 20:20:49 [restartedMain] INFO  c.netflix.discovery.DiscoveryClient - Initializing Eureka in region us-east-1
2022-10-12 20:20:49 [restartedMain] INFO  c.n.d.s.r.aws.ConfigClusterResolver - Resolving eureka endpoints via configuration
2022-10-12 20:20:49 [restartedMain] INFO  c.netflix.discovery.DiscoveryClient - Disable delta property : false
2022-10-12 20:20:49 [restartedMain] INFO  c.netflix.discovery.DiscoveryClient - Single vip registry refresh property : null
2022-10-12 20:20:49 [restartedMain] INFO  c.netflix.discovery.DiscoveryClient - Force full registry fetch : false
2022-10-12 20:20:49 [restartedMain] INFO  c.netflix.discovery.DiscoveryClient - Application is null : false
2022-10-12 20:20:49 [restartedMain] INFO  c.netflix.discovery.DiscoveryClient - Registered Applications size is zero : true
2022-10-12 20:20:49 [restartedMain] INFO  c.netflix.discovery.DiscoveryClient - Application version is -1: true
2022-10-12 20:20:49 [restartedMain] INFO  c.netflix.discovery.DiscoveryClient - Getting all instance registry info from the eureka server
2022-10-12 20:20:49 [restartedMain] INFO  c.netflix.discovery.DiscoveryClient - The response status is 200
2022-10-12 20:20:49 [restartedMain] INFO  c.netflix.discovery.DiscoveryClient - Starting heartbeat executor: renew interval is: 30
2022-10-12 20:20:49 [restartedMain] INFO  c.n.discovery.InstanceInfoReplicator - InstanceInfoReplicator onDemand update allowed rate per min is 4
2022-10-12 20:20:49 [restartedMain] INFO  c.netflix.discovery.DiscoveryClient - Discovery Client initialized at timestamp 1665586249859 with initial instances count: 5
2022-10-12 20:20:49 [restartedMain] INFO  o.s.c.n.e.s.EurekaServiceRegistry - Registering application ACCOUNTINFO-API with eureka with status UP
2022-10-12 20:20:49 [restartedMain] INFO  c.netflix.discovery.DiscoveryClient - Saw local status change event StatusChangeEvent [timestamp=1665586249860, current=UP, previous=STARTING]
2022-10-12 20:20:49 [DiscoveryClient-InstanceInfoReplicator-0] INFO  c.netflix.discovery.DiscoveryClient - DiscoveryClient_ACCOUNTINFO-API/192.168.0.7:accountinfo-api:8082: registering service...
2022-10-12 20:20:49 [restartedMain] INFO  o.a.coyote.http11.Http11NioProtocol - Starting ProtocolHandler ["http-nio-8082"]
2022-10-12 20:20:49 [restartedMain] INFO  o.s.b.w.e.tomcat.TomcatWebServer - Tomcat started on port(s): 8082 (http) with context path ''
2022-10-12 20:20:49 [restartedMain] INFO  o.s.c.n.e.s.EurekaAutoServiceRegistration - Updating port to 8082
2022-10-12 20:20:49 [DiscoveryClient-InstanceInfoReplicator-0] INFO  c.netflix.discovery.DiscoveryClient - DiscoveryClient_ACCOUNTINFO-API/192.168.0.7:accountinfo-api:8082 - registration status: 204
2022-10-12 20:20:49 [restartedMain] INFO  c.capstone.AccountinfoApiApplication - Started AccountinfoApiApplication in 1.396 seconds (JVM running for 1256.813)
2022-10-12 20:20:49 [restartedMain] INFO  o.s.b.d.a.ConditionEvaluationDeltaLoggingListener - Condition evaluation unchanged
2022-10-12 20:20:57 [http-nio-8082-exec-1] INFO  o.a.c.c.C.[Tomcat].[localhost].[/] - Initializing Spring DispatcherServlet 'dispatcherServlet'
2022-10-12 20:20:57 [http-nio-8082-exec-1] INFO  o.s.web.servlet.DispatcherServlet - Initializing Servlet 'dispatcherServlet'
2022-10-12 20:20:57 [http-nio-8082-exec-1] INFO  o.s.web.servlet.DispatcherServlet - Completed initialization in 1 ms
2022-10-12 20:22:31 [http-nio-8082-exec-6] INFO  com.capstone.aspect.LoggerAspect - Method name: com.capstone.controller.accountinfoController
2022-10-12 20:22:31 [http-nio-8082-exec-6] INFO  com.capstone.aspect.LoggerAspect - Method arguments:[Ljava.lang.Object;@6fc53bd7
2022-10-12 20:22:31 [http-nio-8082-exec-6] INFO  com.capstone.aspect.LoggerAspect - *************************************
2022-10-12 20:22:31 [http-nio-8082-exec-6] INFO  com.capstone.aspect.LoggerAspect - Method name: com.capstone.service.accountinfoServiceImpl
2022-10-12 20:22:31 [http-nio-8082-exec-6] INFO  com.capstone.aspect.LoggerAspect - Method arguments:[Ljava.lang.Object;@c3b9f1f
2022-10-12 20:22:31 [http-nio-8082-exec-6] INFO  com.capstone.aspect.LoggerAspect - *************************************
2022-10-12 20:22:32 [http-nio-8082-exec-6] INFO  com.capstone.aspect.LoggerAspect - During: class com.capstone.service.accountinfoServiceImpl.getAcountsByCustId() with arguments=[accountinfo [accno=202200011, custid=202200001, branch_name=Bengaluru, ifsc=NATW000123, savingsamount=600000.0], accountinfo [accno=202200012, custid=202200001, branch_name=Bengaluru, ifsc=NATW000123, savingsamount=50000.0]]
2022-10-12 20:22:32 [http-nio-8082-exec-6] INFO  com.capstone.aspect.LoggerAspect - *************************************
2022-10-12 20:22:32 [http-nio-8082-exec-6] INFO  com.capstone.aspect.LoggerAspect - During: class com.capstone.controller.accountinfoController.getsavingsAccount() with arguments=[accountinfo [accno=202200011, custid=202200001, branch_name=Bengaluru, ifsc=NATW000123, savingsamount=600000.0], accountinfo [accno=202200012, custid=202200001, branch_name=Bengaluru, ifsc=NATW000123, savingsamount=50000.0]]
2022-10-12 20:22:32 [http-nio-8082-exec-6] INFO  com.capstone.aspect.LoggerAspect - *************************************
2022-10-12 20:22:57 [http-nio-8082-exec-8] INFO  com.capstone.aspect.LoggerAspect - Method name: com.capstone.controller.accountinfoController
2022-10-12 20:22:57 [http-nio-8082-exec-8] INFO  com.capstone.aspect.LoggerAspect - Method arguments:[Ljava.lang.Object;@3f68a84
2022-10-12 20:22:57 [http-nio-8082-exec-8] INFO  com.capstone.aspect.LoggerAspect - *************************************
2022-10-12 20:22:57 [http-nio-8082-exec-8] INFO  com.capstone.aspect.LoggerAspect - Method name: com.capstone.service.accountinfoServiceImpl
2022-10-12 20:22:57 [http-nio-8082-exec-8] INFO  com.capstone.aspect.LoggerAspect - Method arguments:[Ljava.lang.Object;@73238a77
2022-10-12 20:22:57 [http-nio-8082-exec-8] INFO  com.capstone.aspect.LoggerAspect - *************************************
2022-10-12 20:22:57 [http-nio-8082-exec-8] INFO  com.capstone.aspect.LoggerAspect - During: class com.capstone.service.accountinfoServiceImpl.getAcountsByCustId() with arguments=[accountinfo [accno=202200011, custid=202200001, branch_name=Bengaluru, ifsc=NATW000123, savingsamount=600000.0], accountinfo [accno=202200012, custid=202200001, branch_name=Bengaluru, ifsc=NATW000123, savingsamount=50000.0]]
2022-10-12 20:22:57 [http-nio-8082-exec-8] INFO  com.capstone.aspect.LoggerAspect - *************************************
2022-10-12 20:22:57 [http-nio-8082-exec-8] INFO  com.capstone.aspect.LoggerAspect - During: class com.capstone.controller.accountinfoController.getsavingsAccount() with arguments=[accountinfo [accno=202200011, custid=202200001, branch_name=Bengaluru, ifsc=NATW000123, savingsamount=600000.0], accountinfo [accno=202200012, custid=202200001, branch_name=Bengaluru, ifsc=NATW000123, savingsamount=50000.0]]
2022-10-12 20:22:57 [http-nio-8082-exec-8] INFO  com.capstone.aspect.LoggerAspect - *************************************
2022-10-12 20:24:00 [http-nio-8082-exec-1] INFO  com.capstone.aspect.LoggerAspect - Method name: com.capstone.controller.accountinfoController
2022-10-12 20:24:00 [http-nio-8082-exec-1] INFO  com.capstone.aspect.LoggerAspect - Method arguments:[Ljava.lang.Object;@2d10d9f4
2022-10-12 20:24:00 [http-nio-8082-exec-1] INFO  com.capstone.aspect.LoggerAspect - *************************************
2022-10-12 20:24:00 [http-nio-8082-exec-1] INFO  com.capstone.aspect.LoggerAspect - Method name: com.capstone.service.accountinfoServiceImpl
2022-10-12 20:24:00 [http-nio-8082-exec-1] INFO  com.capstone.aspect.LoggerAspect - Method arguments:[Ljava.lang.Object;@292f588e
2022-10-12 20:24:00 [http-nio-8082-exec-1] INFO  com.capstone.aspect.LoggerAspect - *************************************
2022-10-12 20:24:00 [http-nio-8082-exec-1] INFO  com.capstone.aspect.LoggerAspect - During: class com.capstone.service.accountinfoServiceImpl.getAcountsByCustId() with arguments=[accountinfo [accno=202200011, custid=202200001, branch_name=Bengaluru, ifsc=NATW000123, savingsamount=600000.0], accountinfo [accno=202200012, custid=202200001, branch_name=Bengaluru, ifsc=NATW000123, savingsamount=50000.0]]
2022-10-12 20:24:00 [http-nio-8082-exec-1] INFO  com.capstone.aspect.LoggerAspect - *************************************
2022-10-12 20:24:00 [http-nio-8082-exec-1] INFO  com.capstone.aspect.LoggerAspect - During: class com.capstone.controller.accountinfoController.getsavingsAccount() with arguments=[accountinfo [accno=202200011, custid=202200001, branch_name=Bengaluru, ifsc=NATW000123, savingsamount=600000.0], accountinfo [accno=202200012, custid=202200001, branch_name=Bengaluru, ifsc=NATW000123, savingsamount=50000.0]]
2022-10-12 20:24:00 [http-nio-8082-exec-1] INFO  com.capstone.aspect.LoggerAspect - *************************************
