2022-10-11 00:25:13 [restartedMain] INFO  c.capstone.AccountinfoApiApplication - Starting AccountinfoApiApplication using Java 17.0.2 on MOHAN with PID 20744 (C:\Users\mohan\Downloads\Natwest Capstone\frontend\spring-master\accountinfo-api\target\classes started by mohan in C:\Users\mohan\Downloads\Natwest Capstone\frontend\spring-master\accountinfo-api)
2022-10-11 00:25:13 [restartedMain] INFO  c.capstone.AccountinfoApiApplication - No active profile set, falling back to 1 default profile: "default"
2022-10-11 00:25:13 [restartedMain] INFO  o.s.b.d.e.DevToolsPropertyDefaultsPostProcessor - Devtools property defaults active! Set 'spring.devtools.add-properties' to 'false' to disable
2022-10-11 00:25:13 [restartedMain] INFO  o.s.b.d.e.DevToolsPropertyDefaultsPostProcessor - For additional web related logging consider setting the 'logging.level.web' property to 'DEBUG'
2022-10-11 00:25:13 [restartedMain] INFO  o.s.d.r.c.RepositoryConfigurationDelegate - Bootstrapping Spring Data JPA repositories in DEFAULT mode.
2022-10-11 00:25:13 [restartedMain] INFO  o.s.d.r.c.RepositoryConfigurationDelegate - Finished Spring Data repository scanning in 113 ms. Found 1 JPA repository interfaces.
2022-10-11 00:25:14 [restartedMain] INFO  o.s.cloud.context.scope.GenericScope - BeanFactory id=80e22aa9-6604-32e7-b6ae-ac90364d09a9
2022-10-11 00:25:14 [restartedMain] INFO  o.s.b.w.e.tomcat.TomcatWebServer - Tomcat initialized with port(s): 8082 (http)
2022-10-11 00:25:14 [restartedMain] INFO  o.a.coyote.http11.Http11NioProtocol - Initializing ProtocolHandler ["http-nio-8082"]
2022-10-11 00:25:14 [restartedMain] INFO  o.a.catalina.core.StandardService - Starting service [Tomcat]
2022-10-11 00:25:14 [restartedMain] INFO  o.a.catalina.core.StandardEngine - Starting Servlet engine: [Apache Tomcat/9.0.65]
2022-10-11 00:25:14 [restartedMain] INFO  o.a.c.c.C.[Tomcat].[localhost].[/] - Initializing Spring embedded WebApplicationContext
2022-10-11 00:25:14 [restartedMain] INFO  o.s.b.w.s.c.ServletWebServerApplicationContext - Root WebApplicationContext: initialization completed in 1675 ms
2022-10-11 00:25:15 [restartedMain] INFO  o.h.jpa.internal.util.LogHelper - HHH000204: Processing PersistenceUnitInfo [name: default]
2022-10-11 00:25:15 [restartedMain] INFO  org.hibernate.Version - HHH000412: Hibernate ORM core version 5.6.11.Final
2022-10-11 00:25:15 [restartedMain] INFO  o.h.annotations.common.Version - HCANN000001: Hibernate Commons Annotations {5.1.2.Final}
2022-10-11 00:25:15 [restartedMain] INFO  com.zaxxer.hikari.HikariDataSource - HikariPool-1 - Starting...
2022-10-11 00:25:15 [restartedMain] INFO  com.zaxxer.hikari.HikariDataSource - HikariPool-1 - Start completed.
2022-10-11 00:25:15 [restartedMain] INFO  org.hibernate.dialect.Dialect - HHH000400: Using dialect: org.hibernate.dialect.MySQL8Dialect
2022-10-11 00:25:16 [restartedMain] INFO  o.h.e.t.j.p.i.JtaPlatformInitiator - HHH000490: Using JtaPlatform implementation: [org.hibernate.engine.transaction.jta.platform.internal.NoJtaPlatform]
2022-10-11 00:25:16 [restartedMain] INFO  o.s.o.j.LocalContainerEntityManagerFactoryBean - Initialized JPA EntityManagerFactory for persistence unit 'default'
2022-10-11 00:25:16 [restartedMain] WARN  o.s.b.a.o.j.JpaBaseConfiguration$JpaWebConfiguration - spring.jpa.open-in-view is enabled by default. Therefore, database queries may be performed during view rendering. Explicitly configure spring.jpa.open-in-view to disable this warning
2022-10-11 00:25:17 [restartedMain] WARN  o.s.b.d.a.OptionalLiveReloadServer - Unable to start LiveReload server
2022-10-11 00:25:17 [restartedMain] INFO  o.s.c.n.e.c.DiscoveryClientOptionalArgsConfiguration - Eureka HTTP Client uses RestTemplate.
2022-10-11 00:25:17 [restartedMain] WARN  o.s.c.l.c.LoadBalancerCacheAutoConfiguration$LoadBalancerCaffeineWarnLogger - Spring Cloud LoadBalancer is currently working with the default cache. While this cache implementation is useful for development and tests, it's recommended to use Caffeine cache in production.You can switch to using Caffeine cache, by adding it and org.springframework.cache.caffeine.CaffeineCacheManager to the classpath.
2022-10-11 00:25:17 [restartedMain] INFO  o.s.c.n.eureka.InstanceInfoFactory - Setting initial instance status as: STARTING
2022-10-11 00:25:17 [restartedMain] INFO  c.netflix.discovery.DiscoveryClient - Initializing Eureka in region us-east-1
2022-10-11 00:25:17 [restartedMain] INFO  c.n.d.s.r.aws.ConfigClusterResolver - Resolving eureka endpoints via configuration
2022-10-11 00:25:17 [restartedMain] INFO  c.netflix.discovery.DiscoveryClient - Disable delta property : false
2022-10-11 00:25:17 [restartedMain] INFO  c.netflix.discovery.DiscoveryClient - Single vip registry refresh property : null
2022-10-11 00:25:17 [restartedMain] INFO  c.netflix.discovery.DiscoveryClient - Force full registry fetch : false
2022-10-11 00:25:17 [restartedMain] INFO  c.netflix.discovery.DiscoveryClient - Application is null : false
2022-10-11 00:25:17 [restartedMain] INFO  c.netflix.discovery.DiscoveryClient - Registered Applications size is zero : true
2022-10-11 00:25:17 [restartedMain] INFO  c.netflix.discovery.DiscoveryClient - Application version is -1: true
2022-10-11 00:25:17 [restartedMain] INFO  c.netflix.discovery.DiscoveryClient - Getting all instance registry info from the eureka server
2022-10-11 00:25:17 [restartedMain] INFO  c.netflix.discovery.DiscoveryClient - The response status is 200
2022-10-11 00:25:17 [restartedMain] INFO  c.netflix.discovery.DiscoveryClient - Starting heartbeat executor: renew interval is: 30
2022-10-11 00:25:17 [restartedMain] INFO  c.n.discovery.InstanceInfoReplicator - InstanceInfoReplicator onDemand update allowed rate per min is 4
2022-10-11 00:25:17 [restartedMain] INFO  c.netflix.discovery.DiscoveryClient - Discovery Client initialized at timestamp 1665428117784 with initial instances count: 2
2022-10-11 00:25:17 [restartedMain] INFO  o.s.c.n.e.s.EurekaServiceRegistry - Registering application USERINFO-API with eureka with status UP
2022-10-11 00:25:17 [restartedMain] INFO  c.netflix.discovery.DiscoveryClient - Saw local status change event StatusChangeEvent [timestamp=1665428117787, current=UP, previous=STARTING]
2022-10-11 00:25:17 [DiscoveryClient-InstanceInfoReplicator-0] INFO  c.netflix.discovery.DiscoveryClient - DiscoveryClient_USERINFO-API/192.168.0.4:userinfo-api:8082: registering service...
2022-10-11 00:25:17 [restartedMain] INFO  o.a.coyote.http11.Http11NioProtocol - Starting ProtocolHandler ["http-nio-8082"]
2022-10-11 00:25:17 [restartedMain] INFO  o.s.b.w.e.tomcat.TomcatWebServer - Tomcat started on port(s): 8082 (http) with context path ''
2022-10-11 00:25:17 [restartedMain] INFO  o.s.c.n.e.s.EurekaAutoServiceRegistration - Updating port to 8082
2022-10-11 00:25:17 [DiscoveryClient-InstanceInfoReplicator-0] INFO  c.netflix.discovery.DiscoveryClient - DiscoveryClient_USERINFO-API/192.168.0.4:userinfo-api:8082 - registration status: 204
2022-10-11 00:25:17 [restartedMain] INFO  c.capstone.AccountinfoApiApplication - Started AccountinfoApiApplication in 5.203 seconds (JVM running for 6.052)
2022-10-11 00:25:42 [File Watcher] INFO  o.s.b.d.a.LocalDevToolsAutoConfiguration$RestartingClassPathChangeChangedEventListener - Restarting due to 1 class path change (0 additions, 0 deletions, 1 modification)
2022-10-11 00:25:42 [Thread-1] INFO  o.s.c.n.e.s.EurekaServiceRegistry - Unregistering application USERINFO-API with eureka with status DOWN
2022-10-11 00:25:42 [Thread-1] INFO  c.netflix.discovery.DiscoveryClient - Saw local status change event StatusChangeEvent [timestamp=1665428142072, current=DOWN, previous=UP]
2022-10-11 00:25:42 [DiscoveryClient-InstanceInfoReplicator-0] INFO  c.netflix.discovery.DiscoveryClient - DiscoveryClient_USERINFO-API/192.168.0.4:userinfo-api:8082: registering service...
2022-10-11 00:25:42 [DiscoveryClient-InstanceInfoReplicator-0] INFO  c.netflix.discovery.DiscoveryClient - DiscoveryClient_USERINFO-API/192.168.0.4:userinfo-api:8082 - registration status: 204
2022-10-11 00:25:42 [Thread-1] INFO  o.a.coyote.http11.Http11NioProtocol - Pausing ProtocolHandler ["http-nio-8082"]
2022-10-11 00:25:42 [Thread-1] INFO  o.a.catalina.core.StandardService - Stopping service [Tomcat]
2022-10-11 00:25:42 [Thread-1] INFO  o.a.coyote.http11.Http11NioProtocol - Stopping ProtocolHandler ["http-nio-8082"]
2022-10-11 00:25:42 [Thread-1] INFO  o.a.coyote.http11.Http11NioProtocol - Destroying ProtocolHandler ["http-nio-8082"]
2022-10-11 00:25:42 [Thread-1] INFO  o.s.o.j.LocalContainerEntityManagerFactoryBean - Closing JPA EntityManagerFactory for persistence unit 'default'
2022-10-11 00:25:42 [Thread-1] INFO  com.zaxxer.hikari.HikariDataSource - HikariPool-1 - Shutdown initiated...
2022-10-11 00:25:42 [Thread-1] INFO  com.zaxxer.hikari.HikariDataSource - HikariPool-1 - Shutdown completed.
2022-10-11 00:25:42 [Thread-1] INFO  c.netflix.discovery.DiscoveryClient - Shutting down DiscoveryClient ...
2022-10-11 00:25:45 [Thread-1] INFO  c.netflix.discovery.DiscoveryClient - Unregistering ...
2022-10-11 00:25:45 [Thread-1] INFO  c.netflix.discovery.DiscoveryClient - DiscoveryClient_USERINFO-API/192.168.0.4:userinfo-api:8082 - deregister  status: 200
2022-10-11 00:25:45 [Thread-1] INFO  c.netflix.discovery.DiscoveryClient - Completed shut down of DiscoveryClient
2022-10-11 00:25:45 [restartedMain] INFO  c.capstone.AccountinfoApiApplication - Starting AccountinfoApiApplication using Java 17.0.2 on MOHAN with PID 20744 (C:\Users\mohan\Downloads\Natwest Capstone\frontend\spring-master\accountinfo-api\target\classes started by mohan in C:\Users\mohan\Downloads\Natwest Capstone\frontend\spring-master\accountinfo-api)
2022-10-11 00:25:45 [restartedMain] INFO  c.capstone.AccountinfoApiApplication - No active profile set, falling back to 1 default profile: "default"
2022-10-11 00:25:45 [restartedMain] INFO  o.s.d.r.c.RepositoryConfigurationDelegate - Bootstrapping Spring Data JPA repositories in DEFAULT mode.
2022-10-11 00:25:45 [restartedMain] INFO  o.s.d.r.c.RepositoryConfigurationDelegate - Finished Spring Data repository scanning in 9 ms. Found 1 JPA repository interfaces.
2022-10-11 00:25:45 [restartedMain] INFO  o.s.cloud.context.scope.GenericScope - BeanFactory id=80e22aa9-6604-32e7-b6ae-ac90364d09a9
2022-10-11 00:25:45 [restartedMain] INFO  o.s.b.w.e.tomcat.TomcatWebServer - Tomcat initialized with port(s): 8082 (http)
2022-10-11 00:25:45 [restartedMain] INFO  o.a.coyote.http11.Http11NioProtocol - Initializing ProtocolHandler ["http-nio-8082"]
2022-10-11 00:25:45 [restartedMain] INFO  o.a.catalina.core.StandardService - Starting service [Tomcat]
2022-10-11 00:25:45 [restartedMain] INFO  o.a.catalina.core.StandardEngine - Starting Servlet engine: [Apache Tomcat/9.0.65]
2022-10-11 00:25:45 [restartedMain] INFO  o.a.c.c.C.[Tomcat].[localhost].[/] - Initializing Spring embedded WebApplicationContext
2022-10-11 00:25:45 [restartedMain] INFO  o.s.b.w.s.c.ServletWebServerApplicationContext - Root WebApplicationContext: initialization completed in 286 ms
2022-10-11 00:25:45 [restartedMain] INFO  o.h.jpa.internal.util.LogHelper - HHH000204: Processing PersistenceUnitInfo [name: default]
2022-10-11 00:25:45 [restartedMain] INFO  com.zaxxer.hikari.HikariDataSource - HikariPool-2 - Starting...
2022-10-11 00:25:45 [restartedMain] INFO  com.zaxxer.hikari.HikariDataSource - HikariPool-2 - Start completed.
2022-10-11 00:25:45 [restartedMain] INFO  org.hibernate.dialect.Dialect - HHH000400: Using dialect: org.hibernate.dialect.MySQL8Dialect
2022-10-11 00:25:45 [restartedMain] INFO  o.h.e.t.j.p.i.JtaPlatformInitiator - HHH000490: Using JtaPlatform implementation: [org.hibernate.engine.transaction.jta.platform.internal.NoJtaPlatform]
2022-10-11 00:25:45 [restartedMain] INFO  o.s.o.j.LocalContainerEntityManagerFactoryBean - Initialized JPA EntityManagerFactory for persistence unit 'default'
2022-10-11 00:25:45 [restartedMain] WARN  o.s.b.a.o.j.JpaBaseConfiguration$JpaWebConfiguration - spring.jpa.open-in-view is enabled by default. Therefore, database queries may be performed during view rendering. Explicitly configure spring.jpa.open-in-view to disable this warning
2022-10-11 00:25:46 [restartedMain] WARN  o.s.b.d.a.OptionalLiveReloadServer - Unable to start LiveReload server
2022-10-11 00:25:46 [restartedMain] INFO  o.s.c.n.e.c.DiscoveryClientOptionalArgsConfiguration - Eureka HTTP Client uses RestTemplate.
2022-10-11 00:25:46 [restartedMain] WARN  o.s.c.l.c.LoadBalancerCacheAutoConfiguration$LoadBalancerCaffeineWarnLogger - Spring Cloud LoadBalancer is currently working with the default cache. While this cache implementation is useful for development and tests, it's recommended to use Caffeine cache in production.You can switch to using Caffeine cache, by adding it and org.springframework.cache.caffeine.CaffeineCacheManager to the classpath.
2022-10-11 00:25:46 [restartedMain] INFO  o.s.c.n.eureka.InstanceInfoFactory - Setting initial instance status as: STARTING
2022-10-11 00:25:46 [restartedMain] INFO  c.netflix.discovery.DiscoveryClient - Initializing Eureka in region us-east-1
2022-10-11 00:25:46 [restartedMain] INFO  c.n.d.s.r.aws.ConfigClusterResolver - Resolving eureka endpoints via configuration
2022-10-11 00:25:46 [restartedMain] INFO  c.netflix.discovery.DiscoveryClient - Disable delta property : false
2022-10-11 00:25:46 [restartedMain] INFO  c.netflix.discovery.DiscoveryClient - Single vip registry refresh property : null
2022-10-11 00:25:46 [restartedMain] INFO  c.netflix.discovery.DiscoveryClient - Force full registry fetch : false
2022-10-11 00:25:46 [restartedMain] INFO  c.netflix.discovery.DiscoveryClient - Application is null : false
2022-10-11 00:25:46 [restartedMain] INFO  c.netflix.discovery.DiscoveryClient - Registered Applications size is zero : true
2022-10-11 00:25:46 [restartedMain] INFO  c.netflix.discovery.DiscoveryClient - Application version is -1: true
2022-10-11 00:25:46 [restartedMain] INFO  c.netflix.discovery.DiscoveryClient - Getting all instance registry info from the eureka server
2022-10-11 00:25:46 [restartedMain] INFO  c.netflix.discovery.DiscoveryClient - The response status is 200
2022-10-11 00:25:46 [restartedMain] INFO  c.netflix.discovery.DiscoveryClient - Starting heartbeat executor: renew interval is: 30
2022-10-11 00:25:46 [restartedMain] INFO  c.n.discovery.InstanceInfoReplicator - InstanceInfoReplicator onDemand update allowed rate per min is 4
2022-10-11 00:25:46 [restartedMain] INFO  c.netflix.discovery.DiscoveryClient - Discovery Client initialized at timestamp 1665428146398 with initial instances count: 3
2022-10-11 00:25:46 [restartedMain] INFO  o.s.c.n.e.s.EurekaServiceRegistry - Registering application ACCOUNT-API with eureka with status UP
2022-10-11 00:25:46 [restartedMain] INFO  c.netflix.discovery.DiscoveryClient - Saw local status change event StatusChangeEvent [timestamp=1665428146399, current=UP, previous=STARTING]
2022-10-11 00:25:46 [DiscoveryClient-InstanceInfoReplicator-0] INFO  c.netflix.discovery.DiscoveryClient - DiscoveryClient_ACCOUNT-API/192.168.0.4:account-api:8082: registering service...
2022-10-11 00:25:46 [restartedMain] INFO  o.a.coyote.http11.Http11NioProtocol - Starting ProtocolHandler ["http-nio-8082"]
2022-10-11 00:25:46 [restartedMain] INFO  o.s.b.w.e.tomcat.TomcatWebServer - Tomcat started on port(s): 8082 (http) with context path ''
2022-10-11 00:25:46 [restartedMain] INFO  o.s.c.n.e.s.EurekaAutoServiceRegistration - Updating port to 8082
2022-10-11 00:25:46 [DiscoveryClient-InstanceInfoReplicator-0] INFO  c.netflix.discovery.DiscoveryClient - DiscoveryClient_ACCOUNT-API/192.168.0.4:account-api:8082 - registration status: 204
2022-10-11 00:25:46 [restartedMain] INFO  c.capstone.AccountinfoApiApplication - Started AccountinfoApiApplication in 1.081 seconds (JVM running for 34.627)
2022-10-11 00:25:57 [File Watcher] INFO  o.s.b.d.a.LocalDevToolsAutoConfiguration$RestartingClassPathChangeChangedEventListener - Restarting due to 4 class path changes (0 additions, 0 deletions, 4 modifications)
2022-10-11 00:25:57 [Thread-7] INFO  o.s.c.n.e.s.EurekaServiceRegistry - Unregistering application ACCOUNT-API with eureka with status DOWN
2022-10-11 00:25:57 [Thread-7] INFO  c.netflix.discovery.DiscoveryClient - Saw local status change event StatusChangeEvent [timestamp=1665428157168, current=DOWN, previous=UP]
2022-10-11 00:25:57 [DiscoveryClient-InstanceInfoReplicator-0] INFO  c.netflix.discovery.DiscoveryClient - DiscoveryClient_ACCOUNT-API/192.168.0.4:account-api:8082: registering service...
2022-10-11 00:25:57 [DiscoveryClient-InstanceInfoReplicator-0] INFO  c.netflix.discovery.DiscoveryClient - DiscoveryClient_ACCOUNT-API/192.168.0.4:account-api:8082 - registration status: 204
2022-10-11 00:25:57 [Thread-7] INFO  o.a.coyote.http11.Http11NioProtocol - Pausing ProtocolHandler ["http-nio-8082"]
2022-10-11 00:25:57 [Thread-7] INFO  o.a.catalina.core.StandardService - Stopping service [Tomcat]
2022-10-11 00:25:57 [Thread-7] INFO  o.a.coyote.http11.Http11NioProtocol - Stopping ProtocolHandler ["http-nio-8082"]
2022-10-11 00:25:57 [Thread-7] INFO  o.a.coyote.http11.Http11NioProtocol - Destroying ProtocolHandler ["http-nio-8082"]
2022-10-11 00:25:57 [Thread-7] INFO  o.s.o.j.LocalContainerEntityManagerFactoryBean - Closing JPA EntityManagerFactory for persistence unit 'default'
2022-10-11 00:25:57 [Thread-7] INFO  com.zaxxer.hikari.HikariDataSource - HikariPool-2 - Shutdown initiated...
2022-10-11 00:25:57 [Thread-7] INFO  com.zaxxer.hikari.HikariDataSource - HikariPool-2 - Shutdown completed.
2022-10-11 00:25:57 [Thread-7] INFO  c.netflix.discovery.DiscoveryClient - Shutting down DiscoveryClient ...
2022-10-11 00:26:00 [Thread-7] INFO  c.netflix.discovery.DiscoveryClient - Unregistering ...
2022-10-11 00:26:00 [Thread-7] INFO  c.netflix.discovery.DiscoveryClient - DiscoveryClient_ACCOUNT-API/192.168.0.4:account-api:8082 - deregister  status: 200
2022-10-11 00:26:00 [Thread-7] INFO  c.netflix.discovery.DiscoveryClient - Completed shut down of DiscoveryClient
2022-10-11 00:26:00 [restartedMain] INFO  c.capstone.AccountinfoApiApplication - Starting AccountinfoApiApplication using Java 17.0.2 on MOHAN with PID 20744 (C:\Users\mohan\Downloads\Natwest Capstone\frontend\spring-master\accountinfo-api\target\classes started by mohan in C:\Users\mohan\Downloads\Natwest Capstone\frontend\spring-master\accountinfo-api)
2022-10-11 00:26:00 [restartedMain] INFO  c.capstone.AccountinfoApiApplication - No active profile set, falling back to 1 default profile: "default"
2022-10-11 00:26:00 [restartedMain] INFO  o.s.d.r.c.RepositoryConfigurationDelegate - Bootstrapping Spring Data JPA repositories in DEFAULT mode.
2022-10-11 00:26:00 [restartedMain] INFO  o.s.d.r.c.RepositoryConfigurationDelegate - Finished Spring Data repository scanning in 7 ms. Found 1 JPA repository interfaces.
2022-10-11 00:26:00 [restartedMain] INFO  o.s.cloud.context.scope.GenericScope - BeanFactory id=80e22aa9-6604-32e7-b6ae-ac90364d09a9
2022-10-11 00:26:00 [restartedMain] INFO  o.s.b.w.e.tomcat.TomcatWebServer - Tomcat initialized with port(s): 8082 (http)
2022-10-11 00:26:00 [restartedMain] INFO  o.a.coyote.http11.Http11NioProtocol - Initializing ProtocolHandler ["http-nio-8082"]
2022-10-11 00:26:00 [restartedMain] INFO  o.a.catalina.core.StandardService - Starting service [Tomcat]
2022-10-11 00:26:00 [restartedMain] INFO  o.a.catalina.core.StandardEngine - Starting Servlet engine: [Apache Tomcat/9.0.65]
2022-10-11 00:26:00 [restartedMain] INFO  o.a.c.c.C.[Tomcat].[localhost].[/] - Initializing Spring embedded WebApplicationContext
2022-10-11 00:26:00 [restartedMain] INFO  o.s.b.w.s.c.ServletWebServerApplicationContext - Root WebApplicationContext: initialization completed in 287 ms
2022-10-11 00:26:00 [restartedMain] INFO  o.h.jpa.internal.util.LogHelper - HHH000204: Processing PersistenceUnitInfo [name: default]
2022-10-11 00:26:00 [restartedMain] INFO  com.zaxxer.hikari.HikariDataSource - HikariPool-3 - Starting...
2022-10-11 00:26:00 [restartedMain] INFO  com.zaxxer.hikari.HikariDataSource - HikariPool-3 - Start completed.
2022-10-11 00:26:00 [restartedMain] INFO  org.hibernate.dialect.Dialect - HHH000400: Using dialect: org.hibernate.dialect.MySQL8Dialect
2022-10-11 00:26:00 [restartedMain] INFO  o.h.e.t.j.p.i.JtaPlatformInitiator - HHH000490: Using JtaPlatform implementation: [org.hibernate.engine.transaction.jta.platform.internal.NoJtaPlatform]
2022-10-11 00:26:00 [restartedMain] INFO  o.s.o.j.LocalContainerEntityManagerFactoryBean - Initialized JPA EntityManagerFactory for persistence unit 'default'
2022-10-11 00:26:00 [restartedMain] WARN  o.s.b.a.o.j.JpaBaseConfiguration$JpaWebConfiguration - spring.jpa.open-in-view is enabled by default. Therefore, database queries may be performed during view rendering. Explicitly configure spring.jpa.open-in-view to disable this warning
2022-10-11 00:26:01 [restartedMain] WARN  o.s.b.d.a.OptionalLiveReloadServer - Unable to start LiveReload server
2022-10-11 00:26:01 [restartedMain] INFO  o.s.c.n.e.c.DiscoveryClientOptionalArgsConfiguration - Eureka HTTP Client uses RestTemplate.
2022-10-11 00:26:01 [restartedMain] WARN  o.s.c.l.c.LoadBalancerCacheAutoConfiguration$LoadBalancerCaffeineWarnLogger - Spring Cloud LoadBalancer is currently working with the default cache. While this cache implementation is useful for development and tests, it's recommended to use Caffeine cache in production.You can switch to using Caffeine cache, by adding it and org.springframework.cache.caffeine.CaffeineCacheManager to the classpath.
2022-10-11 00:26:01 [restartedMain] INFO  o.s.c.n.eureka.InstanceInfoFactory - Setting initial instance status as: STARTING
2022-10-11 00:26:01 [restartedMain] INFO  c.netflix.discovery.DiscoveryClient - Initializing Eureka in region us-east-1
2022-10-11 00:26:01 [restartedMain] INFO  c.n.d.s.r.aws.ConfigClusterResolver - Resolving eureka endpoints via configuration
2022-10-11 00:26:01 [restartedMain] INFO  c.netflix.discovery.DiscoveryClient - Disable delta property : false
2022-10-11 00:26:01 [restartedMain] INFO  c.netflix.discovery.DiscoveryClient - Single vip registry refresh property : null
2022-10-11 00:26:01 [restartedMain] INFO  c.netflix.discovery.DiscoveryClient - Force full registry fetch : false
2022-10-11 00:26:01 [restartedMain] INFO  c.netflix.discovery.DiscoveryClient - Application is null : false
2022-10-11 00:26:01 [restartedMain] INFO  c.netflix.discovery.DiscoveryClient - Registered Applications size is zero : true
2022-10-11 00:26:01 [restartedMain] INFO  c.netflix.discovery.DiscoveryClient - Application version is -1: true
2022-10-11 00:26:01 [restartedMain] INFO  c.netflix.discovery.DiscoveryClient - Getting all instance registry info from the eureka server
2022-10-11 00:26:01 [restartedMain] INFO  c.netflix.discovery.DiscoveryClient - The response status is 200
2022-10-11 00:26:01 [restartedMain] INFO  c.netflix.discovery.DiscoveryClient - Starting heartbeat executor: renew interval is: 30
2022-10-11 00:26:01 [restartedMain] INFO  c.n.discovery.InstanceInfoReplicator - InstanceInfoReplicator onDemand update allowed rate per min is 4
2022-10-11 00:26:01 [restartedMain] INFO  c.netflix.discovery.DiscoveryClient - Discovery Client initialized at timestamp 1665428161337 with initial instances count: 3
2022-10-11 00:26:01 [restartedMain] INFO  o.s.c.n.e.s.EurekaServiceRegistry - Registering application ACCOUNTINFO-API with eureka with status UP
2022-10-11 00:26:01 [restartedMain] INFO  c.netflix.discovery.DiscoveryClient - Saw local status change event StatusChangeEvent [timestamp=1665428161338, current=UP, previous=STARTING]
2022-10-11 00:26:01 [DiscoveryClient-InstanceInfoReplicator-0] INFO  c.netflix.discovery.DiscoveryClient - DiscoveryClient_ACCOUNTINFO-API/192.168.0.4:accountinfo-api:8082: registering service...
2022-10-11 00:26:01 [restartedMain] INFO  o.a.coyote.http11.Http11NioProtocol - Starting ProtocolHandler ["http-nio-8082"]
2022-10-11 00:26:01 [restartedMain] INFO  o.s.b.w.e.tomcat.TomcatWebServer - Tomcat started on port(s): 8082 (http) with context path ''
2022-10-11 00:26:01 [restartedMain] INFO  o.s.c.n.e.s.EurekaAutoServiceRegistration - Updating port to 8082
2022-10-11 00:26:01 [DiscoveryClient-InstanceInfoReplicator-0] INFO  c.netflix.discovery.DiscoveryClient - DiscoveryClient_ACCOUNTINFO-API/192.168.0.4:accountinfo-api:8082 - registration status: 204
2022-10-11 00:26:01 [restartedMain] INFO  c.capstone.AccountinfoApiApplication - Started AccountinfoApiApplication in 1.093 seconds (JVM running for 49.57)
2022-10-11 00:31:01 [AsyncResolver-bootstrap-executor-0] INFO  c.n.d.s.r.aws.ConfigClusterResolver - Resolving eureka endpoints via configuration
2022-10-11 00:36:01 [AsyncResolver-bootstrap-executor-0] INFO  c.n.d.s.r.aws.ConfigClusterResolver - Resolving eureka endpoints via configuration
2022-10-11 00:41:01 [AsyncResolver-bootstrap-executor-0] INFO  c.n.d.s.r.aws.ConfigClusterResolver - Resolving eureka endpoints via configuration
2022-10-11 00:41:17 [http-nio-8082-exec-1] INFO  o.a.c.c.C.[Tomcat].[localhost].[/] - Initializing Spring DispatcherServlet 'dispatcherServlet'
2022-10-11 00:41:17 [http-nio-8082-exec-1] INFO  o.s.web.servlet.DispatcherServlet - Initializing Servlet 'dispatcherServlet'
2022-10-11 00:41:17 [http-nio-8082-exec-1] INFO  o.s.web.servlet.DispatcherServlet - Completed initialization in 123 ms
2022-10-11 00:41:18 [http-nio-8082-exec-1] INFO  com.capstone.aspect.LoggerAspect - Method name: com.capstone.controller.accountinfoController
2022-10-11 00:41:18 [http-nio-8082-exec-1] INFO  com.capstone.aspect.LoggerAspect - Method arguments:[Ljava.lang.Object;@30e75c
2022-10-11 00:41:18 [http-nio-8082-exec-1] INFO  com.capstone.aspect.LoggerAspect - *************************************
2022-10-11 00:41:18 [http-nio-8082-exec-1] INFO  com.capstone.aspect.LoggerAspect - Method name: com.capstone.service.accountinfoServiceImpl
2022-10-11 00:41:18 [http-nio-8082-exec-1] INFO  com.capstone.aspect.LoggerAspect - Method arguments:[Ljava.lang.Object;@1bd95db0
2022-10-11 00:41:18 [http-nio-8082-exec-1] INFO  com.capstone.aspect.LoggerAspect - *************************************
2022-10-11 00:41:19 [http-nio-8082-exec-1] INFO  com.capstone.aspect.LoggerAspect - During: class com.capstone.service.accountinfoServiceImpl.getallaccountInfo() with arguments=[accountinfo [accno=202200011, custid=202200001, branch_name=Bengaluru, ifsc=NATW000123, savingsamount=600000.0], accountinfo [accno=202200012, custid=202200001, branch_name=Bengaluru, ifsc=NATW000123, savingsamount=50000.0], accountinfo [accno=202200021, custid=202200002, branch_name=Bengaluru, ifsc=NATW000123, savingsamount=457456.0], accountinfo [accno=202200022, custid=202200002, branch_name=Bengaluru, ifsc=NATW000123, savingsamount=3000.0], accountinfo [accno=202200031, custid=202200003, branch_name=Bengaluru, ifsc=NATW000123, savingsamount=0.0], accountinfo [accno=202200041, custid=202200004, branch_name=Bengaluru, ifsc=NATW000123, savingsamount=575385.0], accountinfo [accno=202200042, custid=202200004, branch_name=Bengaluru, ifsc=NATW000123, savingsamount=87856.0], accountinfo [accno=202200043, custid=202200004, branch_name=Bengaluru, ifsc=NATW000123, savingsamount=150000.0], accountinfo [accno=202200051, custid=202200005, branch_name=Bengaluru, ifsc=NATW000123, savingsamount=3128.0], accountinfo [accno=202200053, custid=202200005, branch_name=Bengaluru, ifsc=NATW000123, savingsamount=150000.0]]
2022-10-11 00:41:19 [http-nio-8082-exec-1] INFO  com.capstone.aspect.LoggerAspect - *************************************
2022-10-11 00:41:19 [http-nio-8082-exec-1] INFO  com.capstone.aspect.LoggerAspect - During: class com.capstone.controller.accountinfoController.getemi() with arguments=<200 OK OK,[accountinfo [accno=202200011, custid=202200001, branch_name=Bengaluru, ifsc=NATW000123, savingsamount=600000.0], accountinfo [accno=202200012, custid=202200001, branch_name=Bengaluru, ifsc=NATW000123, savingsamount=50000.0], accountinfo [accno=202200021, custid=202200002, branch_name=Bengaluru, ifsc=NATW000123, savingsamount=457456.0], accountinfo [accno=202200022, custid=202200002, branch_name=Bengaluru, ifsc=NATW000123, savingsamount=3000.0], accountinfo [accno=202200031, custid=202200003, branch_name=Bengaluru, ifsc=NATW000123, savingsamount=0.0], accountinfo [accno=202200041, custid=202200004, branch_name=Bengaluru, ifsc=NATW000123, savingsamount=575385.0], accountinfo [accno=202200042, custid=202200004, branch_name=Bengaluru, ifsc=NATW000123, savingsamount=87856.0], accountinfo [accno=202200043, custid=202200004, branch_name=Bengaluru, ifsc=NATW000123, savingsamount=150000.0], accountinfo [accno=202200051, custid=202200005, branch_name=Bengaluru, ifsc=NATW000123, savingsamount=3128.0], accountinfo [accno=202200053, custid=202200005, branch_name=Bengaluru, ifsc=NATW000123, savingsamount=150000.0]],[]>
2022-10-11 00:41:19 [http-nio-8082-exec-1] INFO  com.capstone.aspect.LoggerAspect - *************************************
2022-10-11 00:46:01 [AsyncResolver-bootstrap-executor-0] INFO  c.n.d.s.r.aws.ConfigClusterResolver - Resolving eureka endpoints via configuration
2022-10-11 00:51:01 [AsyncResolver-bootstrap-executor-0] INFO  c.n.d.s.r.aws.ConfigClusterResolver - Resolving eureka endpoints via configuration
2022-10-11 00:51:51 [DiscoveryClient-CacheRefreshExecutor-0] INFO  o.a.http.impl.execchain.RetryExec - I/O exception (java.net.SocketException) caught when processing request to {}->http://localhost:8761: Connection reset
2022-10-11 00:51:51 [DiscoveryClient-CacheRefreshExecutor-0] INFO  o.a.http.impl.execchain.RetryExec - Retrying request to {}->http://localhost:8761
2022-10-11 00:51:51 [DiscoveryClient-HeartbeatExecutor-0] INFO  c.n.d.s.t.d.RedirectingEurekaHttpClient - Request execution error. endpoint=DefaultEndpoint{ serviceUrl='http://localhost:8761/eureka/} exception=I/O error on PUT request for "http://localhost:8761/eureka/apps/ACCOUNTINFO-API/192.168.0.4:accountinfo-api:8082": Connection reset; nested exception is java.net.SocketException: Connection reset stacktrace=org.springframework.web.client.ResourceAccessException: I/O error on PUT request for "http://localhost:8761/eureka/apps/ACCOUNTINFO-API/192.168.0.4:accountinfo-api:8082": Connection reset; nested exception is java.net.SocketException: Connection reset
	at org.springframework.web.client.RestTemplate.doExecute(RestTemplate.java:785)
	at org.springframework.web.client.RestTemplate.execute(RestTemplate.java:711)
	at org.springframework.web.client.RestTemplate.exchange(RestTemplate.java:602)
	at org.springframework.cloud.netflix.eureka.http.RestTemplateEurekaHttpClient.sendHeartBeat(RestTemplateEurekaHttpClient.java:99)
	at com.netflix.discovery.shared.transport.decorator.EurekaHttpClientDecorator$3.execute(EurekaHttpClientDecorator.java:92)
	at com.netflix.discovery.shared.transport.decorator.RedirectingEurekaHttpClient.execute(RedirectingEurekaHttpClient.java:91)
	at com.netflix.discovery.shared.transport.decorator.EurekaHttpClientDecorator.sendHeartBeat(EurekaHttpClientDecorator.java:89)
	at com.netflix.discovery.shared.transport.decorator.EurekaHttpClientDecorator$3.execute(EurekaHttpClientDecorator.java:92)
	at com.netflix.discovery.shared.transport.decorator.RetryableEurekaHttpClient.execute(RetryableEurekaHttpClient.java:120)
	at com.netflix.discovery.shared.transport.decorator.EurekaHttpClientDecorator.sendHeartBeat(EurekaHttpClientDecorator.java:89)
	at com.netflix.discovery.shared.transport.decorator.EurekaHttpClientDecorator$3.execute(EurekaHttpClientDecorator.java:92)
	at com.netflix.discovery.shared.transport.decorator.SessionedEurekaHttpClient.execute(SessionedEurekaHttpClient.java:77)
	at com.netflix.discovery.shared.transport.decorator.EurekaHttpClientDecorator.sendHeartBeat(EurekaHttpClientDecorator.java:89)
	at com.netflix.discovery.DiscoveryClient.renew(DiscoveryClient.java:893)
	at com.netflix.discovery.DiscoveryClient$HeartbeatThread.run(DiscoveryClient.java:1457)
	at java.base/java.util.concurrent.Executors$RunnableAdapter.call(Executors.java:539)
	at java.base/java.util.concurrent.FutureTask.run(FutureTask.java:264)
	at java.base/java.util.concurrent.ThreadPoolExecutor.runWorker(ThreadPoolExecutor.java:1136)
	at java.base/java.util.concurrent.ThreadPoolExecutor$Worker.run(ThreadPoolExecutor.java:635)
	at java.base/java.lang.Thread.run(Thread.java:833)
Caused by: java.net.SocketException: Connection reset
	at java.base/sun.nio.ch.NioSocketImpl.implRead(NioSocketImpl.java:323)
	at java.base/sun.nio.ch.NioSocketImpl.read(NioSocketImpl.java:350)
	at java.base/sun.nio.ch.NioSocketImpl$1.read(NioSocketImpl.java:803)
	at java.base/java.net.Socket$SocketInputStream.read(Socket.java:966)
	at org.apache.http.impl.io.SessionInputBufferImpl.streamRead(SessionInputBufferImpl.java:137)
	at org.apache.http.impl.io.SessionInputBufferImpl.fillBuffer(SessionInputBufferImpl.java:153)
	at org.apache.http.impl.io.SessionInputBufferImpl.readLine(SessionInputBufferImpl.java:280)
	at org.apache.http.impl.conn.DefaultHttpResponseParser.parseHead(DefaultHttpResponseParser.java:138)
	at org.apache.http.impl.conn.DefaultHttpResponseParser.parseHead(DefaultHttpResponseParser.java:56)
	at org.apache.http.impl.io.AbstractMessageParser.parse(AbstractMessageParser.java:259)
	at org.apache.http.impl.DefaultBHttpClientConnection.receiveResponseHeader(DefaultBHttpClientConnection.java:163)
	at org.apache.http.impl.conn.CPoolProxy.receiveResponseHeader(CPoolProxy.java:157)
	at org.apache.http.protocol.HttpRequestExecutor.doReceiveResponse(HttpRequestExecutor.java:273)
	at org.apache.http.protocol.HttpRequestExecutor.execute(HttpRequestExecutor.java:125)
	at org.apache.http.impl.execchain.MainClientExec.execute(MainClientExec.java:272)
	at org.apache.http.impl.execchain.ProtocolExec.execute(ProtocolExec.java:186)
	at org.apache.http.impl.execchain.RetryExec.execute(RetryExec.java:89)
	at org.apache.http.impl.execchain.RedirectExec.execute(RedirectExec.java:110)
	at org.apache.http.impl.client.InternalHttpClient.doExecute(InternalHttpClient.java:185)
	at org.apache.http.impl.client.CloseableHttpClient.execute(CloseableHttpClient.java:83)
	at org.apache.http.impl.client.CloseableHttpClient.execute(CloseableHttpClient.java:56)
	at org.springframework.http.client.HttpComponentsClientHttpRequest.executeInternal(HttpComponentsClientHttpRequest.java:87)
	at org.springframework.http.client.AbstractBufferingClientHttpRequest.executeInternal(AbstractBufferingClientHttpRequest.java:48)
	at org.springframework.http.client.AbstractClientHttpRequest.execute(AbstractClientHttpRequest.java:66)
	at org.springframework.web.client.RestTemplate.doExecute(RestTemplate.java:776)
	... 19 more

2022-10-11 00:51:51 [DiscoveryClient-HeartbeatExecutor-0] WARN  c.n.d.s.t.d.RetryableEurekaHttpClient - Request execution failed with message: I/O error on PUT request for "http://localhost:8761/eureka/apps/ACCOUNTINFO-API/192.168.0.4:accountinfo-api:8082": Connection reset; nested exception is java.net.SocketException: Connection reset
2022-10-11 00:51:51 [DiscoveryClient-HeartbeatExecutor-0] INFO  c.n.d.s.t.d.RetryableEurekaHttpClient - Request execution succeeded on retry #1
2022-10-11 00:51:51 [DiscoveryClient-HeartbeatExecutor-0] INFO  c.netflix.discovery.DiscoveryClient - DiscoveryClient_ACCOUNTINFO-API/192.168.0.4:accountinfo-api:8082 - Re-registering apps/ACCOUNTINFO-API
2022-10-11 00:51:51 [DiscoveryClient-HeartbeatExecutor-0] INFO  c.netflix.discovery.DiscoveryClient - DiscoveryClient_ACCOUNTINFO-API/192.168.0.4:accountinfo-api:8082: registering service...
2022-10-11 00:51:51 [DiscoveryClient-HeartbeatExecutor-0] INFO  c.netflix.discovery.DiscoveryClient - DiscoveryClient_ACCOUNTINFO-API/192.168.0.4:accountinfo-api:8082 - registration status: 204
2022-10-11 00:52:21 [DiscoveryClient-CacheRefreshExecutor-0] INFO  c.netflix.discovery.DiscoveryClient - Disable delta property : false
2022-10-11 00:52:21 [DiscoveryClient-CacheRefreshExecutor-0] INFO  c.netflix.discovery.DiscoveryClient - Single vip registry refresh property : null
2022-10-11 00:52:21 [DiscoveryClient-CacheRefreshExecutor-0] INFO  c.netflix.discovery.DiscoveryClient - Force full registry fetch : false
2022-10-11 00:52:21 [DiscoveryClient-CacheRefreshExecutor-0] INFO  c.netflix.discovery.DiscoveryClient - Application is null : false
2022-10-11 00:52:21 [DiscoveryClient-CacheRefreshExecutor-0] INFO  c.netflix.discovery.DiscoveryClient - Registered Applications size is zero : true
2022-10-11 00:52:21 [DiscoveryClient-CacheRefreshExecutor-0] INFO  c.netflix.discovery.DiscoveryClient - Application version is -1: false
2022-10-11 00:52:21 [DiscoveryClient-CacheRefreshExecutor-0] INFO  c.netflix.discovery.DiscoveryClient - Getting all instance registry info from the eureka server
2022-10-11 00:52:21 [DiscoveryClient-CacheRefreshExecutor-0] INFO  c.netflix.discovery.DiscoveryClient - The response status is 200
2022-10-11 00:52:45 [http-nio-8082-exec-3] INFO  com.capstone.aspect.LoggerAspect - Method name: com.capstone.controller.accountinfoController
2022-10-11 00:52:45 [http-nio-8082-exec-3] INFO  com.capstone.aspect.LoggerAspect - Method arguments:[Ljava.lang.Object;@404ee2d4
2022-10-11 00:52:45 [http-nio-8082-exec-3] INFO  com.capstone.aspect.LoggerAspect - *************************************
2022-10-11 00:52:45 [http-nio-8082-exec-3] INFO  com.capstone.aspect.LoggerAspect - Method name: com.capstone.service.accountinfoServiceImpl
2022-10-11 00:52:45 [http-nio-8082-exec-3] INFO  com.capstone.aspect.LoggerAspect - Method arguments:[Ljava.lang.Object;@4e8904ad
2022-10-11 00:52:45 [http-nio-8082-exec-3] INFO  com.capstone.aspect.LoggerAspect - *************************************
2022-10-11 00:52:45 [http-nio-8082-exec-3] INFO  com.capstone.aspect.LoggerAspect - During: class com.capstone.service.accountinfoServiceImpl.getallaccountInfo() with arguments=[accountinfo [accno=202200011, custid=202200001, branch_name=Bengaluru, ifsc=NATW000123, savingsamount=600000.0], accountinfo [accno=202200012, custid=202200001, branch_name=Bengaluru, ifsc=NATW000123, savingsamount=50000.0], accountinfo [accno=202200021, custid=202200002, branch_name=Bengaluru, ifsc=NATW000123, savingsamount=457456.0], accountinfo [accno=202200022, custid=202200002, branch_name=Bengaluru, ifsc=NATW000123, savingsamount=3000.0], accountinfo [accno=202200031, custid=202200003, branch_name=Bengaluru, ifsc=NATW000123, savingsamount=0.0], accountinfo [accno=202200041, custid=202200004, branch_name=Bengaluru, ifsc=NATW000123, savingsamount=575385.0], accountinfo [accno=202200042, custid=202200004, branch_name=Bengaluru, ifsc=NATW000123, savingsamount=87856.0], accountinfo [accno=202200043, custid=202200004, branch_name=Bengaluru, ifsc=NATW000123, savingsamount=150000.0], accountinfo [accno=202200051, custid=202200005, branch_name=Bengaluru, ifsc=NATW000123, savingsamount=3128.0], accountinfo [accno=202200053, custid=202200005, branch_name=Bengaluru, ifsc=NATW000123, savingsamount=150000.0]]
2022-10-11 00:52:45 [http-nio-8082-exec-3] INFO  com.capstone.aspect.LoggerAspect - *************************************
2022-10-11 00:52:45 [http-nio-8082-exec-3] INFO  com.capstone.aspect.LoggerAspect - During: class com.capstone.controller.accountinfoController.getemi() with arguments=<200 OK OK,[accountinfo [accno=202200011, custid=202200001, branch_name=Bengaluru, ifsc=NATW000123, savingsamount=600000.0], accountinfo [accno=202200012, custid=202200001, branch_name=Bengaluru, ifsc=NATW000123, savingsamount=50000.0], accountinfo [accno=202200021, custid=202200002, branch_name=Bengaluru, ifsc=NATW000123, savingsamount=457456.0], accountinfo [accno=202200022, custid=202200002, branch_name=Bengaluru, ifsc=NATW000123, savingsamount=3000.0], accountinfo [accno=202200031, custid=202200003, branch_name=Bengaluru, ifsc=NATW000123, savingsamount=0.0], accountinfo [accno=202200041, custid=202200004, branch_name=Bengaluru, ifsc=NATW000123, savingsamount=575385.0], accountinfo [accno=202200042, custid=202200004, branch_name=Bengaluru, ifsc=NATW000123, savingsamount=87856.0], accountinfo [accno=202200043, custid=202200004, branch_name=Bengaluru, ifsc=NATW000123, savingsamount=150000.0], accountinfo [accno=202200051, custid=202200005, branch_name=Bengaluru, ifsc=NATW000123, savingsamount=3128.0], accountinfo [accno=202200053, custid=202200005, branch_name=Bengaluru, ifsc=NATW000123, savingsamount=150000.0]],[]>
2022-10-11 00:52:45 [http-nio-8082-exec-3] INFO  com.capstone.aspect.LoggerAspect - *************************************
2022-10-11 00:56:01 [AsyncResolver-bootstrap-executor-0] INFO  c.n.d.s.r.aws.ConfigClusterResolver - Resolving eureka endpoints via configuration
2022-10-11 01:01:01 [AsyncResolver-bootstrap-executor-0] INFO  c.n.d.s.r.aws.ConfigClusterResolver - Resolving eureka endpoints via configuration
2022-10-11 01:02:21 [DiscoveryClient-HeartbeatExecutor-0] INFO  c.netflix.discovery.DiscoveryClient - DiscoveryClient_ACCOUNTINFO-API/192.168.0.4:accountinfo-api:8082 - Re-registering apps/ACCOUNTINFO-API
2022-10-11 01:02:21 [DiscoveryClient-HeartbeatExecutor-0] INFO  c.netflix.discovery.DiscoveryClient - DiscoveryClient_ACCOUNTINFO-API/192.168.0.4:accountinfo-api:8082: registering service...
2022-10-11 01:02:21 [DiscoveryClient-HeartbeatExecutor-0] INFO  c.netflix.discovery.DiscoveryClient - DiscoveryClient_ACCOUNTINFO-API/192.168.0.4:accountinfo-api:8082 - registration status: 204
2022-10-11 01:02:51 [DiscoveryClient-CacheRefreshExecutor-0] INFO  c.netflix.discovery.DiscoveryClient - Disable delta property : false
2022-10-11 01:02:51 [DiscoveryClient-CacheRefreshExecutor-0] INFO  c.netflix.discovery.DiscoveryClient - Single vip registry refresh property : null
2022-10-11 01:02:51 [DiscoveryClient-CacheRefreshExecutor-0] INFO  c.netflix.discovery.DiscoveryClient - Force full registry fetch : false
2022-10-11 01:02:51 [DiscoveryClient-CacheRefreshExecutor-0] INFO  c.netflix.discovery.DiscoveryClient - Application is null : false
2022-10-11 01:02:51 [DiscoveryClient-CacheRefreshExecutor-0] INFO  c.netflix.discovery.DiscoveryClient - Registered Applications size is zero : true
2022-10-11 01:02:51 [DiscoveryClient-CacheRefreshExecutor-0] INFO  c.netflix.discovery.DiscoveryClient - Application version is -1: false
2022-10-11 01:02:51 [DiscoveryClient-CacheRefreshExecutor-0] INFO  c.netflix.discovery.DiscoveryClient - Getting all instance registry info from the eureka server
2022-10-11 01:02:51 [DiscoveryClient-CacheRefreshExecutor-0] INFO  c.netflix.discovery.DiscoveryClient - The response status is 200
2022-10-11 01:05:00 [http-nio-8082-exec-5] INFO  com.capstone.aspect.LoggerAspect - Method name: com.capstone.controller.accountinfoController
2022-10-11 01:05:00 [http-nio-8082-exec-5] INFO  com.capstone.aspect.LoggerAspect - Method arguments:[Ljava.lang.Object;@6770f2f3
2022-10-11 01:05:00 [http-nio-8082-exec-5] INFO  com.capstone.aspect.LoggerAspect - *************************************
2022-10-11 01:05:00 [http-nio-8082-exec-5] INFO  com.capstone.aspect.LoggerAspect - Method name: com.capstone.service.accountinfoServiceImpl
2022-10-11 01:05:00 [http-nio-8082-exec-5] INFO  com.capstone.aspect.LoggerAspect - Method arguments:[Ljava.lang.Object;@69b7006d
2022-10-11 01:05:00 [http-nio-8082-exec-5] INFO  com.capstone.aspect.LoggerAspect - *************************************
2022-10-11 01:05:00 [http-nio-8082-exec-5] INFO  com.capstone.aspect.LoggerAspect - During: class com.capstone.service.accountinfoServiceImpl.getallaccountInfo() with arguments=[accountinfo [accno=202200011, custid=202200001, branch_name=Bengaluru, ifsc=NATW000123, savingsamount=600000.0], accountinfo [accno=202200012, custid=202200001, branch_name=Bengaluru, ifsc=NATW000123, savingsamount=50000.0], accountinfo [accno=202200021, custid=202200002, branch_name=Bengaluru, ifsc=NATW000123, savingsamount=457456.0], accountinfo [accno=202200022, custid=202200002, branch_name=Bengaluru, ifsc=NATW000123, savingsamount=3000.0], accountinfo [accno=202200031, custid=202200003, branch_name=Bengaluru, ifsc=NATW000123, savingsamount=0.0], accountinfo [accno=202200041, custid=202200004, branch_name=Bengaluru, ifsc=NATW000123, savingsamount=575385.0], accountinfo [accno=202200042, custid=202200004, branch_name=Bengaluru, ifsc=NATW000123, savingsamount=87856.0], accountinfo [accno=202200043, custid=202200004, branch_name=Bengaluru, ifsc=NATW000123, savingsamount=150000.0], accountinfo [accno=202200051, custid=202200005, branch_name=Bengaluru, ifsc=NATW000123, savingsamount=3128.0], accountinfo [accno=202200053, custid=202200005, branch_name=Bengaluru, ifsc=NATW000123, savingsamount=150000.0]]
2022-10-11 01:05:00 [http-nio-8082-exec-5] INFO  com.capstone.aspect.LoggerAspect - *************************************
2022-10-11 01:05:00 [http-nio-8082-exec-5] INFO  com.capstone.aspect.LoggerAspect - During: class com.capstone.controller.accountinfoController.getemi() with arguments=<200 OK OK,[accountinfo [accno=202200011, custid=202200001, branch_name=Bengaluru, ifsc=NATW000123, savingsamount=600000.0], accountinfo [accno=202200012, custid=202200001, branch_name=Bengaluru, ifsc=NATW000123, savingsamount=50000.0], accountinfo [accno=202200021, custid=202200002, branch_name=Bengaluru, ifsc=NATW000123, savingsamount=457456.0], accountinfo [accno=202200022, custid=202200002, branch_name=Bengaluru, ifsc=NATW000123, savingsamount=3000.0], accountinfo [accno=202200031, custid=202200003, branch_name=Bengaluru, ifsc=NATW000123, savingsamount=0.0], accountinfo [accno=202200041, custid=202200004, branch_name=Bengaluru, ifsc=NATW000123, savingsamount=575385.0], accountinfo [accno=202200042, custid=202200004, branch_name=Bengaluru, ifsc=NATW000123, savingsamount=87856.0], accountinfo [accno=202200043, custid=202200004, branch_name=Bengaluru, ifsc=NATW000123, savingsamount=150000.0], accountinfo [accno=202200051, custid=202200005, branch_name=Bengaluru, ifsc=NATW000123, savingsamount=3128.0], accountinfo [accno=202200053, custid=202200005, branch_name=Bengaluru, ifsc=NATW000123, savingsamount=150000.0]],[]>
2022-10-11 01:05:00 [http-nio-8082-exec-5] INFO  com.capstone.aspect.LoggerAspect - *************************************
2022-10-11 01:06:01 [AsyncResolver-bootstrap-executor-0] INFO  c.n.d.s.r.aws.ConfigClusterResolver - Resolving eureka endpoints via configuration
2022-10-11 01:07:39 [RMI TCP Connection(56)-127.0.0.1] INFO  o.s.b.a.SpringApplicationAdminMXBeanRegistrar$SpringApplicationAdmin - Application shutdown requested.
2022-10-11 01:07:39 [RMI TCP Connection(56)-127.0.0.1] INFO  o.s.c.n.e.s.EurekaServiceRegistry - Unregistering application ACCOUNTINFO-API with eureka with status DOWN
2022-10-11 01:07:39 [RMI TCP Connection(56)-127.0.0.1] INFO  c.netflix.discovery.DiscoveryClient - Saw local status change event StatusChangeEvent [timestamp=1665430659694, current=DOWN, previous=UP]
2022-10-11 01:07:39 [DiscoveryClient-InstanceInfoReplicator-0] INFO  c.netflix.discovery.DiscoveryClient - DiscoveryClient_ACCOUNTINFO-API/192.168.0.4:accountinfo-api:8082: registering service...
2022-10-11 01:07:39 [DiscoveryClient-InstanceInfoReplicator-0] INFO  c.netflix.discovery.DiscoveryClient - DiscoveryClient_ACCOUNTINFO-API/192.168.0.4:accountinfo-api:8082 - registration status: 204
2022-10-11 01:07:39 [RMI TCP Connection(56)-127.0.0.1] INFO  o.a.coyote.http11.Http11NioProtocol - Pausing ProtocolHandler ["http-nio-8082"]
2022-10-11 01:07:39 [RMI TCP Connection(56)-127.0.0.1] INFO  o.a.catalina.core.StandardService - Stopping service [Tomcat]
2022-10-11 01:07:39 [RMI TCP Connection(56)-127.0.0.1] INFO  o.a.c.c.C.[Tomcat].[localhost].[/] - Destroying Spring FrameworkServlet 'dispatcherServlet'
2022-10-11 01:07:39 [RMI TCP Connection(56)-127.0.0.1] INFO  o.a.coyote.http11.Http11NioProtocol - Stopping ProtocolHandler ["http-nio-8082"]
2022-10-11 01:07:39 [RMI TCP Connection(56)-127.0.0.1] INFO  o.a.coyote.http11.Http11NioProtocol - Destroying ProtocolHandler ["http-nio-8082"]
2022-10-11 01:07:39 [RMI TCP Connection(56)-127.0.0.1] INFO  o.s.o.j.LocalContainerEntityManagerFactoryBean - Closing JPA EntityManagerFactory for persistence unit 'default'
2022-10-11 01:07:39 [RMI TCP Connection(56)-127.0.0.1] INFO  com.zaxxer.hikari.HikariDataSource - HikariPool-3 - Shutdown initiated...
2022-10-11 01:07:39 [RMI TCP Connection(56)-127.0.0.1] INFO  com.zaxxer.hikari.HikariDataSource - HikariPool-3 - Shutdown completed.
2022-10-11 01:07:39 [RMI TCP Connection(56)-127.0.0.1] INFO  c.netflix.discovery.DiscoveryClient - Shutting down DiscoveryClient ...
2022-10-11 01:07:42 [RMI TCP Connection(56)-127.0.0.1] INFO  c.netflix.discovery.DiscoveryClient - Unregistering ...
2022-10-11 01:07:42 [RMI TCP Connection(56)-127.0.0.1] INFO  c.netflix.discovery.DiscoveryClient - DiscoveryClient_ACCOUNTINFO-API/192.168.0.4:accountinfo-api:8082 - deregister  status: 200
2022-10-11 01:07:43 [RMI TCP Connection(56)-127.0.0.1] INFO  c.netflix.discovery.DiscoveryClient - Completed shut down of DiscoveryClient
