2022-10-12 21:17:24 [restartedMain] INFO  c.capstone.AccountinfoApiApplication - Starting AccountinfoApiApplication using Java 17.0.2 on MOHAN with PID 19368 (C:\Users\mohan\Downloads\Natwest Capstone\frontend\spring-master\accountinfo-api\target\classes started by mohan in C:\Users\mohan\Downloads\Natwest Capstone\frontend\spring-master\accountinfo-api)
2022-10-12 21:17:24 [restartedMain] INFO  c.capstone.AccountinfoApiApplication - No active profile set, falling back to 1 default profile: "default"
2022-10-12 21:17:24 [restartedMain] INFO  o.s.b.d.e.DevToolsPropertyDefaultsPostProcessor - Devtools property defaults active! Set 'spring.devtools.add-properties' to 'false' to disable
2022-10-12 21:17:24 [restartedMain] INFO  o.s.b.d.e.DevToolsPropertyDefaultsPostProcessor - For additional web related logging consider setting the 'logging.level.web' property to 'DEBUG'
2022-10-12 21:17:25 [restartedMain] INFO  o.s.d.r.c.RepositoryConfigurationDelegate - Bootstrapping Spring Data JPA repositories in DEFAULT mode.
2022-10-12 21:17:25 [restartedMain] INFO  o.s.d.r.c.RepositoryConfigurationDelegate - Finished Spring Data repository scanning in 140 ms. Found 1 JPA repository interfaces.
2022-10-12 21:17:25 [restartedMain] INFO  o.s.cloud.context.scope.GenericScope - BeanFactory id=2057b36b-6c2f-343d-b55b-cba8c53b7bb5
2022-10-12 21:17:27 [restartedMain] INFO  o.s.b.w.e.tomcat.TomcatWebServer - Tomcat initialized with port(s): 8082 (http)
2022-10-12 21:17:27 [restartedMain] INFO  o.a.coyote.http11.Http11NioProtocol - Initializing ProtocolHandler ["http-nio-8082"]
2022-10-12 21:17:27 [restartedMain] INFO  o.a.catalina.core.StandardService - Starting service [Tomcat]
2022-10-12 21:17:27 [restartedMain] INFO  o.a.catalina.core.StandardEngine - Starting Servlet engine: [Apache Tomcat/9.0.65]
2022-10-12 21:17:27 [restartedMain] INFO  o.a.c.c.C.[Tomcat].[localhost].[/] - Initializing Spring embedded WebApplicationContext
2022-10-12 21:17:27 [restartedMain] INFO  o.s.b.w.s.c.ServletWebServerApplicationContext - Root WebApplicationContext: initialization completed in 2477 ms
2022-10-12 21:17:27 [restartedMain] INFO  o.a.catalina.core.StandardContext - Suspicious URL pattern: [/api/**] in context [], see sections 12.1 and 12.2 of the Servlet specification
2022-10-12 21:17:27 [restartedMain] INFO  o.h.jpa.internal.util.LogHelper - HHH000204: Processing PersistenceUnitInfo [name: default]
2022-10-12 21:17:27 [restartedMain] INFO  org.hibernate.Version - HHH000412: Hibernate ORM core version 5.6.11.Final
2022-10-12 21:17:27 [restartedMain] INFO  o.h.annotations.common.Version - HCANN000001: Hibernate Commons Annotations {5.1.2.Final}
2022-10-12 21:17:27 [restartedMain] INFO  com.zaxxer.hikari.HikariDataSource - HikariPool-1 - Starting...
2022-10-12 21:17:28 [restartedMain] INFO  com.zaxxer.hikari.HikariDataSource - HikariPool-1 - Start completed.
2022-10-12 21:17:28 [restartedMain] INFO  org.hibernate.dialect.Dialect - HHH000400: Using dialect: org.hibernate.dialect.MySQL8Dialect
2022-10-12 21:17:31 [restartedMain] INFO  o.h.e.t.j.p.i.JtaPlatformInitiator - HHH000490: Using JtaPlatform implementation: [org.hibernate.engine.transaction.jta.platform.internal.NoJtaPlatform]
2022-10-12 21:17:31 [restartedMain] INFO  o.s.o.j.LocalContainerEntityManagerFactoryBean - Initialized JPA EntityManagerFactory for persistence unit 'default'
2022-10-12 21:17:33 [restartedMain] WARN  o.s.b.a.o.j.JpaBaseConfiguration$JpaWebConfiguration - spring.jpa.open-in-view is enabled by default. Therefore, database queries may be performed during view rendering. Explicitly configure spring.jpa.open-in-view to disable this warning
2022-10-12 21:17:36 [restartedMain] WARN  o.s.b.d.a.OptionalLiveReloadServer - Unable to start LiveReload server
2022-10-12 21:17:37 [restartedMain] INFO  o.s.c.n.e.c.DiscoveryClientOptionalArgsConfiguration - Eureka HTTP Client uses RestTemplate.
2022-10-12 21:17:37 [restartedMain] WARN  o.s.c.l.c.LoadBalancerCacheAutoConfiguration$LoadBalancerCaffeineWarnLogger - Spring Cloud LoadBalancer is currently working with the default cache. While this cache implementation is useful for development and tests, it's recommended to use Caffeine cache in production.You can switch to using Caffeine cache, by adding it and org.springframework.cache.caffeine.CaffeineCacheManager to the classpath.
2022-10-12 21:17:37 [restartedMain] INFO  o.s.c.n.eureka.InstanceInfoFactory - Setting initial instance status as: STARTING
2022-10-12 21:17:37 [restartedMain] INFO  c.netflix.discovery.DiscoveryClient - Initializing Eureka in region us-east-1
2022-10-12 21:17:37 [restartedMain] INFO  c.n.d.s.r.aws.ConfigClusterResolver - Resolving eureka endpoints via configuration
2022-10-12 21:17:37 [restartedMain] INFO  c.netflix.discovery.DiscoveryClient - Disable delta property : false
2022-10-12 21:17:37 [restartedMain] INFO  c.netflix.discovery.DiscoveryClient - Single vip registry refresh property : null
2022-10-12 21:17:37 [restartedMain] INFO  c.netflix.discovery.DiscoveryClient - Force full registry fetch : false
2022-10-12 21:17:37 [restartedMain] INFO  c.netflix.discovery.DiscoveryClient - Application is null : false
2022-10-12 21:17:37 [restartedMain] INFO  c.netflix.discovery.DiscoveryClient - Registered Applications size is zero : true
2022-10-12 21:17:37 [restartedMain] INFO  c.netflix.discovery.DiscoveryClient - Application version is -1: true
2022-10-12 21:17:37 [restartedMain] INFO  c.netflix.discovery.DiscoveryClient - Getting all instance registry info from the eureka server
2022-10-12 21:17:38 [restartedMain] INFO  c.netflix.discovery.DiscoveryClient - The response status is 200
2022-10-12 21:17:38 [restartedMain] INFO  c.netflix.discovery.DiscoveryClient - Starting heartbeat executor: renew interval is: 30
2022-10-12 21:17:38 [restartedMain] INFO  c.n.discovery.InstanceInfoReplicator - InstanceInfoReplicator onDemand update allowed rate per min is 4
2022-10-12 21:17:38 [restartedMain] INFO  c.netflix.discovery.DiscoveryClient - Discovery Client initialized at timestamp 1665589658350 with initial instances count: 4
2022-10-12 21:17:38 [restartedMain] INFO  o.s.c.n.e.s.EurekaServiceRegistry - Registering application ACCOUNTINFO-API with eureka with status UP
2022-10-12 21:17:38 [restartedMain] INFO  c.netflix.discovery.DiscoveryClient - Saw local status change event StatusChangeEvent [timestamp=1665589658367, current=UP, previous=STARTING]
2022-10-12 21:17:38 [DiscoveryClient-InstanceInfoReplicator-0] INFO  c.netflix.discovery.DiscoveryClient - DiscoveryClient_ACCOUNTINFO-API/192.168.0.7:accountinfo-api:8082: registering service...
2022-10-12 21:17:38 [restartedMain] INFO  o.a.coyote.http11.Http11NioProtocol - Starting ProtocolHandler ["http-nio-8082"]
2022-10-12 21:17:38 [restartedMain] INFO  o.s.b.w.e.tomcat.TomcatWebServer - Tomcat started on port(s): 8082 (http) with context path ''
2022-10-12 21:17:38 [restartedMain] INFO  o.s.c.n.e.s.EurekaAutoServiceRegistration - Updating port to 8082
2022-10-12 21:17:38 [DiscoveryClient-InstanceInfoReplicator-0] INFO  c.netflix.discovery.DiscoveryClient - DiscoveryClient_ACCOUNTINFO-API/192.168.0.7:accountinfo-api:8082 - registration status: 204
2022-10-12 21:17:38 [restartedMain] INFO  c.capstone.AccountinfoApiApplication - Started AccountinfoApiApplication in 14.452 seconds (JVM running for 15.277)
2022-10-12 21:19:22 [http-nio-8082-exec-6] INFO  o.a.c.c.C.[Tomcat].[localhost].[/] - Initializing Spring DispatcherServlet 'dispatcherServlet'
2022-10-12 21:19:22 [http-nio-8082-exec-6] INFO  o.s.web.servlet.DispatcherServlet - Initializing Servlet 'dispatcherServlet'
2022-10-12 21:19:22 [http-nio-8082-exec-6] INFO  o.s.web.servlet.DispatcherServlet - Completed initialization in 3 ms
2022-10-12 21:19:22 [http-nio-8082-exec-3] INFO  com.capstone.aspect.LoggerAspect - Method name: com.capstone.controller.accountinfoController
2022-10-12 21:19:22 [http-nio-8082-exec-3] INFO  com.capstone.aspect.LoggerAspect - Method arguments:[Ljava.lang.Object;@3b2cf9b0
2022-10-12 21:19:22 [http-nio-8082-exec-3] INFO  com.capstone.aspect.LoggerAspect - *************************************
2022-10-12 21:19:22 [http-nio-8082-exec-3] INFO  com.capstone.aspect.LoggerAspect - Method name: com.capstone.service.accountinfoServiceImpl
2022-10-12 21:19:22 [http-nio-8082-exec-3] INFO  com.capstone.aspect.LoggerAspect - Method arguments:[Ljava.lang.Object;@f3b98d6
2022-10-12 21:19:22 [http-nio-8082-exec-3] INFO  com.capstone.aspect.LoggerAspect - *************************************
2022-10-12 21:19:22 [http-nio-8082-exec-3] INFO  com.capstone.aspect.LoggerAspect - During: class com.capstone.service.accountinfoServiceImpl.getAcountsByCustId() with arguments=[accountinfo [accno=202200011, custid=202200001, branch_name=Bengaluru, ifsc=NATW000123, savingsamount=600000.0], accountinfo [accno=202200012, custid=202200001, branch_name=Bengaluru, ifsc=NATW000123, savingsamount=50000.0]]
2022-10-12 21:19:22 [http-nio-8082-exec-3] INFO  com.capstone.aspect.LoggerAspect - *************************************
2022-10-12 21:19:22 [http-nio-8082-exec-3] INFO  com.capstone.aspect.LoggerAspect - During: class com.capstone.controller.accountinfoController.getsavingsAccount() with arguments=[accountinfo [accno=202200011, custid=202200001, branch_name=Bengaluru, ifsc=NATW000123, savingsamount=600000.0], accountinfo [accno=202200012, custid=202200001, branch_name=Bengaluru, ifsc=NATW000123, savingsamount=50000.0]]
2022-10-12 21:19:22 [http-nio-8082-exec-3] INFO  com.capstone.aspect.LoggerAspect - *************************************
2022-10-12 21:22:04 [http-nio-8082-exec-7] INFO  com.capstone.aspect.LoggerAspect - Method name: com.capstone.controller.accountinfoController
2022-10-12 21:22:04 [http-nio-8082-exec-7] INFO  com.capstone.aspect.LoggerAspect - Method arguments:[Ljava.lang.Object;@8fa65d8
2022-10-12 21:22:04 [http-nio-8082-exec-7] INFO  com.capstone.aspect.LoggerAspect - *************************************
2022-10-12 21:22:04 [http-nio-8082-exec-7] INFO  com.capstone.aspect.LoggerAspect - Method name: com.capstone.service.accountinfoServiceImpl
2022-10-12 21:22:04 [http-nio-8082-exec-7] INFO  com.capstone.aspect.LoggerAspect - Method arguments:[Ljava.lang.Object;@63d8ab7
2022-10-12 21:22:04 [http-nio-8082-exec-7] INFO  com.capstone.aspect.LoggerAspect - *************************************
2022-10-12 21:22:04 [http-nio-8082-exec-7] INFO  com.capstone.aspect.LoggerAspect - During: class com.capstone.service.accountinfoServiceImpl.getAcountsByCustId() with arguments=[accountinfo [accno=202200011, custid=202200001, branch_name=Bengaluru, ifsc=NATW000123, savingsamount=600000.0], accountinfo [accno=202200012, custid=202200001, branch_name=Bengaluru, ifsc=NATW000123, savingsamount=50000.0]]
2022-10-12 21:22:04 [http-nio-8082-exec-7] INFO  com.capstone.aspect.LoggerAspect - *************************************
2022-10-12 21:22:04 [http-nio-8082-exec-7] INFO  com.capstone.aspect.LoggerAspect - During: class com.capstone.controller.accountinfoController.getsavingsAccount() with arguments=[accountinfo [accno=202200011, custid=202200001, branch_name=Bengaluru, ifsc=NATW000123, savingsamount=600000.0], accountinfo [accno=202200012, custid=202200001, branch_name=Bengaluru, ifsc=NATW000123, savingsamount=50000.0]]
2022-10-12 21:22:04 [http-nio-8082-exec-7] INFO  com.capstone.aspect.LoggerAspect - *************************************
2022-10-12 21:22:37 [AsyncResolver-bootstrap-executor-0] INFO  c.n.d.s.r.aws.ConfigClusterResolver - Resolving eureka endpoints via configuration
2022-10-12 21:27:37 [AsyncResolver-bootstrap-executor-0] INFO  c.n.d.s.r.aws.ConfigClusterResolver - Resolving eureka endpoints via configuration
2022-10-12 21:32:37 [AsyncResolver-bootstrap-executor-0] INFO  c.n.d.s.r.aws.ConfigClusterResolver - Resolving eureka endpoints via configuration
2022-10-12 21:37:37 [AsyncResolver-bootstrap-executor-0] INFO  c.n.d.s.r.aws.ConfigClusterResolver - Resolving eureka endpoints via configuration
2022-10-12 21:42:37 [AsyncResolver-bootstrap-executor-0] INFO  c.n.d.s.r.aws.ConfigClusterResolver - Resolving eureka endpoints via configuration
2022-10-12 21:47:37 [AsyncResolver-bootstrap-executor-0] INFO  c.n.d.s.r.aws.ConfigClusterResolver - Resolving eureka endpoints via configuration
2022-10-12 21:52:05 [http-nio-8082-exec-4] INFO  com.capstone.aspect.LoggerAspect - Method name: com.capstone.controller.accountinfoController
2022-10-12 21:52:05 [http-nio-8082-exec-4] INFO  com.capstone.aspect.LoggerAspect - Method arguments:[Ljava.lang.Object;@391941dc
2022-10-12 21:52:05 [http-nio-8082-exec-4] INFO  com.capstone.aspect.LoggerAspect - *************************************
2022-10-12 21:52:05 [http-nio-8082-exec-4] INFO  com.capstone.aspect.LoggerAspect - Method name: com.capstone.service.accountinfoServiceImpl
2022-10-12 21:52:05 [http-nio-8082-exec-4] INFO  com.capstone.aspect.LoggerAspect - Method arguments:[Ljava.lang.Object;@37dea88f
2022-10-12 21:52:05 [http-nio-8082-exec-4] INFO  com.capstone.aspect.LoggerAspect - *************************************
2022-10-12 21:52:05 [http-nio-8082-exec-4] INFO  com.capstone.aspect.LoggerAspect - During: class com.capstone.service.accountinfoServiceImpl.getAcountsByCustId() with arguments=[accountinfo [accno=202200011, custid=202200001, branch_name=Bengaluru, ifsc=NATW000123, savingsamount=600000.0], accountinfo [accno=202200012, custid=202200001, branch_name=Bengaluru, ifsc=NATW000123, savingsamount=50000.0]]
2022-10-12 21:52:05 [http-nio-8082-exec-4] INFO  com.capstone.aspect.LoggerAspect - *************************************
2022-10-12 21:52:05 [http-nio-8082-exec-4] INFO  com.capstone.aspect.LoggerAspect - During: class com.capstone.controller.accountinfoController.getsavingsAccount() with arguments=[accountinfo [accno=202200011, custid=202200001, branch_name=Bengaluru, ifsc=NATW000123, savingsamount=600000.0], accountinfo [accno=202200012, custid=202200001, branch_name=Bengaluru, ifsc=NATW000123, savingsamount=50000.0]]
2022-10-12 21:52:05 [http-nio-8082-exec-4] INFO  com.capstone.aspect.LoggerAspect - *************************************
2022-10-12 21:52:37 [AsyncResolver-bootstrap-executor-0] INFO  c.n.d.s.r.aws.ConfigClusterResolver - Resolving eureka endpoints via configuration
2022-10-12 21:57:37 [AsyncResolver-bootstrap-executor-0] INFO  c.n.d.s.r.aws.ConfigClusterResolver - Resolving eureka endpoints via configuration
2022-10-12 22:02:37 [AsyncResolver-bootstrap-executor-0] INFO  c.n.d.s.r.aws.ConfigClusterResolver - Resolving eureka endpoints via configuration
2022-10-12 22:07:37 [AsyncResolver-bootstrap-executor-0] INFO  c.n.d.s.r.aws.ConfigClusterResolver - Resolving eureka endpoints via configuration
2022-10-12 22:12:37 [AsyncResolver-bootstrap-executor-0] INFO  c.n.d.s.r.aws.ConfigClusterResolver - Resolving eureka endpoints via configuration
2022-10-12 22:17:37 [AsyncResolver-bootstrap-executor-0] INFO  c.n.d.s.r.aws.ConfigClusterResolver - Resolving eureka endpoints via configuration
2022-10-12 22:22:37 [AsyncResolver-bootstrap-executor-0] INFO  c.n.d.s.r.aws.ConfigClusterResolver - Resolving eureka endpoints via configuration
2022-10-12 22:27:04 [http-nio-8082-exec-8] INFO  com.capstone.aspect.LoggerAspect - Method name: com.capstone.controller.accountinfoController
2022-10-12 22:27:04 [http-nio-8082-exec-8] INFO  com.capstone.aspect.LoggerAspect - Method arguments:[Ljava.lang.Object;@21fce1f5
2022-10-12 22:27:04 [http-nio-8082-exec-8] INFO  com.capstone.aspect.LoggerAspect - *************************************
2022-10-12 22:27:04 [http-nio-8082-exec-8] INFO  com.capstone.aspect.LoggerAspect - Method name: com.capstone.service.accountinfoServiceImpl
2022-10-12 22:27:04 [http-nio-8082-exec-8] INFO  com.capstone.aspect.LoggerAspect - Method arguments:[Ljava.lang.Object;@2f3b1bba
2022-10-12 22:27:04 [http-nio-8082-exec-8] INFO  com.capstone.aspect.LoggerAspect - *************************************
2022-10-12 22:27:04 [http-nio-8082-exec-8] INFO  com.capstone.aspect.LoggerAspect - During: class com.capstone.service.accountinfoServiceImpl.getAcountsByCustId() with arguments=[accountinfo [accno=202200011, custid=202200001, branch_name=Bengaluru, ifsc=NATW000123, savingsamount=600000.0], accountinfo [accno=202200012, custid=202200001, branch_name=Bengaluru, ifsc=NATW000123, savingsamount=50000.0]]
2022-10-12 22:27:04 [http-nio-8082-exec-8] INFO  com.capstone.aspect.LoggerAspect - *************************************
2022-10-12 22:27:04 [http-nio-8082-exec-8] INFO  com.capstone.aspect.LoggerAspect - During: class com.capstone.controller.accountinfoController.getsavingsAccount() with arguments=[accountinfo [accno=202200011, custid=202200001, branch_name=Bengaluru, ifsc=NATW000123, savingsamount=600000.0], accountinfo [accno=202200012, custid=202200001, branch_name=Bengaluru, ifsc=NATW000123, savingsamount=50000.0]]
2022-10-12 22:27:04 [http-nio-8082-exec-8] INFO  com.capstone.aspect.LoggerAspect - *************************************
2022-10-12 22:27:37 [AsyncResolver-bootstrap-executor-0] INFO  c.n.d.s.r.aws.ConfigClusterResolver - Resolving eureka endpoints via configuration
2022-10-12 22:32:37 [AsyncResolver-bootstrap-executor-0] INFO  c.n.d.s.r.aws.ConfigClusterResolver - Resolving eureka endpoints via configuration
2022-10-12 22:37:37 [AsyncResolver-bootstrap-executor-0] INFO  c.n.d.s.r.aws.ConfigClusterResolver - Resolving eureka endpoints via configuration
2022-10-12 22:42:37 [AsyncResolver-bootstrap-executor-0] INFO  c.n.d.s.r.aws.ConfigClusterResolver - Resolving eureka endpoints via configuration
2022-10-12 22:47:37 [AsyncResolver-bootstrap-executor-0] INFO  c.n.d.s.r.aws.ConfigClusterResolver - Resolving eureka endpoints via configuration
2022-10-12 22:52:37 [AsyncResolver-bootstrap-executor-0] INFO  c.n.d.s.r.aws.ConfigClusterResolver - Resolving eureka endpoints via configuration
2022-10-12 22:57:37 [AsyncResolver-bootstrap-executor-0] INFO  c.n.d.s.r.aws.ConfigClusterResolver - Resolving eureka endpoints via configuration
2022-10-12 23:02:38 [AsyncResolver-bootstrap-executor-0] INFO  c.n.d.s.r.aws.ConfigClusterResolver - Resolving eureka endpoints via configuration
2022-10-12 23:07:38 [AsyncResolver-bootstrap-executor-0] INFO  c.n.d.s.r.aws.ConfigClusterResolver - Resolving eureka endpoints via configuration
2022-10-12 23:12:38 [AsyncResolver-bootstrap-executor-0] INFO  c.n.d.s.r.aws.ConfigClusterResolver - Resolving eureka endpoints via configuration
2022-10-12 23:17:38 [AsyncResolver-bootstrap-executor-0] INFO  c.n.d.s.r.aws.ConfigClusterResolver - Resolving eureka endpoints via configuration
2022-10-12 23:22:38 [AsyncResolver-bootstrap-executor-0] INFO  c.n.d.s.r.aws.ConfigClusterResolver - Resolving eureka endpoints via configuration
2022-10-12 23:27:38 [AsyncResolver-bootstrap-executor-0] INFO  c.n.d.s.r.aws.ConfigClusterResolver - Resolving eureka endpoints via configuration
2022-10-12 23:32:38 [AsyncResolver-bootstrap-executor-0] INFO  c.n.d.s.r.aws.ConfigClusterResolver - Resolving eureka endpoints via configuration
2022-10-12 23:34:06 [http-nio-8082-exec-2] INFO  com.capstone.aspect.LoggerAspect - Method name: com.capstone.controller.accountinfoController
2022-10-12 23:34:06 [http-nio-8082-exec-2] INFO  com.capstone.aspect.LoggerAspect - Method arguments:[Ljava.lang.Object;@6f14db88
2022-10-12 23:34:06 [http-nio-8082-exec-2] INFO  com.capstone.aspect.LoggerAspect - *************************************
2022-10-12 23:34:06 [http-nio-8082-exec-2] INFO  com.capstone.aspect.LoggerAspect - Method name: com.capstone.service.accountinfoServiceImpl
2022-10-12 23:34:06 [http-nio-8082-exec-2] INFO  com.capstone.aspect.LoggerAspect - Method arguments:[Ljava.lang.Object;@6926dd11
2022-10-12 23:34:06 [http-nio-8082-exec-2] INFO  com.capstone.aspect.LoggerAspect - *************************************
2022-10-12 23:34:06 [http-nio-8082-exec-2] INFO  com.capstone.aspect.LoggerAspect - During: class com.capstone.service.accountinfoServiceImpl.getAcountsByCustId() with arguments=[accountinfo [accno=202200011, custid=202200001, branch_name=Bengaluru, ifsc=NATW000123, savingsamount=600000.0], accountinfo [accno=202200012, custid=202200001, branch_name=Bengaluru, ifsc=NATW000123, savingsamount=50000.0]]
2022-10-12 23:34:06 [http-nio-8082-exec-2] INFO  com.capstone.aspect.LoggerAspect - *************************************
2022-10-12 23:34:06 [http-nio-8082-exec-2] INFO  com.capstone.aspect.LoggerAspect - During: class com.capstone.controller.accountinfoController.getsavingsAccount() with arguments=[accountinfo [accno=202200011, custid=202200001, branch_name=Bengaluru, ifsc=NATW000123, savingsamount=600000.0], accountinfo [accno=202200012, custid=202200001, branch_name=Bengaluru, ifsc=NATW000123, savingsamount=50000.0]]
2022-10-12 23:34:06 [http-nio-8082-exec-2] INFO  com.capstone.aspect.LoggerAspect - *************************************
2022-10-12 23:37:38 [AsyncResolver-bootstrap-executor-0] INFO  c.n.d.s.r.aws.ConfigClusterResolver - Resolving eureka endpoints via configuration
2022-10-12 23:42:38 [AsyncResolver-bootstrap-executor-0] INFO  c.n.d.s.r.aws.ConfigClusterResolver - Resolving eureka endpoints via configuration
2022-10-12 23:47:38 [AsyncResolver-bootstrap-executor-0] INFO  c.n.d.s.r.aws.ConfigClusterResolver - Resolving eureka endpoints via configuration
2022-10-12 23:50:28 [http-nio-8082-exec-1] INFO  com.capstone.aspect.LoggerAspect - Method name: com.capstone.controller.accountinfoController
2022-10-12 23:50:28 [http-nio-8082-exec-1] INFO  com.capstone.aspect.LoggerAspect - Method arguments:[Ljava.lang.Object;@3139a6ac
2022-10-12 23:50:28 [http-nio-8082-exec-1] INFO  com.capstone.aspect.LoggerAspect - *************************************
2022-10-12 23:50:28 [http-nio-8082-exec-1] INFO  com.capstone.aspect.LoggerAspect - Method name: com.capstone.service.accountinfoServiceImpl
2022-10-12 23:50:28 [http-nio-8082-exec-1] INFO  com.capstone.aspect.LoggerAspect - Method arguments:[Ljava.lang.Object;@743b2eef
2022-10-12 23:50:28 [http-nio-8082-exec-1] INFO  com.capstone.aspect.LoggerAspect - *************************************
2022-10-12 23:50:28 [http-nio-8082-exec-1] INFO  com.capstone.aspect.LoggerAspect - During: class com.capstone.service.accountinfoServiceImpl.getAcountsByCustId() with arguments=[accountinfo [accno=202200011, custid=202200001, branch_name=Bengaluru, ifsc=NATW000123, savingsamount=600000.0], accountinfo [accno=202200012, custid=202200001, branch_name=Bengaluru, ifsc=NATW000123, savingsamount=50000.0]]
2022-10-12 23:50:28 [http-nio-8082-exec-1] INFO  com.capstone.aspect.LoggerAspect - *************************************
2022-10-12 23:50:28 [http-nio-8082-exec-1] INFO  com.capstone.aspect.LoggerAspect - During: class com.capstone.controller.accountinfoController.getsavingsAccount() with arguments=[accountinfo [accno=202200011, custid=202200001, branch_name=Bengaluru, ifsc=NATW000123, savingsamount=600000.0], accountinfo [accno=202200012, custid=202200001, branch_name=Bengaluru, ifsc=NATW000123, savingsamount=50000.0]]
2022-10-12 23:50:28 [http-nio-8082-exec-1] INFO  com.capstone.aspect.LoggerAspect - *************************************
2022-10-12 23:50:36 [http-nio-8082-exec-10] INFO  com.capstone.aspect.LoggerAspect - Method name: com.capstone.controller.accountinfoController
2022-10-12 23:50:36 [http-nio-8082-exec-10] INFO  com.capstone.aspect.LoggerAspect - Method arguments:[Ljava.lang.Object;@622e2304
2022-10-12 23:50:36 [http-nio-8082-exec-10] INFO  com.capstone.aspect.LoggerAspect - *************************************
2022-10-12 23:50:36 [http-nio-8082-exec-10] INFO  com.capstone.aspect.LoggerAspect - Method name: com.capstone.service.accountinfoServiceImpl
2022-10-12 23:50:36 [http-nio-8082-exec-10] INFO  com.capstone.aspect.LoggerAspect - Method arguments:[Ljava.lang.Object;@272ca125
2022-10-12 23:50:36 [http-nio-8082-exec-10] INFO  com.capstone.aspect.LoggerAspect - *************************************
2022-10-12 23:50:36 [http-nio-8082-exec-10] INFO  com.capstone.aspect.LoggerAspect - During: class com.capstone.service.accountinfoServiceImpl.getAcountsByCustId() with arguments=[accountinfo [accno=202200011, custid=202200001, branch_name=Bengaluru, ifsc=NATW000123, savingsamount=600000.0], accountinfo [accno=202200012, custid=202200001, branch_name=Bengaluru, ifsc=NATW000123, savingsamount=50000.0]]
2022-10-12 23:50:36 [http-nio-8082-exec-10] INFO  com.capstone.aspect.LoggerAspect - *************************************
2022-10-12 23:50:36 [http-nio-8082-exec-10] INFO  com.capstone.aspect.LoggerAspect - During: class com.capstone.controller.accountinfoController.getsavingsAccount() with arguments=[accountinfo [accno=202200011, custid=202200001, branch_name=Bengaluru, ifsc=NATW000123, savingsamount=600000.0], accountinfo [accno=202200012, custid=202200001, branch_name=Bengaluru, ifsc=NATW000123, savingsamount=50000.0]]
2022-10-12 23:50:36 [http-nio-8082-exec-10] INFO  com.capstone.aspect.LoggerAspect - *************************************
2022-10-12 23:52:38 [AsyncResolver-bootstrap-executor-0] INFO  c.n.d.s.r.aws.ConfigClusterResolver - Resolving eureka endpoints via configuration
2022-10-12 23:57:38 [AsyncResolver-bootstrap-executor-0] INFO  c.n.d.s.r.aws.ConfigClusterResolver - Resolving eureka endpoints via configuration
2022-10-12 23:59:51 [http-nio-8082-exec-5] INFO  com.capstone.aspect.LoggerAspect - Method name: com.capstone.controller.accountinfoController
2022-10-12 23:59:51 [http-nio-8082-exec-5] INFO  com.capstone.aspect.LoggerAspect - Method arguments:[Ljava.lang.Object;@f69f49
2022-10-12 23:59:51 [http-nio-8082-exec-5] INFO  com.capstone.aspect.LoggerAspect - *************************************
2022-10-12 23:59:51 [http-nio-8082-exec-5] INFO  com.capstone.aspect.LoggerAspect - Method name: com.capstone.service.accountinfoServiceImpl
2022-10-12 23:59:51 [http-nio-8082-exec-5] INFO  com.capstone.aspect.LoggerAspect - Method arguments:[Ljava.lang.Object;@4f0c6b1c
2022-10-12 23:59:51 [http-nio-8082-exec-5] INFO  com.capstone.aspect.LoggerAspect - *************************************
2022-10-12 23:59:51 [http-nio-8082-exec-5] INFO  com.capstone.aspect.LoggerAspect - During: class com.capstone.service.accountinfoServiceImpl.getAcountsByCustId() with arguments=[accountinfo [accno=202200011, custid=202200001, branch_name=Bengaluru, ifsc=NATW000123, savingsamount=600000.0], accountinfo [accno=202200012, custid=202200001, branch_name=Bengaluru, ifsc=NATW000123, savingsamount=50000.0]]
2022-10-12 23:59:51 [http-nio-8082-exec-5] INFO  com.capstone.aspect.LoggerAspect - *************************************
2022-10-12 23:59:51 [http-nio-8082-exec-5] INFO  com.capstone.aspect.LoggerAspect - During: class com.capstone.controller.accountinfoController.getsavingsAccount() with arguments=[accountinfo [accno=202200011, custid=202200001, branch_name=Bengaluru, ifsc=NATW000123, savingsamount=600000.0], accountinfo [accno=202200012, custid=202200001, branch_name=Bengaluru, ifsc=NATW000123, savingsamount=50000.0]]
2022-10-12 23:59:51 [http-nio-8082-exec-5] INFO  com.capstone.aspect.LoggerAspect - *************************************
2022-10-13 00:02:38 [AsyncResolver-bootstrap-executor-0] INFO  c.n.d.s.r.aws.ConfigClusterResolver - Resolving eureka endpoints via configuration
2022-10-13 00:03:14 [http-nio-8082-exec-8] INFO  com.capstone.aspect.LoggerAspect - Method name: com.capstone.controller.accountinfoController
2022-10-13 00:03:14 [http-nio-8082-exec-8] INFO  com.capstone.aspect.LoggerAspect - Method arguments:[Ljava.lang.Object;@a20f9b6
2022-10-13 00:03:14 [http-nio-8082-exec-8] INFO  com.capstone.aspect.LoggerAspect - *************************************
2022-10-13 00:03:14 [http-nio-8082-exec-8] INFO  com.capstone.aspect.LoggerAspect - Method name: com.capstone.service.accountinfoServiceImpl
2022-10-13 00:03:14 [http-nio-8082-exec-8] INFO  com.capstone.aspect.LoggerAspect - Method arguments:[Ljava.lang.Object;@5bd214a
2022-10-13 00:03:14 [http-nio-8082-exec-8] INFO  com.capstone.aspect.LoggerAspect - *************************************
2022-10-13 00:03:14 [http-nio-8082-exec-8] INFO  com.capstone.aspect.LoggerAspect - During: class com.capstone.service.accountinfoServiceImpl.getAcountsByCustId() with arguments=[accountinfo [accno=202200011, custid=202200001, branch_name=Bengaluru, ifsc=NATW000123, savingsamount=600000.0], accountinfo [accno=202200012, custid=202200001, branch_name=Bengaluru, ifsc=NATW000123, savingsamount=50000.0]]
2022-10-13 00:03:14 [http-nio-8082-exec-8] INFO  com.capstone.aspect.LoggerAspect - *************************************
2022-10-13 00:03:14 [http-nio-8082-exec-8] INFO  com.capstone.aspect.LoggerAspect - During: class com.capstone.controller.accountinfoController.getsavingsAccount() with arguments=[accountinfo [accno=202200011, custid=202200001, branch_name=Bengaluru, ifsc=NATW000123, savingsamount=600000.0], accountinfo [accno=202200012, custid=202200001, branch_name=Bengaluru, ifsc=NATW000123, savingsamount=50000.0]]
2022-10-13 00:03:14 [http-nio-8082-exec-8] INFO  com.capstone.aspect.LoggerAspect - *************************************
2022-10-13 00:07:38 [AsyncResolver-bootstrap-executor-0] INFO  c.n.d.s.r.aws.ConfigClusterResolver - Resolving eureka endpoints via configuration
2022-10-13 00:09:10 [http-nio-8082-exec-2] INFO  com.capstone.aspect.LoggerAspect - Method name: com.capstone.controller.accountinfoController
2022-10-13 00:09:10 [http-nio-8082-exec-2] INFO  com.capstone.aspect.LoggerAspect - Method arguments:[Ljava.lang.Object;@40acc1b5
2022-10-13 00:09:10 [http-nio-8082-exec-2] INFO  com.capstone.aspect.LoggerAspect - *************************************
2022-10-13 00:09:10 [http-nio-8082-exec-2] INFO  com.capstone.aspect.LoggerAspect - Method name: com.capstone.service.accountinfoServiceImpl
2022-10-13 00:09:10 [http-nio-8082-exec-2] INFO  com.capstone.aspect.LoggerAspect - Method arguments:[Ljava.lang.Object;@1a9c023
2022-10-13 00:09:10 [http-nio-8082-exec-2] INFO  com.capstone.aspect.LoggerAspect - *************************************
2022-10-13 00:09:10 [http-nio-8082-exec-2] INFO  com.capstone.aspect.LoggerAspect - During: class com.capstone.service.accountinfoServiceImpl.getAcountsByCustId() with arguments=[accountinfo [accno=202200011, custid=202200001, branch_name=Bengaluru, ifsc=NATW000123, savingsamount=600000.0], accountinfo [accno=202200012, custid=202200001, branch_name=Bengaluru, ifsc=NATW000123, savingsamount=50000.0]]
2022-10-13 00:09:10 [http-nio-8082-exec-2] INFO  com.capstone.aspect.LoggerAspect - *************************************
2022-10-13 00:09:10 [http-nio-8082-exec-2] INFO  com.capstone.aspect.LoggerAspect - During: class com.capstone.controller.accountinfoController.getsavingsAccount() with arguments=[accountinfo [accno=202200011, custid=202200001, branch_name=Bengaluru, ifsc=NATW000123, savingsamount=600000.0], accountinfo [accno=202200012, custid=202200001, branch_name=Bengaluru, ifsc=NATW000123, savingsamount=50000.0]]
2022-10-13 00:09:10 [http-nio-8082-exec-2] INFO  com.capstone.aspect.LoggerAspect - *************************************
2022-10-13 00:11:33 [http-nio-8082-exec-1] INFO  com.capstone.aspect.LoggerAspect - Method name: com.capstone.controller.accountinfoController
2022-10-13 00:11:33 [http-nio-8082-exec-1] INFO  com.capstone.aspect.LoggerAspect - Method arguments:[Ljava.lang.Object;@35f21357
2022-10-13 00:11:33 [http-nio-8082-exec-1] INFO  com.capstone.aspect.LoggerAspect - *************************************
2022-10-13 00:11:33 [http-nio-8082-exec-1] INFO  com.capstone.aspect.LoggerAspect - Method name: com.capstone.service.accountinfoServiceImpl
2022-10-13 00:11:33 [http-nio-8082-exec-1] INFO  com.capstone.aspect.LoggerAspect - Method arguments:[Ljava.lang.Object;@22f1653a
2022-10-13 00:11:33 [http-nio-8082-exec-1] INFO  com.capstone.aspect.LoggerAspect - *************************************
2022-10-13 00:11:33 [http-nio-8082-exec-1] INFO  com.capstone.aspect.LoggerAspect - During: class com.capstone.service.accountinfoServiceImpl.getAcountsByCustId() with arguments=[accountinfo [accno=202200011, custid=202200001, branch_name=Bengaluru, ifsc=NATW000123, savingsamount=600000.0], accountinfo [accno=202200012, custid=202200001, branch_name=Bengaluru, ifsc=NATW000123, savingsamount=50000.0]]
2022-10-13 00:11:33 [http-nio-8082-exec-1] INFO  com.capstone.aspect.LoggerAspect - *************************************
2022-10-13 00:11:33 [http-nio-8082-exec-1] INFO  com.capstone.aspect.LoggerAspect - During: class com.capstone.controller.accountinfoController.getsavingsAccount() with arguments=[accountinfo [accno=202200011, custid=202200001, branch_name=Bengaluru, ifsc=NATW000123, savingsamount=600000.0], accountinfo [accno=202200012, custid=202200001, branch_name=Bengaluru, ifsc=NATW000123, savingsamount=50000.0]]
2022-10-13 00:11:33 [http-nio-8082-exec-1] INFO  com.capstone.aspect.LoggerAspect - *************************************
2022-10-13 00:11:41 [http-nio-8082-exec-10] INFO  com.capstone.aspect.LoggerAspect - Method name: com.capstone.controller.accountinfoController
2022-10-13 00:11:41 [http-nio-8082-exec-10] INFO  com.capstone.aspect.LoggerAspect - Method arguments:[Ljava.lang.Object;@434de5c8
2022-10-13 00:11:41 [http-nio-8082-exec-10] INFO  com.capstone.aspect.LoggerAspect - *************************************
2022-10-13 00:11:41 [http-nio-8082-exec-10] INFO  com.capstone.aspect.LoggerAspect - Method name: com.capstone.service.accountinfoServiceImpl
2022-10-13 00:11:41 [http-nio-8082-exec-10] INFO  com.capstone.aspect.LoggerAspect - Method arguments:[Ljava.lang.Object;@6d5d7c60
2022-10-13 00:11:41 [http-nio-8082-exec-10] INFO  com.capstone.aspect.LoggerAspect - *************************************
2022-10-13 00:11:41 [http-nio-8082-exec-10] INFO  com.capstone.aspect.LoggerAspect - During: class com.capstone.service.accountinfoServiceImpl.getAcountsByCustId() with arguments=[accountinfo [accno=202200011, custid=202200001, branch_name=Bengaluru, ifsc=NATW000123, savingsamount=600000.0], accountinfo [accno=202200012, custid=202200001, branch_name=Bengaluru, ifsc=NATW000123, savingsamount=50000.0]]
2022-10-13 00:11:41 [http-nio-8082-exec-10] INFO  com.capstone.aspect.LoggerAspect - *************************************
2022-10-13 00:11:41 [http-nio-8082-exec-10] INFO  com.capstone.aspect.LoggerAspect - During: class com.capstone.controller.accountinfoController.getsavingsAccount() with arguments=[accountinfo [accno=202200011, custid=202200001, branch_name=Bengaluru, ifsc=NATW000123, savingsamount=600000.0], accountinfo [accno=202200012, custid=202200001, branch_name=Bengaluru, ifsc=NATW000123, savingsamount=50000.0]]
2022-10-13 00:11:41 [http-nio-8082-exec-10] INFO  com.capstone.aspect.LoggerAspect - *************************************
2022-10-13 00:12:19 [http-nio-8082-exec-5] INFO  com.capstone.aspect.LoggerAspect - Method name: com.capstone.controller.accountinfoController
2022-10-13 00:12:19 [http-nio-8082-exec-5] INFO  com.capstone.aspect.LoggerAspect - Method arguments:[Ljava.lang.Object;@45fcb8fa
2022-10-13 00:12:19 [http-nio-8082-exec-5] INFO  com.capstone.aspect.LoggerAspect - *************************************
2022-10-13 00:12:19 [http-nio-8082-exec-5] INFO  com.capstone.aspect.LoggerAspect - Method name: com.capstone.service.accountinfoServiceImpl
2022-10-13 00:12:19 [http-nio-8082-exec-5] INFO  com.capstone.aspect.LoggerAspect - Method arguments:[Ljava.lang.Object;@26635bd3
2022-10-13 00:12:19 [http-nio-8082-exec-5] INFO  com.capstone.aspect.LoggerAspect - *************************************
2022-10-13 00:12:19 [http-nio-8082-exec-5] INFO  com.capstone.aspect.LoggerAspect - During: class com.capstone.service.accountinfoServiceImpl.getAcountsByCustId() with arguments=[accountinfo [accno=202200011, custid=202200001, branch_name=Bengaluru, ifsc=NATW000123, savingsamount=600000.0], accountinfo [accno=202200012, custid=202200001, branch_name=Bengaluru, ifsc=NATW000123, savingsamount=50000.0]]
2022-10-13 00:12:19 [http-nio-8082-exec-5] INFO  com.capstone.aspect.LoggerAspect - *************************************
2022-10-13 00:12:19 [http-nio-8082-exec-5] INFO  com.capstone.aspect.LoggerAspect - During: class com.capstone.controller.accountinfoController.getsavingsAccount() with arguments=[accountinfo [accno=202200011, custid=202200001, branch_name=Bengaluru, ifsc=NATW000123, savingsamount=600000.0], accountinfo [accno=202200012, custid=202200001, branch_name=Bengaluru, ifsc=NATW000123, savingsamount=50000.0]]
2022-10-13 00:12:19 [http-nio-8082-exec-5] INFO  com.capstone.aspect.LoggerAspect - *************************************
2022-10-13 00:12:38 [AsyncResolver-bootstrap-executor-0] INFO  c.n.d.s.r.aws.ConfigClusterResolver - Resolving eureka endpoints via configuration
2022-10-13 00:12:58 [http-nio-8082-exec-8] INFO  com.capstone.aspect.LoggerAspect - Method name: com.capstone.controller.accountinfoController
2022-10-13 00:12:58 [http-nio-8082-exec-8] INFO  com.capstone.aspect.LoggerAspect - Method arguments:[Ljava.lang.Object;@519e4307
2022-10-13 00:12:58 [http-nio-8082-exec-8] INFO  com.capstone.aspect.LoggerAspect - *************************************
2022-10-13 00:12:58 [http-nio-8082-exec-8] INFO  com.capstone.aspect.LoggerAspect - Method name: com.capstone.service.accountinfoServiceImpl
2022-10-13 00:12:58 [http-nio-8082-exec-8] INFO  com.capstone.aspect.LoggerAspect - Method arguments:[Ljava.lang.Object;@671ceca2
2022-10-13 00:12:58 [http-nio-8082-exec-8] INFO  com.capstone.aspect.LoggerAspect - *************************************
2022-10-13 00:12:58 [http-nio-8082-exec-8] INFO  com.capstone.aspect.LoggerAspect - During: class com.capstone.service.accountinfoServiceImpl.getAcountsByCustId() with arguments=[accountinfo [accno=202200011, custid=202200001, branch_name=Bengaluru, ifsc=NATW000123, savingsamount=600000.0], accountinfo [accno=202200012, custid=202200001, branch_name=Bengaluru, ifsc=NATW000123, savingsamount=50000.0]]
2022-10-13 00:12:58 [http-nio-8082-exec-8] INFO  com.capstone.aspect.LoggerAspect - *************************************
2022-10-13 00:12:58 [http-nio-8082-exec-8] INFO  com.capstone.aspect.LoggerAspect - During: class com.capstone.controller.accountinfoController.getsavingsAccount() with arguments=[accountinfo [accno=202200011, custid=202200001, branch_name=Bengaluru, ifsc=NATW000123, savingsamount=600000.0], accountinfo [accno=202200012, custid=202200001, branch_name=Bengaluru, ifsc=NATW000123, savingsamount=50000.0]]
2022-10-13 00:12:58 [http-nio-8082-exec-8] INFO  com.capstone.aspect.LoggerAspect - *************************************
2022-10-13 00:14:50 [http-nio-8082-exec-3] INFO  com.capstone.aspect.LoggerAspect - Method name: com.capstone.controller.accountinfoController
2022-10-13 00:14:50 [http-nio-8082-exec-3] INFO  com.capstone.aspect.LoggerAspect - Method arguments:[Ljava.lang.Object;@718fb785
2022-10-13 00:14:50 [http-nio-8082-exec-3] INFO  com.capstone.aspect.LoggerAspect - *************************************
2022-10-13 00:14:50 [http-nio-8082-exec-3] INFO  com.capstone.aspect.LoggerAspect - Method name: com.capstone.service.accountinfoServiceImpl
2022-10-13 00:14:50 [http-nio-8082-exec-3] INFO  com.capstone.aspect.LoggerAspect - Method arguments:[Ljava.lang.Object;@490d2584
2022-10-13 00:14:50 [http-nio-8082-exec-3] INFO  com.capstone.aspect.LoggerAspect - *************************************
2022-10-13 00:14:50 [http-nio-8082-exec-3] INFO  com.capstone.aspect.LoggerAspect - During: class com.capstone.service.accountinfoServiceImpl.getAcountsByCustId() with arguments=[accountinfo [accno=202200011, custid=202200001, branch_name=Bengaluru, ifsc=NATW000123, savingsamount=600000.0], accountinfo [accno=202200012, custid=202200001, branch_name=Bengaluru, ifsc=NATW000123, savingsamount=50000.0]]
2022-10-13 00:14:50 [http-nio-8082-exec-3] INFO  com.capstone.aspect.LoggerAspect - *************************************
2022-10-13 00:14:50 [http-nio-8082-exec-3] INFO  com.capstone.aspect.LoggerAspect - During: class com.capstone.controller.accountinfoController.getsavingsAccount() with arguments=[accountinfo [accno=202200011, custid=202200001, branch_name=Bengaluru, ifsc=NATW000123, savingsamount=600000.0], accountinfo [accno=202200012, custid=202200001, branch_name=Bengaluru, ifsc=NATW000123, savingsamount=50000.0]]
2022-10-13 00:14:50 [http-nio-8082-exec-3] INFO  com.capstone.aspect.LoggerAspect - *************************************
2022-10-13 00:15:29 [http-nio-8082-exec-7] INFO  com.capstone.aspect.LoggerAspect - Method name: com.capstone.controller.accountinfoController
2022-10-13 00:15:29 [http-nio-8082-exec-7] INFO  com.capstone.aspect.LoggerAspect - Method arguments:[Ljava.lang.Object;@5f9dc04a
2022-10-13 00:15:29 [http-nio-8082-exec-7] INFO  com.capstone.aspect.LoggerAspect - *************************************
2022-10-13 00:15:29 [http-nio-8082-exec-7] INFO  com.capstone.aspect.LoggerAspect - Method name: com.capstone.service.accountinfoServiceImpl
2022-10-13 00:15:29 [http-nio-8082-exec-7] INFO  com.capstone.aspect.LoggerAspect - Method arguments:[Ljava.lang.Object;@7f6c0d0c
2022-10-13 00:15:29 [http-nio-8082-exec-7] INFO  com.capstone.aspect.LoggerAspect - *************************************
2022-10-13 00:15:29 [http-nio-8082-exec-7] INFO  com.capstone.aspect.LoggerAspect - During: class com.capstone.service.accountinfoServiceImpl.getAcountsByCustId() with arguments=[accountinfo [accno=202200011, custid=202200001, branch_name=Bengaluru, ifsc=NATW000123, savingsamount=600000.0], accountinfo [accno=202200012, custid=202200001, branch_name=Bengaluru, ifsc=NATW000123, savingsamount=50000.0]]
2022-10-13 00:15:29 [http-nio-8082-exec-7] INFO  com.capstone.aspect.LoggerAspect - *************************************
2022-10-13 00:15:29 [http-nio-8082-exec-7] INFO  com.capstone.aspect.LoggerAspect - During: class com.capstone.controller.accountinfoController.getsavingsAccount() with arguments=[accountinfo [accno=202200011, custid=202200001, branch_name=Bengaluru, ifsc=NATW000123, savingsamount=600000.0], accountinfo [accno=202200012, custid=202200001, branch_name=Bengaluru, ifsc=NATW000123, savingsamount=50000.0]]
2022-10-13 00:15:29 [http-nio-8082-exec-7] INFO  com.capstone.aspect.LoggerAspect - *************************************
2022-10-13 00:17:38 [AsyncResolver-bootstrap-executor-0] INFO  c.n.d.s.r.aws.ConfigClusterResolver - Resolving eureka endpoints via configuration
2022-10-13 00:20:24 [http-nio-8082-exec-10] INFO  com.capstone.aspect.LoggerAspect - Method name: com.capstone.controller.accountinfoController
2022-10-13 00:20:24 [http-nio-8082-exec-10] INFO  com.capstone.aspect.LoggerAspect - Method arguments:[Ljava.lang.Object;@3c8fcb35
2022-10-13 00:20:24 [http-nio-8082-exec-10] INFO  com.capstone.aspect.LoggerAspect - *************************************
2022-10-13 00:20:24 [http-nio-8082-exec-10] INFO  com.capstone.aspect.LoggerAspect - Method name: com.capstone.service.accountinfoServiceImpl
2022-10-13 00:20:24 [http-nio-8082-exec-10] INFO  com.capstone.aspect.LoggerAspect - Method arguments:[Ljava.lang.Object;@3f59a080
2022-10-13 00:20:24 [http-nio-8082-exec-10] INFO  com.capstone.aspect.LoggerAspect - *************************************
2022-10-13 00:20:24 [http-nio-8082-exec-10] INFO  com.capstone.aspect.LoggerAspect - During: class com.capstone.service.accountinfoServiceImpl.getAcountsByCustId() with arguments=[accountinfo [accno=202200011, custid=202200001, branch_name=Bengaluru, ifsc=NATW000123, savingsamount=600000.0], accountinfo [accno=202200012, custid=202200001, branch_name=Bengaluru, ifsc=NATW000123, savingsamount=50000.0]]
2022-10-13 00:20:24 [http-nio-8082-exec-10] INFO  com.capstone.aspect.LoggerAspect - *************************************
2022-10-13 00:20:24 [http-nio-8082-exec-10] INFO  com.capstone.aspect.LoggerAspect - During: class com.capstone.controller.accountinfoController.getsavingsAccount() with arguments=[accountinfo [accno=202200011, custid=202200001, branch_name=Bengaluru, ifsc=NATW000123, savingsamount=600000.0], accountinfo [accno=202200012, custid=202200001, branch_name=Bengaluru, ifsc=NATW000123, savingsamount=50000.0]]
2022-10-13 00:20:24 [http-nio-8082-exec-10] INFO  com.capstone.aspect.LoggerAspect - *************************************
2022-10-13 00:21:55 [http-nio-8082-exec-5] INFO  com.capstone.aspect.LoggerAspect - Method name: com.capstone.controller.accountinfoController
2022-10-13 00:21:55 [http-nio-8082-exec-5] INFO  com.capstone.aspect.LoggerAspect - Method arguments:[Ljava.lang.Object;@4ffc52b4
2022-10-13 00:21:55 [http-nio-8082-exec-5] INFO  com.capstone.aspect.LoggerAspect - *************************************
2022-10-13 00:21:55 [http-nio-8082-exec-5] INFO  com.capstone.aspect.LoggerAspect - Method name: com.capstone.service.accountinfoServiceImpl
2022-10-13 00:21:55 [http-nio-8082-exec-5] INFO  com.capstone.aspect.LoggerAspect - Method arguments:[Ljava.lang.Object;@291dcbcb
2022-10-13 00:21:55 [http-nio-8082-exec-5] INFO  com.capstone.aspect.LoggerAspect - *************************************
2022-10-13 00:21:55 [http-nio-8082-exec-5] INFO  com.capstone.aspect.LoggerAspect - During: class com.capstone.service.accountinfoServiceImpl.getAcountsByCustId() with arguments=[accountinfo [accno=202200011, custid=202200001, branch_name=Bengaluru, ifsc=NATW000123, savingsamount=600000.0], accountinfo [accno=202200012, custid=202200001, branch_name=Bengaluru, ifsc=NATW000123, savingsamount=50000.0]]
2022-10-13 00:21:55 [http-nio-8082-exec-5] INFO  com.capstone.aspect.LoggerAspect - *************************************
2022-10-13 00:21:55 [http-nio-8082-exec-5] INFO  com.capstone.aspect.LoggerAspect - During: class com.capstone.controller.accountinfoController.getsavingsAccount() with arguments=[accountinfo [accno=202200011, custid=202200001, branch_name=Bengaluru, ifsc=NATW000123, savingsamount=600000.0], accountinfo [accno=202200012, custid=202200001, branch_name=Bengaluru, ifsc=NATW000123, savingsamount=50000.0]]
2022-10-13 00:21:55 [http-nio-8082-exec-5] INFO  com.capstone.aspect.LoggerAspect - *************************************
2022-10-13 00:22:19 [http-nio-8082-exec-8] INFO  com.capstone.aspect.LoggerAspect - Method name: com.capstone.controller.accountinfoController
2022-10-13 00:22:19 [http-nio-8082-exec-8] INFO  com.capstone.aspect.LoggerAspect - Method arguments:[Ljava.lang.Object;@292b3ab7
2022-10-13 00:22:19 [http-nio-8082-exec-8] INFO  com.capstone.aspect.LoggerAspect - *************************************
2022-10-13 00:22:19 [http-nio-8082-exec-8] INFO  com.capstone.aspect.LoggerAspect - Method name: com.capstone.service.accountinfoServiceImpl
2022-10-13 00:22:19 [http-nio-8082-exec-8] INFO  com.capstone.aspect.LoggerAspect - Method arguments:[Ljava.lang.Object;@50032bf5
2022-10-13 00:22:19 [http-nio-8082-exec-8] INFO  com.capstone.aspect.LoggerAspect - *************************************
2022-10-13 00:22:19 [http-nio-8082-exec-8] INFO  com.capstone.aspect.LoggerAspect - During: class com.capstone.service.accountinfoServiceImpl.getAcountsByCustId() with arguments=[accountinfo [accno=202200011, custid=202200001, branch_name=Bengaluru, ifsc=NATW000123, savingsamount=600000.0], accountinfo [accno=202200012, custid=202200001, branch_name=Bengaluru, ifsc=NATW000123, savingsamount=50000.0]]
2022-10-13 00:22:19 [http-nio-8082-exec-8] INFO  com.capstone.aspect.LoggerAspect - *************************************
2022-10-13 00:22:19 [http-nio-8082-exec-8] INFO  com.capstone.aspect.LoggerAspect - During: class com.capstone.controller.accountinfoController.getsavingsAccount() with arguments=[accountinfo [accno=202200011, custid=202200001, branch_name=Bengaluru, ifsc=NATW000123, savingsamount=600000.0], accountinfo [accno=202200012, custid=202200001, branch_name=Bengaluru, ifsc=NATW000123, savingsamount=50000.0]]
2022-10-13 00:22:19 [http-nio-8082-exec-8] INFO  com.capstone.aspect.LoggerAspect - *************************************
2022-10-13 00:22:38 [AsyncResolver-bootstrap-executor-0] INFO  c.n.d.s.r.aws.ConfigClusterResolver - Resolving eureka endpoints via configuration
2022-10-13 00:25:42 [http-nio-8082-exec-3] INFO  com.capstone.aspect.LoggerAspect - Method name: com.capstone.controller.accountinfoController
2022-10-13 00:25:42 [http-nio-8082-exec-3] INFO  com.capstone.aspect.LoggerAspect - Method arguments:[Ljava.lang.Object;@c86cdca
2022-10-13 00:25:42 [http-nio-8082-exec-3] INFO  com.capstone.aspect.LoggerAspect - *************************************
2022-10-13 00:25:42 [http-nio-8082-exec-3] INFO  com.capstone.aspect.LoggerAspect - Method name: com.capstone.service.accountinfoServiceImpl
2022-10-13 00:25:42 [http-nio-8082-exec-3] INFO  com.capstone.aspect.LoggerAspect - Method arguments:[Ljava.lang.Object;@6c197338
2022-10-13 00:25:42 [http-nio-8082-exec-3] INFO  com.capstone.aspect.LoggerAspect - *************************************
2022-10-13 00:25:42 [http-nio-8082-exec-3] INFO  com.capstone.aspect.LoggerAspect - During: class com.capstone.service.accountinfoServiceImpl.getAcountsByCustId() with arguments=[accountinfo [accno=202200011, custid=202200001, branch_name=Bengaluru, ifsc=NATW000123, savingsamount=600000.0], accountinfo [accno=202200012, custid=202200001, branch_name=Bengaluru, ifsc=NATW000123, savingsamount=50000.0]]
2022-10-13 00:25:42 [http-nio-8082-exec-3] INFO  com.capstone.aspect.LoggerAspect - *************************************
2022-10-13 00:25:42 [http-nio-8082-exec-3] INFO  com.capstone.aspect.LoggerAspect - During: class com.capstone.controller.accountinfoController.getsavingsAccount() with arguments=[accountinfo [accno=202200011, custid=202200001, branch_name=Bengaluru, ifsc=NATW000123, savingsamount=600000.0], accountinfo [accno=202200012, custid=202200001, branch_name=Bengaluru, ifsc=NATW000123, savingsamount=50000.0]]
2022-10-13 00:25:42 [http-nio-8082-exec-3] INFO  com.capstone.aspect.LoggerAspect - *************************************
