2022-10-10 21:45:43 [restartedMain] INFO  c.capstone.PaymentinfoApiApplication - Starting PaymentinfoApiApplication using Java 17.0.2 on MOHAN with PID 23616 (C:\Users\mohan\Downloads\Natwest Capstone\frontend\spring-master\paymentinfo-api\target\classes started by mohan in C:\Users\mohan\Downloads\Natwest Capstone\frontend\spring-master\paymentinfo-api)
2022-10-10 21:45:43 [restartedMain] INFO  c.capstone.PaymentinfoApiApplication - No active profile set, falling back to 1 default profile: "default"
2022-10-10 21:45:43 [restartedMain] INFO  o.s.d.r.c.RepositoryConfigurationDelegate - Bootstrapping Spring Data JPA repositories in DEFAULT mode.
2022-10-10 21:45:43 [restartedMain] INFO  o.s.d.r.c.RepositoryConfigurationDelegate - Finished Spring Data repository scanning in 10 ms. Found 1 JPA repository interfaces.
2022-10-10 21:45:43 [restartedMain] INFO  o.s.b.w.e.tomcat.TomcatWebServer - Tomcat initialized with port(s): 8083 (http)
2022-10-10 21:45:43 [restartedMain] INFO  o.a.catalina.core.StandardService - Starting service [Tomcat]
2022-10-10 21:45:43 [restartedMain] INFO  o.a.catalina.core.StandardEngine - Starting Servlet engine: [Apache Tomcat/9.0.65]
2022-10-10 21:45:43 [restartedMain] INFO  o.a.c.c.C.[Tomcat].[localhost].[/] - Initializing Spring embedded WebApplicationContext
2022-10-10 21:45:43 [restartedMain] INFO  o.s.b.w.s.c.ServletWebServerApplicationContext - Root WebApplicationContext: initialization completed in 358 ms
2022-10-10 21:45:43 [restartedMain] INFO  o.h.jpa.internal.util.LogHelper - HHH000204: Processing PersistenceUnitInfo [name: default]
2022-10-10 21:45:43 [restartedMain] INFO  com.zaxxer.hikari.HikariDataSource - HikariPool-2 - Starting...
2022-10-10 21:45:43 [restartedMain] INFO  com.zaxxer.hikari.HikariDataSource - HikariPool-2 - Start completed.
2022-10-10 21:45:43 [restartedMain] INFO  org.hibernate.dialect.Dialect - HHH000400: Using dialect: org.hibernate.dialect.MySQL8Dialect
2022-10-10 21:45:43 [restartedMain] INFO  o.h.e.t.j.p.i.JtaPlatformInitiator - HHH000490: Using JtaPlatform implementation: [org.hibernate.engine.transaction.jta.platform.internal.NoJtaPlatform]
2022-10-10 21:45:43 [restartedMain] INFO  o.s.o.j.LocalContainerEntityManagerFactoryBean - Initialized JPA EntityManagerFactory for persistence unit 'default'
2022-10-10 21:45:43 [restartedMain] WARN  o.s.b.a.o.j.JpaBaseConfiguration$JpaWebConfiguration - spring.jpa.open-in-view is enabled by default. Therefore, database queries may be performed during view rendering. Explicitly configure spring.jpa.open-in-view to disable this warning
2022-10-10 21:45:43 [restartedMain] WARN  o.s.b.d.a.OptionalLiveReloadServer - Unable to start LiveReload server
2022-10-10 21:45:43 [restartedMain] INFO  o.s.b.w.e.tomcat.TomcatWebServer - Tomcat started on port(s): 8083 (http) with context path ''
2022-10-10 21:45:43 [restartedMain] INFO  c.capstone.PaymentinfoApiApplication - Started PaymentinfoApiApplication in 0.784 seconds (JVM running for 482.16)
2022-10-10 21:45:43 [restartedMain] INFO  o.s.b.d.a.ConditionEvaluationDeltaLoggingListener - Condition evaluation unchanged
2022-10-10 21:45:58 [File Watcher] INFO  o.s.b.d.a.LocalDevToolsAutoConfiguration$RestartingClassPathChangeChangedEventListener - Restarting due to 1 class path change (1 addition, 0 deletions, 0 modifications)
2022-10-10 21:45:58 [Thread-5] INFO  o.a.catalina.core.StandardService - Stopping service [Tomcat]
2022-10-10 21:45:58 [Thread-5] INFO  o.s.o.j.LocalContainerEntityManagerFactoryBean - Closing JPA EntityManagerFactory for persistence unit 'default'
2022-10-10 21:45:58 [Thread-5] INFO  com.zaxxer.hikari.HikariDataSource - HikariPool-2 - Shutdown initiated...
2022-10-10 21:45:58 [Thread-5] INFO  com.zaxxer.hikari.HikariDataSource - HikariPool-2 - Shutdown completed.
2022-10-10 21:45:58 [restartedMain] INFO  c.capstone.PaymentinfoApiApplication - Starting PaymentinfoApiApplication using Java 17.0.2 on MOHAN with PID 23616 (C:\Users\mohan\Downloads\Natwest Capstone\frontend\spring-master\paymentinfo-api\target\classes started by mohan in C:\Users\mohan\Downloads\Natwest Capstone\frontend\spring-master\paymentinfo-api)
2022-10-10 21:45:58 [restartedMain] INFO  c.capstone.PaymentinfoApiApplication - No active profile set, falling back to 1 default profile: "default"
2022-10-10 21:45:59 [restartedMain] INFO  o.s.d.r.c.RepositoryConfigurationDelegate - Bootstrapping Spring Data JPA repositories in DEFAULT mode.
2022-10-10 21:45:59 [restartedMain] INFO  o.s.d.r.c.RepositoryConfigurationDelegate - Finished Spring Data repository scanning in 18 ms. Found 1 JPA repository interfaces.
2022-10-10 21:45:59 [restartedMain] INFO  o.s.b.w.e.tomcat.TomcatWebServer - Tomcat initialized with port(s): 8083 (http)
2022-10-10 21:45:59 [restartedMain] INFO  o.a.catalina.core.StandardService - Starting service [Tomcat]
2022-10-10 21:45:59 [restartedMain] INFO  o.a.catalina.core.StandardEngine - Starting Servlet engine: [Apache Tomcat/9.0.65]
2022-10-10 21:45:59 [restartedMain] INFO  o.a.c.c.C.[Tomcat].[localhost].[/] - Initializing Spring embedded WebApplicationContext
2022-10-10 21:45:59 [restartedMain] INFO  o.s.b.w.s.c.ServletWebServerApplicationContext - Root WebApplicationContext: initialization completed in 551 ms
2022-10-10 21:45:59 [restartedMain] INFO  o.h.jpa.internal.util.LogHelper - HHH000204: Processing PersistenceUnitInfo [name: default]
2022-10-10 21:45:59 [restartedMain] INFO  com.zaxxer.hikari.HikariDataSource - HikariPool-3 - Starting...
2022-10-10 21:45:59 [restartedMain] INFO  com.zaxxer.hikari.HikariDataSource - HikariPool-3 - Start completed.
2022-10-10 21:45:59 [restartedMain] INFO  org.hibernate.dialect.Dialect - HHH000400: Using dialect: org.hibernate.dialect.MySQL8Dialect
2022-10-10 21:45:59 [restartedMain] INFO  o.h.e.t.j.p.i.JtaPlatformInitiator - HHH000490: Using JtaPlatform implementation: [org.hibernate.engine.transaction.jta.platform.internal.NoJtaPlatform]
2022-10-10 21:45:59 [restartedMain] INFO  o.s.o.j.LocalContainerEntityManagerFactoryBean - Initialized JPA EntityManagerFactory for persistence unit 'default'
2022-10-10 21:45:59 [restartedMain] WARN  o.s.b.a.o.j.JpaBaseConfiguration$JpaWebConfiguration - spring.jpa.open-in-view is enabled by default. Therefore, database queries may be performed during view rendering. Explicitly configure spring.jpa.open-in-view to disable this warning
2022-10-10 21:45:59 [restartedMain] WARN  o.s.b.d.a.OptionalLiveReloadServer - Unable to start LiveReload server
2022-10-10 21:45:59 [restartedMain] INFO  o.s.b.w.e.tomcat.TomcatWebServer - Tomcat started on port(s): 8083 (http) with context path ''
2022-10-10 21:45:59 [restartedMain] INFO  c.capstone.PaymentinfoApiApplication - Started PaymentinfoApiApplication in 0.985 seconds (JVM running for 498.053)
2022-10-10 21:45:59 [restartedMain] INFO  o.s.b.d.a.ConditionEvaluationDeltaLoggingListener - Condition evaluation unchanged
2022-10-10 21:47:07 [http-nio-8083-exec-2] INFO  o.a.c.c.C.[Tomcat].[localhost].[/] - Initializing Spring DispatcherServlet 'dispatcherServlet'
2022-10-10 21:47:07 [http-nio-8083-exec-2] INFO  o.s.web.servlet.DispatcherServlet - Initializing Servlet 'dispatcherServlet'
2022-10-10 21:47:07 [http-nio-8083-exec-2] INFO  o.s.web.servlet.DispatcherServlet - Completed initialization in 1 ms
2022-10-10 21:47:07 [http-nio-8083-exec-2] ERROR o.a.c.c.C.[.[.[.[dispatcherServlet] - Servlet.service() for servlet [dispatcherServlet] in context with path [] threw exception [Token expired] with root cause
javax.servlet.ServletException: Token expired
	at com.capstone.filter.paymentapiFilter.doFilter(paymentapiFilter.java:58)
	at org.apache.catalina.core.ApplicationFilterChain.internalDoFilter(ApplicationFilterChain.java:189)
	at org.apache.catalina.core.ApplicationFilterChain.doFilter(ApplicationFilterChain.java:162)
	at org.springframework.web.filter.RequestContextFilter.doFilterInternal(RequestContextFilter.java:100)
	at org.springframework.web.filter.OncePerRequestFilter.doFilter(OncePerRequestFilter.java:117)
	at org.apache.catalina.core.ApplicationFilterChain.internalDoFilter(ApplicationFilterChain.java:189)
	at org.apache.catalina.core.ApplicationFilterChain.doFilter(ApplicationFilterChain.java:162)
	at org.springframework.web.filter.FormContentFilter.doFilterInternal(FormContentFilter.java:93)
	at org.springframework.web.filter.OncePerRequestFilter.doFilter(OncePerRequestFilter.java:117)
	at org.apache.catalina.core.ApplicationFilterChain.internalDoFilter(ApplicationFilterChain.java:189)
	at org.apache.catalina.core.ApplicationFilterChain.doFilter(ApplicationFilterChain.java:162)
	at org.springframework.web.filter.CharacterEncodingFilter.doFilterInternal(CharacterEncodingFilter.java:201)
	at org.springframework.web.filter.OncePerRequestFilter.doFilter(OncePerRequestFilter.java:117)
	at org.apache.catalina.core.ApplicationFilterChain.internalDoFilter(ApplicationFilterChain.java:189)
	at org.apache.catalina.core.ApplicationFilterChain.doFilter(ApplicationFilterChain.java:162)
	at org.apache.catalina.core.StandardWrapperValve.invoke(StandardWrapperValve.java:197)
	at org.apache.catalina.core.StandardContextValve.invoke(StandardContextValve.java:97)
	at org.apache.catalina.authenticator.AuthenticatorBase.invoke(AuthenticatorBase.java:541)
	at org.apache.catalina.core.StandardHostValve.invoke(StandardHostValve.java:135)
	at org.apache.catalina.valves.ErrorReportValve.invoke(ErrorReportValve.java:92)
	at org.apache.catalina.core.StandardEngineValve.invoke(StandardEngineValve.java:78)
	at org.apache.catalina.connector.CoyoteAdapter.service(CoyoteAdapter.java:360)
	at org.apache.coyote.http11.Http11Processor.service(Http11Processor.java:399)
	at org.apache.coyote.AbstractProcessorLight.process(AbstractProcessorLight.java:65)
	at org.apache.coyote.AbstractProtocol$ConnectionHandler.process(AbstractProtocol.java:890)
	at org.apache.tomcat.util.net.NioEndpoint$SocketProcessor.doRun(NioEndpoint.java:1789)
	at org.apache.tomcat.util.net.SocketProcessorBase.run(SocketProcessorBase.java:49)
	at org.apache.tomcat.util.threads.ThreadPoolExecutor.runWorker(ThreadPoolExecutor.java:1191)
	at org.apache.tomcat.util.threads.ThreadPoolExecutor$Worker.run(ThreadPoolExecutor.java:659)
	at org.apache.tomcat.util.threads.TaskThread$WrappingRunnable.run(TaskThread.java:61)
	at java.base/java.lang.Thread.run(Thread.java:833)
2022-10-10 21:47:39 [http-nio-8083-exec-4] INFO  com.capstone.aspect.LoggerAspect - Method name: com.capstone.controller.paymentController
2022-10-10 21:47:39 [http-nio-8083-exec-4] INFO  com.capstone.aspect.LoggerAspect - Method arguments:[Ljava.lang.Object;@51db16d9
2022-10-10 21:47:39 [http-nio-8083-exec-4] INFO  com.capstone.aspect.LoggerAspect - *************************************
2022-10-10 21:47:40 [http-nio-8083-exec-4] INFO  com.capstone.aspect.LoggerAspect - Method name: com.capstone.service.paymentServiceImp
2022-10-10 21:47:40 [http-nio-8083-exec-4] INFO  com.capstone.aspect.LoggerAspect - Method arguments:[Ljava.lang.Object;@6264bc12
2022-10-10 21:47:40 [http-nio-8083-exec-4] INFO  com.capstone.aspect.LoggerAspect - *************************************
2022-10-10 21:47:40 [http-nio-8083-exec-4] INFO  com.capstone.aspect.LoggerAspect - During: class com.capstone.service.paymentServiceImp.getpayment() with arguments=[paymentinfo [transaction_no=121323332, loanaccno=202211021, custid=202200002, time_payment_atempted=2022-10-08, payment_status=failed], paymentinfo [transaction_no=124512678, loanaccno=202211011, custid=202200001, time_payment_atempted=2022-10-08, payment_status=success], paymentinfo [transaction_no=211123231, loanaccno=202211031, custid=202200003, time_payment_atempted=2022-10-08, payment_status=pending], paymentinfo [transaction_no=213123231, loanaccno=202211022, custid=202200002, time_payment_atempted=2022-10-08, payment_status=pending], paymentinfo [transaction_no=232132233, loanaccno=202211022, custid=202200002, time_payment_atempted=2022-10-08, payment_status=pending], paymentinfo [transaction_no=234234324, loanaccno=202211032, custid=202200003, time_payment_atempted=2022-10-08, payment_status=failed], paymentinfo [transaction_no=234234444, loanaccno=202211031, custid=202200003, time_payment_atempted=2022-10-08, payment_status=success], paymentinfo [transaction_no=234243244, loanaccno=202211011, custid=202200001, time_payment_atempted=2022-10-08, payment_status=failed], paymentinfo [transaction_no=236132233, loanaccno=202211032, custid=202200003, time_payment_atempted=2022-10-08, payment_status=pending], paymentinfo [transaction_no=344545456, loanaccno=202211012, custid=202200001, time_payment_atempted=2022-10-08, payment_status=pending], paymentinfo [transaction_no=711123231, loanaccno=202211041, custid=202200004, time_payment_atempted=2022-10-08, payment_status=pending], paymentinfo [transaction_no=711123236, loanaccno=202211051, custid=202200005, time_payment_atempted=2022-10-08, payment_status=pending], paymentinfo [transaction_no=721312123, loanaccno=202211042, custid=202200004, time_payment_atempted=2022-10-08, payment_status=success], paymentinfo [transaction_no=734234324, loanaccno=202211042, custid=202200004, time_payment_atempted=2022-10-08, payment_status=success], paymentinfo [transaction_no=734234326, loanaccno=202211051, custid=202200005, time_payment_atempted=2022-10-08, payment_status=success], paymentinfo [transaction_no=734234444, loanaccno=202211041, custid=202200004, time_payment_atempted=2022-10-08, payment_status=success], paymentinfo [transaction_no=734234446, loanaccno=202211051, custid=202200005, time_payment_atempted=2022-10-08, payment_status=success], paymentinfo [transaction_no=736132233, loanaccno=202211042, custid=202200004, time_payment_atempted=2022-10-08, payment_status=pending], paymentinfo [transaction_no=786764544, loanaccno=202211012, custid=202200001, time_payment_atempted=2022-10-08, payment_status=pending], paymentinfo [transaction_no=821312123, loanaccno=202211033, custid=202200003, time_payment_atempted=2022-10-08, payment_status=success], paymentinfo [transaction_no=823312123, loanaccno=202211021, custid=202200002, time_payment_atempted=2022-10-08, payment_status=success], paymentinfo [transaction_no=987654678, loanaccno=202211021, custid=202200002, time_payment_atempted=2022-10-08, payment_status=success], paymentinfo [transaction_no=987656443, loanaccno=202211012, custid=202200001, time_payment_atempted=2022-10-08, payment_status=success]]
2022-10-10 21:47:40 [http-nio-8083-exec-4] INFO  com.capstone.aspect.LoggerAspect - *************************************
2022-10-10 21:47:40 [http-nio-8083-exec-4] INFO  com.capstone.aspect.LoggerAspect - During: class com.capstone.controller.paymentController.getpayment() with arguments=<200 OK OK,[paymentinfo [transaction_no=121323332, loanaccno=202211021, custid=202200002, time_payment_atempted=2022-10-08, payment_status=failed], paymentinfo [transaction_no=124512678, loanaccno=202211011, custid=202200001, time_payment_atempted=2022-10-08, payment_status=success], paymentinfo [transaction_no=211123231, loanaccno=202211031, custid=202200003, time_payment_atempted=2022-10-08, payment_status=pending], paymentinfo [transaction_no=213123231, loanaccno=202211022, custid=202200002, time_payment_atempted=2022-10-08, payment_status=pending], paymentinfo [transaction_no=232132233, loanaccno=202211022, custid=202200002, time_payment_atempted=2022-10-08, payment_status=pending], paymentinfo [transaction_no=234234324, loanaccno=202211032, custid=202200003, time_payment_atempted=2022-10-08, payment_status=failed], paymentinfo [transaction_no=234234444, loanaccno=202211031, custid=202200003, time_payment_atempted=2022-10-08, payment_status=success], paymentinfo [transaction_no=234243244, loanaccno=202211011, custid=202200001, time_payment_atempted=2022-10-08, payment_status=failed], paymentinfo [transaction_no=236132233, loanaccno=202211032, custid=202200003, time_payment_atempted=2022-10-08, payment_status=pending], paymentinfo [transaction_no=344545456, loanaccno=202211012, custid=202200001, time_payment_atempted=2022-10-08, payment_status=pending], paymentinfo [transaction_no=711123231, loanaccno=202211041, custid=202200004, time_payment_atempted=2022-10-08, payment_status=pending], paymentinfo [transaction_no=711123236, loanaccno=202211051, custid=202200005, time_payment_atempted=2022-10-08, payment_status=pending], paymentinfo [transaction_no=721312123, loanaccno=202211042, custid=202200004, time_payment_atempted=2022-10-08, payment_status=success], paymentinfo [transaction_no=734234324, loanaccno=202211042, custid=202200004, time_payment_atempted=2022-10-08, payment_status=success], paymentinfo [transaction_no=734234326, loanaccno=202211051, custid=202200005, time_payment_atempted=2022-10-08, payment_status=success], paymentinfo [transaction_no=734234444, loanaccno=202211041, custid=202200004, time_payment_atempted=2022-10-08, payment_status=success], paymentinfo [transaction_no=734234446, loanaccno=202211051, custid=202200005, time_payment_atempted=2022-10-08, payment_status=success], paymentinfo [transaction_no=736132233, loanaccno=202211042, custid=202200004, time_payment_atempted=2022-10-08, payment_status=pending], paymentinfo [transaction_no=786764544, loanaccno=202211012, custid=202200001, time_payment_atempted=2022-10-08, payment_status=pending], paymentinfo [transaction_no=821312123, loanaccno=202211033, custid=202200003, time_payment_atempted=2022-10-08, payment_status=success], paymentinfo [transaction_no=823312123, loanaccno=202211021, custid=202200002, time_payment_atempted=2022-10-08, payment_status=success], paymentinfo [transaction_no=987654678, loanaccno=202211021, custid=202200002, time_payment_atempted=2022-10-08, payment_status=success], paymentinfo [transaction_no=987656443, loanaccno=202211012, custid=202200001, time_payment_atempted=2022-10-08, payment_status=success]],[]>
2022-10-10 21:47:40 [http-nio-8083-exec-4] INFO  com.capstone.aspect.LoggerAspect - *************************************
2022-10-10 22:36:51 [File Watcher] INFO  o.s.b.d.a.LocalDevToolsAutoConfiguration$RestartingClassPathChangeChangedEventListener - Restarting due to 1 class path change (0 additions, 0 deletions, 1 modification)
2022-10-10 22:36:51 [Thread-9] INFO  o.a.catalina.core.StandardService - Stopping service [Tomcat]
2022-10-10 22:36:51 [Thread-9] INFO  o.a.c.c.C.[Tomcat].[localhost].[/] - Destroying Spring FrameworkServlet 'dispatcherServlet'
2022-10-10 22:36:51 [Thread-9] INFO  o.s.o.j.LocalContainerEntityManagerFactoryBean - Closing JPA EntityManagerFactory for persistence unit 'default'
2022-10-10 22:36:51 [Thread-9] INFO  com.zaxxer.hikari.HikariDataSource - HikariPool-3 - Shutdown initiated...
2022-10-10 22:36:51 [Thread-9] INFO  com.zaxxer.hikari.HikariDataSource - HikariPool-3 - Shutdown completed.
2022-10-10 22:36:51 [restartedMain] INFO  c.capstone.PaymentinfoApiApplication - Starting PaymentinfoApiApplication using Java 17.0.2 on MOHAN with PID 23616 (C:\Users\mohan\Downloads\Natwest Capstone\frontend\spring-master\paymentinfo-api\target\classes started by mohan in C:\Users\mohan\Downloads\Natwest Capstone\frontend\spring-master\paymentinfo-api)
2022-10-10 22:36:51 [restartedMain] INFO  c.capstone.PaymentinfoApiApplication - No active profile set, falling back to 1 default profile: "default"
2022-10-10 22:36:52 [restartedMain] INFO  o.s.d.r.c.RepositoryConfigurationDelegate - Bootstrapping Spring Data JPA repositories in DEFAULT mode.
2022-10-10 22:36:52 [restartedMain] INFO  o.s.d.r.c.RepositoryConfigurationDelegate - Finished Spring Data repository scanning in 16 ms. Found 1 JPA repository interfaces.
2022-10-10 22:36:52 [restartedMain] INFO  o.s.b.w.e.tomcat.TomcatWebServer - Tomcat initialized with port(s): 8083 (http)
2022-10-10 22:36:52 [restartedMain] INFO  o.a.catalina.core.StandardService - Starting service [Tomcat]
2022-10-10 22:36:52 [restartedMain] INFO  o.a.catalina.core.StandardEngine - Starting Servlet engine: [Apache Tomcat/9.0.65]
2022-10-10 22:36:52 [restartedMain] INFO  o.a.c.c.C.[Tomcat].[localhost].[/] - Initializing Spring embedded WebApplicationContext
2022-10-10 22:36:52 [restartedMain] INFO  o.s.b.w.s.c.ServletWebServerApplicationContext - Root WebApplicationContext: initialization completed in 924 ms
2022-10-10 22:36:52 [restartedMain] INFO  o.h.jpa.internal.util.LogHelper - HHH000204: Processing PersistenceUnitInfo [name: default]
2022-10-10 22:36:52 [restartedMain] INFO  com.zaxxer.hikari.HikariDataSource - HikariPool-4 - Starting...
2022-10-10 22:36:53 [restartedMain] INFO  com.zaxxer.hikari.HikariDataSource - HikariPool-4 - Start completed.
2022-10-10 22:36:53 [restartedMain] INFO  org.hibernate.dialect.Dialect - HHH000400: Using dialect: org.hibernate.dialect.MySQL8Dialect
2022-10-10 22:36:53 [restartedMain] INFO  o.h.e.t.j.p.i.JtaPlatformInitiator - HHH000490: Using JtaPlatform implementation: [org.hibernate.engine.transaction.jta.platform.internal.NoJtaPlatform]
2022-10-10 22:36:53 [restartedMain] INFO  o.s.o.j.LocalContainerEntityManagerFactoryBean - Initialized JPA EntityManagerFactory for persistence unit 'default'
2022-10-10 22:36:53 [restartedMain] WARN  o.s.b.a.o.j.JpaBaseConfiguration$JpaWebConfiguration - spring.jpa.open-in-view is enabled by default. Therefore, database queries may be performed during view rendering. Explicitly configure spring.jpa.open-in-view to disable this warning
2022-10-10 22:36:53 [restartedMain] WARN  o.s.b.d.a.OptionalLiveReloadServer - Unable to start LiveReload server
2022-10-10 22:36:53 [restartedMain] INFO  o.s.b.w.e.tomcat.TomcatWebServer - Tomcat started on port(s): 8083 (http) with context path ''
2022-10-10 22:36:53 [restartedMain] INFO  c.capstone.PaymentinfoApiApplication - Started PaymentinfoApiApplication in 2.157 seconds (JVM running for 3552.026)
2022-10-10 22:36:53 [restartedMain] INFO  o.s.b.d.a.ConditionEvaluationDeltaLoggingListener - Condition evaluation unchanged
2022-10-10 22:37:05 [File Watcher] INFO  o.s.b.d.a.LocalDevToolsAutoConfiguration$RestartingClassPathChangeChangedEventListener - Restarting due to 1 class path change (0 additions, 0 deletions, 1 modification)
2022-10-10 22:37:05 [Thread-13] INFO  o.a.catalina.core.StandardService - Stopping service [Tomcat]
2022-10-10 22:37:05 [Thread-13] INFO  o.s.o.j.LocalContainerEntityManagerFactoryBean - Closing JPA EntityManagerFactory for persistence unit 'default'
2022-10-10 22:37:05 [Thread-13] INFO  com.zaxxer.hikari.HikariDataSource - HikariPool-4 - Shutdown initiated...
2022-10-10 22:37:15 [Thread-13] INFO  com.zaxxer.hikari.HikariDataSource - HikariPool-4 - Shutdown completed.
2022-10-10 22:37:15 [restartedMain] INFO  c.capstone.PaymentinfoApiApplication - Starting PaymentinfoApiApplication using Java 17.0.2 on MOHAN with PID 23616 (C:\Users\mohan\Downloads\Natwest Capstone\frontend\spring-master\paymentinfo-api\target\classes started by mohan in C:\Users\mohan\Downloads\Natwest Capstone\frontend\spring-master\paymentinfo-api)
2022-10-10 22:37:15 [restartedMain] INFO  c.capstone.PaymentinfoApiApplication - No active profile set, falling back to 1 default profile: "default"
2022-10-10 22:37:16 [restartedMain] INFO  o.s.d.r.c.RepositoryConfigurationDelegate - Bootstrapping Spring Data JPA repositories in DEFAULT mode.
2022-10-10 22:37:16 [restartedMain] INFO  o.s.d.r.c.RepositoryConfigurationDelegate - Finished Spring Data repository scanning in 13 ms. Found 1 JPA repository interfaces.
2022-10-10 22:37:16 [restartedMain] INFO  o.s.b.w.e.tomcat.TomcatWebServer - Tomcat initialized with port(s): 8083 (http)
2022-10-10 22:37:16 [restartedMain] INFO  o.a.catalina.core.StandardService - Starting service [Tomcat]
2022-10-10 22:37:16 [restartedMain] INFO  o.a.catalina.core.StandardEngine - Starting Servlet engine: [Apache Tomcat/9.0.65]
2022-10-10 22:37:16 [restartedMain] INFO  o.a.c.c.C.[Tomcat].[localhost].[/] - Initializing Spring embedded WebApplicationContext
2022-10-10 22:37:16 [restartedMain] INFO  o.s.b.w.s.c.ServletWebServerApplicationContext - Root WebApplicationContext: initialization completed in 433 ms
2022-10-10 22:37:16 [restartedMain] INFO  o.h.jpa.internal.util.LogHelper - HHH000204: Processing PersistenceUnitInfo [name: default]
2022-10-10 22:37:16 [restartedMain] INFO  com.zaxxer.hikari.HikariDataSource - HikariPool-5 - Starting...
2022-10-10 22:37:16 [restartedMain] INFO  com.zaxxer.hikari.HikariDataSource - HikariPool-5 - Start completed.
2022-10-10 22:37:16 [restartedMain] INFO  org.hibernate.dialect.Dialect - HHH000400: Using dialect: org.hibernate.dialect.MySQL8Dialect
2022-10-10 22:37:16 [restartedMain] INFO  o.h.e.t.j.p.i.JtaPlatformInitiator - HHH000490: Using JtaPlatform implementation: [org.hibernate.engine.transaction.jta.platform.internal.NoJtaPlatform]
2022-10-10 22:37:16 [restartedMain] INFO  o.s.o.j.LocalContainerEntityManagerFactoryBean - Initialized JPA EntityManagerFactory for persistence unit 'default'
2022-10-10 22:37:16 [restartedMain] WARN  o.s.b.a.o.j.JpaBaseConfiguration$JpaWebConfiguration - spring.jpa.open-in-view is enabled by default. Therefore, database queries may be performed during view rendering. Explicitly configure spring.jpa.open-in-view to disable this warning
2022-10-10 22:37:16 [restartedMain] WARN  o.s.b.d.a.OptionalLiveReloadServer - Unable to start LiveReload server
2022-10-10 22:37:16 [restartedMain] INFO  o.s.b.w.e.tomcat.TomcatWebServer - Tomcat started on port(s): 8083 (http) with context path ''
2022-10-10 22:37:16 [restartedMain] INFO  c.capstone.PaymentinfoApiApplication - Started PaymentinfoApiApplication in 1.107 seconds (JVM running for 3575.0)
2022-10-10 22:37:16 [restartedMain] INFO  o.s.b.d.a.ConditionEvaluationDeltaLoggingListener - Condition evaluation unchanged
2022-10-11 00:13:41 [RMI TCP Connection(203)-127.0.0.1] INFO  o.s.b.a.SpringApplicationAdminMXBeanRegistrar$SpringApplicationAdmin - Application shutdown requested.
2022-10-11 00:13:41 [RMI TCP Connection(203)-127.0.0.1] INFO  o.a.catalina.core.StandardService - Stopping service [Tomcat]
2022-10-11 00:13:41 [RMI TCP Connection(203)-127.0.0.1] INFO  o.s.o.j.LocalContainerEntityManagerFactoryBean - Closing JPA EntityManagerFactory for persistence unit 'default'
2022-10-11 00:13:41 [RMI TCP Connection(203)-127.0.0.1] INFO  com.zaxxer.hikari.HikariDataSource - HikariPool-5 - Shutdown initiated...
2022-10-11 00:13:41 [RMI TCP Connection(203)-127.0.0.1] INFO  com.zaxxer.hikari.HikariDataSource - HikariPool-5 - Shutdown completed.
