2024-01-08 01:01:47 [restartedMain] INFO  c.capstone.PaymentInfoApiApplication - Starting PaymentInfoApiApplication using Java 17.0.9 on MOHAN with PID 14956 (C:\Users\mohan\Downloads\Work Resources\Natwest Capstone\frontend\spring-master\paymentinfo-api\target\classes started by mohan in C:\Users\mohan\Downloads\Work Resources\Natwest Capstone\frontend\spring-master\paymentinfo-api)
2024-01-08 01:01:47 [restartedMain] INFO  c.capstone.PaymentInfoApiApplication - No active profile set, falling back to 1 default profile: "default"
2024-01-08 01:01:47 [restartedMain] INFO  o.s.b.d.e.DevToolsPropertyDefaultsPostProcessor - Devtools property defaults active! Set 'spring.devtools.add-properties' to 'false' to disable
2024-01-08 01:01:47 [restartedMain] INFO  o.s.b.d.e.DevToolsPropertyDefaultsPostProcessor - For additional web related logging consider setting the 'logging.level.web' property to 'DEBUG'
2024-01-08 01:01:49 [restartedMain] INFO  o.s.d.r.c.RepositoryConfigurationDelegate - Bootstrapping Spring Data JPA repositories in DEFAULT mode.
2024-01-08 01:01:49 [restartedMain] INFO  o.s.d.r.c.RepositoryConfigurationDelegate - Finished Spring Data repository scanning in 274 ms. Found 1 JPA repository interfaces.
2024-01-08 01:01:49 [restartedMain] INFO  o.s.cloud.context.scope.GenericScope - BeanFactory id=bbb26bae-cefa-3064-a903-0bc566f0ffba
2024-01-08 01:01:51 [restartedMain] INFO  o.s.b.w.e.tomcat.TomcatWebServer - Tomcat initialized with port(s): 8083 (http)
2024-01-08 01:01:51 [restartedMain] INFO  o.a.coyote.http11.Http11NioProtocol - Initializing ProtocolHandler ["http-nio-8083"]
2024-01-08 01:01:51 [restartedMain] INFO  o.a.catalina.core.StandardService - Starting service [Tomcat]
2024-01-08 01:01:51 [restartedMain] INFO  o.a.catalina.core.StandardEngine - Starting Servlet engine: [Apache Tomcat/9.0.65]
2024-01-08 01:01:51 [restartedMain] INFO  o.a.c.c.C.[Tomcat].[localhost].[/] - Initializing Spring embedded WebApplicationContext
2024-01-08 01:01:51 [restartedMain] INFO  o.s.b.w.s.c.ServletWebServerApplicationContext - Root WebApplicationContext: initialization completed in 3240 ms
2024-01-08 01:01:51 [restartedMain] INFO  o.h.jpa.internal.util.LogHelper - HHH000204: Processing PersistenceUnitInfo [name: default]
2024-01-08 01:01:51 [restartedMain] INFO  org.hibernate.Version - HHH000412: Hibernate ORM core version 5.6.11.Final
2024-01-08 01:01:51 [restartedMain] INFO  o.h.annotations.common.Version - HCANN000001: Hibernate Commons Annotations {5.1.2.Final}
2024-01-08 01:01:52 [restartedMain] INFO  com.zaxxer.hikari.HikariDataSource - HikariPool-1 - Starting...
2024-01-08 01:01:52 [restartedMain] INFO  com.zaxxer.hikari.HikariDataSource - HikariPool-1 - Start completed.
2024-01-08 01:01:52 [restartedMain] INFO  org.hibernate.dialect.Dialect - HHH000400: Using dialect: org.hibernate.dialect.MySQL8Dialect
2024-01-08 01:01:53 [restartedMain] INFO  o.h.e.t.j.p.i.JtaPlatformInitiator - HHH000490: Using JtaPlatform implementation: [org.hibernate.engine.transaction.jta.platform.internal.NoJtaPlatform]
2024-01-08 01:01:53 [restartedMain] INFO  o.s.o.j.LocalContainerEntityManagerFactoryBean - Initialized JPA EntityManagerFactory for persistence unit 'default'
2024-01-08 01:01:54 [restartedMain] WARN  o.s.b.a.o.j.JpaBaseConfiguration$JpaWebConfiguration - spring.jpa.open-in-view is enabled by default. Therefore, database queries may be performed during view rendering. Explicitly configure spring.jpa.open-in-view to disable this warning
2024-01-08 01:01:54 [restartedMain] WARN  o.s.b.d.a.OptionalLiveReloadServer - Unable to start LiveReload server
2024-01-08 01:01:55 [restartedMain] INFO  o.s.c.n.e.c.DiscoveryClientOptionalArgsConfiguration - Eureka HTTP Client uses RestTemplate.
2024-01-08 01:01:55 [restartedMain] WARN  o.s.c.l.c.LoadBalancerCacheAutoConfiguration$LoadBalancerCaffeineWarnLogger - Spring Cloud LoadBalancer is currently working with the default cache. While this cache implementation is useful for development and tests, it's recommended to use Caffeine cache in production.You can switch to using Caffeine cache, by adding it and org.springframework.cache.caffeine.CaffeineCacheManager to the classpath.
2024-01-08 01:01:55 [restartedMain] INFO  o.s.c.n.eureka.InstanceInfoFactory - Setting initial instance status as: STARTING
2024-01-08 01:01:55 [restartedMain] INFO  c.netflix.discovery.DiscoveryClient - Initializing Eureka in region us-east-1
2024-01-08 01:01:55 [restartedMain] INFO  c.n.d.s.r.aws.ConfigClusterResolver - Resolving eureka endpoints via configuration
2024-01-08 01:01:55 [restartedMain] INFO  c.netflix.discovery.DiscoveryClient - Disable delta property : false
2024-01-08 01:01:55 [restartedMain] INFO  c.netflix.discovery.DiscoveryClient - Single vip registry refresh property : null
2024-01-08 01:01:55 [restartedMain] INFO  c.netflix.discovery.DiscoveryClient - Force full registry fetch : false
2024-01-08 01:01:55 [restartedMain] INFO  c.netflix.discovery.DiscoveryClient - Application is null : false
2024-01-08 01:01:55 [restartedMain] INFO  c.netflix.discovery.DiscoveryClient - Registered Applications size is zero : true
2024-01-08 01:01:55 [restartedMain] INFO  c.netflix.discovery.DiscoveryClient - Application version is -1: true
2024-01-08 01:01:55 [restartedMain] INFO  c.netflix.discovery.DiscoveryClient - Getting all instance registry info from the eureka server
2024-01-08 01:01:56 [restartedMain] INFO  c.netflix.discovery.DiscoveryClient - The response status is 200
2024-01-08 01:01:56 [restartedMain] INFO  c.netflix.discovery.DiscoveryClient - Starting heartbeat executor: renew interval is: 30
2024-01-08 01:01:56 [restartedMain] INFO  c.n.discovery.InstanceInfoReplicator - InstanceInfoReplicator onDemand update allowed rate per min is 4
2024-01-08 01:01:56 [restartedMain] INFO  c.netflix.discovery.DiscoveryClient - Discovery Client initialized at timestamp 1704655916400 with initial instances count: 0
2024-01-08 01:01:56 [restartedMain] INFO  o.s.c.n.e.s.EurekaServiceRegistry - Registering application PAYMENTINFO-API with eureka with status UP
2024-01-08 01:01:56 [restartedMain] INFO  c.netflix.discovery.DiscoveryClient - Saw local status change event StatusChangeEvent [timestamp=1704655916405, current=UP, previous=STARTING]
2024-01-08 01:01:56 [DiscoveryClient-InstanceInfoReplicator-0] INFO  c.netflix.discovery.DiscoveryClient - DiscoveryClient_PAYMENTINFO-API/MOHAN:paymentinfo-api:8083: registering service...
2024-01-08 01:01:56 [restartedMain] INFO  o.a.coyote.http11.Http11NioProtocol - Starting ProtocolHandler ["http-nio-8083"]
2024-01-08 01:01:56 [restartedMain] INFO  o.s.b.w.e.tomcat.TomcatWebServer - Tomcat started on port(s): 8083 (http) with context path ''
2024-01-08 01:01:56 [restartedMain] INFO  o.s.c.n.e.s.EurekaAutoServiceRegistration - Updating port to 8083
2024-01-08 01:01:56 [DiscoveryClient-InstanceInfoReplicator-0] INFO  c.netflix.discovery.DiscoveryClient - DiscoveryClient_PAYMENTINFO-API/MOHAN:paymentinfo-api:8083 - registration status: 204
2024-01-08 01:01:56 [restartedMain] INFO  c.capstone.PaymentInfoApiApplication - Started PaymentInfoApiApplication in 9.325 seconds (JVM running for 10.57)
2024-01-08 01:02:26 [DiscoveryClient-CacheRefreshExecutor-0] INFO  c.netflix.discovery.DiscoveryClient - Disable delta property : false
2024-01-08 01:02:26 [DiscoveryClient-CacheRefreshExecutor-0] INFO  c.netflix.discovery.DiscoveryClient - Single vip registry refresh property : null
2024-01-08 01:02:26 [DiscoveryClient-CacheRefreshExecutor-0] INFO  c.netflix.discovery.DiscoveryClient - Force full registry fetch : false
2024-01-08 01:02:26 [DiscoveryClient-CacheRefreshExecutor-0] INFO  c.netflix.discovery.DiscoveryClient - Application is null : false
2024-01-08 01:02:26 [DiscoveryClient-CacheRefreshExecutor-0] INFO  c.netflix.discovery.DiscoveryClient - Registered Applications size is zero : true
2024-01-08 01:02:26 [DiscoveryClient-CacheRefreshExecutor-0] INFO  c.netflix.discovery.DiscoveryClient - Application version is -1: false
2024-01-08 01:02:26 [DiscoveryClient-CacheRefreshExecutor-0] INFO  c.netflix.discovery.DiscoveryClient - Getting all instance registry info from the eureka server
2024-01-08 01:02:26 [DiscoveryClient-CacheRefreshExecutor-0] INFO  c.netflix.discovery.DiscoveryClient - The response status is 200
2024-01-08 01:03:15 [DiscoveryClient-CacheRefreshExecutor-0] INFO  o.a.http.impl.execchain.RetryExec - I/O exception (java.net.SocketException) caught when processing request to {}->http://localhost:8761: Connection reset
2024-01-08 01:03:15 [DiscoveryClient-CacheRefreshExecutor-0] INFO  o.a.http.impl.execchain.RetryExec - Retrying request to {}->http://localhost:8761
2024-01-08 01:03:15 [DiscoveryClient-HeartbeatExecutor-0] INFO  c.n.d.s.t.d.RedirectingEurekaHttpClient - Request execution error. endpoint=DefaultEndpoint{ serviceUrl='http://localhost:8761/eureka/} exception=I/O error on PUT request for "http://localhost:8761/eureka/apps/PAYMENTINFO-API/MOHAN:paymentinfo-api:8083": Connection reset; nested exception is java.net.SocketException: Connection reset stacktrace=org.springframework.web.client.ResourceAccessException: I/O error on PUT request for "http://localhost:8761/eureka/apps/PAYMENTINFO-API/MOHAN:paymentinfo-api:8083": Connection reset; nested exception is java.net.SocketException: Connection reset
	at org.springframework.web.client.RestTemplate.doExecute(RestTemplate.java:785)
	at org.springframework.web.client.RestTemplate.execute(RestTemplate.java:711)
	at org.springframework.web.client.RestTemplate.exchange(RestTemplate.java:602)
	at org.springframework.cloud.netflix.eureka.http.RestTemplateEurekaHttpClient.sendHeartBeat(RestTemplateEurekaHttpClient.java:99)
	at com.netflix.discovery.shared.transport.decorator.EurekaHttpClientDecorator$3.execute(EurekaHttpClientDecorator.java:92)
	at com.netflix.discovery.shared.transport.decorator.RedirectingEurekaHttpClient.execute(RedirectingEurekaHttpClient.java:91)
	at com.netflix.discovery.shared.transport.decorator.EurekaHttpClientDecorator.sendHeartBeat(EurekaHttpClientDecorator.java:89)
	at com.netflix.discovery.shared.transport.decorator.EurekaHttpClientDecorator$3.execute(EurekaHttpClientDecorator.java:92)
	at com.netflix.discovery.shared.transport.decorator.RetryableEurekaHttpClient.execute(RetryableEurekaHttpClient.java:120)
	at com.netflix.discovery.shared.transport.decorator.EurekaHttpClientDecorator.sendHeartBeat(EurekaHttpClientDecorator.java:89)
	at com.netflix.discovery.shared.transport.decorator.EurekaHttpClientDecorator$3.execute(EurekaHttpClientDecorator.java:92)
	at com.netflix.discovery.shared.transport.decorator.SessionedEurekaHttpClient.execute(SessionedEurekaHttpClient.java:77)
	at com.netflix.discovery.shared.transport.decorator.EurekaHttpClientDecorator.sendHeartBeat(EurekaHttpClientDecorator.java:89)
	at com.netflix.discovery.DiscoveryClient.renew(DiscoveryClient.java:893)
	at com.netflix.discovery.DiscoveryClient$HeartbeatThread.run(DiscoveryClient.java:1457)
	at java.base/java.util.concurrent.Executors$RunnableAdapter.call(Executors.java:539)
	at java.base/java.util.concurrent.FutureTask.run(FutureTask.java:264)
	at java.base/java.util.concurrent.ThreadPoolExecutor.runWorker(ThreadPoolExecutor.java:1136)
	at java.base/java.util.concurrent.ThreadPoolExecutor$Worker.run(ThreadPoolExecutor.java:635)
	at java.base/java.lang.Thread.run(Thread.java:840)
Caused by: java.net.SocketException: Connection reset
	at java.base/sun.nio.ch.NioSocketImpl.implRead(NioSocketImpl.java:328)
	at java.base/sun.nio.ch.NioSocketImpl.read(NioSocketImpl.java:355)
	at java.base/sun.nio.ch.NioSocketImpl$1.read(NioSocketImpl.java:808)
	at java.base/java.net.Socket$SocketInputStream.read(Socket.java:966)
	at org.apache.http.impl.io.SessionInputBufferImpl.streamRead(SessionInputBufferImpl.java:137)
	at org.apache.http.impl.io.SessionInputBufferImpl.fillBuffer(SessionInputBufferImpl.java:153)
	at org.apache.http.impl.io.SessionInputBufferImpl.readLine(SessionInputBufferImpl.java:280)
	at org.apache.http.impl.conn.DefaultHttpResponseParser.parseHead(DefaultHttpResponseParser.java:138)
	at org.apache.http.impl.conn.DefaultHttpResponseParser.parseHead(DefaultHttpResponseParser.java:56)
	at org.apache.http.impl.io.AbstractMessageParser.parse(AbstractMessageParser.java:259)
	at org.apache.http.impl.DefaultBHttpClientConnection.receiveResponseHeader(DefaultBHttpClientConnection.java:163)
	at org.apache.http.impl.conn.CPoolProxy.receiveResponseHeader(CPoolProxy.java:157)
	at org.apache.http.protocol.HttpRequestExecutor.doReceiveResponse(HttpRequestExecutor.java:273)
	at org.apache.http.protocol.HttpRequestExecutor.execute(HttpRequestExecutor.java:125)
	at org.apache.http.impl.execchain.MainClientExec.execute(MainClientExec.java:272)
	at org.apache.http.impl.execchain.ProtocolExec.execute(ProtocolExec.java:186)
	at org.apache.http.impl.execchain.RetryExec.execute(RetryExec.java:89)
	at org.apache.http.impl.execchain.RedirectExec.execute(RedirectExec.java:110)
	at org.apache.http.impl.client.InternalHttpClient.doExecute(InternalHttpClient.java:185)
	at org.apache.http.impl.client.CloseableHttpClient.execute(CloseableHttpClient.java:83)
	at org.apache.http.impl.client.CloseableHttpClient.execute(CloseableHttpClient.java:56)
	at org.springframework.http.client.HttpComponentsClientHttpRequest.executeInternal(HttpComponentsClientHttpRequest.java:87)
	at org.springframework.http.client.AbstractBufferingClientHttpRequest.executeInternal(AbstractBufferingClientHttpRequest.java:48)
	at org.springframework.http.client.AbstractClientHttpRequest.execute(AbstractClientHttpRequest.java:66)
	at org.springframework.web.client.RestTemplate.doExecute(RestTemplate.java:776)
	... 19 more

2024-01-08 01:03:15 [DiscoveryClient-HeartbeatExecutor-0] WARN  c.n.d.s.t.d.RetryableEurekaHttpClient - Request execution failed with message: I/O error on PUT request for "http://localhost:8761/eureka/apps/PAYMENTINFO-API/MOHAN:paymentinfo-api:8083": Connection reset; nested exception is java.net.SocketException: Connection reset
2024-01-08 01:03:15 [DiscoveryClient-HeartbeatExecutor-0] INFO  c.n.d.s.t.d.RetryableEurekaHttpClient - Request execution succeeded on retry #1
2024-01-08 01:03:15 [DiscoveryClient-HeartbeatExecutor-0] INFO  c.netflix.discovery.DiscoveryClient - DiscoveryClient_PAYMENTINFO-API/MOHAN:paymentinfo-api:8083 - Re-registering apps/PAYMENTINFO-API
2024-01-08 01:03:15 [DiscoveryClient-HeartbeatExecutor-0] INFO  c.netflix.discovery.DiscoveryClient - DiscoveryClient_PAYMENTINFO-API/MOHAN:paymentinfo-api:8083: registering service...
2024-01-08 01:03:15 [DiscoveryClient-HeartbeatExecutor-0] INFO  c.netflix.discovery.DiscoveryClient - DiscoveryClient_PAYMENTINFO-API/MOHAN:paymentinfo-api:8083 - registration status: 204
2024-01-08 01:03:45 [DiscoveryClient-CacheRefreshExecutor-0] INFO  c.netflix.discovery.DiscoveryClient - Disable delta property : false
2024-01-08 01:03:45 [DiscoveryClient-CacheRefreshExecutor-0] INFO  c.netflix.discovery.DiscoveryClient - Single vip registry refresh property : null
2024-01-08 01:03:45 [DiscoveryClient-CacheRefreshExecutor-0] INFO  c.netflix.discovery.DiscoveryClient - Force full registry fetch : false
2024-01-08 01:03:45 [DiscoveryClient-CacheRefreshExecutor-0] INFO  c.netflix.discovery.DiscoveryClient - Application is null : false
2024-01-08 01:03:45 [DiscoveryClient-CacheRefreshExecutor-0] INFO  c.netflix.discovery.DiscoveryClient - Registered Applications size is zero : true
2024-01-08 01:03:45 [DiscoveryClient-CacheRefreshExecutor-0] INFO  c.netflix.discovery.DiscoveryClient - Application version is -1: false
2024-01-08 01:03:45 [DiscoveryClient-CacheRefreshExecutor-0] INFO  c.netflix.discovery.DiscoveryClient - Getting all instance registry info from the eureka server
2024-01-08 01:03:45 [DiscoveryClient-CacheRefreshExecutor-0] INFO  c.netflix.discovery.DiscoveryClient - The response status is 200
2024-01-08 01:04:34 [http-nio-8083-exec-1] INFO  o.a.c.c.C.[Tomcat].[localhost].[/] - Initializing Spring DispatcherServlet 'dispatcherServlet'
2024-01-08 01:04:34 [http-nio-8083-exec-1] INFO  o.s.web.servlet.DispatcherServlet - Initializing Servlet 'dispatcherServlet'
2024-01-08 01:04:34 [http-nio-8083-exec-1] INFO  o.s.web.servlet.DispatcherServlet - Completed initialization in 4 ms
2024-01-08 01:04:34 [http-nio-8083-exec-1] INFO  com.capstone.aspect.LoggerAspect - Method name: com.capstone.controller.PaymentController
2024-01-08 01:04:34 [http-nio-8083-exec-1] INFO  com.capstone.aspect.LoggerAspect - Method arguments:[Ljava.lang.Object;@6e707893
2024-01-08 01:04:34 [http-nio-8083-exec-1] INFO  com.capstone.aspect.LoggerAspect - *************************************
2024-01-08 01:04:34 [http-nio-8083-exec-1] INFO  com.capstone.aspect.LoggerAspect - Method name: com.capstone.service.PaymentServiceImp
2024-01-08 01:04:34 [http-nio-8083-exec-1] INFO  com.capstone.aspect.LoggerAspect - Method arguments:[Ljava.lang.Object;@37527564
2024-01-08 01:04:34 [http-nio-8083-exec-1] INFO  com.capstone.aspect.LoggerAspect - *************************************
2024-01-08 01:04:35 [http-nio-8083-exec-1] INFO  com.capstone.aspect.LoggerAspect - During: class com.capstone.service.PaymentServiceImp.addTransaction() with arguments=paymentinfo [transaction_no=257, loanaccno=202211012, custid=202200001, time_payment_atempted=2024-01-08 01:04:34.285, payment_status=success, amountpaid=4885]
2024-01-08 01:04:35 [http-nio-8083-exec-1] INFO  com.capstone.aspect.LoggerAspect - *************************************
2024-01-08 01:04:35 [http-nio-8083-exec-1] INFO  com.capstone.aspect.LoggerAspect - During: class com.capstone.controller.PaymentController.addTransaction() with arguments=<200 OK OK,{message=payment added},[]>
2024-01-08 01:04:35 [http-nio-8083-exec-1] INFO  com.capstone.aspect.LoggerAspect - *************************************
2024-01-08 01:04:35 [http-nio-8083-exec-2] INFO  com.capstone.aspect.LoggerAspect - Method name: com.capstone.controller.PaymentController
2024-01-08 01:04:35 [http-nio-8083-exec-2] INFO  com.capstone.aspect.LoggerAspect - Method arguments:[Ljava.lang.Object;@69db40ff
2024-01-08 01:04:35 [http-nio-8083-exec-2] INFO  com.capstone.aspect.LoggerAspect - *************************************
2024-01-08 01:04:35 [http-nio-8083-exec-2] INFO  com.capstone.aspect.LoggerAspect - Method name: com.capstone.service.PaymentServiceImp
2024-01-08 01:04:35 [http-nio-8083-exec-2] INFO  com.capstone.aspect.LoggerAspect - Method arguments:[Ljava.lang.Object;@671ca3b4
2024-01-08 01:04:35 [http-nio-8083-exec-2] INFO  com.capstone.aspect.LoggerAspect - *************************************
2024-01-08 01:04:36 [http-nio-8083-exec-2] INFO  com.capstone.aspect.LoggerAspect - During: class com.capstone.service.PaymentServiceImp.getpayment() with arguments=[paymentinfo [transaction_no=218, loanaccno=202211051, custid=202200005, time_payment_atempted=2022-10-16 18:35:50.0, payment_status=failed, amountpaid=500000], paymentinfo [transaction_no=220, loanaccno=202211051, custid=202200005, time_payment_atempted=2022-10-16 18:36:20.0, payment_status=success, amountpaid=12973], paymentinfo [transaction_no=222, loanaccno=202211051, custid=202200005, time_payment_atempted=2022-10-16 18:45:39.0, payment_status=failed, amountpaid=489943], paymentinfo [transaction_no=224, loanaccno=202211051, custid=202200005, time_payment_atempted=2022-10-16 19:05:03.0, payment_status=failed, amountpaid=489943], paymentinfo [transaction_no=226, loanaccno=202211022, custid=202200002, time_payment_atempted=2022-10-17 11:08:33.0, payment_status=failed, amountpaid=500000], paymentinfo [transaction_no=228, loanaccno=202211022, custid=202200002, time_payment_atempted=2022-10-17 11:10:16.0, payment_status=failed, amountpaid=14683], paymentinfo [transaction_no=229, loanaccno=202211022, custid=202200002, time_payment_atempted=2022-10-17 11:10:43.0, payment_status=success, amountpaid=15673], paymentinfo [transaction_no=231, loanaccno=202211022, custid=202200002, time_payment_atempted=2022-10-17 11:30:05.0, payment_status=success, amountpaid=14674], paymentinfo [transaction_no=233, loanaccno=202211051, custid=202200005, time_payment_atempted=2022-10-17 11:31:52.0, payment_status=failed, amountpaid=500000], paymentinfo [transaction_no=234, loanaccno=202211011, custid=202200001, time_payment_atempted=2022-10-17 11:34:37.0, payment_status=success, amountpaid=15920], paymentinfo [transaction_no=235, loanaccno=202211033, custid=202200003, time_payment_atempted=2022-10-17 11:35:08.0, payment_status=failed, amountpaid=350000], paymentinfo [transaction_no=237, loanaccno=202211042, custid=202200004, time_payment_atempted=2022-10-17 11:40:21.0, payment_status=success, amountpaid=9838], paymentinfo [transaction_no=240, loanaccno=202211011, custid=202200001, time_payment_atempted=2022-10-17 11:41:20.0, payment_status=failed, amountpaid=15920], paymentinfo [transaction_no=241, loanaccno=202211051, custid=202200005, time_payment_atempted=2022-10-17 13:13:52.0, payment_status=failed, amountpaid=500000], paymentinfo [transaction_no=242, loanaccno=202211051, custid=202200005, time_payment_atempted=2022-10-17 13:14:47.0, payment_status=failed, amountpaid=500000], paymentinfo [transaction_no=244, loanaccno=202211051, custid=202200005, time_payment_atempted=2022-10-17 13:15:23.0, payment_status=failed, amountpaid=500000], paymentinfo [transaction_no=246, loanaccno=202211051, custid=202200005, time_payment_atempted=2022-10-17 13:18:21.0, payment_status=success, amountpaid=12973], paymentinfo [transaction_no=248, loanaccno=202211051, custid=202200005, time_payment_atempted=2022-10-17 13:22:24.0, payment_status=failed, amountpaid=500000], paymentinfo [transaction_no=251, loanaccno=202211051, custid=202200005, time_payment_atempted=2022-10-17 13:22:52.0, payment_status=success, amountpaid=500000], paymentinfo [transaction_no=253, loanaccno=202211051, custid=202200005, time_payment_atempted=2022-10-17 13:23:58.0, payment_status=success, amountpaid=12095], paymentinfo [transaction_no=254, loanaccno=202211051, custid=202200005, time_payment_atempted=2022-10-17 15:55:10.0, payment_status=success, amountpaid=12973], paymentinfo [transaction_no=255, loanaccno=202211051, custid=202200005, time_payment_atempted=2022-10-17 15:55:12.0, payment_status=success, amountpaid=12973], paymentinfo [transaction_no=257, loanaccno=202211012, custid=202200001, time_payment_atempted=2024-01-08 01:04:34.0, payment_status=success, amountpaid=4885]]
2024-01-08 01:04:36 [http-nio-8083-exec-2] INFO  com.capstone.aspect.LoggerAspect - *************************************
2024-01-08 01:04:36 [http-nio-8083-exec-2] INFO  com.capstone.aspect.LoggerAspect - During: class com.capstone.controller.PaymentController.getpayment() with arguments=<200 OK OK,[paymentinfo [transaction_no=218, loanaccno=202211051, custid=202200005, time_payment_atempted=2022-10-16 18:35:50.0, payment_status=failed, amountpaid=500000], paymentinfo [transaction_no=220, loanaccno=202211051, custid=202200005, time_payment_atempted=2022-10-16 18:36:20.0, payment_status=success, amountpaid=12973], paymentinfo [transaction_no=222, loanaccno=202211051, custid=202200005, time_payment_atempted=2022-10-16 18:45:39.0, payment_status=failed, amountpaid=489943], paymentinfo [transaction_no=224, loanaccno=202211051, custid=202200005, time_payment_atempted=2022-10-16 19:05:03.0, payment_status=failed, amountpaid=489943], paymentinfo [transaction_no=226, loanaccno=202211022, custid=202200002, time_payment_atempted=2022-10-17 11:08:33.0, payment_status=failed, amountpaid=500000], paymentinfo [transaction_no=228, loanaccno=202211022, custid=202200002, time_payment_atempted=2022-10-17 11:10:16.0, payment_status=failed, amountpaid=14683], paymentinfo [transaction_no=229, loanaccno=202211022, custid=202200002, time_payment_atempted=2022-10-17 11:10:43.0, payment_status=success, amountpaid=15673], paymentinfo [transaction_no=231, loanaccno=202211022, custid=202200002, time_payment_atempted=2022-10-17 11:30:05.0, payment_status=success, amountpaid=14674], paymentinfo [transaction_no=233, loanaccno=202211051, custid=202200005, time_payment_atempted=2022-10-17 11:31:52.0, payment_status=failed, amountpaid=500000], paymentinfo [transaction_no=234, loanaccno=202211011, custid=202200001, time_payment_atempted=2022-10-17 11:34:37.0, payment_status=success, amountpaid=15920], paymentinfo [transaction_no=235, loanaccno=202211033, custid=202200003, time_payment_atempted=2022-10-17 11:35:08.0, payment_status=failed, amountpaid=350000], paymentinfo [transaction_no=237, loanaccno=202211042, custid=202200004, time_payment_atempted=2022-10-17 11:40:21.0, payment_status=success, amountpaid=9838], paymentinfo [transaction_no=240, loanaccno=202211011, custid=202200001, time_payment_atempted=2022-10-17 11:41:20.0, payment_status=failed, amountpaid=15920], paymentinfo [transaction_no=241, loanaccno=202211051, custid=202200005, time_payment_atempted=2022-10-17 13:13:52.0, payment_status=failed, amountpaid=500000], paymentinfo [transaction_no=242, loanaccno=202211051, custid=202200005, time_payment_atempted=2022-10-17 13:14:47.0, payment_status=failed, amountpaid=500000], paymentinfo [transaction_no=244, loanaccno=202211051, custid=202200005, time_payment_atempted=2022-10-17 13:15:23.0, payment_status=failed, amountpaid=500000], paymentinfo [transaction_no=246, loanaccno=202211051, custid=202200005, time_payment_atempted=2022-10-17 13:18:21.0, payment_status=success, amountpaid=12973], paymentinfo [transaction_no=248, loanaccno=202211051, custid=202200005, time_payment_atempted=2022-10-17 13:22:24.0, payment_status=failed, amountpaid=500000], paymentinfo [transaction_no=251, loanaccno=202211051, custid=202200005, time_payment_atempted=2022-10-17 13:22:52.0, payment_status=success, amountpaid=500000], paymentinfo [transaction_no=253, loanaccno=202211051, custid=202200005, time_payment_atempted=2022-10-17 13:23:58.0, payment_status=success, amountpaid=12095], paymentinfo [transaction_no=254, loanaccno=202211051, custid=202200005, time_payment_atempted=2022-10-17 15:55:10.0, payment_status=success, amountpaid=12973], paymentinfo [transaction_no=255, loanaccno=202211051, custid=202200005, time_payment_atempted=2022-10-17 15:55:12.0, payment_status=success, amountpaid=12973], paymentinfo [transaction_no=257, loanaccno=202211012, custid=202200001, time_payment_atempted=2024-01-08 01:04:34.0, payment_status=success, amountpaid=4885]],[]>
2024-01-08 01:04:36 [http-nio-8083-exec-2] INFO  com.capstone.aspect.LoggerAspect - *************************************
2024-01-08 01:04:38 [http-nio-8083-exec-3] INFO  com.capstone.aspect.LoggerAspect - Method name: com.capstone.controller.PaymentController
2024-01-08 01:04:38 [http-nio-8083-exec-3] INFO  com.capstone.aspect.LoggerAspect - Method arguments:[Ljava.lang.Object;@4d364b86
2024-01-08 01:04:38 [http-nio-8083-exec-3] INFO  com.capstone.aspect.LoggerAspect - *************************************
2024-01-08 01:04:38 [http-nio-8083-exec-3] INFO  com.capstone.aspect.LoggerAspect - Method name: com.capstone.service.PaymentServiceImp
2024-01-08 01:04:38 [http-nio-8083-exec-3] INFO  com.capstone.aspect.LoggerAspect - Method arguments:[Ljava.lang.Object;@7dff4ade
2024-01-08 01:04:38 [http-nio-8083-exec-3] INFO  com.capstone.aspect.LoggerAspect - *************************************
2024-01-08 01:04:38 [http-nio-8083-exec-3] INFO  com.capstone.aspect.LoggerAspect - During: class com.capstone.service.PaymentServiceImp.getfindByTransactionNo() with arguments=paymentinfo [transaction_no=257, loanaccno=202211012, custid=202200001, time_payment_atempted=2024-01-08 01:04:34.0, payment_status=success, amountpaid=4885]
2024-01-08 01:04:38 [http-nio-8083-exec-3] INFO  com.capstone.aspect.LoggerAspect - *************************************
2024-01-08 01:04:38 [http-nio-8083-exec-3] INFO  com.capstone.aspect.LoggerAspect - During: class com.capstone.controller.PaymentController.getUsersBycustid() with arguments=<200 OK OK,paymentinfo [transaction_no=257, loanaccno=202211012, custid=202200001, time_payment_atempted=2024-01-08 01:04:34.0, payment_status=success, amountpaid=4885],[]>
2024-01-08 01:04:38 [http-nio-8083-exec-3] INFO  com.capstone.aspect.LoggerAspect - *************************************
2024-01-08 01:04:44 [http-nio-8083-exec-4] INFO  com.capstone.aspect.LoggerAspect - Method name: com.capstone.controller.PaymentController
2024-01-08 01:04:44 [http-nio-8083-exec-4] INFO  com.capstone.aspect.LoggerAspect - Method arguments:[Ljava.lang.Object;@786f8690
2024-01-08 01:04:44 [http-nio-8083-exec-4] INFO  com.capstone.aspect.LoggerAspect - *************************************
2024-01-08 01:04:44 [http-nio-8083-exec-4] INFO  com.capstone.aspect.LoggerAspect - Method name: com.capstone.service.PaymentServiceImp
2024-01-08 01:04:44 [http-nio-8083-exec-4] INFO  com.capstone.aspect.LoggerAspect - Method arguments:[Ljava.lang.Object;@76a877ed
2024-01-08 01:04:44 [http-nio-8083-exec-4] INFO  com.capstone.aspect.LoggerAspect - *************************************
2024-01-08 01:04:44 [http-nio-8083-exec-4] INFO  com.capstone.aspect.LoggerAspect - During: class com.capstone.service.PaymentServiceImp.getpayment() with arguments=[paymentinfo [transaction_no=218, loanaccno=202211051, custid=202200005, time_payment_atempted=2022-10-16 18:35:50.0, payment_status=failed, amountpaid=500000], paymentinfo [transaction_no=220, loanaccno=202211051, custid=202200005, time_payment_atempted=2022-10-16 18:36:20.0, payment_status=success, amountpaid=12973], paymentinfo [transaction_no=222, loanaccno=202211051, custid=202200005, time_payment_atempted=2022-10-16 18:45:39.0, payment_status=failed, amountpaid=489943], paymentinfo [transaction_no=224, loanaccno=202211051, custid=202200005, time_payment_atempted=2022-10-16 19:05:03.0, payment_status=failed, amountpaid=489943], paymentinfo [transaction_no=226, loanaccno=202211022, custid=202200002, time_payment_atempted=2022-10-17 11:08:33.0, payment_status=failed, amountpaid=500000], paymentinfo [transaction_no=228, loanaccno=202211022, custid=202200002, time_payment_atempted=2022-10-17 11:10:16.0, payment_status=failed, amountpaid=14683], paymentinfo [transaction_no=229, loanaccno=202211022, custid=202200002, time_payment_atempted=2022-10-17 11:10:43.0, payment_status=success, amountpaid=15673], paymentinfo [transaction_no=231, loanaccno=202211022, custid=202200002, time_payment_atempted=2022-10-17 11:30:05.0, payment_status=success, amountpaid=14674], paymentinfo [transaction_no=233, loanaccno=202211051, custid=202200005, time_payment_atempted=2022-10-17 11:31:52.0, payment_status=failed, amountpaid=500000], paymentinfo [transaction_no=234, loanaccno=202211011, custid=202200001, time_payment_atempted=2022-10-17 11:34:37.0, payment_status=success, amountpaid=15920], paymentinfo [transaction_no=235, loanaccno=202211033, custid=202200003, time_payment_atempted=2022-10-17 11:35:08.0, payment_status=failed, amountpaid=350000], paymentinfo [transaction_no=237, loanaccno=202211042, custid=202200004, time_payment_atempted=2022-10-17 11:40:21.0, payment_status=success, amountpaid=9838], paymentinfo [transaction_no=240, loanaccno=202211011, custid=202200001, time_payment_atempted=2022-10-17 11:41:20.0, payment_status=failed, amountpaid=15920], paymentinfo [transaction_no=241, loanaccno=202211051, custid=202200005, time_payment_atempted=2022-10-17 13:13:52.0, payment_status=failed, amountpaid=500000], paymentinfo [transaction_no=242, loanaccno=202211051, custid=202200005, time_payment_atempted=2022-10-17 13:14:47.0, payment_status=failed, amountpaid=500000], paymentinfo [transaction_no=244, loanaccno=202211051, custid=202200005, time_payment_atempted=2022-10-17 13:15:23.0, payment_status=failed, amountpaid=500000], paymentinfo [transaction_no=246, loanaccno=202211051, custid=202200005, time_payment_atempted=2022-10-17 13:18:21.0, payment_status=success, amountpaid=12973], paymentinfo [transaction_no=248, loanaccno=202211051, custid=202200005, time_payment_atempted=2022-10-17 13:22:24.0, payment_status=failed, amountpaid=500000], paymentinfo [transaction_no=251, loanaccno=202211051, custid=202200005, time_payment_atempted=2022-10-17 13:22:52.0, payment_status=success, amountpaid=500000], paymentinfo [transaction_no=253, loanaccno=202211051, custid=202200005, time_payment_atempted=2022-10-17 13:23:58.0, payment_status=success, amountpaid=12095], paymentinfo [transaction_no=254, loanaccno=202211051, custid=202200005, time_payment_atempted=2022-10-17 15:55:10.0, payment_status=success, amountpaid=12973], paymentinfo [transaction_no=255, loanaccno=202211051, custid=202200005, time_payment_atempted=2022-10-17 15:55:12.0, payment_status=success, amountpaid=12973], paymentinfo [transaction_no=257, loanaccno=202211012, custid=202200001, time_payment_atempted=2024-01-08 01:04:34.0, payment_status=success, amountpaid=4885]]
2024-01-08 01:04:44 [http-nio-8083-exec-4] INFO  com.capstone.aspect.LoggerAspect - *************************************
2024-01-08 01:04:44 [http-nio-8083-exec-4] INFO  com.capstone.aspect.LoggerAspect - During: class com.capstone.controller.PaymentController.getpayment() with arguments=<200 OK OK,[paymentinfo [transaction_no=218, loanaccno=202211051, custid=202200005, time_payment_atempted=2022-10-16 18:35:50.0, payment_status=failed, amountpaid=500000], paymentinfo [transaction_no=220, loanaccno=202211051, custid=202200005, time_payment_atempted=2022-10-16 18:36:20.0, payment_status=success, amountpaid=12973], paymentinfo [transaction_no=222, loanaccno=202211051, custid=202200005, time_payment_atempted=2022-10-16 18:45:39.0, payment_status=failed, amountpaid=489943], paymentinfo [transaction_no=224, loanaccno=202211051, custid=202200005, time_payment_atempted=2022-10-16 19:05:03.0, payment_status=failed, amountpaid=489943], paymentinfo [transaction_no=226, loanaccno=202211022, custid=202200002, time_payment_atempted=2022-10-17 11:08:33.0, payment_status=failed, amountpaid=500000], paymentinfo [transaction_no=228, loanaccno=202211022, custid=202200002, time_payment_atempted=2022-10-17 11:10:16.0, payment_status=failed, amountpaid=14683], paymentinfo [transaction_no=229, loanaccno=202211022, custid=202200002, time_payment_atempted=2022-10-17 11:10:43.0, payment_status=success, amountpaid=15673], paymentinfo [transaction_no=231, loanaccno=202211022, custid=202200002, time_payment_atempted=2022-10-17 11:30:05.0, payment_status=success, amountpaid=14674], paymentinfo [transaction_no=233, loanaccno=202211051, custid=202200005, time_payment_atempted=2022-10-17 11:31:52.0, payment_status=failed, amountpaid=500000], paymentinfo [transaction_no=234, loanaccno=202211011, custid=202200001, time_payment_atempted=2022-10-17 11:34:37.0, payment_status=success, amountpaid=15920], paymentinfo [transaction_no=235, loanaccno=202211033, custid=202200003, time_payment_atempted=2022-10-17 11:35:08.0, payment_status=failed, amountpaid=350000], paymentinfo [transaction_no=237, loanaccno=202211042, custid=202200004, time_payment_atempted=2022-10-17 11:40:21.0, payment_status=success, amountpaid=9838], paymentinfo [transaction_no=240, loanaccno=202211011, custid=202200001, time_payment_atempted=2022-10-17 11:41:20.0, payment_status=failed, amountpaid=15920], paymentinfo [transaction_no=241, loanaccno=202211051, custid=202200005, time_payment_atempted=2022-10-17 13:13:52.0, payment_status=failed, amountpaid=500000], paymentinfo [transaction_no=242, loanaccno=202211051, custid=202200005, time_payment_atempted=2022-10-17 13:14:47.0, payment_status=failed, amountpaid=500000], paymentinfo [transaction_no=244, loanaccno=202211051, custid=202200005, time_payment_atempted=2022-10-17 13:15:23.0, payment_status=failed, amountpaid=500000], paymentinfo [transaction_no=246, loanaccno=202211051, custid=202200005, time_payment_atempted=2022-10-17 13:18:21.0, payment_status=success, amountpaid=12973], paymentinfo [transaction_no=248, loanaccno=202211051, custid=202200005, time_payment_atempted=2022-10-17 13:22:24.0, payment_status=failed, amountpaid=500000], paymentinfo [transaction_no=251, loanaccno=202211051, custid=202200005, time_payment_atempted=2022-10-17 13:22:52.0, payment_status=success, amountpaid=500000], paymentinfo [transaction_no=253, loanaccno=202211051, custid=202200005, time_payment_atempted=2022-10-17 13:23:58.0, payment_status=success, amountpaid=12095], paymentinfo [transaction_no=254, loanaccno=202211051, custid=202200005, time_payment_atempted=2022-10-17 15:55:10.0, payment_status=success, amountpaid=12973], paymentinfo [transaction_no=255, loanaccno=202211051, custid=202200005, time_payment_atempted=2022-10-17 15:55:12.0, payment_status=success, amountpaid=12973], paymentinfo [transaction_no=257, loanaccno=202211012, custid=202200001, time_payment_atempted=2024-01-08 01:04:34.0, payment_status=success, amountpaid=4885]],[]>
2024-01-08 01:04:44 [http-nio-8083-exec-4] INFO  com.capstone.aspect.LoggerAspect - *************************************
2024-01-08 01:04:44 [http-nio-8083-exec-5] INFO  com.capstone.aspect.LoggerAspect - Method name: com.capstone.controller.PaymentController
2024-01-08 01:04:44 [http-nio-8083-exec-5] INFO  com.capstone.aspect.LoggerAspect - Method arguments:[Ljava.lang.Object;@1d549ac0
2024-01-08 01:04:44 [http-nio-8083-exec-5] INFO  com.capstone.aspect.LoggerAspect - *************************************
2024-01-08 01:04:44 [http-nio-8083-exec-5] INFO  com.capstone.aspect.LoggerAspect - Method name: com.capstone.service.PaymentServiceImp
2024-01-08 01:04:44 [http-nio-8083-exec-5] INFO  com.capstone.aspect.LoggerAspect - Method arguments:[Ljava.lang.Object;@1393671a
2024-01-08 01:04:44 [http-nio-8083-exec-5] INFO  com.capstone.aspect.LoggerAspect - *************************************
2024-01-08 01:04:44 [http-nio-8083-exec-5] INFO  com.capstone.aspect.LoggerAspect - During: class com.capstone.service.PaymentServiceImp.getpayment() with arguments=[paymentinfo [transaction_no=218, loanaccno=202211051, custid=202200005, time_payment_atempted=2022-10-16 18:35:50.0, payment_status=failed, amountpaid=500000], paymentinfo [transaction_no=220, loanaccno=202211051, custid=202200005, time_payment_atempted=2022-10-16 18:36:20.0, payment_status=success, amountpaid=12973], paymentinfo [transaction_no=222, loanaccno=202211051, custid=202200005, time_payment_atempted=2022-10-16 18:45:39.0, payment_status=failed, amountpaid=489943], paymentinfo [transaction_no=224, loanaccno=202211051, custid=202200005, time_payment_atempted=2022-10-16 19:05:03.0, payment_status=failed, amountpaid=489943], paymentinfo [transaction_no=226, loanaccno=202211022, custid=202200002, time_payment_atempted=2022-10-17 11:08:33.0, payment_status=failed, amountpaid=500000], paymentinfo [transaction_no=228, loanaccno=202211022, custid=202200002, time_payment_atempted=2022-10-17 11:10:16.0, payment_status=failed, amountpaid=14683], paymentinfo [transaction_no=229, loanaccno=202211022, custid=202200002, time_payment_atempted=2022-10-17 11:10:43.0, payment_status=success, amountpaid=15673], paymentinfo [transaction_no=231, loanaccno=202211022, custid=202200002, time_payment_atempted=2022-10-17 11:30:05.0, payment_status=success, amountpaid=14674], paymentinfo [transaction_no=233, loanaccno=202211051, custid=202200005, time_payment_atempted=2022-10-17 11:31:52.0, payment_status=failed, amountpaid=500000], paymentinfo [transaction_no=234, loanaccno=202211011, custid=202200001, time_payment_atempted=2022-10-17 11:34:37.0, payment_status=success, amountpaid=15920], paymentinfo [transaction_no=235, loanaccno=202211033, custid=202200003, time_payment_atempted=2022-10-17 11:35:08.0, payment_status=failed, amountpaid=350000], paymentinfo [transaction_no=237, loanaccno=202211042, custid=202200004, time_payment_atempted=2022-10-17 11:40:21.0, payment_status=success, amountpaid=9838], paymentinfo [transaction_no=240, loanaccno=202211011, custid=202200001, time_payment_atempted=2022-10-17 11:41:20.0, payment_status=failed, amountpaid=15920], paymentinfo [transaction_no=241, loanaccno=202211051, custid=202200005, time_payment_atempted=2022-10-17 13:13:52.0, payment_status=failed, amountpaid=500000], paymentinfo [transaction_no=242, loanaccno=202211051, custid=202200005, time_payment_atempted=2022-10-17 13:14:47.0, payment_status=failed, amountpaid=500000], paymentinfo [transaction_no=244, loanaccno=202211051, custid=202200005, time_payment_atempted=2022-10-17 13:15:23.0, payment_status=failed, amountpaid=500000], paymentinfo [transaction_no=246, loanaccno=202211051, custid=202200005, time_payment_atempted=2022-10-17 13:18:21.0, payment_status=success, amountpaid=12973], paymentinfo [transaction_no=248, loanaccno=202211051, custid=202200005, time_payment_atempted=2022-10-17 13:22:24.0, payment_status=failed, amountpaid=500000], paymentinfo [transaction_no=251, loanaccno=202211051, custid=202200005, time_payment_atempted=2022-10-17 13:22:52.0, payment_status=success, amountpaid=500000], paymentinfo [transaction_no=253, loanaccno=202211051, custid=202200005, time_payment_atempted=2022-10-17 13:23:58.0, payment_status=success, amountpaid=12095], paymentinfo [transaction_no=254, loanaccno=202211051, custid=202200005, time_payment_atempted=2022-10-17 15:55:10.0, payment_status=success, amountpaid=12973], paymentinfo [transaction_no=255, loanaccno=202211051, custid=202200005, time_payment_atempted=2022-10-17 15:55:12.0, payment_status=success, amountpaid=12973], paymentinfo [transaction_no=257, loanaccno=202211012, custid=202200001, time_payment_atempted=2024-01-08 01:04:34.0, payment_status=success, amountpaid=4885]]
2024-01-08 01:04:44 [http-nio-8083-exec-5] INFO  com.capstone.aspect.LoggerAspect - *************************************
2024-01-08 01:04:44 [http-nio-8083-exec-5] INFO  com.capstone.aspect.LoggerAspect - During: class com.capstone.controller.PaymentController.getpayment() with arguments=<200 OK OK,[paymentinfo [transaction_no=218, loanaccno=202211051, custid=202200005, time_payment_atempted=2022-10-16 18:35:50.0, payment_status=failed, amountpaid=500000], paymentinfo [transaction_no=220, loanaccno=202211051, custid=202200005, time_payment_atempted=2022-10-16 18:36:20.0, payment_status=success, amountpaid=12973], paymentinfo [transaction_no=222, loanaccno=202211051, custid=202200005, time_payment_atempted=2022-10-16 18:45:39.0, payment_status=failed, amountpaid=489943], paymentinfo [transaction_no=224, loanaccno=202211051, custid=202200005, time_payment_atempted=2022-10-16 19:05:03.0, payment_status=failed, amountpaid=489943], paymentinfo [transaction_no=226, loanaccno=202211022, custid=202200002, time_payment_atempted=2022-10-17 11:08:33.0, payment_status=failed, amountpaid=500000], paymentinfo [transaction_no=228, loanaccno=202211022, custid=202200002, time_payment_atempted=2022-10-17 11:10:16.0, payment_status=failed, amountpaid=14683], paymentinfo [transaction_no=229, loanaccno=202211022, custid=202200002, time_payment_atempted=2022-10-17 11:10:43.0, payment_status=success, amountpaid=15673], paymentinfo [transaction_no=231, loanaccno=202211022, custid=202200002, time_payment_atempted=2022-10-17 11:30:05.0, payment_status=success, amountpaid=14674], paymentinfo [transaction_no=233, loanaccno=202211051, custid=202200005, time_payment_atempted=2022-10-17 11:31:52.0, payment_status=failed, amountpaid=500000], paymentinfo [transaction_no=234, loanaccno=202211011, custid=202200001, time_payment_atempted=2022-10-17 11:34:37.0, payment_status=success, amountpaid=15920], paymentinfo [transaction_no=235, loanaccno=202211033, custid=202200003, time_payment_atempted=2022-10-17 11:35:08.0, payment_status=failed, amountpaid=350000], paymentinfo [transaction_no=237, loanaccno=202211042, custid=202200004, time_payment_atempted=2022-10-17 11:40:21.0, payment_status=success, amountpaid=9838], paymentinfo [transaction_no=240, loanaccno=202211011, custid=202200001, time_payment_atempted=2022-10-17 11:41:20.0, payment_status=failed, amountpaid=15920], paymentinfo [transaction_no=241, loanaccno=202211051, custid=202200005, time_payment_atempted=2022-10-17 13:13:52.0, payment_status=failed, amountpaid=500000], paymentinfo [transaction_no=242, loanaccno=202211051, custid=202200005, time_payment_atempted=2022-10-17 13:14:47.0, payment_status=failed, amountpaid=500000], paymentinfo [transaction_no=244, loanaccno=202211051, custid=202200005, time_payment_atempted=2022-10-17 13:15:23.0, payment_status=failed, amountpaid=500000], paymentinfo [transaction_no=246, loanaccno=202211051, custid=202200005, time_payment_atempted=2022-10-17 13:18:21.0, payment_status=success, amountpaid=12973], paymentinfo [transaction_no=248, loanaccno=202211051, custid=202200005, time_payment_atempted=2022-10-17 13:22:24.0, payment_status=failed, amountpaid=500000], paymentinfo [transaction_no=251, loanaccno=202211051, custid=202200005, time_payment_atempted=2022-10-17 13:22:52.0, payment_status=success, amountpaid=500000], paymentinfo [transaction_no=253, loanaccno=202211051, custid=202200005, time_payment_atempted=2022-10-17 13:23:58.0, payment_status=success, amountpaid=12095], paymentinfo [transaction_no=254, loanaccno=202211051, custid=202200005, time_payment_atempted=2022-10-17 15:55:10.0, payment_status=success, amountpaid=12973], paymentinfo [transaction_no=255, loanaccno=202211051, custid=202200005, time_payment_atempted=2022-10-17 15:55:12.0, payment_status=success, amountpaid=12973], paymentinfo [transaction_no=257, loanaccno=202211012, custid=202200001, time_payment_atempted=2024-01-08 01:04:34.0, payment_status=success, amountpaid=4885]],[]>
2024-01-08 01:04:44 [http-nio-8083-exec-5] INFO  com.capstone.aspect.LoggerAspect - *************************************
2024-01-08 01:06:55 [AsyncResolver-bootstrap-executor-0] INFO  c.n.d.s.r.aws.ConfigClusterResolver - Resolving eureka endpoints via configuration
2024-01-08 01:11:55 [AsyncResolver-bootstrap-executor-0] INFO  c.n.d.s.r.aws.ConfigClusterResolver - Resolving eureka endpoints via configuration
2024-01-08 01:16:55 [AsyncResolver-bootstrap-executor-0] INFO  c.n.d.s.r.aws.ConfigClusterResolver - Resolving eureka endpoints via configuration
2024-01-08 01:21:55 [AsyncResolver-bootstrap-executor-0] INFO  c.n.d.s.r.aws.ConfigClusterResolver - Resolving eureka endpoints via configuration
2024-01-08 01:26:55 [AsyncResolver-bootstrap-executor-0] INFO  c.n.d.s.r.aws.ConfigClusterResolver - Resolving eureka endpoints via configuration
2024-01-08 01:31:55 [AsyncResolver-bootstrap-executor-0] INFO  c.n.d.s.r.aws.ConfigClusterResolver - Resolving eureka endpoints via configuration
2024-01-08 01:32:40 [http-nio-8083-exec-7] INFO  com.capstone.aspect.LoggerAspect - Method name: com.capstone.controller.PaymentController
2024-01-08 01:32:40 [http-nio-8083-exec-7] INFO  com.capstone.aspect.LoggerAspect - Method arguments:[Ljava.lang.Object;@9689f63
2024-01-08 01:32:40 [http-nio-8083-exec-7] INFO  com.capstone.aspect.LoggerAspect - *************************************
2024-01-08 01:32:40 [http-nio-8083-exec-7] INFO  com.capstone.aspect.LoggerAspect - Method name: com.capstone.service.PaymentServiceImp
2024-01-08 01:32:40 [http-nio-8083-exec-7] INFO  com.capstone.aspect.LoggerAspect - Method arguments:[Ljava.lang.Object;@7af603e
2024-01-08 01:32:40 [http-nio-8083-exec-7] INFO  com.capstone.aspect.LoggerAspect - *************************************
2024-01-08 01:32:40 [http-nio-8083-exec-7] INFO  com.capstone.aspect.LoggerAspect - During: class com.capstone.service.PaymentServiceImp.getpayment() with arguments=[paymentinfo [transaction_no=218, loanaccno=202211051, custid=202200005, time_payment_atempted=2022-10-16 18:35:50.0, payment_status=failed, amountpaid=500000], paymentinfo [transaction_no=220, loanaccno=202211051, custid=202200005, time_payment_atempted=2022-10-16 18:36:20.0, payment_status=success, amountpaid=12973], paymentinfo [transaction_no=222, loanaccno=202211051, custid=202200005, time_payment_atempted=2022-10-16 18:45:39.0, payment_status=failed, amountpaid=489943], paymentinfo [transaction_no=224, loanaccno=202211051, custid=202200005, time_payment_atempted=2022-10-16 19:05:03.0, payment_status=failed, amountpaid=489943], paymentinfo [transaction_no=226, loanaccno=202211022, custid=202200002, time_payment_atempted=2022-10-17 11:08:33.0, payment_status=failed, amountpaid=500000], paymentinfo [transaction_no=228, loanaccno=202211022, custid=202200002, time_payment_atempted=2022-10-17 11:10:16.0, payment_status=failed, amountpaid=14683], paymentinfo [transaction_no=229, loanaccno=202211022, custid=202200002, time_payment_atempted=2022-10-17 11:10:43.0, payment_status=success, amountpaid=15673], paymentinfo [transaction_no=231, loanaccno=202211022, custid=202200002, time_payment_atempted=2022-10-17 11:30:05.0, payment_status=success, amountpaid=14674], paymentinfo [transaction_no=233, loanaccno=202211051, custid=202200005, time_payment_atempted=2022-10-17 11:31:52.0, payment_status=failed, amountpaid=500000], paymentinfo [transaction_no=234, loanaccno=202211011, custid=202200001, time_payment_atempted=2022-10-17 11:34:37.0, payment_status=success, amountpaid=15920], paymentinfo [transaction_no=235, loanaccno=202211033, custid=202200003, time_payment_atempted=2022-10-17 11:35:08.0, payment_status=failed, amountpaid=350000], paymentinfo [transaction_no=237, loanaccno=202211042, custid=202200004, time_payment_atempted=2022-10-17 11:40:21.0, payment_status=success, amountpaid=9838], paymentinfo [transaction_no=240, loanaccno=202211011, custid=202200001, time_payment_atempted=2022-10-17 11:41:20.0, payment_status=failed, amountpaid=15920], paymentinfo [transaction_no=241, loanaccno=202211051, custid=202200005, time_payment_atempted=2022-10-17 13:13:52.0, payment_status=failed, amountpaid=500000], paymentinfo [transaction_no=242, loanaccno=202211051, custid=202200005, time_payment_atempted=2022-10-17 13:14:47.0, payment_status=failed, amountpaid=500000], paymentinfo [transaction_no=244, loanaccno=202211051, custid=202200005, time_payment_atempted=2022-10-17 13:15:23.0, payment_status=failed, amountpaid=500000], paymentinfo [transaction_no=246, loanaccno=202211051, custid=202200005, time_payment_atempted=2022-10-17 13:18:21.0, payment_status=success, amountpaid=12973], paymentinfo [transaction_no=248, loanaccno=202211051, custid=202200005, time_payment_atempted=2022-10-17 13:22:24.0, payment_status=failed, amountpaid=500000], paymentinfo [transaction_no=251, loanaccno=202211051, custid=202200005, time_payment_atempted=2022-10-17 13:22:52.0, payment_status=success, amountpaid=500000], paymentinfo [transaction_no=253, loanaccno=202211051, custid=202200005, time_payment_atempted=2022-10-17 13:23:58.0, payment_status=success, amountpaid=12095], paymentinfo [transaction_no=254, loanaccno=202211051, custid=202200005, time_payment_atempted=2022-10-17 15:55:10.0, payment_status=success, amountpaid=12973], paymentinfo [transaction_no=255, loanaccno=202211051, custid=202200005, time_payment_atempted=2022-10-17 15:55:12.0, payment_status=success, amountpaid=12973], paymentinfo [transaction_no=257, loanaccno=202211012, custid=202200001, time_payment_atempted=2024-01-08 01:04:34.0, payment_status=success, amountpaid=4885]]
2024-01-08 01:32:40 [http-nio-8083-exec-7] INFO  com.capstone.aspect.LoggerAspect - *************************************
2024-01-08 01:32:40 [http-nio-8083-exec-7] INFO  com.capstone.aspect.LoggerAspect - During: class com.capstone.controller.PaymentController.getpayment() with arguments=<200 OK OK,[paymentinfo [transaction_no=218, loanaccno=202211051, custid=202200005, time_payment_atempted=2022-10-16 18:35:50.0, payment_status=failed, amountpaid=500000], paymentinfo [transaction_no=220, loanaccno=202211051, custid=202200005, time_payment_atempted=2022-10-16 18:36:20.0, payment_status=success, amountpaid=12973], paymentinfo [transaction_no=222, loanaccno=202211051, custid=202200005, time_payment_atempted=2022-10-16 18:45:39.0, payment_status=failed, amountpaid=489943], paymentinfo [transaction_no=224, loanaccno=202211051, custid=202200005, time_payment_atempted=2022-10-16 19:05:03.0, payment_status=failed, amountpaid=489943], paymentinfo [transaction_no=226, loanaccno=202211022, custid=202200002, time_payment_atempted=2022-10-17 11:08:33.0, payment_status=failed, amountpaid=500000], paymentinfo [transaction_no=228, loanaccno=202211022, custid=202200002, time_payment_atempted=2022-10-17 11:10:16.0, payment_status=failed, amountpaid=14683], paymentinfo [transaction_no=229, loanaccno=202211022, custid=202200002, time_payment_atempted=2022-10-17 11:10:43.0, payment_status=success, amountpaid=15673], paymentinfo [transaction_no=231, loanaccno=202211022, custid=202200002, time_payment_atempted=2022-10-17 11:30:05.0, payment_status=success, amountpaid=14674], paymentinfo [transaction_no=233, loanaccno=202211051, custid=202200005, time_payment_atempted=2022-10-17 11:31:52.0, payment_status=failed, amountpaid=500000], paymentinfo [transaction_no=234, loanaccno=202211011, custid=202200001, time_payment_atempted=2022-10-17 11:34:37.0, payment_status=success, amountpaid=15920], paymentinfo [transaction_no=235, loanaccno=202211033, custid=202200003, time_payment_atempted=2022-10-17 11:35:08.0, payment_status=failed, amountpaid=350000], paymentinfo [transaction_no=237, loanaccno=202211042, custid=202200004, time_payment_atempted=2022-10-17 11:40:21.0, payment_status=success, amountpaid=9838], paymentinfo [transaction_no=240, loanaccno=202211011, custid=202200001, time_payment_atempted=2022-10-17 11:41:20.0, payment_status=failed, amountpaid=15920], paymentinfo [transaction_no=241, loanaccno=202211051, custid=202200005, time_payment_atempted=2022-10-17 13:13:52.0, payment_status=failed, amountpaid=500000], paymentinfo [transaction_no=242, loanaccno=202211051, custid=202200005, time_payment_atempted=2022-10-17 13:14:47.0, payment_status=failed, amountpaid=500000], paymentinfo [transaction_no=244, loanaccno=202211051, custid=202200005, time_payment_atempted=2022-10-17 13:15:23.0, payment_status=failed, amountpaid=500000], paymentinfo [transaction_no=246, loanaccno=202211051, custid=202200005, time_payment_atempted=2022-10-17 13:18:21.0, payment_status=success, amountpaid=12973], paymentinfo [transaction_no=248, loanaccno=202211051, custid=202200005, time_payment_atempted=2022-10-17 13:22:24.0, payment_status=failed, amountpaid=500000], paymentinfo [transaction_no=251, loanaccno=202211051, custid=202200005, time_payment_atempted=2022-10-17 13:22:52.0, payment_status=success, amountpaid=500000], paymentinfo [transaction_no=253, loanaccno=202211051, custid=202200005, time_payment_atempted=2022-10-17 13:23:58.0, payment_status=success, amountpaid=12095], paymentinfo [transaction_no=254, loanaccno=202211051, custid=202200005, time_payment_atempted=2022-10-17 15:55:10.0, payment_status=success, amountpaid=12973], paymentinfo [transaction_no=255, loanaccno=202211051, custid=202200005, time_payment_atempted=2022-10-17 15:55:12.0, payment_status=success, amountpaid=12973], paymentinfo [transaction_no=257, loanaccno=202211012, custid=202200001, time_payment_atempted=2024-01-08 01:04:34.0, payment_status=success, amountpaid=4885]],[]>
2024-01-08 01:32:40 [http-nio-8083-exec-7] INFO  com.capstone.aspect.LoggerAspect - *************************************
2024-01-08 01:36:55 [AsyncResolver-bootstrap-executor-0] INFO  c.n.d.s.r.aws.ConfigClusterResolver - Resolving eureka endpoints via configuration
2024-01-08 01:41:56 [AsyncResolver-bootstrap-executor-0] INFO  c.n.d.s.r.aws.ConfigClusterResolver - Resolving eureka endpoints via configuration
2024-01-08 01:45:19 [RMI TCP Connection(47)-127.0.0.1] INFO  o.s.b.a.SpringApplicationAdminMXBeanRegistrar$SpringApplicationAdmin - Application shutdown requested.
2024-01-08 01:45:19 [RMI TCP Connection(47)-127.0.0.1] INFO  o.s.c.n.e.s.EurekaServiceRegistry - Unregistering application PAYMENTINFO-API with eureka with status DOWN
2024-01-08 01:45:19 [RMI TCP Connection(47)-127.0.0.1] INFO  c.netflix.discovery.DiscoveryClient - Saw local status change event StatusChangeEvent [timestamp=1704658519266, current=DOWN, previous=UP]
2024-01-08 01:45:19 [DiscoveryClient-InstanceInfoReplicator-0] INFO  c.netflix.discovery.DiscoveryClient - DiscoveryClient_PAYMENTINFO-API/MOHAN:paymentinfo-api:8083: registering service...
2024-01-08 01:45:19 [DiscoveryClient-InstanceInfoReplicator-0] INFO  c.netflix.discovery.DiscoveryClient - DiscoveryClient_PAYMENTINFO-API/MOHAN:paymentinfo-api:8083 - registration status: 204
2024-01-08 01:45:19 [RMI TCP Connection(47)-127.0.0.1] INFO  o.a.coyote.http11.Http11NioProtocol - Pausing ProtocolHandler ["http-nio-8083"]
2024-01-08 01:45:19 [RMI TCP Connection(47)-127.0.0.1] INFO  o.a.catalina.core.StandardService - Stopping service [Tomcat]
2024-01-08 01:45:19 [RMI TCP Connection(47)-127.0.0.1] INFO  o.a.c.c.C.[Tomcat].[localhost].[/] - Destroying Spring FrameworkServlet 'dispatcherServlet'
2024-01-08 01:45:19 [RMI TCP Connection(47)-127.0.0.1] INFO  o.a.coyote.http11.Http11NioProtocol - Stopping ProtocolHandler ["http-nio-8083"]
2024-01-08 01:45:19 [RMI TCP Connection(47)-127.0.0.1] INFO  o.a.coyote.http11.Http11NioProtocol - Destroying ProtocolHandler ["http-nio-8083"]
2024-01-08 01:45:19 [RMI TCP Connection(47)-127.0.0.1] INFO  o.s.o.j.LocalContainerEntityManagerFactoryBean - Closing JPA EntityManagerFactory for persistence unit 'default'
2024-01-08 01:45:19 [RMI TCP Connection(47)-127.0.0.1] INFO  com.zaxxer.hikari.HikariDataSource - HikariPool-1 - Shutdown initiated...
2024-01-08 01:45:19 [RMI TCP Connection(47)-127.0.0.1] INFO  com.zaxxer.hikari.HikariDataSource - HikariPool-1 - Shutdown completed.
2024-01-08 01:45:19 [RMI TCP Connection(47)-127.0.0.1] INFO  c.netflix.discovery.DiscoveryClient - Shutting down DiscoveryClient ...
2024-01-08 01:45:22 [RMI TCP Connection(47)-127.0.0.1] INFO  c.netflix.discovery.DiscoveryClient - Unregistering ...
2024-01-08 01:45:22 [RMI TCP Connection(47)-127.0.0.1] INFO  c.netflix.discovery.DiscoveryClient - DiscoveryClient_PAYMENTINFO-API/MOHAN:paymentinfo-api:8083 - deregister  status: 200
2024-01-08 01:45:22 [RMI TCP Connection(47)-127.0.0.1] INFO  c.netflix.discovery.DiscoveryClient - Completed shut down of DiscoveryClient
