2022-10-12 20:06:25 [restartedMain] INFO  c.capstone.PaymentinfoApiApplication - Starting PaymentinfoApiApplication using Java 17.0.2 on MOHAN with PID 12592 (C:\Users\mohan\Downloads\Natwest Capstone\frontend\spring-master\paymentinfo-api\target\classes started by mohan in C:\Users\mohan\Downloads\Natwest Capstone\frontend\spring-master\paymentinfo-api)
2022-10-12 20:06:25 [restartedMain] INFO  c.capstone.PaymentinfoApiApplication - No active profile set, falling back to 1 default profile: "default"
2022-10-12 20:06:25 [restartedMain] INFO  o.s.b.d.e.DevToolsPropertyDefaultsPostProcessor - Devtools property defaults active! Set 'spring.devtools.add-properties' to 'false' to disable
2022-10-12 20:06:25 [restartedMain] INFO  o.s.b.d.e.DevToolsPropertyDefaultsPostProcessor - For additional web related logging consider setting the 'logging.level.web' property to 'DEBUG'
2022-10-12 20:06:26 [restartedMain] INFO  o.s.d.r.c.RepositoryConfigurationDelegate - Bootstrapping Spring Data JPA repositories in DEFAULT mode.
2022-10-12 20:06:26 [restartedMain] INFO  o.s.d.r.c.RepositoryConfigurationDelegate - Finished Spring Data repository scanning in 180 ms. Found 1 JPA repository interfaces.
2022-10-12 20:06:27 [restartedMain] INFO  o.s.cloud.context.scope.GenericScope - BeanFactory id=3845c26f-0e0d-39a8-ad64-2fb64fe2facd
2022-10-12 20:06:28 [restartedMain] INFO  o.s.b.w.e.tomcat.TomcatWebServer - Tomcat initialized with port(s): 8083 (http)
2022-10-12 20:06:28 [restartedMain] INFO  o.a.coyote.http11.Http11NioProtocol - Initializing ProtocolHandler ["http-nio-8083"]
2022-10-12 20:06:28 [restartedMain] INFO  o.a.catalina.core.StandardService - Starting service [Tomcat]
2022-10-12 20:06:28 [restartedMain] INFO  o.a.catalina.core.StandardEngine - Starting Servlet engine: [Apache Tomcat/9.0.65]
2022-10-12 20:06:28 [restartedMain] INFO  o.a.c.c.C.[Tomcat].[localhost].[/] - Initializing Spring embedded WebApplicationContext
2022-10-12 20:06:28 [restartedMain] INFO  o.s.b.w.s.c.ServletWebServerApplicationContext - Root WebApplicationContext: initialization completed in 2466 ms
2022-10-12 20:06:28 [restartedMain] INFO  o.a.catalina.core.StandardContext - Suspicious URL pattern: [/api/**] in context [], see sections 12.1 and 12.2 of the Servlet specification
2022-10-12 20:06:28 [restartedMain] INFO  o.h.jpa.internal.util.LogHelper - HHH000204: Processing PersistenceUnitInfo [name: default]
2022-10-12 20:06:28 [restartedMain] INFO  org.hibernate.Version - HHH000412: Hibernate ORM core version 5.6.11.Final
2022-10-12 20:06:28 [restartedMain] INFO  o.h.annotations.common.Version - HCANN000001: Hibernate Commons Annotations {5.1.2.Final}
2022-10-12 20:06:29 [restartedMain] INFO  com.zaxxer.hikari.HikariDataSource - HikariPool-1 - Starting...
2022-10-12 20:06:29 [restartedMain] INFO  com.zaxxer.hikari.HikariDataSource - HikariPool-1 - Start completed.
2022-10-12 20:06:29 [restartedMain] INFO  org.hibernate.dialect.Dialect - HHH000400: Using dialect: org.hibernate.dialect.MySQL8Dialect
2022-10-12 20:06:30 [restartedMain] INFO  o.h.e.t.j.p.i.JtaPlatformInitiator - HHH000490: Using JtaPlatform implementation: [org.hibernate.engine.transaction.jta.platform.internal.NoJtaPlatform]
2022-10-12 20:06:30 [restartedMain] INFO  o.s.o.j.LocalContainerEntityManagerFactoryBean - Initialized JPA EntityManagerFactory for persistence unit 'default'
2022-10-12 20:06:30 [restartedMain] WARN  o.s.b.a.o.j.JpaBaseConfiguration$JpaWebConfiguration - spring.jpa.open-in-view is enabled by default. Therefore, database queries may be performed during view rendering. Explicitly configure spring.jpa.open-in-view to disable this warning
2022-10-12 20:06:31 [restartedMain] WARN  o.s.b.d.a.OptionalLiveReloadServer - Unable to start LiveReload server
2022-10-12 20:06:31 [restartedMain] INFO  o.s.c.n.e.c.DiscoveryClientOptionalArgsConfiguration - Eureka HTTP Client uses RestTemplate.
2022-10-12 20:06:31 [restartedMain] WARN  o.s.c.l.c.LoadBalancerCacheAutoConfiguration$LoadBalancerCaffeineWarnLogger - Spring Cloud LoadBalancer is currently working with the default cache. While this cache implementation is useful for development and tests, it's recommended to use Caffeine cache in production.You can switch to using Caffeine cache, by adding it and org.springframework.cache.caffeine.CaffeineCacheManager to the classpath.
2022-10-12 20:06:31 [restartedMain] INFO  o.s.c.n.eureka.InstanceInfoFactory - Setting initial instance status as: STARTING
2022-10-12 20:06:32 [restartedMain] INFO  c.netflix.discovery.DiscoveryClient - Initializing Eureka in region us-east-1
2022-10-12 20:06:32 [restartedMain] INFO  c.n.d.s.r.aws.ConfigClusterResolver - Resolving eureka endpoints via configuration
2022-10-12 20:06:32 [restartedMain] INFO  c.netflix.discovery.DiscoveryClient - Disable delta property : false
2022-10-12 20:06:32 [restartedMain] INFO  c.netflix.discovery.DiscoveryClient - Single vip registry refresh property : null
2022-10-12 20:06:32 [restartedMain] INFO  c.netflix.discovery.DiscoveryClient - Force full registry fetch : false
2022-10-12 20:06:32 [restartedMain] INFO  c.netflix.discovery.DiscoveryClient - Application is null : false
2022-10-12 20:06:32 [restartedMain] INFO  c.netflix.discovery.DiscoveryClient - Registered Applications size is zero : true
2022-10-12 20:06:32 [restartedMain] INFO  c.netflix.discovery.DiscoveryClient - Application version is -1: true
2022-10-12 20:06:32 [restartedMain] INFO  c.netflix.discovery.DiscoveryClient - Getting all instance registry info from the eureka server
2022-10-12 20:06:32 [restartedMain] INFO  c.netflix.discovery.DiscoveryClient - The response status is 200
2022-10-12 20:06:32 [restartedMain] INFO  c.netflix.discovery.DiscoveryClient - Starting heartbeat executor: renew interval is: 30
2022-10-12 20:06:32 [restartedMain] INFO  c.n.discovery.InstanceInfoReplicator - InstanceInfoReplicator onDemand update allowed rate per min is 4
2022-10-12 20:06:32 [restartedMain] INFO  c.netflix.discovery.DiscoveryClient - Discovery Client initialized at timestamp 1665585392488 with initial instances count: 3
2022-10-12 20:06:32 [restartedMain] INFO  o.s.c.n.e.s.EurekaServiceRegistry - Registering application PAYMENTINFO-API with eureka with status UP
2022-10-12 20:06:32 [restartedMain] INFO  c.netflix.discovery.DiscoveryClient - Saw local status change event StatusChangeEvent [timestamp=1665585392493, current=UP, previous=STARTING]
2022-10-12 20:06:32 [DiscoveryClient-InstanceInfoReplicator-0] INFO  c.netflix.discovery.DiscoveryClient - DiscoveryClient_PAYMENTINFO-API/192.168.0.7:paymentinfo-api:8083: registering service...
2022-10-12 20:06:32 [restartedMain] INFO  o.a.coyote.http11.Http11NioProtocol - Starting ProtocolHandler ["http-nio-8083"]
2022-10-12 20:06:32 [restartedMain] INFO  o.s.b.w.e.tomcat.TomcatWebServer - Tomcat started on port(s): 8083 (http) with context path ''
2022-10-12 20:06:32 [restartedMain] INFO  o.s.c.n.e.s.EurekaAutoServiceRegistration - Updating port to 8083
2022-10-12 20:06:32 [DiscoveryClient-InstanceInfoReplicator-0] INFO  c.netflix.discovery.DiscoveryClient - DiscoveryClient_PAYMENTINFO-API/192.168.0.7:paymentinfo-api:8083 - registration status: 204
2022-10-12 20:06:32 [restartedMain] INFO  c.capstone.PaymentinfoApiApplication - Started PaymentinfoApiApplication in 7.431 seconds (JVM running for 8.338)
2022-10-12 20:11:32 [AsyncResolver-bootstrap-executor-0] INFO  c.n.d.s.r.aws.ConfigClusterResolver - Resolving eureka endpoints via configuration
2022-10-12 20:16:32 [AsyncResolver-bootstrap-executor-0] INFO  c.n.d.s.r.aws.ConfigClusterResolver - Resolving eureka endpoints via configuration
2022-10-12 20:21:32 [AsyncResolver-bootstrap-executor-0] INFO  c.n.d.s.r.aws.ConfigClusterResolver - Resolving eureka endpoints via configuration
2022-10-12 20:23:26 [http-nio-8083-exec-1] INFO  o.a.c.c.C.[Tomcat].[localhost].[/] - Initializing Spring DispatcherServlet 'dispatcherServlet'
2022-10-12 20:23:26 [http-nio-8083-exec-1] INFO  o.s.web.servlet.DispatcherServlet - Initializing Servlet 'dispatcherServlet'
2022-10-12 20:23:26 [http-nio-8083-exec-1] INFO  o.s.web.servlet.DispatcherServlet - Completed initialization in 63 ms
2022-10-12 20:23:26 [http-nio-8083-exec-2] INFO  com.capstone.aspect.LoggerAspect - Method name: com.capstone.controller.paymentController
2022-10-12 20:23:26 [http-nio-8083-exec-2] INFO  com.capstone.aspect.LoggerAspect - Method arguments:[Ljava.lang.Object;@5e23a7c1
2022-10-12 20:23:26 [http-nio-8083-exec-2] INFO  com.capstone.aspect.LoggerAspect - *************************************
2022-10-12 20:23:26 [http-nio-8083-exec-2] INFO  com.capstone.aspect.LoggerAspect - Method name: com.capstone.service.paymentServiceImp
2022-10-12 20:23:26 [http-nio-8083-exec-2] INFO  com.capstone.aspect.LoggerAspect - Method arguments:[Ljava.lang.Object;@69bf740e
2022-10-12 20:23:26 [http-nio-8083-exec-2] INFO  com.capstone.aspect.LoggerAspect - *************************************
2022-10-12 20:23:26 [http-nio-8083-exec-2] INFO  com.capstone.aspect.LoggerAspect - During: class com.capstone.service.paymentServiceImp.getpayment() with arguments=[paymentinfo [transaction_no=121323332, loanaccno=202211021, custid=202200002, time_payment_atempted=2022-10-08, payment_status=failed], paymentinfo [transaction_no=124512678, loanaccno=202211011, custid=202200001, time_payment_atempted=2022-10-08, payment_status=success], paymentinfo [transaction_no=211123231, loanaccno=202211031, custid=202200003, time_payment_atempted=2022-10-08, payment_status=pending], paymentinfo [transaction_no=213123231, loanaccno=202211022, custid=202200002, time_payment_atempted=2022-10-08, payment_status=pending], paymentinfo [transaction_no=232132233, loanaccno=202211022, custid=202200002, time_payment_atempted=2022-10-08, payment_status=pending], paymentinfo [transaction_no=234234324, loanaccno=202211032, custid=202200003, time_payment_atempted=2022-10-08, payment_status=failed], paymentinfo [transaction_no=234234444, loanaccno=202211031, custid=202200003, time_payment_atempted=2022-10-08, payment_status=success], paymentinfo [transaction_no=234243244, loanaccno=202211011, custid=202200001, time_payment_atempted=2022-10-08, payment_status=failed], paymentinfo [transaction_no=236132233, loanaccno=202211032, custid=202200003, time_payment_atempted=2022-10-08, payment_status=pending], paymentinfo [transaction_no=344545456, loanaccno=202211012, custid=202200001, time_payment_atempted=2022-10-08, payment_status=pending], paymentinfo [transaction_no=711123231, loanaccno=202211041, custid=202200004, time_payment_atempted=2022-10-08, payment_status=pending], paymentinfo [transaction_no=711123236, loanaccno=202211051, custid=202200005, time_payment_atempted=2022-10-08, payment_status=pending], paymentinfo [transaction_no=721312123, loanaccno=202211042, custid=202200004, time_payment_atempted=2022-10-08, payment_status=success], paymentinfo [transaction_no=734234324, loanaccno=202211042, custid=202200004, time_payment_atempted=2022-10-08, payment_status=success], paymentinfo [transaction_no=734234326, loanaccno=202211051, custid=202200005, time_payment_atempted=2022-10-08, payment_status=success], paymentinfo [transaction_no=734234444, loanaccno=202211041, custid=202200004, time_payment_atempted=2022-10-08, payment_status=success], paymentinfo [transaction_no=734234446, loanaccno=202211051, custid=202200005, time_payment_atempted=2022-10-08, payment_status=success], paymentinfo [transaction_no=736132233, loanaccno=202211042, custid=202200004, time_payment_atempted=2022-10-08, payment_status=pending], paymentinfo [transaction_no=786764544, loanaccno=202211012, custid=202200001, time_payment_atempted=2022-10-08, payment_status=pending], paymentinfo [transaction_no=821312123, loanaccno=202211033, custid=202200003, time_payment_atempted=2022-10-08, payment_status=success], paymentinfo [transaction_no=823312123, loanaccno=202211021, custid=202200002, time_payment_atempted=2022-10-08, payment_status=success], paymentinfo [transaction_no=987654678, loanaccno=202211021, custid=202200002, time_payment_atempted=2022-10-08, payment_status=success], paymentinfo [transaction_no=987656443, loanaccno=202211012, custid=202200001, time_payment_atempted=2022-10-08, payment_status=success]]
2022-10-12 20:23:26 [http-nio-8083-exec-2] INFO  com.capstone.aspect.LoggerAspect - *************************************
2022-10-12 20:23:26 [http-nio-8083-exec-2] INFO  com.capstone.aspect.LoggerAspect - During: class com.capstone.controller.paymentController.getpayment() with arguments=<200 OK OK,[paymentinfo [transaction_no=121323332, loanaccno=202211021, custid=202200002, time_payment_atempted=2022-10-08, payment_status=failed], paymentinfo [transaction_no=124512678, loanaccno=202211011, custid=202200001, time_payment_atempted=2022-10-08, payment_status=success], paymentinfo [transaction_no=211123231, loanaccno=202211031, custid=202200003, time_payment_atempted=2022-10-08, payment_status=pending], paymentinfo [transaction_no=213123231, loanaccno=202211022, custid=202200002, time_payment_atempted=2022-10-08, payment_status=pending], paymentinfo [transaction_no=232132233, loanaccno=202211022, custid=202200002, time_payment_atempted=2022-10-08, payment_status=pending], paymentinfo [transaction_no=234234324, loanaccno=202211032, custid=202200003, time_payment_atempted=2022-10-08, payment_status=failed], paymentinfo [transaction_no=234234444, loanaccno=202211031, custid=202200003, time_payment_atempted=2022-10-08, payment_status=success], paymentinfo [transaction_no=234243244, loanaccno=202211011, custid=202200001, time_payment_atempted=2022-10-08, payment_status=failed], paymentinfo [transaction_no=236132233, loanaccno=202211032, custid=202200003, time_payment_atempted=2022-10-08, payment_status=pending], paymentinfo [transaction_no=344545456, loanaccno=202211012, custid=202200001, time_payment_atempted=2022-10-08, payment_status=pending], paymentinfo [transaction_no=711123231, loanaccno=202211041, custid=202200004, time_payment_atempted=2022-10-08, payment_status=pending], paymentinfo [transaction_no=711123236, loanaccno=202211051, custid=202200005, time_payment_atempted=2022-10-08, payment_status=pending], paymentinfo [transaction_no=721312123, loanaccno=202211042, custid=202200004, time_payment_atempted=2022-10-08, payment_status=success], paymentinfo [transaction_no=734234324, loanaccno=202211042, custid=202200004, time_payment_atempted=2022-10-08, payment_status=success], paymentinfo [transaction_no=734234326, loanaccno=202211051, custid=202200005, time_payment_atempted=2022-10-08, payment_status=success], paymentinfo [transaction_no=734234444, loanaccno=202211041, custid=202200004, time_payment_atempted=2022-10-08, payment_status=success], paymentinfo [transaction_no=734234446, loanaccno=202211051, custid=202200005, time_payment_atempted=2022-10-08, payment_status=success], paymentinfo [transaction_no=736132233, loanaccno=202211042, custid=202200004, time_payment_atempted=2022-10-08, payment_status=pending], paymentinfo [transaction_no=786764544, loanaccno=202211012, custid=202200001, time_payment_atempted=2022-10-08, payment_status=pending], paymentinfo [transaction_no=821312123, loanaccno=202211033, custid=202200003, time_payment_atempted=2022-10-08, payment_status=success], paymentinfo [transaction_no=823312123, loanaccno=202211021, custid=202200002, time_payment_atempted=2022-10-08, payment_status=success], paymentinfo [transaction_no=987654678, loanaccno=202211021, custid=202200002, time_payment_atempted=2022-10-08, payment_status=success], paymentinfo [transaction_no=987656443, loanaccno=202211012, custid=202200001, time_payment_atempted=2022-10-08, payment_status=success]],[]>
2022-10-12 20:23:26 [http-nio-8083-exec-2] INFO  com.capstone.aspect.LoggerAspect - *************************************
2022-10-12 20:23:30 [http-nio-8083-exec-4] INFO  com.capstone.aspect.LoggerAspect - Method name: com.capstone.controller.paymentController
2022-10-12 20:23:30 [http-nio-8083-exec-4] INFO  com.capstone.aspect.LoggerAspect - Method arguments:[Ljava.lang.Object;@690f75da
2022-10-12 20:23:30 [http-nio-8083-exec-4] INFO  com.capstone.aspect.LoggerAspect - *************************************
2022-10-12 20:23:30 [http-nio-8083-exec-4] INFO  com.capstone.aspect.LoggerAspect - Method name: com.capstone.service.paymentServiceImp
2022-10-12 20:23:30 [http-nio-8083-exec-4] INFO  com.capstone.aspect.LoggerAspect - Method arguments:[Ljava.lang.Object;@6923c086
2022-10-12 20:23:30 [http-nio-8083-exec-4] INFO  com.capstone.aspect.LoggerAspect - *************************************
2022-10-12 20:23:30 [http-nio-8083-exec-4] INFO  com.capstone.aspect.LoggerAspect - During: class com.capstone.service.paymentServiceImp.getfindByTransactionNo() with arguments=paymentinfo [transaction_no=124512678, loanaccno=202211011, custid=202200001, time_payment_atempted=2022-10-08, payment_status=success]
2022-10-12 20:23:30 [http-nio-8083-exec-4] INFO  com.capstone.aspect.LoggerAspect - *************************************
2022-10-12 20:23:30 [http-nio-8083-exec-4] INFO  com.capstone.aspect.LoggerAspect - During: class com.capstone.controller.paymentController.getUsersBycustid() with arguments=<200 OK OK,paymentinfo [transaction_no=124512678, loanaccno=202211011, custid=202200001, time_payment_atempted=2022-10-08, payment_status=success],[]>
2022-10-12 20:23:30 [http-nio-8083-exec-4] INFO  com.capstone.aspect.LoggerAspect - *************************************
2022-10-12 20:23:34 [http-nio-8083-exec-6] INFO  com.capstone.aspect.LoggerAspect - Method name: com.capstone.controller.paymentController
2022-10-12 20:23:34 [http-nio-8083-exec-6] INFO  com.capstone.aspect.LoggerAspect - Method arguments:[Ljava.lang.Object;@2458eb3e
2022-10-12 20:23:34 [http-nio-8083-exec-6] INFO  com.capstone.aspect.LoggerAspect - *************************************
2022-10-12 20:23:34 [http-nio-8083-exec-6] INFO  com.capstone.aspect.LoggerAspect - Method name: com.capstone.service.paymentServiceImp
2022-10-12 20:23:34 [http-nio-8083-exec-6] INFO  com.capstone.aspect.LoggerAspect - Method arguments:[Ljava.lang.Object;@2a9f01c5
2022-10-12 20:23:34 [http-nio-8083-exec-6] INFO  com.capstone.aspect.LoggerAspect - *************************************
2022-10-12 20:23:35 [http-nio-8083-exec-6] INFO  com.capstone.aspect.LoggerAspect - During: class com.capstone.service.paymentServiceImp.getpayment() with arguments=[paymentinfo [transaction_no=121323332, loanaccno=202211021, custid=202200002, time_payment_atempted=2022-10-08, payment_status=failed], paymentinfo [transaction_no=124512678, loanaccno=202211011, custid=202200001, time_payment_atempted=2022-10-08, payment_status=success], paymentinfo [transaction_no=211123231, loanaccno=202211031, custid=202200003, time_payment_atempted=2022-10-08, payment_status=pending], paymentinfo [transaction_no=213123231, loanaccno=202211022, custid=202200002, time_payment_atempted=2022-10-08, payment_status=pending], paymentinfo [transaction_no=232132233, loanaccno=202211022, custid=202200002, time_payment_atempted=2022-10-08, payment_status=pending], paymentinfo [transaction_no=234234324, loanaccno=202211032, custid=202200003, time_payment_atempted=2022-10-08, payment_status=failed], paymentinfo [transaction_no=234234444, loanaccno=202211031, custid=202200003, time_payment_atempted=2022-10-08, payment_status=success], paymentinfo [transaction_no=234243244, loanaccno=202211011, custid=202200001, time_payment_atempted=2022-10-08, payment_status=failed], paymentinfo [transaction_no=236132233, loanaccno=202211032, custid=202200003, time_payment_atempted=2022-10-08, payment_status=pending], paymentinfo [transaction_no=344545456, loanaccno=202211012, custid=202200001, time_payment_atempted=2022-10-08, payment_status=pending], paymentinfo [transaction_no=711123231, loanaccno=202211041, custid=202200004, time_payment_atempted=2022-10-08, payment_status=pending], paymentinfo [transaction_no=711123236, loanaccno=202211051, custid=202200005, time_payment_atempted=2022-10-08, payment_status=pending], paymentinfo [transaction_no=721312123, loanaccno=202211042, custid=202200004, time_payment_atempted=2022-10-08, payment_status=success], paymentinfo [transaction_no=734234324, loanaccno=202211042, custid=202200004, time_payment_atempted=2022-10-08, payment_status=success], paymentinfo [transaction_no=734234326, loanaccno=202211051, custid=202200005, time_payment_atempted=2022-10-08, payment_status=success], paymentinfo [transaction_no=734234444, loanaccno=202211041, custid=202200004, time_payment_atempted=2022-10-08, payment_status=success], paymentinfo [transaction_no=734234446, loanaccno=202211051, custid=202200005, time_payment_atempted=2022-10-08, payment_status=success], paymentinfo [transaction_no=736132233, loanaccno=202211042, custid=202200004, time_payment_atempted=2022-10-08, payment_status=pending], paymentinfo [transaction_no=786764544, loanaccno=202211012, custid=202200001, time_payment_atempted=2022-10-08, payment_status=pending], paymentinfo [transaction_no=821312123, loanaccno=202211033, custid=202200003, time_payment_atempted=2022-10-08, payment_status=success], paymentinfo [transaction_no=823312123, loanaccno=202211021, custid=202200002, time_payment_atempted=2022-10-08, payment_status=success], paymentinfo [transaction_no=987654678, loanaccno=202211021, custid=202200002, time_payment_atempted=2022-10-08, payment_status=success], paymentinfo [transaction_no=987656443, loanaccno=202211012, custid=202200001, time_payment_atempted=2022-10-08, payment_status=success]]
2022-10-12 20:23:35 [http-nio-8083-exec-6] INFO  com.capstone.aspect.LoggerAspect - *************************************
2022-10-12 20:23:35 [http-nio-8083-exec-6] INFO  com.capstone.aspect.LoggerAspect - During: class com.capstone.controller.paymentController.getpayment() with arguments=<200 OK OK,[paymentinfo [transaction_no=121323332, loanaccno=202211021, custid=202200002, time_payment_atempted=2022-10-08, payment_status=failed], paymentinfo [transaction_no=124512678, loanaccno=202211011, custid=202200001, time_payment_atempted=2022-10-08, payment_status=success], paymentinfo [transaction_no=211123231, loanaccno=202211031, custid=202200003, time_payment_atempted=2022-10-08, payment_status=pending], paymentinfo [transaction_no=213123231, loanaccno=202211022, custid=202200002, time_payment_atempted=2022-10-08, payment_status=pending], paymentinfo [transaction_no=232132233, loanaccno=202211022, custid=202200002, time_payment_atempted=2022-10-08, payment_status=pending], paymentinfo [transaction_no=234234324, loanaccno=202211032, custid=202200003, time_payment_atempted=2022-10-08, payment_status=failed], paymentinfo [transaction_no=234234444, loanaccno=202211031, custid=202200003, time_payment_atempted=2022-10-08, payment_status=success], paymentinfo [transaction_no=234243244, loanaccno=202211011, custid=202200001, time_payment_atempted=2022-10-08, payment_status=failed], paymentinfo [transaction_no=236132233, loanaccno=202211032, custid=202200003, time_payment_atempted=2022-10-08, payment_status=pending], paymentinfo [transaction_no=344545456, loanaccno=202211012, custid=202200001, time_payment_atempted=2022-10-08, payment_status=pending], paymentinfo [transaction_no=711123231, loanaccno=202211041, custid=202200004, time_payment_atempted=2022-10-08, payment_status=pending], paymentinfo [transaction_no=711123236, loanaccno=202211051, custid=202200005, time_payment_atempted=2022-10-08, payment_status=pending], paymentinfo [transaction_no=721312123, loanaccno=202211042, custid=202200004, time_payment_atempted=2022-10-08, payment_status=success], paymentinfo [transaction_no=734234324, loanaccno=202211042, custid=202200004, time_payment_atempted=2022-10-08, payment_status=success], paymentinfo [transaction_no=734234326, loanaccno=202211051, custid=202200005, time_payment_atempted=2022-10-08, payment_status=success], paymentinfo [transaction_no=734234444, loanaccno=202211041, custid=202200004, time_payment_atempted=2022-10-08, payment_status=success], paymentinfo [transaction_no=734234446, loanaccno=202211051, custid=202200005, time_payment_atempted=2022-10-08, payment_status=success], paymentinfo [transaction_no=736132233, loanaccno=202211042, custid=202200004, time_payment_atempted=2022-10-08, payment_status=pending], paymentinfo [transaction_no=786764544, loanaccno=202211012, custid=202200001, time_payment_atempted=2022-10-08, payment_status=pending], paymentinfo [transaction_no=821312123, loanaccno=202211033, custid=202200003, time_payment_atempted=2022-10-08, payment_status=success], paymentinfo [transaction_no=823312123, loanaccno=202211021, custid=202200002, time_payment_atempted=2022-10-08, payment_status=success], paymentinfo [transaction_no=987654678, loanaccno=202211021, custid=202200002, time_payment_atempted=2022-10-08, payment_status=success], paymentinfo [transaction_no=987656443, loanaccno=202211012, custid=202200001, time_payment_atempted=2022-10-08, payment_status=success]],[]>
2022-10-12 20:23:35 [http-nio-8083-exec-6] INFO  com.capstone.aspect.LoggerAspect - *************************************
