2022-10-11 18:02:02 [restartedMain] INFO  c.c.AuthenticationApiApplication - Starting AuthenticationApiApplication using Java 17.0.2 on MOHAN with PID 19264 (C:\Users\mohan\Downloads\Natwest Capstone\frontend\spring-master\authentication-api\target\classes started by mohan in C:\Users\mohan\Downloads\Natwest Capstone\frontend\spring-master\authentication-api)
2022-10-11 18:02:02 [restartedMain] INFO  c.c.AuthenticationApiApplication - No active profile set, falling back to 1 default profile: "default"
2022-10-11 18:02:02 [restartedMain] INFO  o.s.b.d.e.DevToolsPropertyDefaultsPostProcessor - Devtools property defaults active! Set 'spring.devtools.add-properties' to 'false' to disable
2022-10-11 18:02:02 [restartedMain] INFO  o.s.b.d.e.DevToolsPropertyDefaultsPostProcessor - For additional web related logging consider setting the 'logging.level.web' property to 'DEBUG'
2022-10-11 18:02:02 [restartedMain] INFO  o.s.d.r.c.RepositoryConfigurationDelegate - Bootstrapping Spring Data JPA repositories in DEFAULT mode.
2022-10-11 18:02:03 [restartedMain] INFO  o.s.d.r.c.RepositoryConfigurationDelegate - Finished Spring Data repository scanning in 182 ms. Found 1 JPA repository interfaces.
2022-10-11 18:02:03 [restartedMain] INFO  o.s.cloud.context.scope.GenericScope - BeanFactory id=16579af9-00ee-3e25-b080-25549e0575a1
2022-10-11 18:02:04 [restartedMain] INFO  o.s.b.w.e.tomcat.TomcatWebServer - Tomcat initialized with port(s): 8085 (http)
2022-10-11 18:02:04 [restartedMain] INFO  o.a.coyote.http11.Http11NioProtocol - Initializing ProtocolHandler ["http-nio-8085"]
2022-10-11 18:02:04 [restartedMain] INFO  o.a.catalina.core.StandardService - Starting service [Tomcat]
2022-10-11 18:02:04 [restartedMain] INFO  o.a.catalina.core.StandardEngine - Starting Servlet engine: [Apache Tomcat/9.0.65]
2022-10-11 18:02:04 [restartedMain] INFO  o.a.c.c.C.[Tomcat].[localhost].[/] - Initializing Spring embedded WebApplicationContext
2022-10-11 18:02:04 [restartedMain] INFO  o.s.b.w.s.c.ServletWebServerApplicationContext - Root WebApplicationContext: initialization completed in 2592 ms
2022-10-11 18:02:05 [restartedMain] INFO  o.h.jpa.internal.util.LogHelper - HHH000204: Processing PersistenceUnitInfo [name: default]
2022-10-11 18:02:05 [restartedMain] INFO  org.hibernate.Version - HHH000412: Hibernate ORM core version 5.6.11.Final
2022-10-11 18:02:05 [restartedMain] INFO  o.h.annotations.common.Version - HCANN000001: Hibernate Commons Annotations {5.1.2.Final}
2022-10-11 18:02:05 [restartedMain] INFO  com.zaxxer.hikari.HikariDataSource - HikariPool-1 - Starting...
2022-10-11 18:02:05 [restartedMain] INFO  com.zaxxer.hikari.HikariDataSource - HikariPool-1 - Start completed.
2022-10-11 18:02:05 [restartedMain] INFO  org.hibernate.dialect.Dialect - HHH000400: Using dialect: org.hibernate.dialect.MySQL8Dialect
2022-10-11 18:02:06 [restartedMain] INFO  o.h.e.t.j.p.i.JtaPlatformInitiator - HHH000490: Using JtaPlatform implementation: [org.hibernate.engine.transaction.jta.platform.internal.NoJtaPlatform]
2022-10-11 18:02:06 [restartedMain] INFO  o.s.o.j.LocalContainerEntityManagerFactoryBean - Initialized JPA EntityManagerFactory for persistence unit 'default'
2022-10-11 18:02:07 [restartedMain] WARN  o.s.b.a.o.j.JpaBaseConfiguration$JpaWebConfiguration - spring.jpa.open-in-view is enabled by default. Therefore, database queries may be performed during view rendering. Explicitly configure spring.jpa.open-in-view to disable this warning
2022-10-11 18:02:07 [restartedMain] INFO  o.s.b.d.a.OptionalLiveReloadServer - LiveReload server is running on port 35729
2022-10-11 18:02:08 [restartedMain] INFO  o.s.c.n.e.c.DiscoveryClientOptionalArgsConfiguration - Eureka HTTP Client uses RestTemplate.
2022-10-11 18:02:08 [restartedMain] WARN  o.s.c.l.c.LoadBalancerCacheAutoConfiguration$LoadBalancerCaffeineWarnLogger - Spring Cloud LoadBalancer is currently working with the default cache. While this cache implementation is useful for development and tests, it's recommended to use Caffeine cache in production.You can switch to using Caffeine cache, by adding it and org.springframework.cache.caffeine.CaffeineCacheManager to the classpath.
2022-10-11 18:02:08 [restartedMain] INFO  o.s.c.n.eureka.InstanceInfoFactory - Setting initial instance status as: STARTING
2022-10-11 18:02:08 [restartedMain] INFO  c.netflix.discovery.DiscoveryClient - Initializing Eureka in region us-east-1
2022-10-11 18:02:08 [restartedMain] INFO  c.n.d.s.r.aws.ConfigClusterResolver - Resolving eureka endpoints via configuration
2022-10-11 18:02:08 [restartedMain] INFO  c.netflix.discovery.DiscoveryClient - Disable delta property : false
2022-10-11 18:02:08 [restartedMain] INFO  c.netflix.discovery.DiscoveryClient - Single vip registry refresh property : null
2022-10-11 18:02:08 [restartedMain] INFO  c.netflix.discovery.DiscoveryClient - Force full registry fetch : false
2022-10-11 18:02:08 [restartedMain] INFO  c.netflix.discovery.DiscoveryClient - Application is null : false
2022-10-11 18:02:08 [restartedMain] INFO  c.netflix.discovery.DiscoveryClient - Registered Applications size is zero : true
2022-10-11 18:02:08 [restartedMain] INFO  c.netflix.discovery.DiscoveryClient - Application version is -1: true
2022-10-11 18:02:08 [restartedMain] INFO  c.netflix.discovery.DiscoveryClient - Getting all instance registry info from the eureka server
2022-10-11 18:02:08 [restartedMain] INFO  c.netflix.discovery.DiscoveryClient - The response status is 200
2022-10-11 18:02:08 [restartedMain] INFO  c.netflix.discovery.DiscoveryClient - Starting heartbeat executor: renew interval is: 30
2022-10-11 18:02:08 [restartedMain] INFO  c.n.discovery.InstanceInfoReplicator - InstanceInfoReplicator onDemand update allowed rate per min is 4
2022-10-11 18:02:08 [restartedMain] INFO  c.netflix.discovery.DiscoveryClient - Discovery Client initialized at timestamp 1665491528916 with initial instances count: 2
2022-10-11 18:02:08 [restartedMain] INFO  o.s.c.n.e.s.EurekaServiceRegistry - Registering application AUTHENTICATION-API with eureka with status UP
2022-10-11 18:02:08 [restartedMain] INFO  c.netflix.discovery.DiscoveryClient - Saw local status change event StatusChangeEvent [timestamp=1665491528921, current=UP, previous=STARTING]
2022-10-11 18:02:08 [DiscoveryClient-InstanceInfoReplicator-0] INFO  c.netflix.discovery.DiscoveryClient - DiscoveryClient_AUTHENTICATION-API/192.168.0.4:authentication-api:8085: registering service...
2022-10-11 18:02:08 [restartedMain] INFO  o.a.coyote.http11.Http11NioProtocol - Starting ProtocolHandler ["http-nio-8085"]
2022-10-11 18:02:08 [restartedMain] INFO  o.s.b.w.e.tomcat.TomcatWebServer - Tomcat started on port(s): 8085 (http) with context path ''
2022-10-11 18:02:08 [restartedMain] INFO  o.s.c.n.e.s.EurekaAutoServiceRegistration - Updating port to 8085
2022-10-11 18:02:08 [DiscoveryClient-InstanceInfoReplicator-0] INFO  c.netflix.discovery.DiscoveryClient - DiscoveryClient_AUTHENTICATION-API/192.168.0.4:authentication-api:8085 - registration status: 204
2022-10-11 18:02:09 [restartedMain] INFO  c.c.AuthenticationApiApplication - Started AuthenticationApiApplication in 7.634 seconds (JVM running for 8.543)
2022-10-11 18:03:58 [http-nio-8085-exec-1] INFO  o.a.c.c.C.[Tomcat].[localhost].[/] - Initializing Spring DispatcherServlet 'dispatcherServlet'
2022-10-11 18:03:58 [http-nio-8085-exec-1] INFO  o.s.web.servlet.DispatcherServlet - Initializing Servlet 'dispatcherServlet'
2022-10-11 18:03:58 [http-nio-8085-exec-1] INFO  o.s.web.servlet.DispatcherServlet - Completed initialization in 18 ms
2022-10-11 18:03:59 [http-nio-8085-exec-1] INFO  com.capstone.aspect.LoggerAspect - Method name: com.capstone.controller.AuthenticationController
2022-10-11 18:03:59 [http-nio-8085-exec-1] INFO  com.capstone.aspect.LoggerAspect - Method arguments:[Ljava.lang.Object;@565f542d
2022-10-11 18:03:59 [http-nio-8085-exec-1] INFO  com.capstone.aspect.LoggerAspect - *************************************
2022-10-11 18:03:59 [http-nio-8085-exec-1] INFO  com.capstone.aspect.LoggerAspect - Method name: com.capstone.service.userServiceImpl
2022-10-11 18:03:59 [http-nio-8085-exec-1] INFO  com.capstone.aspect.LoggerAspect - Method arguments:[Ljava.lang.Object;@59222242
2022-10-11 18:03:59 [http-nio-8085-exec-1] INFO  com.capstone.aspect.LoggerAspect - *************************************
2022-10-11 18:03:59 [http-nio-8085-exec-1] INFO  com.capstone.aspect.LoggerAspect - During: class com.capstone.service.userServiceImpl.findByCustidAndPassword() with arguments=null
2022-10-11 18:03:59 [http-nio-8085-exec-1] INFO  com.capstone.aspect.LoggerAspect - *************************************
2022-10-11 18:03:59 [http-nio-8085-exec-1] INFO  com.capstone.aspect.LoggerAspect - During: class com.capstone.controller.AuthenticationController.login() with arguments=<401 UNAUTHORIZED Unauthorized,{message=Customer-id or password incorrect, token=null},[]>
2022-10-11 18:03:59 [http-nio-8085-exec-1] INFO  com.capstone.aspect.LoggerAspect - *************************************
2022-10-11 18:04:33 [http-nio-8085-exec-3] INFO  com.capstone.aspect.LoggerAspect - Method name: com.capstone.controller.AuthenticationController
2022-10-11 18:04:33 [http-nio-8085-exec-3] INFO  com.capstone.aspect.LoggerAspect - Method arguments:[Ljava.lang.Object;@67929791
2022-10-11 18:04:33 [http-nio-8085-exec-3] INFO  com.capstone.aspect.LoggerAspect - *************************************
2022-10-11 18:04:33 [http-nio-8085-exec-3] INFO  com.capstone.aspect.LoggerAspect - Method name: com.capstone.service.userServiceImpl
2022-10-11 18:04:33 [http-nio-8085-exec-3] INFO  com.capstone.aspect.LoggerAspect - Method arguments:[Ljava.lang.Object;@69557513
2022-10-11 18:04:33 [http-nio-8085-exec-3] INFO  com.capstone.aspect.LoggerAspect - *************************************
2022-10-11 18:04:33 [http-nio-8085-exec-3] INFO  com.capstone.aspect.LoggerAspect - During: class com.capstone.service.userServiceImpl.findByCustidAndPassword() with arguments=null
2022-10-11 18:04:33 [http-nio-8085-exec-3] INFO  com.capstone.aspect.LoggerAspect - *************************************
2022-10-11 18:04:33 [http-nio-8085-exec-3] INFO  com.capstone.aspect.LoggerAspect - During: class com.capstone.controller.AuthenticationController.login() with arguments=<401 UNAUTHORIZED Unauthorized,{message=Customer-id or password incorrect, token=null},[]>
2022-10-11 18:04:33 [http-nio-8085-exec-3] INFO  com.capstone.aspect.LoggerAspect - *************************************
2022-10-11 18:05:08 [http-nio-8085-exec-5] INFO  com.capstone.aspect.LoggerAspect - Method name: com.capstone.controller.AuthenticationController
2022-10-11 18:05:08 [http-nio-8085-exec-5] INFO  com.capstone.aspect.LoggerAspect - Method arguments:[Ljava.lang.Object;@2e2a7c81
2022-10-11 18:05:08 [http-nio-8085-exec-5] INFO  com.capstone.aspect.LoggerAspect - *************************************
2022-10-11 18:05:08 [http-nio-8085-exec-5] INFO  com.capstone.aspect.LoggerAspect - Method name: com.capstone.service.userServiceImpl
2022-10-11 18:05:08 [http-nio-8085-exec-5] INFO  com.capstone.aspect.LoggerAspect - Method arguments:[Ljava.lang.Object;@20ed9734
2022-10-11 18:05:08 [http-nio-8085-exec-5] INFO  com.capstone.aspect.LoggerAspect - *************************************
2022-10-11 18:05:08 [http-nio-8085-exec-5] INFO  com.capstone.aspect.LoggerAspect - During: class com.capstone.service.userServiceImpl.findByCustidAndPassword() with arguments=null
2022-10-11 18:05:08 [http-nio-8085-exec-5] INFO  com.capstone.aspect.LoggerAspect - *************************************
2022-10-11 18:05:08 [http-nio-8085-exec-5] INFO  com.capstone.aspect.LoggerAspect - During: class com.capstone.controller.AuthenticationController.login() with arguments=<401 UNAUTHORIZED Unauthorized,{message=Customer-id or password incorrect, token=null},[]>
2022-10-11 18:05:08 [http-nio-8085-exec-5] INFO  com.capstone.aspect.LoggerAspect - *************************************
2022-10-11 18:05:24 [http-nio-8085-exec-7] INFO  com.capstone.aspect.LoggerAspect - Method name: com.capstone.controller.AuthenticationController
2022-10-11 18:05:24 [http-nio-8085-exec-7] INFO  com.capstone.aspect.LoggerAspect - Method arguments:[Ljava.lang.Object;@46c6a72a
2022-10-11 18:05:24 [http-nio-8085-exec-7] INFO  com.capstone.aspect.LoggerAspect - *************************************
2022-10-11 18:05:24 [http-nio-8085-exec-7] INFO  com.capstone.aspect.LoggerAspect - Method name: com.capstone.service.userServiceImpl
2022-10-11 18:05:24 [http-nio-8085-exec-7] INFO  com.capstone.aspect.LoggerAspect - Method arguments:[Ljava.lang.Object;@48015182
2022-10-11 18:05:24 [http-nio-8085-exec-7] INFO  com.capstone.aspect.LoggerAspect - *************************************
2022-10-11 18:05:24 [http-nio-8085-exec-7] INFO  com.capstone.aspect.LoggerAspect - During: class com.capstone.service.userServiceImpl.findByCustidAndPassword() with arguments=null
2022-10-11 18:05:24 [http-nio-8085-exec-7] INFO  com.capstone.aspect.LoggerAspect - *************************************
2022-10-11 18:05:24 [http-nio-8085-exec-7] INFO  com.capstone.aspect.LoggerAspect - During: class com.capstone.controller.AuthenticationController.login() with arguments=<401 UNAUTHORIZED Unauthorized,{message=Customer-id or password incorrect, token=null},[]>
2022-10-11 18:05:24 [http-nio-8085-exec-7] INFO  com.capstone.aspect.LoggerAspect - *************************************
2022-10-11 18:05:26 [http-nio-8085-exec-8] INFO  com.capstone.aspect.LoggerAspect - Method name: com.capstone.controller.AuthenticationController
2022-10-11 18:05:26 [http-nio-8085-exec-8] INFO  com.capstone.aspect.LoggerAspect - Method arguments:[Ljava.lang.Object;@495030f2
2022-10-11 18:05:26 [http-nio-8085-exec-8] INFO  com.capstone.aspect.LoggerAspect - *************************************
2022-10-11 18:05:26 [http-nio-8085-exec-8] INFO  com.capstone.aspect.LoggerAspect - Method name: com.capstone.service.userServiceImpl
2022-10-11 18:05:26 [http-nio-8085-exec-8] INFO  com.capstone.aspect.LoggerAspect - Method arguments:[Ljava.lang.Object;@4797c7a8
2022-10-11 18:05:26 [http-nio-8085-exec-8] INFO  com.capstone.aspect.LoggerAspect - *************************************
2022-10-11 18:05:26 [http-nio-8085-exec-8] INFO  com.capstone.aspect.LoggerAspect - During: class com.capstone.service.userServiceImpl.findByCustidAndPassword() with arguments=null
2022-10-11 18:05:26 [http-nio-8085-exec-8] INFO  com.capstone.aspect.LoggerAspect - *************************************
2022-10-11 18:05:26 [http-nio-8085-exec-8] INFO  com.capstone.aspect.LoggerAspect - During: class com.capstone.controller.AuthenticationController.login() with arguments=<401 UNAUTHORIZED Unauthorized,{message=Customer-id or password incorrect, token=null},[]>
2022-10-11 18:05:26 [http-nio-8085-exec-8] INFO  com.capstone.aspect.LoggerAspect - *************************************
2022-10-11 18:05:44 [http-nio-8085-exec-9] INFO  com.capstone.aspect.LoggerAspect - Method name: com.capstone.controller.AuthenticationController
2022-10-11 18:05:44 [http-nio-8085-exec-9] INFO  com.capstone.aspect.LoggerAspect - Method arguments:[Ljava.lang.Object;@4ffd2a3c
2022-10-11 18:05:44 [http-nio-8085-exec-9] INFO  com.capstone.aspect.LoggerAspect - *************************************
2022-10-11 18:05:44 [http-nio-8085-exec-9] INFO  com.capstone.aspect.LoggerAspect - Method name: com.capstone.service.userServiceImpl
2022-10-11 18:05:44 [http-nio-8085-exec-9] INFO  com.capstone.aspect.LoggerAspect - Method arguments:[Ljava.lang.Object;@413addb3
2022-10-11 18:05:44 [http-nio-8085-exec-9] INFO  com.capstone.aspect.LoggerAspect - *************************************
2022-10-11 18:05:44 [http-nio-8085-exec-9] INFO  com.capstone.aspect.LoggerAspect - During: class com.capstone.service.userServiceImpl.findByCustidAndPassword() with arguments=users [custid=202200001, password=Natwest@123, username=NATWEST1, email=natwest1@gmail.com]
2022-10-11 18:05:44 [http-nio-8085-exec-9] INFO  com.capstone.aspect.LoggerAspect - *************************************
2022-10-11 18:05:44 [http-nio-8085-exec-9] INFO  com.capstone.aspect.LoggerAspect - During: class com.capstone.controller.AuthenticationController.login() with arguments=<200 OK OK,{message=User successfully logged in, token=eyJhbGciOiJIUzI1NiJ9.eyJzdWIiOiIyMDIyMDAwMDEiLCJpYXQiOjE2NjU0OTE3NDQsImV4cCI6MTY2NTQ5NTM0NH0.zhFhP730WkNWLDIz-ADEpX0As-BrsEH9T9pX1PslLrQ},[]>
2022-10-11 18:05:44 [http-nio-8085-exec-9] INFO  com.capstone.aspect.LoggerAspect - *************************************
2022-10-11 18:06:04 [http-nio-8085-exec-1] INFO  com.capstone.aspect.LoggerAspect - Method name: com.capstone.controller.AuthenticationController
2022-10-11 18:06:04 [http-nio-8085-exec-1] INFO  com.capstone.aspect.LoggerAspect - Method arguments:[Ljava.lang.Object;@50d6e5c6
2022-10-11 18:06:04 [http-nio-8085-exec-1] INFO  com.capstone.aspect.LoggerAspect - *************************************
2022-10-11 18:06:04 [http-nio-8085-exec-1] INFO  com.capstone.aspect.LoggerAspect - Method name: com.capstone.service.userServiceImpl
2022-10-11 18:06:04 [http-nio-8085-exec-1] INFO  com.capstone.aspect.LoggerAspect - Method arguments:[Ljava.lang.Object;@5722881b
2022-10-11 18:06:04 [http-nio-8085-exec-1] INFO  com.capstone.aspect.LoggerAspect - *************************************
2022-10-11 18:06:04 [http-nio-8085-exec-1] INFO  com.capstone.aspect.LoggerAspect - During: class com.capstone.service.userServiceImpl.findByCustidAndPassword() with arguments=users [custid=202200001, password=Natwest@123, username=NATWEST1, email=natwest1@gmail.com]
2022-10-11 18:06:04 [http-nio-8085-exec-1] INFO  com.capstone.aspect.LoggerAspect - *************************************
2022-10-11 18:06:04 [http-nio-8085-exec-1] INFO  com.capstone.aspect.LoggerAspect - During: class com.capstone.controller.AuthenticationController.login() with arguments=<200 OK OK,{message=User successfully logged in, token=eyJhbGciOiJIUzI1NiJ9.eyJzdWIiOiIyMDIyMDAwMDEiLCJpYXQiOjE2NjU0OTE3NjQsImV4cCI6MTY2NTQ5NTM2NH0.waT9tq1ANvfxv46S3Je3PQx5dP6qN2qAa7TapOE2-CE},[]>
2022-10-11 18:06:04 [http-nio-8085-exec-1] INFO  com.capstone.aspect.LoggerAspect - *************************************
2022-10-11 18:06:08 [http-nio-8085-exec-2] WARN  o.s.w.s.m.s.DefaultHandlerExceptionResolver - Resolved [org.springframework.http.converter.HttpMessageNotReadableException: JSON parse error: Numeric value (20220000112) out of range of int (-2147483648 - 2147483647); nested exception is com.fasterxml.jackson.databind.JsonMappingException: Numeric value (20220000112) out of range of int (-2147483648 - 2147483647)<EOL> at [Source: (org.springframework.util.StreamUtils$NonClosingInputStream); line: 1, column: 22] (through reference chain: com.capstone.model.users["custid"])]
2022-10-11 18:06:44 [http-nio-8085-exec-3] WARN  o.s.w.s.m.s.DefaultHandlerExceptionResolver - Resolved [org.springframework.http.converter.HttpMessageNotReadableException: JSON parse error: Numeric value (20220000112) out of range of int (-2147483648 - 2147483647); nested exception is com.fasterxml.jackson.databind.JsonMappingException: Numeric value (20220000112) out of range of int (-2147483648 - 2147483647)<EOL> at [Source: (org.springframework.util.StreamUtils$NonClosingInputStream); line: 1, column: 22] (through reference chain: com.capstone.model.users["custid"])]
2022-10-11 18:07:08 [AsyncResolver-bootstrap-executor-0] INFO  c.n.d.s.r.aws.ConfigClusterResolver - Resolving eureka endpoints via configuration
2022-10-11 18:07:31 [http-nio-8085-exec-4] INFO  com.capstone.aspect.LoggerAspect - Method name: com.capstone.controller.AuthenticationController
2022-10-11 18:07:31 [http-nio-8085-exec-4] INFO  com.capstone.aspect.LoggerAspect - Method arguments:[Ljava.lang.Object;@119ea8a1
2022-10-11 18:07:31 [http-nio-8085-exec-4] INFO  com.capstone.aspect.LoggerAspect - *************************************
2022-10-11 18:07:31 [http-nio-8085-exec-4] INFO  com.capstone.aspect.LoggerAspect - Method name: com.capstone.service.userServiceImpl
2022-10-11 18:07:31 [http-nio-8085-exec-4] INFO  com.capstone.aspect.LoggerAspect - Method arguments:[Ljava.lang.Object;@5e645ed9
2022-10-11 18:07:31 [http-nio-8085-exec-4] INFO  com.capstone.aspect.LoggerAspect - *************************************
2022-10-11 18:07:31 [http-nio-8085-exec-4] INFO  com.capstone.aspect.LoggerAspect - During: class com.capstone.service.userServiceImpl.findByCustidAndPassword() with arguments=null
2022-10-11 18:07:31 [http-nio-8085-exec-4] INFO  com.capstone.aspect.LoggerAspect - *************************************
2022-10-11 18:07:31 [http-nio-8085-exec-4] INFO  com.capstone.aspect.LoggerAspect - During: class com.capstone.controller.AuthenticationController.login() with arguments=<401 UNAUTHORIZED Unauthorized,{message=Customer-id or password incorrect, token=null},[]>
2022-10-11 18:07:31 [http-nio-8085-exec-4] INFO  com.capstone.aspect.LoggerAspect - *************************************
2022-10-11 18:08:31 [http-nio-8085-exec-5] WARN  o.s.w.s.m.s.DefaultHandlerExceptionResolver - Resolved [org.springframework.http.converter.HttpMessageNotReadableException: JSON parse error: Numeric value (202200001234) out of range of int (-2147483648 - 2147483647); nested exception is com.fasterxml.jackson.databind.JsonMappingException: Numeric value (202200001234) out of range of int (-2147483648 - 2147483647)<EOL> at [Source: (org.springframework.util.StreamUtils$NonClosingInputStream); line: 1, column: 23] (through reference chain: com.capstone.model.users["custid"])]
2022-10-11 18:08:33 [http-nio-8085-exec-7] WARN  o.s.w.s.m.s.DefaultHandlerExceptionResolver - Resolved [org.springframework.http.converter.HttpMessageNotReadableException: JSON parse error: Numeric value (202200001234) out of range of int (-2147483648 - 2147483647); nested exception is com.fasterxml.jackson.databind.JsonMappingException: Numeric value (202200001234) out of range of int (-2147483648 - 2147483647)<EOL> at [Source: (org.springframework.util.StreamUtils$NonClosingInputStream); line: 1, column: 23] (through reference chain: com.capstone.model.users["custid"])]
2022-10-11 18:09:43 [http-nio-8085-exec-8] INFO  com.capstone.aspect.LoggerAspect - Method name: com.capstone.controller.AuthenticationController
2022-10-11 18:09:43 [http-nio-8085-exec-8] INFO  com.capstone.aspect.LoggerAspect - Method arguments:[Ljava.lang.Object;@37668eed
2022-10-11 18:09:43 [http-nio-8085-exec-8] INFO  com.capstone.aspect.LoggerAspect - *************************************
2022-10-11 18:09:43 [http-nio-8085-exec-8] INFO  com.capstone.aspect.LoggerAspect - Method name: com.capstone.service.userServiceImpl
2022-10-11 18:09:43 [http-nio-8085-exec-8] INFO  com.capstone.aspect.LoggerAspect - Method arguments:[Ljava.lang.Object;@3693b7c8
2022-10-11 18:09:43 [http-nio-8085-exec-8] INFO  com.capstone.aspect.LoggerAspect - *************************************
2022-10-11 18:09:43 [http-nio-8085-exec-8] INFO  com.capstone.aspect.LoggerAspect - During: class com.capstone.service.userServiceImpl.findByCustidAndPassword() with arguments=users [custid=202200001, password=Natwest@123, username=NATWEST1, email=natwest1@gmail.com]
2022-10-11 18:09:43 [http-nio-8085-exec-8] INFO  com.capstone.aspect.LoggerAspect - *************************************
2022-10-11 18:09:43 [http-nio-8085-exec-8] INFO  com.capstone.aspect.LoggerAspect - During: class com.capstone.controller.AuthenticationController.login() with arguments=<200 OK OK,{message=User successfully logged in, token=eyJhbGciOiJIUzI1NiJ9.eyJzdWIiOiIyMDIyMDAwMDEiLCJpYXQiOjE2NjU0OTE5ODMsImV4cCI6MTY2NTQ5NTU4M30.l-ThPIDAbdBDA0GQemytaQWGsjYqMssMXOxd7b0-AuU},[]>
2022-10-11 18:09:43 [http-nio-8085-exec-8] INFO  com.capstone.aspect.LoggerAspect - *************************************
2022-10-11 18:12:08 [AsyncResolver-bootstrap-executor-0] INFO  c.n.d.s.r.aws.ConfigClusterResolver - Resolving eureka endpoints via configuration
2022-10-11 18:12:14 [http-nio-8085-exec-10] WARN  o.s.w.s.m.s.DefaultHandlerExceptionResolver - Resolved [org.springframework.http.converter.HttpMessageNotReadableException: JSON parse error: Numeric value (20220000123) out of range of int (-2147483648 - 2147483647); nested exception is com.fasterxml.jackson.databind.JsonMappingException: Numeric value (20220000123) out of range of int (-2147483648 - 2147483647)<EOL> at [Source: (org.springframework.util.StreamUtils$NonClosingInputStream); line: 1, column: 22] (through reference chain: com.capstone.model.users["custid"])]
2022-10-11 18:13:45 [http-nio-8085-exec-1] INFO  com.capstone.aspect.LoggerAspect - Method name: com.capstone.controller.AuthenticationController
2022-10-11 18:13:45 [http-nio-8085-exec-1] INFO  com.capstone.aspect.LoggerAspect - Method arguments:[Ljava.lang.Object;@16e46555
2022-10-11 18:13:45 [http-nio-8085-exec-1] INFO  com.capstone.aspect.LoggerAspect - *************************************
2022-10-11 18:13:45 [http-nio-8085-exec-1] INFO  com.capstone.aspect.LoggerAspect - Method name: com.capstone.service.userServiceImpl
2022-10-11 18:13:45 [http-nio-8085-exec-1] INFO  com.capstone.aspect.LoggerAspect - Method arguments:[Ljava.lang.Object;@df7c973
2022-10-11 18:13:45 [http-nio-8085-exec-1] INFO  com.capstone.aspect.LoggerAspect - *************************************
2022-10-11 18:13:45 [http-nio-8085-exec-1] INFO  com.capstone.aspect.LoggerAspect - During: class com.capstone.service.userServiceImpl.findByCustidAndPassword() with arguments=null
2022-10-11 18:13:45 [http-nio-8085-exec-1] INFO  com.capstone.aspect.LoggerAspect - *************************************
2022-10-11 18:13:45 [http-nio-8085-exec-1] INFO  com.capstone.aspect.LoggerAspect - During: class com.capstone.controller.AuthenticationController.login() with arguments=<401 UNAUTHORIZED Unauthorized,{message=Customer-id or password incorrect, token=null},[]>
2022-10-11 18:13:45 [http-nio-8085-exec-1] INFO  com.capstone.aspect.LoggerAspect - *************************************
2022-10-11 18:14:03 [http-nio-8085-exec-3] INFO  com.capstone.aspect.LoggerAspect - Method name: com.capstone.controller.AuthenticationController
2022-10-11 18:14:03 [http-nio-8085-exec-3] INFO  com.capstone.aspect.LoggerAspect - Method arguments:[Ljava.lang.Object;@73d3cbe7
2022-10-11 18:14:03 [http-nio-8085-exec-3] INFO  com.capstone.aspect.LoggerAspect - *************************************
2022-10-11 18:14:03 [http-nio-8085-exec-3] INFO  com.capstone.aspect.LoggerAspect - Method name: com.capstone.service.userServiceImpl
2022-10-11 18:14:03 [http-nio-8085-exec-3] INFO  com.capstone.aspect.LoggerAspect - Method arguments:[Ljava.lang.Object;@763b4c60
2022-10-11 18:14:03 [http-nio-8085-exec-3] INFO  com.capstone.aspect.LoggerAspect - *************************************
2022-10-11 18:14:03 [http-nio-8085-exec-3] INFO  com.capstone.aspect.LoggerAspect - During: class com.capstone.service.userServiceImpl.findByCustidAndPassword() with arguments=users [custid=202200001, password=Natwest@123, username=NATWEST1, email=natwest1@gmail.com]
2022-10-11 18:14:03 [http-nio-8085-exec-3] INFO  com.capstone.aspect.LoggerAspect - *************************************
2022-10-11 18:14:03 [http-nio-8085-exec-3] INFO  com.capstone.aspect.LoggerAspect - During: class com.capstone.controller.AuthenticationController.login() with arguments=<200 OK OK,{message=User successfully logged in, token=eyJhbGciOiJIUzI1NiJ9.eyJzdWIiOiIyMDIyMDAwMDEiLCJpYXQiOjE2NjU0OTIyNDMsImV4cCI6MTY2NTQ5NTg0M30.--dkjmKtnJ5yaLAkuyBKyTcLKA3Tt-OHjo_2PVJpPWw},[]>
2022-10-11 18:14:03 [http-nio-8085-exec-3] INFO  com.capstone.aspect.LoggerAspect - *************************************
2022-10-11 18:14:09 [http-nio-8085-exec-4] WARN  o.s.w.s.m.s.DefaultHandlerExceptionResolver - Resolved [org.springframework.http.converter.HttpMessageNotReadableException: JSON parse error: Numeric value (20220000112) out of range of int (-2147483648 - 2147483647); nested exception is com.fasterxml.jackson.databind.JsonMappingException: Numeric value (20220000112) out of range of int (-2147483648 - 2147483647)<EOL> at [Source: (org.springframework.util.StreamUtils$NonClosingInputStream); line: 1, column: 22] (through reference chain: com.capstone.model.users["custid"])]
2022-10-11 18:16:15 [http-nio-8085-exec-5] INFO  com.capstone.aspect.LoggerAspect - Method name: com.capstone.controller.AuthenticationController
2022-10-11 18:16:15 [http-nio-8085-exec-5] INFO  com.capstone.aspect.LoggerAspect - Method arguments:[Ljava.lang.Object;@4c7e494
2022-10-11 18:16:15 [http-nio-8085-exec-5] INFO  com.capstone.aspect.LoggerAspect - *************************************
2022-10-11 18:16:15 [http-nio-8085-exec-5] INFO  com.capstone.aspect.LoggerAspect - Method name: com.capstone.service.userServiceImpl
2022-10-11 18:16:15 [http-nio-8085-exec-5] INFO  com.capstone.aspect.LoggerAspect - Method arguments:[Ljava.lang.Object;@eec66f0
2022-10-11 18:16:15 [http-nio-8085-exec-5] INFO  com.capstone.aspect.LoggerAspect - *************************************
2022-10-11 18:16:15 [http-nio-8085-exec-5] INFO  com.capstone.aspect.LoggerAspect - During: class com.capstone.service.userServiceImpl.findByCustidAndPassword() with arguments=users [custid=202200001, password=Natwest@123, username=NATWEST1, email=natwest1@gmail.com]
2022-10-11 18:16:15 [http-nio-8085-exec-5] INFO  com.capstone.aspect.LoggerAspect - *************************************
2022-10-11 18:16:15 [http-nio-8085-exec-5] INFO  com.capstone.aspect.LoggerAspect - During: class com.capstone.controller.AuthenticationController.login() with arguments=<200 OK OK,{message=User successfully logged in, token=eyJhbGciOiJIUzI1NiJ9.eyJzdWIiOiIyMDIyMDAwMDEiLCJpYXQiOjE2NjU0OTIzNzUsImV4cCI6MTY2NTQ5NTk3NX0.qkK-Obnw33qE6K4Z2iaejRMoZ-WYRiIJeynUliA-3kI},[]>
2022-10-11 18:16:15 [http-nio-8085-exec-5] INFO  com.capstone.aspect.LoggerAspect - *************************************
2022-10-11 18:17:08 [AsyncResolver-bootstrap-executor-0] INFO  c.n.d.s.r.aws.ConfigClusterResolver - Resolving eureka endpoints via configuration
2022-10-11 18:18:42 [http-nio-8085-exec-7] INFO  com.capstone.aspect.LoggerAspect - Method name: com.capstone.controller.AuthenticationController
2022-10-11 18:18:42 [http-nio-8085-exec-7] INFO  com.capstone.aspect.LoggerAspect - Method arguments:[Ljava.lang.Object;@11c951cd
2022-10-11 18:18:42 [http-nio-8085-exec-7] INFO  com.capstone.aspect.LoggerAspect - *************************************
2022-10-11 18:18:42 [http-nio-8085-exec-7] INFO  com.capstone.aspect.LoggerAspect - Method name: com.capstone.service.userServiceImpl
2022-10-11 18:18:42 [http-nio-8085-exec-7] INFO  com.capstone.aspect.LoggerAspect - Method arguments:[Ljava.lang.Object;@557c0303
2022-10-11 18:18:42 [http-nio-8085-exec-7] INFO  com.capstone.aspect.LoggerAspect - *************************************
2022-10-11 18:18:42 [http-nio-8085-exec-7] INFO  com.capstone.aspect.LoggerAspect - During: class com.capstone.service.userServiceImpl.findByCustidAndPassword() with arguments=users [custid=202200001, password=Natwest@123, username=NATWEST1, email=natwest1@gmail.com]
2022-10-11 18:18:42 [http-nio-8085-exec-7] INFO  com.capstone.aspect.LoggerAspect - *************************************
2022-10-11 18:18:42 [http-nio-8085-exec-7] INFO  com.capstone.aspect.LoggerAspect - During: class com.capstone.controller.AuthenticationController.login() with arguments=<200 OK OK,{message=User successfully logged in, token=eyJhbGciOiJIUzI1NiJ9.eyJzdWIiOiIyMDIyMDAwMDEiLCJpYXQiOjE2NjU0OTI1MjIsImV4cCI6MTY2NTQ5NjEyMn0.aBrWrqbYI9dO4tUHGK6kQtY4vzz2Gj8X7pGetgYMbFE},[]>
2022-10-11 18:18:42 [http-nio-8085-exec-7] INFO  com.capstone.aspect.LoggerAspect - *************************************
2022-10-11 18:19:16 [http-nio-8085-exec-9] INFO  com.capstone.aspect.LoggerAspect - Method name: com.capstone.controller.AuthenticationController
2022-10-11 18:19:16 [http-nio-8085-exec-9] INFO  com.capstone.aspect.LoggerAspect - Method arguments:[Ljava.lang.Object;@599af586
2022-10-11 18:19:16 [http-nio-8085-exec-9] INFO  com.capstone.aspect.LoggerAspect - *************************************
2022-10-11 18:19:16 [http-nio-8085-exec-9] INFO  com.capstone.aspect.LoggerAspect - Method name: com.capstone.service.userServiceImpl
2022-10-11 18:19:16 [http-nio-8085-exec-9] INFO  com.capstone.aspect.LoggerAspect - Method arguments:[Ljava.lang.Object;@7bfe59e7
2022-10-11 18:19:16 [http-nio-8085-exec-9] INFO  com.capstone.aspect.LoggerAspect - *************************************
2022-10-11 18:19:16 [http-nio-8085-exec-9] INFO  com.capstone.aspect.LoggerAspect - During: class com.capstone.service.userServiceImpl.findByCustidAndPassword() with arguments=users [custid=202200001, password=Natwest@123, username=NATWEST1, email=natwest1@gmail.com]
2022-10-11 18:19:16 [http-nio-8085-exec-9] INFO  com.capstone.aspect.LoggerAspect - *************************************
2022-10-11 18:19:16 [http-nio-8085-exec-9] INFO  com.capstone.aspect.LoggerAspect - During: class com.capstone.controller.AuthenticationController.login() with arguments=<200 OK OK,{message=User successfully logged in, token=eyJhbGciOiJIUzI1NiJ9.eyJzdWIiOiIyMDIyMDAwMDEiLCJpYXQiOjE2NjU0OTI1NTYsImV4cCI6MTY2NTQ5NjE1Nn0.dlYPe4ZAwyh-QuiO7ponGnJZ9ohQq056SD84g2sbhzY},[]>
2022-10-11 18:19:16 [http-nio-8085-exec-9] INFO  com.capstone.aspect.LoggerAspect - *************************************
2022-10-11 18:19:29 [http-nio-8085-exec-1] INFO  com.capstone.aspect.LoggerAspect - Method name: com.capstone.controller.AuthenticationController
2022-10-11 18:19:29 [http-nio-8085-exec-1] INFO  com.capstone.aspect.LoggerAspect - Method arguments:[Ljava.lang.Object;@66b63bc0
2022-10-11 18:19:29 [http-nio-8085-exec-1] INFO  com.capstone.aspect.LoggerAspect - *************************************
2022-10-11 18:19:29 [http-nio-8085-exec-1] INFO  com.capstone.aspect.LoggerAspect - Method name: com.capstone.service.userServiceImpl
2022-10-11 18:19:29 [http-nio-8085-exec-1] INFO  com.capstone.aspect.LoggerAspect - Method arguments:[Ljava.lang.Object;@909f8ac
2022-10-11 18:19:29 [http-nio-8085-exec-1] INFO  com.capstone.aspect.LoggerAspect - *************************************
2022-10-11 18:19:29 [http-nio-8085-exec-1] INFO  com.capstone.aspect.LoggerAspect - During: class com.capstone.service.userServiceImpl.findByCustidAndPassword() with arguments=users [custid=202200001, password=Natwest@123, username=NATWEST1, email=natwest1@gmail.com]
2022-10-11 18:19:29 [http-nio-8085-exec-1] INFO  com.capstone.aspect.LoggerAspect - *************************************
2022-10-11 18:19:29 [http-nio-8085-exec-1] INFO  com.capstone.aspect.LoggerAspect - During: class com.capstone.controller.AuthenticationController.login() with arguments=<200 OK OK,{message=User successfully logged in, token=eyJhbGciOiJIUzI1NiJ9.eyJzdWIiOiIyMDIyMDAwMDEiLCJpYXQiOjE2NjU0OTI1NjksImV4cCI6MTY2NTQ5NjE2OX0.xK6293o7awDVC7Ez6TJHjws6vDR2iJFurwM_ZliypV8},[]>
2022-10-11 18:19:29 [http-nio-8085-exec-1] INFO  com.capstone.aspect.LoggerAspect - *************************************
2022-10-11 18:20:12 [http-nio-8085-exec-3] INFO  com.capstone.aspect.LoggerAspect - Method name: com.capstone.controller.AuthenticationController
2022-10-11 18:20:12 [http-nio-8085-exec-3] INFO  com.capstone.aspect.LoggerAspect - Method arguments:[Ljava.lang.Object;@108f867b
2022-10-11 18:20:12 [http-nio-8085-exec-3] INFO  com.capstone.aspect.LoggerAspect - *************************************
2022-10-11 18:20:12 [http-nio-8085-exec-3] INFO  com.capstone.aspect.LoggerAspect - Method name: com.capstone.service.userServiceImpl
2022-10-11 18:20:12 [http-nio-8085-exec-3] INFO  com.capstone.aspect.LoggerAspect - Method arguments:[Ljava.lang.Object;@1e2293bc
2022-10-11 18:20:12 [http-nio-8085-exec-3] INFO  com.capstone.aspect.LoggerAspect - *************************************
2022-10-11 18:20:12 [http-nio-8085-exec-3] INFO  com.capstone.aspect.LoggerAspect - During: class com.capstone.service.userServiceImpl.findByCustidAndPassword() with arguments=users [custid=202200001, password=Natwest@123, username=NATWEST1, email=natwest1@gmail.com]
2022-10-11 18:20:12 [http-nio-8085-exec-3] INFO  com.capstone.aspect.LoggerAspect - *************************************
2022-10-11 18:20:12 [http-nio-8085-exec-3] INFO  com.capstone.aspect.LoggerAspect - During: class com.capstone.controller.AuthenticationController.login() with arguments=<200 OK OK,{message=User successfully logged in, token=eyJhbGciOiJIUzI1NiJ9.eyJzdWIiOiIyMDIyMDAwMDEiLCJpYXQiOjE2NjU0OTI2MTIsImV4cCI6MTY2NTQ5NjIxMn0.4wJmQa__rwHKZC60rb4UE6eYj56YOkKGxoQS_vCDKlo},[]>
2022-10-11 18:20:12 [http-nio-8085-exec-3] INFO  com.capstone.aspect.LoggerAspect - *************************************
2022-10-11 18:20:17 [http-nio-8085-exec-4] WARN  o.s.w.s.m.s.DefaultHandlerExceptionResolver - Resolved [org.springframework.http.converter.HttpMessageNotReadableException: JSON parse error: Numeric value (2022000012314) out of range of int (-2147483648 - 2147483647); nested exception is com.fasterxml.jackson.databind.JsonMappingException: Numeric value (2022000012314) out of range of int (-2147483648 - 2147483647)<EOL> at [Source: (org.springframework.util.StreamUtils$NonClosingInputStream); line: 1, column: 24] (through reference chain: com.capstone.model.users["custid"])]
2022-10-11 18:20:51 [http-nio-8085-exec-5] WARN  o.s.w.s.m.s.DefaultHandlerExceptionResolver - Resolved [org.springframework.http.converter.HttpMessageNotReadableException: JSON parse error: Numeric value (20220000123) out of range of int (-2147483648 - 2147483647); nested exception is com.fasterxml.jackson.databind.JsonMappingException: Numeric value (20220000123) out of range of int (-2147483648 - 2147483647)<EOL> at [Source: (org.springframework.util.StreamUtils$NonClosingInputStream); line: 1, column: 22] (through reference chain: com.capstone.model.users["custid"])]
2022-10-11 18:21:07 [http-nio-8085-exec-6] WARN  o.s.w.s.m.s.DefaultHandlerExceptionResolver - Resolved [org.springframework.http.converter.HttpMessageNotReadableException: JSON parse error: Numeric value (202200001213) out of range of int (-2147483648 - 2147483647); nested exception is com.fasterxml.jackson.databind.JsonMappingException: Numeric value (202200001213) out of range of int (-2147483648 - 2147483647)<EOL> at [Source: (org.springframework.util.StreamUtils$NonClosingInputStream); line: 1, column: 23] (through reference chain: com.capstone.model.users["custid"])]
2022-10-11 18:21:08 [http-nio-8085-exec-7] WARN  o.s.w.s.m.s.DefaultHandlerExceptionResolver - Resolved [org.springframework.http.converter.HttpMessageNotReadableException: JSON parse error: Numeric value (202200001213) out of range of int (-2147483648 - 2147483647); nested exception is com.fasterxml.jackson.databind.JsonMappingException: Numeric value (202200001213) out of range of int (-2147483648 - 2147483647)<EOL> at [Source: (org.springframework.util.StreamUtils$NonClosingInputStream); line: 1, column: 23] (through reference chain: com.capstone.model.users["custid"])]
2022-10-11 18:22:08 [AsyncResolver-bootstrap-executor-0] INFO  c.n.d.s.r.aws.ConfigClusterResolver - Resolving eureka endpoints via configuration
2022-10-11 18:23:55 [http-nio-8085-exec-8] WARN  o.s.w.s.m.s.DefaultHandlerExceptionResolver - Resolved [org.springframework.http.converter.HttpMessageNotReadableException: JSON parse error: Numeric value (20220000112) out of range of int (-2147483648 - 2147483647); nested exception is com.fasterxml.jackson.databind.JsonMappingException: Numeric value (20220000112) out of range of int (-2147483648 - 2147483647)<EOL> at [Source: (org.springframework.util.StreamUtils$NonClosingInputStream); line: 1, column: 22] (through reference chain: com.capstone.model.users["custid"])]
2022-10-11 18:24:27 [http-nio-8085-exec-9] WARN  o.s.w.s.m.s.DefaultHandlerExceptionResolver - Resolved [org.springframework.http.converter.HttpMessageNotReadableException: JSON parse error: Numeric value (2022000012314) out of range of int (-2147483648 - 2147483647); nested exception is com.fasterxml.jackson.databind.JsonMappingException: Numeric value (2022000012314) out of range of int (-2147483648 - 2147483647)<EOL> at [Source: (org.springframework.util.StreamUtils$NonClosingInputStream); line: 1, column: 24] (through reference chain: com.capstone.model.users["custid"])]
2022-10-11 18:24:55 [http-nio-8085-exec-10] WARN  o.s.w.s.m.s.DefaultHandlerExceptionResolver - Resolved [org.springframework.http.converter.HttpMessageNotReadableException: JSON parse error: Numeric value (202200001234) out of range of int (-2147483648 - 2147483647); nested exception is com.fasterxml.jackson.databind.JsonMappingException: Numeric value (202200001234) out of range of int (-2147483648 - 2147483647)<EOL> at [Source: (org.springframework.util.StreamUtils$NonClosingInputStream); line: 1, column: 23] (through reference chain: com.capstone.model.users["custid"])]
2022-10-11 18:24:56 [http-nio-8085-exec-1] WARN  o.s.w.s.m.s.DefaultHandlerExceptionResolver - Resolved [org.springframework.http.converter.HttpMessageNotReadableException: JSON parse error: Numeric value (202200001234) out of range of int (-2147483648 - 2147483647); nested exception is com.fasterxml.jackson.databind.JsonMappingException: Numeric value (202200001234) out of range of int (-2147483648 - 2147483647)<EOL> at [Source: (org.springframework.util.StreamUtils$NonClosingInputStream); line: 1, column: 23] (through reference chain: com.capstone.model.users["custid"])]
2022-10-11 18:25:06 [http-nio-8085-exec-2] WARN  o.s.w.s.m.s.DefaultHandlerExceptionResolver - Resolved [org.springframework.http.converter.HttpMessageNotReadableException: JSON parse error: Numeric value (202200001213) out of range of int (-2147483648 - 2147483647); nested exception is com.fasterxml.jackson.databind.JsonMappingException: Numeric value (202200001213) out of range of int (-2147483648 - 2147483647)<EOL> at [Source: (org.springframework.util.StreamUtils$NonClosingInputStream); line: 1, column: 23] (through reference chain: com.capstone.model.users["custid"])]
2022-10-11 18:25:07 [http-nio-8085-exec-3] WARN  o.s.w.s.m.s.DefaultHandlerExceptionResolver - Resolved [org.springframework.http.converter.HttpMessageNotReadableException: JSON parse error: Numeric value (202200001213) out of range of int (-2147483648 - 2147483647); nested exception is com.fasterxml.jackson.databind.JsonMappingException: Numeric value (202200001213) out of range of int (-2147483648 - 2147483647)<EOL> at [Source: (org.springframework.util.StreamUtils$NonClosingInputStream); line: 1, column: 23] (through reference chain: com.capstone.model.users["custid"])]
2022-10-11 18:25:14 [http-nio-8085-exec-4] INFO  com.capstone.aspect.LoggerAspect - Method name: com.capstone.controller.AuthenticationController
2022-10-11 18:25:14 [http-nio-8085-exec-4] INFO  com.capstone.aspect.LoggerAspect - Method arguments:[Ljava.lang.Object;@353f3604
2022-10-11 18:25:14 [http-nio-8085-exec-4] INFO  com.capstone.aspect.LoggerAspect - *************************************
2022-10-11 18:25:14 [http-nio-8085-exec-4] INFO  com.capstone.aspect.LoggerAspect - Method name: com.capstone.service.userServiceImpl
2022-10-11 18:25:14 [http-nio-8085-exec-4] INFO  com.capstone.aspect.LoggerAspect - Method arguments:[Ljava.lang.Object;@481653b
2022-10-11 18:25:14 [http-nio-8085-exec-4] INFO  com.capstone.aspect.LoggerAspect - *************************************
2022-10-11 18:25:14 [http-nio-8085-exec-4] INFO  com.capstone.aspect.LoggerAspect - During: class com.capstone.service.userServiceImpl.findByCustidAndPassword() with arguments=users [custid=202200001, password=Natwest@123, username=NATWEST1, email=natwest1@gmail.com]
2022-10-11 18:25:14 [http-nio-8085-exec-4] INFO  com.capstone.aspect.LoggerAspect - *************************************
2022-10-11 18:25:14 [http-nio-8085-exec-4] INFO  com.capstone.aspect.LoggerAspect - During: class com.capstone.controller.AuthenticationController.login() with arguments=<200 OK OK,{message=User successfully logged in, token=eyJhbGciOiJIUzI1NiJ9.eyJzdWIiOiIyMDIyMDAwMDEiLCJpYXQiOjE2NjU0OTI5MTQsImV4cCI6MTY2NTQ5NjUxNH0.5kkvvh3V-Fp50wJ8b7XWoEOUknXj25sxiM2d8KwKptg},[]>
2022-10-11 18:25:14 [http-nio-8085-exec-4] INFO  com.capstone.aspect.LoggerAspect - *************************************
2022-10-11 18:25:40 [http-nio-8085-exec-5] WARN  o.s.w.s.m.s.DefaultHandlerExceptionResolver - Resolved [org.springframework.http.converter.HttpMessageNotReadableException: JSON parse error: Numeric value (20220000112) out of range of int (-2147483648 - 2147483647); nested exception is com.fasterxml.jackson.databind.JsonMappingException: Numeric value (20220000112) out of range of int (-2147483648 - 2147483647)<EOL> at [Source: (org.springframework.util.StreamUtils$NonClosingInputStream); line: 1, column: 22] (through reference chain: com.capstone.model.users["custid"])]
2022-10-11 18:25:41 [http-nio-8085-exec-6] WARN  o.s.w.s.m.s.DefaultHandlerExceptionResolver - Resolved [org.springframework.http.converter.HttpMessageNotReadableException: JSON parse error: Numeric value (20220000112) out of range of int (-2147483648 - 2147483647); nested exception is com.fasterxml.jackson.databind.JsonMappingException: Numeric value (20220000112) out of range of int (-2147483648 - 2147483647)<EOL> at [Source: (org.springframework.util.StreamUtils$NonClosingInputStream); line: 1, column: 22] (through reference chain: com.capstone.model.users["custid"])]
2022-10-11 18:25:41 [http-nio-8085-exec-7] WARN  o.s.w.s.m.s.DefaultHandlerExceptionResolver - Resolved [org.springframework.http.converter.HttpMessageNotReadableException: JSON parse error: Numeric value (20220000112) out of range of int (-2147483648 - 2147483647); nested exception is com.fasterxml.jackson.databind.JsonMappingException: Numeric value (20220000112) out of range of int (-2147483648 - 2147483647)<EOL> at [Source: (org.springframework.util.StreamUtils$NonClosingInputStream); line: 1, column: 22] (through reference chain: com.capstone.model.users["custid"])]
2022-10-11 18:26:10 [http-nio-8085-exec-8] WARN  o.s.w.s.m.s.DefaultHandlerExceptionResolver - Resolved [org.springframework.http.converter.HttpMessageNotReadableException: JSON parse error: Numeric value (2022000011231) out of range of int (-2147483648 - 2147483647); nested exception is com.fasterxml.jackson.databind.JsonMappingException: Numeric value (2022000011231) out of range of int (-2147483648 - 2147483647)<EOL> at [Source: (org.springframework.util.StreamUtils$NonClosingInputStream); line: 1, column: 24] (through reference chain: com.capstone.model.users["custid"])]
2022-10-11 18:26:54 [http-nio-8085-exec-9] WARN  o.s.w.s.m.s.DefaultHandlerExceptionResolver - Resolved [org.springframework.http.converter.HttpMessageNotReadableException: JSON parse error: Numeric value (20220000123) out of range of int (-2147483648 - 2147483647); nested exception is com.fasterxml.jackson.databind.JsonMappingException: Numeric value (20220000123) out of range of int (-2147483648 - 2147483647)<EOL> at [Source: (org.springframework.util.StreamUtils$NonClosingInputStream); line: 1, column: 22] (through reference chain: com.capstone.model.users["custid"])]
2022-10-11 18:26:59 [http-nio-8085-exec-10] INFO  com.capstone.aspect.LoggerAspect - Method name: com.capstone.controller.AuthenticationController
2022-10-11 18:26:59 [http-nio-8085-exec-10] INFO  com.capstone.aspect.LoggerAspect - Method arguments:[Ljava.lang.Object;@1dcabb9b
2022-10-11 18:26:59 [http-nio-8085-exec-10] INFO  com.capstone.aspect.LoggerAspect - *************************************
2022-10-11 18:26:59 [http-nio-8085-exec-10] INFO  com.capstone.aspect.LoggerAspect - Method name: com.capstone.service.userServiceImpl
2022-10-11 18:26:59 [http-nio-8085-exec-10] INFO  com.capstone.aspect.LoggerAspect - Method arguments:[Ljava.lang.Object;@10504255
2022-10-11 18:26:59 [http-nio-8085-exec-10] INFO  com.capstone.aspect.LoggerAspect - *************************************
2022-10-11 18:26:59 [http-nio-8085-exec-10] INFO  com.capstone.aspect.LoggerAspect - During: class com.capstone.service.userServiceImpl.findByCustidAndPassword() with arguments=users [custid=202200001, password=Natwest@123, username=NATWEST1, email=natwest1@gmail.com]
2022-10-11 18:26:59 [http-nio-8085-exec-10] INFO  com.capstone.aspect.LoggerAspect - *************************************
2022-10-11 18:26:59 [http-nio-8085-exec-10] INFO  com.capstone.aspect.LoggerAspect - During: class com.capstone.controller.AuthenticationController.login() with arguments=<200 OK OK,{message=User successfully logged in, token=eyJhbGciOiJIUzI1NiJ9.eyJzdWIiOiIyMDIyMDAwMDEiLCJpYXQiOjE2NjU0OTMwMTksImV4cCI6MTY2NTQ5NjYxOX0.7jynP9Py73Uu8IoaVzRzrjm3-DmCS56ebgOhMmCjfP4},[]>
2022-10-11 18:26:59 [http-nio-8085-exec-10] INFO  com.capstone.aspect.LoggerAspect - *************************************
2022-10-11 18:27:06 [http-nio-8085-exec-1] INFO  com.capstone.aspect.LoggerAspect - Method name: com.capstone.controller.AuthenticationController
2022-10-11 18:27:06 [http-nio-8085-exec-1] INFO  com.capstone.aspect.LoggerAspect - Method arguments:[Ljava.lang.Object;@7b020d80
2022-10-11 18:27:06 [http-nio-8085-exec-1] INFO  com.capstone.aspect.LoggerAspect - *************************************
2022-10-11 18:27:06 [http-nio-8085-exec-1] INFO  com.capstone.aspect.LoggerAspect - Method name: com.capstone.service.userServiceImpl
2022-10-11 18:27:06 [http-nio-8085-exec-1] INFO  com.capstone.aspect.LoggerAspect - Method arguments:[Ljava.lang.Object;@44b0ea04
2022-10-11 18:27:06 [http-nio-8085-exec-1] INFO  com.capstone.aspect.LoggerAspect - *************************************
2022-10-11 18:27:06 [http-nio-8085-exec-1] INFO  com.capstone.aspect.LoggerAspect - During: class com.capstone.service.userServiceImpl.findByCustidAndPassword() with arguments=users [custid=202200001, password=Natwest@123, username=NATWEST1, email=natwest1@gmail.com]
2022-10-11 18:27:06 [http-nio-8085-exec-1] INFO  com.capstone.aspect.LoggerAspect - *************************************
2022-10-11 18:27:06 [http-nio-8085-exec-1] INFO  com.capstone.aspect.LoggerAspect - During: class com.capstone.controller.AuthenticationController.login() with arguments=<200 OK OK,{message=User successfully logged in, token=eyJhbGciOiJIUzI1NiJ9.eyJzdWIiOiIyMDIyMDAwMDEiLCJpYXQiOjE2NjU0OTMwMjYsImV4cCI6MTY2NTQ5NjYyNn0.Fkdq3RBFBk0U_AK6xG-QTqMzBVqIHyqvn4aNmK7NF_4},[]>
2022-10-11 18:27:06 [http-nio-8085-exec-1] INFO  com.capstone.aspect.LoggerAspect - *************************************
2022-10-11 18:27:08 [AsyncResolver-bootstrap-executor-0] INFO  c.n.d.s.r.aws.ConfigClusterResolver - Resolving eureka endpoints via configuration
2022-10-11 18:27:09 [http-nio-8085-exec-2] INFO  com.capstone.aspect.LoggerAspect - Method name: com.capstone.controller.AuthenticationController
2022-10-11 18:27:09 [http-nio-8085-exec-2] INFO  com.capstone.aspect.LoggerAspect - Method arguments:[Ljava.lang.Object;@58f601b5
2022-10-11 18:27:09 [http-nio-8085-exec-2] INFO  com.capstone.aspect.LoggerAspect - *************************************
2022-10-11 18:27:09 [http-nio-8085-exec-2] INFO  com.capstone.aspect.LoggerAspect - Method name: com.capstone.service.userServiceImpl
2022-10-11 18:27:09 [http-nio-8085-exec-2] INFO  com.capstone.aspect.LoggerAspect - Method arguments:[Ljava.lang.Object;@41048cfe
2022-10-11 18:27:09 [http-nio-8085-exec-2] INFO  com.capstone.aspect.LoggerAspect - *************************************
2022-10-11 18:27:09 [http-nio-8085-exec-2] INFO  com.capstone.aspect.LoggerAspect - During: class com.capstone.service.userServiceImpl.findByCustidAndPassword() with arguments=null
2022-10-11 18:27:09 [http-nio-8085-exec-2] INFO  com.capstone.aspect.LoggerAspect - *************************************
2022-10-11 18:27:09 [http-nio-8085-exec-2] INFO  com.capstone.aspect.LoggerAspect - During: class com.capstone.controller.AuthenticationController.login() with arguments=<401 UNAUTHORIZED Unauthorized,{message=Customer-id or password incorrect, token=null},[]>
2022-10-11 18:27:09 [http-nio-8085-exec-2] INFO  com.capstone.aspect.LoggerAspect - *************************************
2022-10-11 18:27:20 [http-nio-8085-exec-3] INFO  com.capstone.aspect.LoggerAspect - Method name: com.capstone.controller.AuthenticationController
2022-10-11 18:27:20 [http-nio-8085-exec-3] INFO  com.capstone.aspect.LoggerAspect - Method arguments:[Ljava.lang.Object;@5b2c00ec
2022-10-11 18:27:20 [http-nio-8085-exec-3] INFO  com.capstone.aspect.LoggerAspect - *************************************
2022-10-11 18:27:20 [http-nio-8085-exec-3] INFO  com.capstone.aspect.LoggerAspect - Method name: com.capstone.service.userServiceImpl
2022-10-11 18:27:20 [http-nio-8085-exec-3] INFO  com.capstone.aspect.LoggerAspect - Method arguments:[Ljava.lang.Object;@3cf868b
2022-10-11 18:27:20 [http-nio-8085-exec-3] INFO  com.capstone.aspect.LoggerAspect - *************************************
2022-10-11 18:27:20 [http-nio-8085-exec-3] INFO  com.capstone.aspect.LoggerAspect - During: class com.capstone.service.userServiceImpl.findByCustidAndPassword() with arguments=null
2022-10-11 18:27:20 [http-nio-8085-exec-3] INFO  com.capstone.aspect.LoggerAspect - *************************************
2022-10-11 18:27:20 [http-nio-8085-exec-3] INFO  com.capstone.aspect.LoggerAspect - During: class com.capstone.controller.AuthenticationController.login() with arguments=<401 UNAUTHORIZED Unauthorized,{message=Customer-id or password incorrect, token=null},[]>
2022-10-11 18:27:20 [http-nio-8085-exec-3] INFO  com.capstone.aspect.LoggerAspect - *************************************
2022-10-11 18:27:34 [http-nio-8085-exec-5] WARN  o.s.w.s.m.s.DefaultHandlerExceptionResolver - Resolved [org.springframework.http.converter.HttpMessageNotReadableException: JSON parse error: Numeric value (20220000111) out of range of int (-2147483648 - 2147483647); nested exception is com.fasterxml.jackson.databind.JsonMappingException: Numeric value (20220000111) out of range of int (-2147483648 - 2147483647)<EOL> at [Source: (org.springframework.util.StreamUtils$NonClosingInputStream); line: 1, column: 22] (through reference chain: com.capstone.model.users["custid"])]
2022-10-11 18:27:42 [http-nio-8085-exec-6] INFO  com.capstone.aspect.LoggerAspect - Method name: com.capstone.controller.AuthenticationController
2022-10-11 18:27:42 [http-nio-8085-exec-6] INFO  com.capstone.aspect.LoggerAspect - Method arguments:[Ljava.lang.Object;@30d6922f
2022-10-11 18:27:42 [http-nio-8085-exec-6] INFO  com.capstone.aspect.LoggerAspect - *************************************
2022-10-11 18:27:42 [http-nio-8085-exec-6] INFO  com.capstone.aspect.LoggerAspect - Method name: com.capstone.service.userServiceImpl
2022-10-11 18:27:42 [http-nio-8085-exec-6] INFO  com.capstone.aspect.LoggerAspect - Method arguments:[Ljava.lang.Object;@596d4161
2022-10-11 18:27:42 [http-nio-8085-exec-6] INFO  com.capstone.aspect.LoggerAspect - *************************************
2022-10-11 18:27:43 [http-nio-8085-exec-6] INFO  com.capstone.aspect.LoggerAspect - During: class com.capstone.service.userServiceImpl.findByCustidAndPassword() with arguments=users [custid=202200001, password=Natwest@123, username=NATWEST1, email=natwest1@gmail.com]
2022-10-11 18:27:43 [http-nio-8085-exec-6] INFO  com.capstone.aspect.LoggerAspect - *************************************
2022-10-11 18:27:43 [http-nio-8085-exec-6] INFO  com.capstone.aspect.LoggerAspect - During: class com.capstone.controller.AuthenticationController.login() with arguments=<200 OK OK,{message=User successfully logged in, token=eyJhbGciOiJIUzI1NiJ9.eyJzdWIiOiIyMDIyMDAwMDEiLCJpYXQiOjE2NjU0OTMwNjMsImV4cCI6MTY2NTQ5NjY2M30.SSzpDSJla0h7emxNoQ-RjG_Q6StHtFOtHMFVuS6hDoM},[]>
2022-10-11 18:27:43 [http-nio-8085-exec-6] INFO  com.capstone.aspect.LoggerAspect - *************************************
2022-10-11 18:32:08 [AsyncResolver-bootstrap-executor-0] INFO  c.n.d.s.r.aws.ConfigClusterResolver - Resolving eureka endpoints via configuration
2022-10-11 18:37:08 [AsyncResolver-bootstrap-executor-0] INFO  c.n.d.s.r.aws.ConfigClusterResolver - Resolving eureka endpoints via configuration
2022-10-11 18:40:20 [http-nio-8085-exec-9] INFO  com.capstone.aspect.LoggerAspect - Method name: com.capstone.controller.AuthenticationController
2022-10-11 18:40:20 [http-nio-8085-exec-9] INFO  com.capstone.aspect.LoggerAspect - Method arguments:[Ljava.lang.Object;@7f84a604
2022-10-11 18:40:20 [http-nio-8085-exec-9] INFO  com.capstone.aspect.LoggerAspect - *************************************
2022-10-11 18:40:20 [http-nio-8085-exec-9] INFO  com.capstone.aspect.LoggerAspect - Method name: com.capstone.service.userServiceImpl
2022-10-11 18:40:20 [http-nio-8085-exec-9] INFO  com.capstone.aspect.LoggerAspect - Method arguments:[Ljava.lang.Object;@3e945b43
2022-10-11 18:40:20 [http-nio-8085-exec-9] INFO  com.capstone.aspect.LoggerAspect - *************************************
2022-10-11 18:40:20 [http-nio-8085-exec-9] INFO  com.capstone.aspect.LoggerAspect - During: class com.capstone.service.userServiceImpl.findByCustidAndPassword() with arguments=users [custid=202200001, password=Natwest@123, username=NATWEST1, email=natwest1@gmail.com]
2022-10-11 18:40:20 [http-nio-8085-exec-9] INFO  com.capstone.aspect.LoggerAspect - *************************************
2022-10-11 18:40:20 [http-nio-8085-exec-9] INFO  com.capstone.aspect.LoggerAspect - During: class com.capstone.controller.AuthenticationController.login() with arguments=<200 OK OK,{message=User successfully logged in, token=eyJhbGciOiJIUzI1NiJ9.eyJzdWIiOiIyMDIyMDAwMDEiLCJpYXQiOjE2NjU0OTM4MjAsImV4cCI6MTY2NTQ5NzQyMH0.JHxrur6R3FvHPc0QCj6Hy4PB8q5EMbeoNAQfTwgNvlo},[]>
2022-10-11 18:40:20 [http-nio-8085-exec-9] INFO  com.capstone.aspect.LoggerAspect - *************************************
2022-10-11 18:40:24 [http-nio-8085-exec-10] INFO  com.capstone.aspect.LoggerAspect - Method name: com.capstone.controller.AuthenticationController
2022-10-11 18:40:24 [http-nio-8085-exec-10] INFO  com.capstone.aspect.LoggerAspect - Method arguments:[Ljava.lang.Object;@366d4dbf
2022-10-11 18:40:24 [http-nio-8085-exec-10] INFO  com.capstone.aspect.LoggerAspect - *************************************
2022-10-11 18:40:24 [http-nio-8085-exec-10] INFO  com.capstone.aspect.LoggerAspect - Method name: com.capstone.service.userServiceImpl
2022-10-11 18:40:24 [http-nio-8085-exec-10] INFO  com.capstone.aspect.LoggerAspect - Method arguments:[Ljava.lang.Object;@7f632630
2022-10-11 18:40:24 [http-nio-8085-exec-10] INFO  com.capstone.aspect.LoggerAspect - *************************************
2022-10-11 18:40:24 [http-nio-8085-exec-10] INFO  com.capstone.aspect.LoggerAspect - During: class com.capstone.service.userServiceImpl.findByCustidAndPassword() with arguments=users [custid=202200001, password=Natwest@123, username=NATWEST1, email=natwest1@gmail.com]
2022-10-11 18:40:24 [http-nio-8085-exec-10] INFO  com.capstone.aspect.LoggerAspect - *************************************
2022-10-11 18:40:24 [http-nio-8085-exec-10] INFO  com.capstone.aspect.LoggerAspect - During: class com.capstone.controller.AuthenticationController.login() with arguments=<200 OK OK,{message=User successfully logged in, token=eyJhbGciOiJIUzI1NiJ9.eyJzdWIiOiIyMDIyMDAwMDEiLCJpYXQiOjE2NjU0OTM4MjQsImV4cCI6MTY2NTQ5NzQyNH0.aJqZBwLDmvPDtj87s3jydgCaL8AQl0ujTyfUlg1srUc},[]>
2022-10-11 18:40:24 [http-nio-8085-exec-10] INFO  com.capstone.aspect.LoggerAspect - *************************************
2022-10-11 18:42:08 [AsyncResolver-bootstrap-executor-0] INFO  c.n.d.s.r.aws.ConfigClusterResolver - Resolving eureka endpoints via configuration
2022-10-11 18:47:08 [AsyncResolver-bootstrap-executor-0] INFO  c.n.d.s.r.aws.ConfigClusterResolver - Resolving eureka endpoints via configuration
2022-10-11 18:52:08 [AsyncResolver-bootstrap-executor-0] INFO  c.n.d.s.r.aws.ConfigClusterResolver - Resolving eureka endpoints via configuration
2022-10-11 18:57:08 [AsyncResolver-bootstrap-executor-0] INFO  c.n.d.s.r.aws.ConfigClusterResolver - Resolving eureka endpoints via configuration
2022-10-11 19:02:08 [AsyncResolver-bootstrap-executor-0] INFO  c.n.d.s.r.aws.ConfigClusterResolver - Resolving eureka endpoints via configuration
2022-10-11 19:07:08 [AsyncResolver-bootstrap-executor-0] INFO  c.n.d.s.r.aws.ConfigClusterResolver - Resolving eureka endpoints via configuration
2022-10-11 19:12:08 [AsyncResolver-bootstrap-executor-0] INFO  c.n.d.s.r.aws.ConfigClusterResolver - Resolving eureka endpoints via configuration
2022-10-11 19:17:08 [AsyncResolver-bootstrap-executor-0] INFO  c.n.d.s.r.aws.ConfigClusterResolver - Resolving eureka endpoints via configuration
2022-10-11 19:22:08 [AsyncResolver-bootstrap-executor-0] INFO  c.n.d.s.r.aws.ConfigClusterResolver - Resolving eureka endpoints via configuration
2022-10-11 19:27:08 [AsyncResolver-bootstrap-executor-0] INFO  c.n.d.s.r.aws.ConfigClusterResolver - Resolving eureka endpoints via configuration
2022-10-11 19:32:08 [AsyncResolver-bootstrap-executor-0] INFO  c.n.d.s.r.aws.ConfigClusterResolver - Resolving eureka endpoints via configuration
2022-10-11 19:37:08 [AsyncResolver-bootstrap-executor-0] INFO  c.n.d.s.r.aws.ConfigClusterResolver - Resolving eureka endpoints via configuration
2022-10-11 19:42:08 [AsyncResolver-bootstrap-executor-0] INFO  c.n.d.s.r.aws.ConfigClusterResolver - Resolving eureka endpoints via configuration
2022-10-11 19:47:08 [AsyncResolver-bootstrap-executor-0] INFO  c.n.d.s.r.aws.ConfigClusterResolver - Resolving eureka endpoints via configuration
2022-10-11 19:52:08 [AsyncResolver-bootstrap-executor-0] INFO  c.n.d.s.r.aws.ConfigClusterResolver - Resolving eureka endpoints via configuration
2022-10-11 19:57:08 [AsyncResolver-bootstrap-executor-0] INFO  c.n.d.s.r.aws.ConfigClusterResolver - Resolving eureka endpoints via configuration
2022-10-11 20:02:08 [AsyncResolver-bootstrap-executor-0] INFO  c.n.d.s.r.aws.ConfigClusterResolver - Resolving eureka endpoints via configuration
2022-10-11 20:07:08 [AsyncResolver-bootstrap-executor-0] INFO  c.n.d.s.r.aws.ConfigClusterResolver - Resolving eureka endpoints via configuration
2022-10-11 20:12:08 [AsyncResolver-bootstrap-executor-0] INFO  c.n.d.s.r.aws.ConfigClusterResolver - Resolving eureka endpoints via configuration
2022-10-11 20:17:09 [AsyncResolver-bootstrap-executor-0] INFO  c.n.d.s.r.aws.ConfigClusterResolver - Resolving eureka endpoints via configuration
2022-10-11 20:22:09 [AsyncResolver-bootstrap-executor-0] INFO  c.n.d.s.r.aws.ConfigClusterResolver - Resolving eureka endpoints via configuration
2022-10-11 20:27:09 [AsyncResolver-bootstrap-executor-0] INFO  c.n.d.s.r.aws.ConfigClusterResolver - Resolving eureka endpoints via configuration
2022-10-11 20:32:09 [AsyncResolver-bootstrap-executor-0] INFO  c.n.d.s.r.aws.ConfigClusterResolver - Resolving eureka endpoints via configuration
2022-10-11 20:37:09 [AsyncResolver-bootstrap-executor-0] INFO  c.n.d.s.r.aws.ConfigClusterResolver - Resolving eureka endpoints via configuration
2022-10-11 20:41:35 [http-nio-8085-exec-2] INFO  com.capstone.aspect.LoggerAspect - Method name: com.capstone.controller.AuthenticationController
2022-10-11 20:41:35 [http-nio-8085-exec-2] INFO  com.capstone.aspect.LoggerAspect - Method arguments:[Ljava.lang.Object;@750b5c24
2022-10-11 20:41:35 [http-nio-8085-exec-2] INFO  com.capstone.aspect.LoggerAspect - *************************************
2022-10-11 20:41:35 [http-nio-8085-exec-2] INFO  com.capstone.aspect.LoggerAspect - Method name: com.capstone.service.userServiceImpl
2022-10-11 20:41:35 [http-nio-8085-exec-2] INFO  com.capstone.aspect.LoggerAspect - Method arguments:[Ljava.lang.Object;@7de7f721
2022-10-11 20:41:35 [http-nio-8085-exec-2] INFO  com.capstone.aspect.LoggerAspect - *************************************
2022-10-11 20:41:35 [http-nio-8085-exec-2] INFO  com.capstone.aspect.LoggerAspect - During: class com.capstone.service.userServiceImpl.findByCustidAndPassword() with arguments=users [custid=202200001, password=Natwest@123, username=NATWEST1, email=natwest1@gmail.com]
2022-10-11 20:41:35 [http-nio-8085-exec-2] INFO  com.capstone.aspect.LoggerAspect - *************************************
2022-10-11 20:41:35 [http-nio-8085-exec-2] INFO  com.capstone.aspect.LoggerAspect - During: class com.capstone.controller.AuthenticationController.login() with arguments=<200 OK OK,{message=User successfully logged in, token=eyJhbGciOiJIUzI1NiJ9.eyJzdWIiOiIyMDIyMDAwMDEiLCJpYXQiOjE2NjU1MDEwOTUsImV4cCI6MTY2NTUwNDY5NX0.me8JV9dD2UshyorGT-P4nks3_UFpm1hISu3EjtevP3Q},[]>
2022-10-11 20:41:35 [http-nio-8085-exec-2] INFO  com.capstone.aspect.LoggerAspect - *************************************
2022-10-11 20:42:09 [AsyncResolver-bootstrap-executor-0] INFO  c.n.d.s.r.aws.ConfigClusterResolver - Resolving eureka endpoints via configuration
2022-10-11 20:43:43 [http-nio-8085-exec-4] INFO  com.capstone.aspect.LoggerAspect - Method name: com.capstone.controller.AuthenticationController
2022-10-11 20:43:43 [http-nio-8085-exec-4] INFO  com.capstone.aspect.LoggerAspect - Method arguments:[Ljava.lang.Object;@1ad20c2
2022-10-11 20:43:43 [http-nio-8085-exec-4] INFO  com.capstone.aspect.LoggerAspect - *************************************
2022-10-11 20:43:43 [http-nio-8085-exec-4] INFO  com.capstone.aspect.LoggerAspect - Method name: com.capstone.service.userServiceImpl
2022-10-11 20:43:43 [http-nio-8085-exec-4] INFO  com.capstone.aspect.LoggerAspect - Method arguments:[Ljava.lang.Object;@4cb3ef87
2022-10-11 20:43:43 [http-nio-8085-exec-4] INFO  com.capstone.aspect.LoggerAspect - *************************************
2022-10-11 20:43:43 [http-nio-8085-exec-4] INFO  com.capstone.aspect.LoggerAspect - During: class com.capstone.service.userServiceImpl.findByCustidAndPassword() with arguments=users [custid=202200001, password=Natwest@123, username=NATWEST1, email=natwest1@gmail.com]
2022-10-11 20:43:43 [http-nio-8085-exec-4] INFO  com.capstone.aspect.LoggerAspect - *************************************
2022-10-11 20:43:43 [http-nio-8085-exec-4] INFO  com.capstone.aspect.LoggerAspect - During: class com.capstone.controller.AuthenticationController.login() with arguments=<200 OK OK,{message=User successfully logged in, token=eyJhbGciOiJIUzI1NiJ9.eyJzdWIiOiIyMDIyMDAwMDEiLCJpYXQiOjE2NjU1MDEyMjMsImV4cCI6MTY2NTUwNDgyM30.x-tUQbk5Sup-dMV9E5XTqOFGvW32ou4o8ckbJZAeLIQ},[]>
2022-10-11 20:43:43 [http-nio-8085-exec-4] INFO  com.capstone.aspect.LoggerAspect - *************************************
2022-10-11 20:44:50 [http-nio-8085-exec-6] INFO  com.capstone.aspect.LoggerAspect - Method name: com.capstone.controller.AuthenticationController
2022-10-11 20:44:50 [http-nio-8085-exec-6] INFO  com.capstone.aspect.LoggerAspect - Method arguments:[Ljava.lang.Object;@3d754a99
2022-10-11 20:44:50 [http-nio-8085-exec-6] INFO  com.capstone.aspect.LoggerAspect - *************************************
2022-10-11 20:44:50 [http-nio-8085-exec-6] INFO  com.capstone.aspect.LoggerAspect - Method name: com.capstone.service.userServiceImpl
2022-10-11 20:44:50 [http-nio-8085-exec-6] INFO  com.capstone.aspect.LoggerAspect - Method arguments:[Ljava.lang.Object;@5614a861
2022-10-11 20:44:50 [http-nio-8085-exec-6] INFO  com.capstone.aspect.LoggerAspect - *************************************
2022-10-11 20:44:50 [http-nio-8085-exec-6] INFO  com.capstone.aspect.LoggerAspect - During: class com.capstone.service.userServiceImpl.findByCustidAndPassword() with arguments=users [custid=202200001, password=Natwest@123, username=NATWEST1, email=natwest1@gmail.com]
2022-10-11 20:44:50 [http-nio-8085-exec-6] INFO  com.capstone.aspect.LoggerAspect - *************************************
2022-10-11 20:44:50 [http-nio-8085-exec-6] INFO  com.capstone.aspect.LoggerAspect - During: class com.capstone.controller.AuthenticationController.login() with arguments=<200 OK OK,{message=User successfully logged in, token=eyJhbGciOiJIUzI1NiJ9.eyJzdWIiOiIyMDIyMDAwMDEiLCJpYXQiOjE2NjU1MDEyOTAsImV4cCI6MTY2NTUwNDg5MH0.zOPQ45C1SkbIt0G4RGjno1UpsZjjUChoEOfeQZTt-qI},[]>
2022-10-11 20:44:50 [http-nio-8085-exec-6] INFO  com.capstone.aspect.LoggerAspect - *************************************
2022-10-11 20:46:01 [http-nio-8085-exec-8] INFO  com.capstone.aspect.LoggerAspect - Method name: com.capstone.controller.AuthenticationController
2022-10-11 20:46:01 [http-nio-8085-exec-8] INFO  com.capstone.aspect.LoggerAspect - Method arguments:[Ljava.lang.Object;@a8251bd
2022-10-11 20:46:01 [http-nio-8085-exec-8] INFO  com.capstone.aspect.LoggerAspect - *************************************
2022-10-11 20:46:01 [http-nio-8085-exec-8] INFO  com.capstone.aspect.LoggerAspect - Method name: com.capstone.service.userServiceImpl
2022-10-11 20:46:01 [http-nio-8085-exec-8] INFO  com.capstone.aspect.LoggerAspect - Method arguments:[Ljava.lang.Object;@24daaf2
2022-10-11 20:46:01 [http-nio-8085-exec-8] INFO  com.capstone.aspect.LoggerAspect - *************************************
2022-10-11 20:46:01 [http-nio-8085-exec-8] INFO  com.capstone.aspect.LoggerAspect - During: class com.capstone.service.userServiceImpl.findByCustidAndPassword() with arguments=users [custid=202200001, password=Natwest@123, username=NATWEST1, email=natwest1@gmail.com]
2022-10-11 20:46:01 [http-nio-8085-exec-8] INFO  com.capstone.aspect.LoggerAspect - *************************************
2022-10-11 20:46:01 [http-nio-8085-exec-8] INFO  com.capstone.aspect.LoggerAspect - During: class com.capstone.controller.AuthenticationController.login() with arguments=<200 OK OK,{message=User successfully logged in, token=eyJhbGciOiJIUzI1NiJ9.eyJzdWIiOiIyMDIyMDAwMDEiLCJpYXQiOjE2NjU1MDEzNjEsImV4cCI6MTY2NTUwNDk2MX0.tXE5IlayyWi-s6sbLZlTOcV8S-KwrhfNMNlFyBG5UHo},[]>
2022-10-11 20:46:01 [http-nio-8085-exec-8] INFO  com.capstone.aspect.LoggerAspect - *************************************
2022-10-11 20:47:09 [AsyncResolver-bootstrap-executor-0] INFO  c.n.d.s.r.aws.ConfigClusterResolver - Resolving eureka endpoints via configuration
2022-10-11 20:52:09 [AsyncResolver-bootstrap-executor-0] INFO  c.n.d.s.r.aws.ConfigClusterResolver - Resolving eureka endpoints via configuration
2022-10-11 20:57:09 [AsyncResolver-bootstrap-executor-0] INFO  c.n.d.s.r.aws.ConfigClusterResolver - Resolving eureka endpoints via configuration
2022-10-11 21:02:09 [AsyncResolver-bootstrap-executor-0] INFO  c.n.d.s.r.aws.ConfigClusterResolver - Resolving eureka endpoints via configuration
2022-10-11 21:07:09 [AsyncResolver-bootstrap-executor-0] INFO  c.n.d.s.r.aws.ConfigClusterResolver - Resolving eureka endpoints via configuration
2022-10-11 21:12:09 [AsyncResolver-bootstrap-executor-0] INFO  c.n.d.s.r.aws.ConfigClusterResolver - Resolving eureka endpoints via configuration
2022-10-11 21:17:09 [AsyncResolver-bootstrap-executor-0] INFO  c.n.d.s.r.aws.ConfigClusterResolver - Resolving eureka endpoints via configuration
2022-10-11 21:22:09 [AsyncResolver-bootstrap-executor-0] INFO  c.n.d.s.r.aws.ConfigClusterResolver - Resolving eureka endpoints via configuration
2022-10-11 21:27:09 [AsyncResolver-bootstrap-executor-0] INFO  c.n.d.s.r.aws.ConfigClusterResolver - Resolving eureka endpoints via configuration
2022-10-11 21:32:09 [AsyncResolver-bootstrap-executor-0] INFO  c.n.d.s.r.aws.ConfigClusterResolver - Resolving eureka endpoints via configuration
2022-10-11 21:37:09 [AsyncResolver-bootstrap-executor-0] INFO  c.n.d.s.r.aws.ConfigClusterResolver - Resolving eureka endpoints via configuration
2022-10-11 21:42:09 [AsyncResolver-bootstrap-executor-0] INFO  c.n.d.s.r.aws.ConfigClusterResolver - Resolving eureka endpoints via configuration
2022-10-11 21:47:09 [AsyncResolver-bootstrap-executor-0] INFO  c.n.d.s.r.aws.ConfigClusterResolver - Resolving eureka endpoints via configuration
2022-10-11 21:52:09 [AsyncResolver-bootstrap-executor-0] INFO  c.n.d.s.r.aws.ConfigClusterResolver - Resolving eureka endpoints via configuration
2022-10-11 21:57:09 [AsyncResolver-bootstrap-executor-0] INFO  c.n.d.s.r.aws.ConfigClusterResolver - Resolving eureka endpoints via configuration
2022-10-11 21:57:45 [http-nio-8085-exec-10] INFO  com.capstone.aspect.LoggerAspect - Method name: com.capstone.controller.AuthenticationController
2022-10-11 21:57:45 [http-nio-8085-exec-10] INFO  com.capstone.aspect.LoggerAspect - Method arguments:[Ljava.lang.Object;@56ffc3f
2022-10-11 21:57:45 [http-nio-8085-exec-10] INFO  com.capstone.aspect.LoggerAspect - *************************************
2022-10-11 21:57:45 [http-nio-8085-exec-10] INFO  com.capstone.aspect.LoggerAspect - Method name: com.capstone.service.userServiceImpl
2022-10-11 21:57:45 [http-nio-8085-exec-10] INFO  com.capstone.aspect.LoggerAspect - Method arguments:[Ljava.lang.Object;@4ce1ecb8
2022-10-11 21:57:45 [http-nio-8085-exec-10] INFO  com.capstone.aspect.LoggerAspect - *************************************
2022-10-11 21:57:45 [http-nio-8085-exec-10] INFO  com.capstone.aspect.LoggerAspect - During: class com.capstone.service.userServiceImpl.findByCustidAndPassword() with arguments=users [custid=202200001, password=Natwest@123, username=NATWEST1, email=natwest1@gmail.com]
2022-10-11 21:57:45 [http-nio-8085-exec-10] INFO  com.capstone.aspect.LoggerAspect - *************************************
2022-10-11 21:57:45 [http-nio-8085-exec-10] INFO  com.capstone.aspect.LoggerAspect - During: class com.capstone.controller.AuthenticationController.login() with arguments=<200 OK OK,{message=User successfully logged in, token=eyJhbGciOiJIUzI1NiJ9.eyJzdWIiOiIyMDIyMDAwMDEiLCJpYXQiOjE2NjU1MDU2NjUsImV4cCI6MTY2NTUwOTI2NX0.XsnahgKWlaiAJblZzFRi65nnAd_h3PCZ4tispK9npIU},[]>
2022-10-11 21:57:45 [http-nio-8085-exec-10] INFO  com.capstone.aspect.LoggerAspect - *************************************
2022-10-11 22:02:09 [AsyncResolver-bootstrap-executor-0] INFO  c.n.d.s.r.aws.ConfigClusterResolver - Resolving eureka endpoints via configuration
2022-10-11 22:04:06 [http-nio-8085-exec-3] INFO  com.capstone.aspect.LoggerAspect - Method name: com.capstone.controller.AuthenticationController
2022-10-11 22:04:06 [http-nio-8085-exec-3] INFO  com.capstone.aspect.LoggerAspect - Method arguments:[Ljava.lang.Object;@24a4011e
2022-10-11 22:04:06 [http-nio-8085-exec-3] INFO  com.capstone.aspect.LoggerAspect - *************************************
2022-10-11 22:04:06 [http-nio-8085-exec-3] INFO  com.capstone.aspect.LoggerAspect - Method name: com.capstone.service.userServiceImpl
2022-10-11 22:04:06 [http-nio-8085-exec-3] INFO  com.capstone.aspect.LoggerAspect - Method arguments:[Ljava.lang.Object;@257daa3e
2022-10-11 22:04:06 [http-nio-8085-exec-3] INFO  com.capstone.aspect.LoggerAspect - *************************************
2022-10-11 22:04:06 [http-nio-8085-exec-3] INFO  com.capstone.aspect.LoggerAspect - During: class com.capstone.service.userServiceImpl.findByCustidAndPassword() with arguments=users [custid=202200001, password=Natwest@123, username=NATWEST1, email=natwest1@gmail.com]
2022-10-11 22:04:06 [http-nio-8085-exec-3] INFO  com.capstone.aspect.LoggerAspect - *************************************
2022-10-11 22:04:06 [http-nio-8085-exec-3] INFO  com.capstone.aspect.LoggerAspect - During: class com.capstone.controller.AuthenticationController.login() with arguments=<200 OK OK,{message=User successfully logged in, token=eyJhbGciOiJIUzI1NiJ9.eyJzdWIiOiIyMDIyMDAwMDEiLCJpYXQiOjE2NjU1MDYwNDYsImV4cCI6MTY2NTUwOTY0Nn0.HMqYpKnGgxAQCMBeUIhKpVLNPfyns-VlcdZoc5aqEX4},[]>
2022-10-11 22:04:06 [http-nio-8085-exec-3] INFO  com.capstone.aspect.LoggerAspect - *************************************
2022-10-11 22:07:09 [AsyncResolver-bootstrap-executor-0] INFO  c.n.d.s.r.aws.ConfigClusterResolver - Resolving eureka endpoints via configuration
2022-10-11 22:12:09 [AsyncResolver-bootstrap-executor-0] INFO  c.n.d.s.r.aws.ConfigClusterResolver - Resolving eureka endpoints via configuration
2022-10-11 22:15:15 [http-nio-8085-exec-5] INFO  com.capstone.aspect.LoggerAspect - Method name: com.capstone.controller.AuthenticationController
2022-10-11 22:15:15 [http-nio-8085-exec-5] INFO  com.capstone.aspect.LoggerAspect - Method arguments:[Ljava.lang.Object;@580d9883
2022-10-11 22:15:15 [http-nio-8085-exec-5] INFO  com.capstone.aspect.LoggerAspect - *************************************
2022-10-11 22:15:15 [http-nio-8085-exec-5] INFO  com.capstone.aspect.LoggerAspect - Method name: com.capstone.service.userServiceImpl
2022-10-11 22:15:15 [http-nio-8085-exec-5] INFO  com.capstone.aspect.LoggerAspect - Method arguments:[Ljava.lang.Object;@2d65a6e9
2022-10-11 22:15:15 [http-nio-8085-exec-5] INFO  com.capstone.aspect.LoggerAspect - *************************************
2022-10-11 22:15:15 [http-nio-8085-exec-5] INFO  com.capstone.aspect.LoggerAspect - During: class com.capstone.service.userServiceImpl.findByCustidAndPassword() with arguments=users [custid=202200001, password=Natwest@123, username=NATWEST1, email=natwest1@gmail.com]
2022-10-11 22:15:15 [http-nio-8085-exec-5] INFO  com.capstone.aspect.LoggerAspect - *************************************
2022-10-11 22:15:15 [http-nio-8085-exec-5] INFO  com.capstone.aspect.LoggerAspect - During: class com.capstone.controller.AuthenticationController.login() with arguments=<200 OK OK,{message=User successfully logged in, token=eyJhbGciOiJIUzI1NiJ9.eyJzdWIiOiIyMDIyMDAwMDEiLCJpYXQiOjE2NjU1MDY3MTUsImV4cCI6MTY2NTUxMDMxNX0.a6lYeC42-iwS2kkEi9Fo8MtoTWBs71IiBLO7qejZxoc},[]>
2022-10-11 22:15:15 [http-nio-8085-exec-5] INFO  com.capstone.aspect.LoggerAspect - *************************************
2022-10-11 22:17:09 [AsyncResolver-bootstrap-executor-0] INFO  c.n.d.s.r.aws.ConfigClusterResolver - Resolving eureka endpoints via configuration
2022-10-11 22:22:09 [AsyncResolver-bootstrap-executor-0] INFO  c.n.d.s.r.aws.ConfigClusterResolver - Resolving eureka endpoints via configuration
2022-10-11 22:27:09 [AsyncResolver-bootstrap-executor-0] INFO  c.n.d.s.r.aws.ConfigClusterResolver - Resolving eureka endpoints via configuration
2022-10-11 22:32:09 [AsyncResolver-bootstrap-executor-0] INFO  c.n.d.s.r.aws.ConfigClusterResolver - Resolving eureka endpoints via configuration
2022-10-11 22:37:09 [AsyncResolver-bootstrap-executor-0] INFO  c.n.d.s.r.aws.ConfigClusterResolver - Resolving eureka endpoints via configuration
2022-10-11 22:42:10 [AsyncResolver-bootstrap-executor-0] INFO  c.n.d.s.r.aws.ConfigClusterResolver - Resolving eureka endpoints via configuration
2022-10-11 22:46:53 [http-nio-8085-exec-7] INFO  com.capstone.aspect.LoggerAspect - Method name: com.capstone.controller.AuthenticationController
2022-10-11 22:46:53 [http-nio-8085-exec-7] INFO  com.capstone.aspect.LoggerAspect - Method arguments:[Ljava.lang.Object;@2cd59bf6
2022-10-11 22:46:53 [http-nio-8085-exec-7] INFO  com.capstone.aspect.LoggerAspect - *************************************
2022-10-11 22:46:53 [http-nio-8085-exec-7] INFO  com.capstone.aspect.LoggerAspect - Method name: com.capstone.service.userServiceImpl
2022-10-11 22:46:53 [http-nio-8085-exec-7] INFO  com.capstone.aspect.LoggerAspect - Method arguments:[Ljava.lang.Object;@359fe467
2022-10-11 22:46:53 [http-nio-8085-exec-7] INFO  com.capstone.aspect.LoggerAspect - *************************************
2022-10-11 22:46:54 [http-nio-8085-exec-7] INFO  com.capstone.aspect.LoggerAspect - During: class com.capstone.service.userServiceImpl.findByCustidAndPassword() with arguments=users [custid=202200001, password=Natwest@123, username=NATWEST1, email=natwest1@gmail.com]
2022-10-11 22:46:54 [http-nio-8085-exec-7] INFO  com.capstone.aspect.LoggerAspect - *************************************
2022-10-11 22:46:54 [http-nio-8085-exec-7] INFO  com.capstone.aspect.LoggerAspect - During: class com.capstone.controller.AuthenticationController.login() with arguments=<200 OK OK,{message=User successfully logged in, token=eyJhbGciOiJIUzI1NiJ9.eyJzdWIiOiIyMDIyMDAwMDEiLCJpYXQiOjE2NjU1MDg2MTQsImV4cCI6MTY2NTUxMjIxNH0.kS7BG9fAnQnf3KCDR5oS5bGwRbsjKLBU2nV1XRiWfFk},[]>
2022-10-11 22:46:54 [http-nio-8085-exec-7] INFO  com.capstone.aspect.LoggerAspect - *************************************
2022-10-11 22:47:10 [AsyncResolver-bootstrap-executor-0] INFO  c.n.d.s.r.aws.ConfigClusterResolver - Resolving eureka endpoints via configuration
2022-10-11 22:52:10 [AsyncResolver-bootstrap-executor-0] INFO  c.n.d.s.r.aws.ConfigClusterResolver - Resolving eureka endpoints via configuration
2022-10-11 22:55:08 [http-nio-8085-exec-9] INFO  com.capstone.aspect.LoggerAspect - Method name: com.capstone.controller.AuthenticationController
2022-10-11 22:55:08 [http-nio-8085-exec-9] INFO  com.capstone.aspect.LoggerAspect - Method arguments:[Ljava.lang.Object;@17756bdc
2022-10-11 22:55:08 [http-nio-8085-exec-9] INFO  com.capstone.aspect.LoggerAspect - *************************************
2022-10-11 22:55:08 [http-nio-8085-exec-9] INFO  com.capstone.aspect.LoggerAspect - Method name: com.capstone.service.userServiceImpl
2022-10-11 22:55:08 [http-nio-8085-exec-9] INFO  com.capstone.aspect.LoggerAspect - Method arguments:[Ljava.lang.Object;@69d71004
2022-10-11 22:55:08 [http-nio-8085-exec-9] INFO  com.capstone.aspect.LoggerAspect - *************************************
2022-10-11 22:55:08 [http-nio-8085-exec-9] INFO  com.capstone.aspect.LoggerAspect - During: class com.capstone.service.userServiceImpl.findByCustidAndPassword() with arguments=users [custid=202200001, password=Natwest@123, username=NATWEST1, email=natwest1@gmail.com]
2022-10-11 22:55:08 [http-nio-8085-exec-9] INFO  com.capstone.aspect.LoggerAspect - *************************************
2022-10-11 22:55:08 [http-nio-8085-exec-9] INFO  com.capstone.aspect.LoggerAspect - During: class com.capstone.controller.AuthenticationController.login() with arguments=<200 OK OK,{message=User successfully logged in, token=eyJhbGciOiJIUzI1NiJ9.eyJzdWIiOiIyMDIyMDAwMDEiLCJpYXQiOjE2NjU1MDkxMDgsImV4cCI6MTY2NTUxMjcwOH0.78fJU2U148Edrxx22mt8M_Mk_r0-pU1HoMNmoBB3He4},[]>
2022-10-11 22:55:08 [http-nio-8085-exec-9] INFO  com.capstone.aspect.LoggerAspect - *************************************
2022-10-11 22:57:10 [AsyncResolver-bootstrap-executor-0] INFO  c.n.d.s.r.aws.ConfigClusterResolver - Resolving eureka endpoints via configuration
2022-10-11 23:02:10 [AsyncResolver-bootstrap-executor-0] INFO  c.n.d.s.r.aws.ConfigClusterResolver - Resolving eureka endpoints via configuration
2022-10-11 23:06:07 [http-nio-8085-exec-1] INFO  com.capstone.aspect.LoggerAspect - Method name: com.capstone.controller.AuthenticationController
2022-10-11 23:06:07 [http-nio-8085-exec-1] INFO  com.capstone.aspect.LoggerAspect - Method arguments:[Ljava.lang.Object;@1dafc00d
2022-10-11 23:06:07 [http-nio-8085-exec-1] INFO  com.capstone.aspect.LoggerAspect - *************************************
2022-10-11 23:06:07 [http-nio-8085-exec-1] INFO  com.capstone.aspect.LoggerAspect - Method name: com.capstone.service.userServiceImpl
2022-10-11 23:06:07 [http-nio-8085-exec-1] INFO  com.capstone.aspect.LoggerAspect - Method arguments:[Ljava.lang.Object;@335d4edf
2022-10-11 23:06:07 [http-nio-8085-exec-1] INFO  com.capstone.aspect.LoggerAspect - *************************************
2022-10-11 23:06:07 [http-nio-8085-exec-1] INFO  com.capstone.aspect.LoggerAspect - During: class com.capstone.service.userServiceImpl.findByCustidAndPassword() with arguments=users [custid=202200001, password=Natwest@123, username=NATWEST1, email=natwest1@gmail.com]
2022-10-11 23:06:07 [http-nio-8085-exec-1] INFO  com.capstone.aspect.LoggerAspect - *************************************
2022-10-11 23:06:07 [http-nio-8085-exec-1] INFO  com.capstone.aspect.LoggerAspect - During: class com.capstone.controller.AuthenticationController.login() with arguments=<200 OK OK,{message=User successfully logged in, token=eyJhbGciOiJIUzI1NiJ9.eyJzdWIiOiIyMDIyMDAwMDEiLCJpYXQiOjE2NjU1MDk3NjcsImV4cCI6MTY2NTUxMzM2N30.88EPBrWHx5gDgBYCI3JMpUtEg2h32iRu7jtJr9CB8mk},[]>
2022-10-11 23:06:07 [http-nio-8085-exec-1] INFO  com.capstone.aspect.LoggerAspect - *************************************
2022-10-11 23:07:10 [AsyncResolver-bootstrap-executor-0] INFO  c.n.d.s.r.aws.ConfigClusterResolver - Resolving eureka endpoints via configuration
2022-10-11 23:08:28 [http-nio-8085-exec-3] INFO  com.capstone.aspect.LoggerAspect - Method name: com.capstone.controller.AuthenticationController
2022-10-11 23:08:28 [http-nio-8085-exec-3] INFO  com.capstone.aspect.LoggerAspect - Method arguments:[Ljava.lang.Object;@4e0a2784
2022-10-11 23:08:28 [http-nio-8085-exec-3] INFO  com.capstone.aspect.LoggerAspect - *************************************
2022-10-11 23:08:28 [http-nio-8085-exec-3] INFO  com.capstone.aspect.LoggerAspect - Method name: com.capstone.service.userServiceImpl
2022-10-11 23:08:28 [http-nio-8085-exec-3] INFO  com.capstone.aspect.LoggerAspect - Method arguments:[Ljava.lang.Object;@16d02911
2022-10-11 23:08:28 [http-nio-8085-exec-3] INFO  com.capstone.aspect.LoggerAspect - *************************************
2022-10-11 23:08:28 [http-nio-8085-exec-3] INFO  com.capstone.aspect.LoggerAspect - During: class com.capstone.service.userServiceImpl.findByCustidAndPassword() with arguments=users [custid=202200001, password=Natwest@123, username=NATWEST1, email=natwest1@gmail.com]
2022-10-11 23:08:28 [http-nio-8085-exec-3] INFO  com.capstone.aspect.LoggerAspect - *************************************
2022-10-11 23:08:28 [http-nio-8085-exec-3] INFO  com.capstone.aspect.LoggerAspect - During: class com.capstone.controller.AuthenticationController.login() with arguments=<200 OK OK,{message=User successfully logged in, token=eyJhbGciOiJIUzI1NiJ9.eyJzdWIiOiIyMDIyMDAwMDEiLCJpYXQiOjE2NjU1MDk5MDgsImV4cCI6MTY2NTUxMzUwOH0.9tR250_PhIN87fgF7jq2hzyLLlywL2f9c7M5zYxzRIA},[]>
2022-10-11 23:08:28 [http-nio-8085-exec-3] INFO  com.capstone.aspect.LoggerAspect - *************************************
2022-10-11 23:12:10 [AsyncResolver-bootstrap-executor-0] INFO  c.n.d.s.r.aws.ConfigClusterResolver - Resolving eureka endpoints via configuration
2022-10-11 23:17:10 [AsyncResolver-bootstrap-executor-0] INFO  c.n.d.s.r.aws.ConfigClusterResolver - Resolving eureka endpoints via configuration
2022-10-11 23:22:10 [AsyncResolver-bootstrap-executor-0] INFO  c.n.d.s.r.aws.ConfigClusterResolver - Resolving eureka endpoints via configuration
2022-10-11 23:27:10 [AsyncResolver-bootstrap-executor-0] INFO  c.n.d.s.r.aws.ConfigClusterResolver - Resolving eureka endpoints via configuration
2022-10-11 23:32:10 [AsyncResolver-bootstrap-executor-0] INFO  c.n.d.s.r.aws.ConfigClusterResolver - Resolving eureka endpoints via configuration
2022-10-11 23:37:10 [AsyncResolver-bootstrap-executor-0] INFO  c.n.d.s.r.aws.ConfigClusterResolver - Resolving eureka endpoints via configuration
2022-10-11 23:42:10 [AsyncResolver-bootstrap-executor-0] INFO  c.n.d.s.r.aws.ConfigClusterResolver - Resolving eureka endpoints via configuration
2022-10-11 23:47:10 [AsyncResolver-bootstrap-executor-0] INFO  c.n.d.s.r.aws.ConfigClusterResolver - Resolving eureka endpoints via configuration
2022-10-11 23:47:14 [http-nio-8085-exec-5] INFO  com.capstone.aspect.LoggerAspect - Method name: com.capstone.controller.AuthenticationController
2022-10-11 23:47:14 [http-nio-8085-exec-5] INFO  com.capstone.aspect.LoggerAspect - Method arguments:[Ljava.lang.Object;@565659b0
2022-10-11 23:47:14 [http-nio-8085-exec-5] INFO  com.capstone.aspect.LoggerAspect - *************************************
2022-10-11 23:47:14 [http-nio-8085-exec-5] INFO  com.capstone.aspect.LoggerAspect - Method name: com.capstone.service.userServiceImpl
2022-10-11 23:47:14 [http-nio-8085-exec-5] INFO  com.capstone.aspect.LoggerAspect - Method arguments:[Ljava.lang.Object;@3dab7ed8
2022-10-11 23:47:14 [http-nio-8085-exec-5] INFO  com.capstone.aspect.LoggerAspect - *************************************
2022-10-11 23:47:15 [http-nio-8085-exec-5] INFO  com.capstone.aspect.LoggerAspect - During: class com.capstone.service.userServiceImpl.findByCustidAndPassword() with arguments=users [custid=202200001, password=Natwest@123, username=NATWEST1, email=natwest1@gmail.com]
2022-10-11 23:47:15 [http-nio-8085-exec-5] INFO  com.capstone.aspect.LoggerAspect - *************************************
2022-10-11 23:47:15 [http-nio-8085-exec-5] INFO  com.capstone.aspect.LoggerAspect - During: class com.capstone.controller.AuthenticationController.login() with arguments=<200 OK OK,{message=User successfully logged in, token=eyJhbGciOiJIUzI1NiJ9.eyJzdWIiOiIyMDIyMDAwMDEiLCJpYXQiOjE2NjU1MTIyMzUsImV4cCI6MTY2NTUxNTgzNX0.-PqCkqy8NRN1BoJQUpjjOzGLgVHJGh3GVASEk4ptLOY},[]>
2022-10-11 23:47:15 [http-nio-8085-exec-5] INFO  com.capstone.aspect.LoggerAspect - *************************************
2022-10-11 23:52:10 [AsyncResolver-bootstrap-executor-0] INFO  c.n.d.s.r.aws.ConfigClusterResolver - Resolving eureka endpoints via configuration
2022-10-11 23:57:10 [AsyncResolver-bootstrap-executor-0] INFO  c.n.d.s.r.aws.ConfigClusterResolver - Resolving eureka endpoints via configuration
2022-10-12 00:02:10 [AsyncResolver-bootstrap-executor-0] INFO  c.n.d.s.r.aws.ConfigClusterResolver - Resolving eureka endpoints via configuration
2022-10-12 00:07:10 [AsyncResolver-bootstrap-executor-0] INFO  c.n.d.s.r.aws.ConfigClusterResolver - Resolving eureka endpoints via configuration
2022-10-12 00:12:10 [AsyncResolver-bootstrap-executor-0] INFO  c.n.d.s.r.aws.ConfigClusterResolver - Resolving eureka endpoints via configuration
2022-10-12 00:17:10 [AsyncResolver-bootstrap-executor-0] INFO  c.n.d.s.r.aws.ConfigClusterResolver - Resolving eureka endpoints via configuration
