2022-10-12 21:17:13 [restartedMain] INFO  c.c.AuthenticationApiApplication - Starting AuthenticationApiApplication using Java 17.0.2 on MOHAN with PID 12032 (C:\Users\mohan\Downloads\Natwest Capstone\frontend\spring-master\authentication-api\target\classes started by mohan in C:\Users\mohan\Downloads\Natwest Capstone\frontend\spring-master\authentication-api)
2022-10-12 21:17:13 [restartedMain] INFO  c.c.AuthenticationApiApplication - No active profile set, falling back to 1 default profile: "default"
2022-10-12 21:17:13 [restartedMain] INFO  o.s.b.d.e.DevToolsPropertyDefaultsPostProcessor - Devtools property defaults active! Set 'spring.devtools.add-properties' to 'false' to disable
2022-10-12 21:17:13 [restartedMain] INFO  o.s.b.d.e.DevToolsPropertyDefaultsPostProcessor - For additional web related logging consider setting the 'logging.level.web' property to 'DEBUG'
2022-10-12 21:17:14 [restartedMain] INFO  o.s.d.r.c.RepositoryConfigurationDelegate - Bootstrapping Spring Data JPA repositories in DEFAULT mode.
2022-10-12 21:17:14 [restartedMain] INFO  o.s.d.r.c.RepositoryConfigurationDelegate - Finished Spring Data repository scanning in 164 ms. Found 1 JPA repository interfaces.
2022-10-12 21:17:14 [restartedMain] INFO  o.s.cloud.context.scope.GenericScope - BeanFactory id=16579af9-00ee-3e25-b080-25549e0575a1
2022-10-12 21:17:15 [restartedMain] INFO  o.s.b.w.e.tomcat.TomcatWebServer - Tomcat initialized with port(s): 8085 (http)
2022-10-12 21:17:15 [restartedMain] INFO  o.a.coyote.http11.Http11NioProtocol - Initializing ProtocolHandler ["http-nio-8085"]
2022-10-12 21:17:15 [restartedMain] INFO  o.a.catalina.core.StandardService - Starting service [Tomcat]
2022-10-12 21:17:15 [restartedMain] INFO  o.a.catalina.core.StandardEngine - Starting Servlet engine: [Apache Tomcat/9.0.65]
2022-10-12 21:17:15 [restartedMain] INFO  o.a.c.c.C.[Tomcat].[localhost].[/] - Initializing Spring embedded WebApplicationContext
2022-10-12 21:17:15 [restartedMain] INFO  o.s.b.w.s.c.ServletWebServerApplicationContext - Root WebApplicationContext: initialization completed in 2239 ms
2022-10-12 21:17:15 [restartedMain] INFO  o.h.jpa.internal.util.LogHelper - HHH000204: Processing PersistenceUnitInfo [name: default]
2022-10-12 21:17:15 [restartedMain] INFO  org.hibernate.Version - HHH000412: Hibernate ORM core version 5.6.11.Final
2022-10-12 21:17:15 [restartedMain] INFO  o.h.annotations.common.Version - HCANN000001: Hibernate Commons Annotations {5.1.2.Final}
2022-10-12 21:17:15 [restartedMain] INFO  com.zaxxer.hikari.HikariDataSource - HikariPool-1 - Starting...
2022-10-12 21:17:16 [restartedMain] INFO  com.zaxxer.hikari.HikariDataSource - HikariPool-1 - Start completed.
2022-10-12 21:17:16 [restartedMain] INFO  org.hibernate.dialect.Dialect - HHH000400: Using dialect: org.hibernate.dialect.MySQL8Dialect
2022-10-12 21:17:17 [restartedMain] INFO  o.h.e.t.j.p.i.JtaPlatformInitiator - HHH000490: Using JtaPlatform implementation: [org.hibernate.engine.transaction.jta.platform.internal.NoJtaPlatform]
2022-10-12 21:17:17 [restartedMain] INFO  o.s.o.j.LocalContainerEntityManagerFactoryBean - Initialized JPA EntityManagerFactory for persistence unit 'default'
2022-10-12 21:17:17 [restartedMain] WARN  o.s.b.a.o.j.JpaBaseConfiguration$JpaWebConfiguration - spring.jpa.open-in-view is enabled by default. Therefore, database queries may be performed during view rendering. Explicitly configure spring.jpa.open-in-view to disable this warning
2022-10-12 21:17:17 [restartedMain] WARN  o.s.b.d.a.OptionalLiveReloadServer - Unable to start LiveReload server
2022-10-12 21:17:18 [restartedMain] INFO  o.s.c.n.e.c.DiscoveryClientOptionalArgsConfiguration - Eureka HTTP Client uses RestTemplate.
2022-10-12 21:17:18 [restartedMain] WARN  o.s.c.l.c.LoadBalancerCacheAutoConfiguration$LoadBalancerCaffeineWarnLogger - Spring Cloud LoadBalancer is currently working with the default cache. While this cache implementation is useful for development and tests, it's recommended to use Caffeine cache in production.You can switch to using Caffeine cache, by adding it and org.springframework.cache.caffeine.CaffeineCacheManager to the classpath.
2022-10-12 21:17:18 [restartedMain] INFO  o.s.c.n.eureka.InstanceInfoFactory - Setting initial instance status as: STARTING
2022-10-12 21:17:18 [restartedMain] INFO  c.netflix.discovery.DiscoveryClient - Initializing Eureka in region us-east-1
2022-10-12 21:17:18 [restartedMain] INFO  c.n.d.s.r.aws.ConfigClusterResolver - Resolving eureka endpoints via configuration
2022-10-12 21:17:18 [restartedMain] INFO  c.netflix.discovery.DiscoveryClient - Disable delta property : false
2022-10-12 21:17:18 [restartedMain] INFO  c.netflix.discovery.DiscoveryClient - Single vip registry refresh property : null
2022-10-12 21:17:18 [restartedMain] INFO  c.netflix.discovery.DiscoveryClient - Force full registry fetch : false
2022-10-12 21:17:18 [restartedMain] INFO  c.netflix.discovery.DiscoveryClient - Application is null : false
2022-10-12 21:17:18 [restartedMain] INFO  c.netflix.discovery.DiscoveryClient - Registered Applications size is zero : true
2022-10-12 21:17:18 [restartedMain] INFO  c.netflix.discovery.DiscoveryClient - Application version is -1: true
2022-10-12 21:17:18 [restartedMain] INFO  c.netflix.discovery.DiscoveryClient - Getting all instance registry info from the eureka server
2022-10-12 21:17:19 [restartedMain] INFO  c.netflix.discovery.DiscoveryClient - The response status is 200
2022-10-12 21:17:19 [restartedMain] INFO  c.netflix.discovery.DiscoveryClient - Starting heartbeat executor: renew interval is: 30
2022-10-12 21:17:19 [restartedMain] INFO  c.n.discovery.InstanceInfoReplicator - InstanceInfoReplicator onDemand update allowed rate per min is 4
2022-10-12 21:17:19 [restartedMain] INFO  c.netflix.discovery.DiscoveryClient - Discovery Client initialized at timestamp 1665589639100 with initial instances count: 2
2022-10-12 21:17:19 [restartedMain] INFO  o.s.c.n.e.s.EurekaServiceRegistry - Registering application AUTHENTICATION-API with eureka with status UP
2022-10-12 21:17:19 [restartedMain] INFO  c.netflix.discovery.DiscoveryClient - Saw local status change event StatusChangeEvent [timestamp=1665589639106, current=UP, previous=STARTING]
2022-10-12 21:17:19 [DiscoveryClient-InstanceInfoReplicator-0] INFO  c.netflix.discovery.DiscoveryClient - DiscoveryClient_AUTHENTICATION-API/192.168.0.7:authentication-api:8085: registering service...
2022-10-12 21:17:19 [restartedMain] INFO  o.a.coyote.http11.Http11NioProtocol - Starting ProtocolHandler ["http-nio-8085"]
2022-10-12 21:17:19 [restartedMain] INFO  o.s.b.w.e.tomcat.TomcatWebServer - Tomcat started on port(s): 8085 (http) with context path ''
2022-10-12 21:17:19 [restartedMain] INFO  o.s.c.n.e.s.EurekaAutoServiceRegistration - Updating port to 8085
2022-10-12 21:17:19 [DiscoveryClient-InstanceInfoReplicator-0] INFO  c.netflix.discovery.DiscoveryClient - DiscoveryClient_AUTHENTICATION-API/192.168.0.7:authentication-api:8085 - registration status: 204
2022-10-12 21:17:19 [restartedMain] INFO  c.c.AuthenticationApiApplication - Started AuthenticationApiApplication in 6.652 seconds (JVM running for 7.549)
2022-10-12 21:19:21 [http-nio-8085-exec-1] INFO  o.a.c.c.C.[Tomcat].[localhost].[/] - Initializing Spring DispatcherServlet 'dispatcherServlet'
2022-10-12 21:19:21 [http-nio-8085-exec-1] INFO  o.s.web.servlet.DispatcherServlet - Initializing Servlet 'dispatcherServlet'
2022-10-12 21:19:21 [http-nio-8085-exec-1] INFO  o.s.web.servlet.DispatcherServlet - Completed initialization in 24 ms
2022-10-12 21:19:21 [http-nio-8085-exec-2] INFO  com.capstone.aspect.LoggerAspect - Method name: com.capstone.controller.AuthenticationController
2022-10-12 21:19:21 [http-nio-8085-exec-2] INFO  com.capstone.aspect.LoggerAspect - Method arguments:[Ljava.lang.Object;@50680e76
2022-10-12 21:19:21 [http-nio-8085-exec-2] INFO  com.capstone.aspect.LoggerAspect - *************************************
2022-10-12 21:19:21 [http-nio-8085-exec-2] INFO  com.capstone.aspect.LoggerAspect - Method name: com.capstone.service.userServiceImpl
2022-10-12 21:19:21 [http-nio-8085-exec-2] INFO  com.capstone.aspect.LoggerAspect - Method arguments:[Ljava.lang.Object;@7295b376
2022-10-12 21:19:21 [http-nio-8085-exec-2] INFO  com.capstone.aspect.LoggerAspect - *************************************
2022-10-12 21:19:22 [http-nio-8085-exec-2] INFO  com.capstone.aspect.LoggerAspect - During: class com.capstone.service.userServiceImpl.findByCustidAndPassword() with arguments=users [custid=202200001, password=Natwest@123, username=NATWEST1, email=natwest1@gmail.com]
2022-10-12 21:19:22 [http-nio-8085-exec-2] INFO  com.capstone.aspect.LoggerAspect - *************************************
2022-10-12 21:19:22 [http-nio-8085-exec-2] INFO  com.capstone.aspect.LoggerAspect - During: class com.capstone.controller.AuthenticationController.login() with arguments=<200 OK OK,{message=User successfully logged in, token=eyJhbGciOiJIUzI1NiJ9.eyJzdWIiOiIyMDIyMDAwMDEiLCJpYXQiOjE2NjU1ODk3NjIsImV4cCI6MTY2NTU5MzM2Mn0.wrFDyefnU-J1vFNqpoUZv6bGITMFiSGDv3CCTa98az0},[]>
2022-10-12 21:19:22 [http-nio-8085-exec-2] INFO  com.capstone.aspect.LoggerAspect - *************************************
2022-10-12 21:22:18 [AsyncResolver-bootstrap-executor-0] INFO  c.n.d.s.r.aws.ConfigClusterResolver - Resolving eureka endpoints via configuration
2022-10-12 21:27:18 [AsyncResolver-bootstrap-executor-0] INFO  c.n.d.s.r.aws.ConfigClusterResolver - Resolving eureka endpoints via configuration
2022-10-12 21:32:18 [AsyncResolver-bootstrap-executor-0] INFO  c.n.d.s.r.aws.ConfigClusterResolver - Resolving eureka endpoints via configuration
2022-10-12 21:37:18 [AsyncResolver-bootstrap-executor-0] INFO  c.n.d.s.r.aws.ConfigClusterResolver - Resolving eureka endpoints via configuration
2022-10-12 21:42:18 [AsyncResolver-bootstrap-executor-0] INFO  c.n.d.s.r.aws.ConfigClusterResolver - Resolving eureka endpoints via configuration
2022-10-12 21:47:18 [AsyncResolver-bootstrap-executor-0] INFO  c.n.d.s.r.aws.ConfigClusterResolver - Resolving eureka endpoints via configuration
2022-10-12 21:52:18 [AsyncResolver-bootstrap-executor-0] INFO  c.n.d.s.r.aws.ConfigClusterResolver - Resolving eureka endpoints via configuration
2022-10-12 21:57:18 [AsyncResolver-bootstrap-executor-0] INFO  c.n.d.s.r.aws.ConfigClusterResolver - Resolving eureka endpoints via configuration
2022-10-12 22:02:18 [AsyncResolver-bootstrap-executor-0] INFO  c.n.d.s.r.aws.ConfigClusterResolver - Resolving eureka endpoints via configuration
2022-10-12 22:07:18 [AsyncResolver-bootstrap-executor-0] INFO  c.n.d.s.r.aws.ConfigClusterResolver - Resolving eureka endpoints via configuration
2022-10-12 22:12:18 [AsyncResolver-bootstrap-executor-0] INFO  c.n.d.s.r.aws.ConfigClusterResolver - Resolving eureka endpoints via configuration
2022-10-12 22:17:18 [AsyncResolver-bootstrap-executor-0] INFO  c.n.d.s.r.aws.ConfigClusterResolver - Resolving eureka endpoints via configuration
2022-10-12 22:22:18 [AsyncResolver-bootstrap-executor-0] INFO  c.n.d.s.r.aws.ConfigClusterResolver - Resolving eureka endpoints via configuration
2022-10-12 22:27:04 [http-nio-8085-exec-5] INFO  com.capstone.aspect.LoggerAspect - Method name: com.capstone.controller.AuthenticationController
2022-10-12 22:27:04 [http-nio-8085-exec-5] INFO  com.capstone.aspect.LoggerAspect - Method arguments:[Ljava.lang.Object;@3a9ce2f
2022-10-12 22:27:04 [http-nio-8085-exec-5] INFO  com.capstone.aspect.LoggerAspect - *************************************
2022-10-12 22:27:04 [http-nio-8085-exec-5] INFO  com.capstone.aspect.LoggerAspect - Method name: com.capstone.service.userServiceImpl
2022-10-12 22:27:04 [http-nio-8085-exec-5] INFO  com.capstone.aspect.LoggerAspect - Method arguments:[Ljava.lang.Object;@2f4be1c6
2022-10-12 22:27:04 [http-nio-8085-exec-5] INFO  com.capstone.aspect.LoggerAspect - *************************************
2022-10-12 22:27:04 [http-nio-8085-exec-5] INFO  com.capstone.aspect.LoggerAspect - During: class com.capstone.service.userServiceImpl.findByCustidAndPassword() with arguments=users [custid=202200001, password=Natwest@123, username=NATWEST1, email=natwest1@gmail.com]
2022-10-12 22:27:04 [http-nio-8085-exec-5] INFO  com.capstone.aspect.LoggerAspect - *************************************
2022-10-12 22:27:04 [http-nio-8085-exec-5] INFO  com.capstone.aspect.LoggerAspect - During: class com.capstone.controller.AuthenticationController.login() with arguments=<200 OK OK,{message=User successfully logged in, token=eyJhbGciOiJIUzI1NiJ9.eyJzdWIiOiIyMDIyMDAwMDEiLCJpYXQiOjE2NjU1OTM4MjQsImV4cCI6MTY2NTU5NzQyNH0.303_BcnGTbehbH58Hj9GC6vzshuF9QCr49_ZKOs4-HQ},[]>
2022-10-12 22:27:04 [http-nio-8085-exec-5] INFO  com.capstone.aspect.LoggerAspect - *************************************
2022-10-12 22:27:18 [AsyncResolver-bootstrap-executor-0] INFO  c.n.d.s.r.aws.ConfigClusterResolver - Resolving eureka endpoints via configuration
2022-10-12 22:32:18 [AsyncResolver-bootstrap-executor-0] INFO  c.n.d.s.r.aws.ConfigClusterResolver - Resolving eureka endpoints via configuration
2022-10-12 22:37:18 [AsyncResolver-bootstrap-executor-0] INFO  c.n.d.s.r.aws.ConfigClusterResolver - Resolving eureka endpoints via configuration
2022-10-12 22:42:18 [AsyncResolver-bootstrap-executor-0] INFO  c.n.d.s.r.aws.ConfigClusterResolver - Resolving eureka endpoints via configuration
2022-10-12 22:47:18 [AsyncResolver-bootstrap-executor-0] INFO  c.n.d.s.r.aws.ConfigClusterResolver - Resolving eureka endpoints via configuration
2022-10-12 22:52:18 [AsyncResolver-bootstrap-executor-0] INFO  c.n.d.s.r.aws.ConfigClusterResolver - Resolving eureka endpoints via configuration
2022-10-12 22:57:18 [AsyncResolver-bootstrap-executor-0] INFO  c.n.d.s.r.aws.ConfigClusterResolver - Resolving eureka endpoints via configuration
2022-10-12 23:02:18 [AsyncResolver-bootstrap-executor-0] INFO  c.n.d.s.r.aws.ConfigClusterResolver - Resolving eureka endpoints via configuration
2022-10-12 23:07:18 [AsyncResolver-bootstrap-executor-0] INFO  c.n.d.s.r.aws.ConfigClusterResolver - Resolving eureka endpoints via configuration
2022-10-12 23:12:18 [AsyncResolver-bootstrap-executor-0] INFO  c.n.d.s.r.aws.ConfigClusterResolver - Resolving eureka endpoints via configuration
2022-10-12 23:17:18 [AsyncResolver-bootstrap-executor-0] INFO  c.n.d.s.r.aws.ConfigClusterResolver - Resolving eureka endpoints via configuration
2022-10-12 23:22:18 [AsyncResolver-bootstrap-executor-0] INFO  c.n.d.s.r.aws.ConfigClusterResolver - Resolving eureka endpoints via configuration
2022-10-12 23:27:18 [AsyncResolver-bootstrap-executor-0] INFO  c.n.d.s.r.aws.ConfigClusterResolver - Resolving eureka endpoints via configuration
2022-10-12 23:32:18 [AsyncResolver-bootstrap-executor-0] INFO  c.n.d.s.r.aws.ConfigClusterResolver - Resolving eureka endpoints via configuration
2022-10-12 23:34:05 [http-nio-8085-exec-8] INFO  com.capstone.aspect.LoggerAspect - Method name: com.capstone.controller.AuthenticationController
2022-10-12 23:34:05 [http-nio-8085-exec-8] INFO  com.capstone.aspect.LoggerAspect - Method arguments:[Ljava.lang.Object;@53adc84d
2022-10-12 23:34:05 [http-nio-8085-exec-8] INFO  com.capstone.aspect.LoggerAspect - *************************************
2022-10-12 23:34:05 [http-nio-8085-exec-8] INFO  com.capstone.aspect.LoggerAspect - Method name: com.capstone.service.userServiceImpl
2022-10-12 23:34:05 [http-nio-8085-exec-8] INFO  com.capstone.aspect.LoggerAspect - Method arguments:[Ljava.lang.Object;@76a3a6fb
2022-10-12 23:34:05 [http-nio-8085-exec-8] INFO  com.capstone.aspect.LoggerAspect - *************************************
2022-10-12 23:34:05 [http-nio-8085-exec-8] INFO  com.capstone.aspect.LoggerAspect - During: class com.capstone.service.userServiceImpl.findByCustidAndPassword() with arguments=users [custid=202200001, password=Natwest@123, username=NATWEST1, email=natwest1@gmail.com]
2022-10-12 23:34:05 [http-nio-8085-exec-8] INFO  com.capstone.aspect.LoggerAspect - *************************************
2022-10-12 23:34:05 [http-nio-8085-exec-8] INFO  com.capstone.aspect.LoggerAspect - During: class com.capstone.controller.AuthenticationController.login() with arguments=<200 OK OK,{message=User successfully logged in, token=eyJhbGciOiJIUzI1NiJ9.eyJzdWIiOiIyMDIyMDAwMDEiLCJpYXQiOjE2NjU1OTc4NDUsImV4cCI6MTY2NTYwMTQ0NX0.Asm5ANTj5_A49yqk-buJYKwK49Cp3tD8XBPybLCaMYQ},[]>
2022-10-12 23:34:05 [http-nio-8085-exec-8] INFO  com.capstone.aspect.LoggerAspect - *************************************
2022-10-12 23:37:18 [AsyncResolver-bootstrap-executor-0] INFO  c.n.d.s.r.aws.ConfigClusterResolver - Resolving eureka endpoints via configuration
2022-10-12 23:42:18 [AsyncResolver-bootstrap-executor-0] INFO  c.n.d.s.r.aws.ConfigClusterResolver - Resolving eureka endpoints via configuration
2022-10-12 23:47:18 [AsyncResolver-bootstrap-executor-0] INFO  c.n.d.s.r.aws.ConfigClusterResolver - Resolving eureka endpoints via configuration
2022-10-12 23:52:18 [AsyncResolver-bootstrap-executor-0] INFO  c.n.d.s.r.aws.ConfigClusterResolver - Resolving eureka endpoints via configuration
2022-10-12 23:57:18 [AsyncResolver-bootstrap-executor-0] INFO  c.n.d.s.r.aws.ConfigClusterResolver - Resolving eureka endpoints via configuration
2022-10-13 00:02:19 [AsyncResolver-bootstrap-executor-0] INFO  c.n.d.s.r.aws.ConfigClusterResolver - Resolving eureka endpoints via configuration
2022-10-13 00:07:19 [AsyncResolver-bootstrap-executor-0] INFO  c.n.d.s.r.aws.ConfigClusterResolver - Resolving eureka endpoints via configuration
2022-10-13 00:11:41 [http-nio-8085-exec-10] INFO  com.capstone.aspect.LoggerAspect - Method name: com.capstone.controller.AuthenticationController
2022-10-13 00:11:41 [http-nio-8085-exec-10] INFO  com.capstone.aspect.LoggerAspect - Method arguments:[Ljava.lang.Object;@513189e9
2022-10-13 00:11:41 [http-nio-8085-exec-10] INFO  com.capstone.aspect.LoggerAspect - *************************************
2022-10-13 00:11:41 [http-nio-8085-exec-10] INFO  com.capstone.aspect.LoggerAspect - Method name: com.capstone.service.userServiceImpl
2022-10-13 00:11:41 [http-nio-8085-exec-10] INFO  com.capstone.aspect.LoggerAspect - Method arguments:[Ljava.lang.Object;@5ff66dbf
2022-10-13 00:11:41 [http-nio-8085-exec-10] INFO  com.capstone.aspect.LoggerAspect - *************************************
2022-10-13 00:11:41 [http-nio-8085-exec-10] INFO  com.capstone.aspect.LoggerAspect - During: class com.capstone.service.userServiceImpl.findByCustidAndPassword() with arguments=users [custid=202200001, password=Natwest@123, username=NATWEST1, email=natwest1@gmail.com]
2022-10-13 00:11:41 [http-nio-8085-exec-10] INFO  com.capstone.aspect.LoggerAspect - *************************************
2022-10-13 00:11:41 [http-nio-8085-exec-10] INFO  com.capstone.aspect.LoggerAspect - During: class com.capstone.controller.AuthenticationController.login() with arguments=<200 OK OK,{message=User successfully logged in, token=eyJhbGciOiJIUzI1NiJ9.eyJzdWIiOiIyMDIyMDAwMDEiLCJpYXQiOjE2NjU2MDAxMDEsImV4cCI6MTY2NTYwMzcwMX0.LYTe0q1uA0Zhdda2l_NvqjwwmNwdk4kcIH29RUW_agE},[]>
2022-10-13 00:11:41 [http-nio-8085-exec-10] INFO  com.capstone.aspect.LoggerAspect - *************************************
2022-10-13 00:12:19 [AsyncResolver-bootstrap-executor-0] INFO  c.n.d.s.r.aws.ConfigClusterResolver - Resolving eureka endpoints via configuration
2022-10-13 00:17:19 [AsyncResolver-bootstrap-executor-0] INFO  c.n.d.s.r.aws.ConfigClusterResolver - Resolving eureka endpoints via configuration
2022-10-13 00:21:43 [http-nio-8085-exec-3] INFO  com.capstone.aspect.LoggerAspect - Method name: com.capstone.controller.AuthenticationController
2022-10-13 00:21:43 [http-nio-8085-exec-3] INFO  com.capstone.aspect.LoggerAspect - Method arguments:[Ljava.lang.Object;@1612388d
2022-10-13 00:21:43 [http-nio-8085-exec-3] INFO  com.capstone.aspect.LoggerAspect - *************************************
2022-10-13 00:21:43 [http-nio-8085-exec-3] INFO  com.capstone.aspect.LoggerAspect - Method name: com.capstone.service.userServiceImpl
2022-10-13 00:21:43 [http-nio-8085-exec-3] INFO  com.capstone.aspect.LoggerAspect - Method arguments:[Ljava.lang.Object;@18d5d43f
2022-10-13 00:21:43 [http-nio-8085-exec-3] INFO  com.capstone.aspect.LoggerAspect - *************************************
2022-10-13 00:21:43 [http-nio-8085-exec-3] INFO  com.capstone.aspect.LoggerAspect - During: class com.capstone.service.userServiceImpl.findByCustidAndPassword() with arguments=null
2022-10-13 00:21:43 [http-nio-8085-exec-3] INFO  com.capstone.aspect.LoggerAspect - *************************************
2022-10-13 00:21:43 [http-nio-8085-exec-3] INFO  com.capstone.aspect.LoggerAspect - During: class com.capstone.controller.AuthenticationController.login() with arguments=<401 UNAUTHORIZED Unauthorized,{message=Customer-id or password incorrect, token=null},[]>
2022-10-13 00:21:43 [http-nio-8085-exec-3] INFO  com.capstone.aspect.LoggerAspect - *************************************
2022-10-13 00:21:44 [http-nio-8085-exec-4] INFO  com.capstone.aspect.LoggerAspect - Method name: com.capstone.controller.AuthenticationController
2022-10-13 00:21:44 [http-nio-8085-exec-4] INFO  com.capstone.aspect.LoggerAspect - Method arguments:[Ljava.lang.Object;@7f3c365
2022-10-13 00:21:44 [http-nio-8085-exec-4] INFO  com.capstone.aspect.LoggerAspect - *************************************
2022-10-13 00:21:44 [http-nio-8085-exec-4] INFO  com.capstone.aspect.LoggerAspect - Method name: com.capstone.service.userServiceImpl
2022-10-13 00:21:44 [http-nio-8085-exec-4] INFO  com.capstone.aspect.LoggerAspect - Method arguments:[Ljava.lang.Object;@60a6df2
2022-10-13 00:21:44 [http-nio-8085-exec-4] INFO  com.capstone.aspect.LoggerAspect - *************************************
2022-10-13 00:21:44 [http-nio-8085-exec-4] INFO  com.capstone.aspect.LoggerAspect - During: class com.capstone.service.userServiceImpl.findByCustidAndPassword() with arguments=null
2022-10-13 00:21:44 [http-nio-8085-exec-4] INFO  com.capstone.aspect.LoggerAspect - *************************************
2022-10-13 00:21:44 [http-nio-8085-exec-4] INFO  com.capstone.aspect.LoggerAspect - During: class com.capstone.controller.AuthenticationController.login() with arguments=<401 UNAUTHORIZED Unauthorized,{message=Customer-id or password incorrect, token=null},[]>
2022-10-13 00:21:44 [http-nio-8085-exec-4] INFO  com.capstone.aspect.LoggerAspect - *************************************
2022-10-13 00:21:55 [http-nio-8085-exec-5] INFO  com.capstone.aspect.LoggerAspect - Method name: com.capstone.controller.AuthenticationController
2022-10-13 00:21:55 [http-nio-8085-exec-5] INFO  com.capstone.aspect.LoggerAspect - Method arguments:[Ljava.lang.Object;@3364bf18
2022-10-13 00:21:55 [http-nio-8085-exec-5] INFO  com.capstone.aspect.LoggerAspect - *************************************
2022-10-13 00:21:55 [http-nio-8085-exec-5] INFO  com.capstone.aspect.LoggerAspect - Method name: com.capstone.service.userServiceImpl
2022-10-13 00:21:55 [http-nio-8085-exec-5] INFO  com.capstone.aspect.LoggerAspect - Method arguments:[Ljava.lang.Object;@33beec82
2022-10-13 00:21:55 [http-nio-8085-exec-5] INFO  com.capstone.aspect.LoggerAspect - *************************************
2022-10-13 00:21:55 [http-nio-8085-exec-5] INFO  com.capstone.aspect.LoggerAspect - During: class com.capstone.service.userServiceImpl.findByCustidAndPassword() with arguments=users [custid=202200001, password=Natwest@123, username=NATWEST1, email=natwest1@gmail.com]
2022-10-13 00:21:55 [http-nio-8085-exec-5] INFO  com.capstone.aspect.LoggerAspect - *************************************
2022-10-13 00:21:55 [http-nio-8085-exec-5] INFO  com.capstone.aspect.LoggerAspect - During: class com.capstone.controller.AuthenticationController.login() with arguments=<200 OK OK,{message=User successfully logged in, token=eyJhbGciOiJIUzI1NiJ9.eyJzdWIiOiIyMDIyMDAwMDEiLCJpYXQiOjE2NjU2MDA3MTUsImV4cCI6MTY2NTYwNDMxNX0.CMWuSgaQmw3xfAgMF-6a535SawiN40gaIAX_B9jfTBQ},[]>
2022-10-13 00:21:55 [http-nio-8085-exec-5] INFO  com.capstone.aspect.LoggerAspect - *************************************
2022-10-13 00:22:02 [http-nio-8085-exec-7] WARN  o.s.w.s.m.s.DefaultHandlerExceptionResolver - Resolved [org.springframework.http.converter.HttpMessageNotReadableException: JSON parse error: Numeric value (203242200001) out of range of int (-2147483648 - 2147483647); nested exception is com.fasterxml.jackson.databind.JsonMappingException: Numeric value (203242200001) out of range of int (-2147483648 - 2147483647)<EOL> at [Source: (org.springframework.util.StreamUtils$NonClosingInputStream); line: 1, column: 23] (through reference chain: com.capstone.model.users["custid"])]
2022-10-13 00:22:19 [AsyncResolver-bootstrap-executor-0] INFO  c.n.d.s.r.aws.ConfigClusterResolver - Resolving eureka endpoints via configuration
2022-10-13 00:22:19 [http-nio-8085-exec-8] INFO  com.capstone.aspect.LoggerAspect - Method name: com.capstone.controller.AuthenticationController
2022-10-13 00:22:19 [http-nio-8085-exec-8] INFO  com.capstone.aspect.LoggerAspect - Method arguments:[Ljava.lang.Object;@69129fdd
2022-10-13 00:22:19 [http-nio-8085-exec-8] INFO  com.capstone.aspect.LoggerAspect - *************************************
2022-10-13 00:22:19 [http-nio-8085-exec-8] INFO  com.capstone.aspect.LoggerAspect - Method name: com.capstone.service.userServiceImpl
2022-10-13 00:22:19 [http-nio-8085-exec-8] INFO  com.capstone.aspect.LoggerAspect - Method arguments:[Ljava.lang.Object;@48fa531
2022-10-13 00:22:19 [http-nio-8085-exec-8] INFO  com.capstone.aspect.LoggerAspect - *************************************
2022-10-13 00:22:19 [http-nio-8085-exec-8] INFO  com.capstone.aspect.LoggerAspect - During: class com.capstone.service.userServiceImpl.findByCustidAndPassword() with arguments=users [custid=202200001, password=Natwest@123, username=NATWEST1, email=natwest1@gmail.com]
2022-10-13 00:22:19 [http-nio-8085-exec-8] INFO  com.capstone.aspect.LoggerAspect - *************************************
2022-10-13 00:22:19 [http-nio-8085-exec-8] INFO  com.capstone.aspect.LoggerAspect - During: class com.capstone.controller.AuthenticationController.login() with arguments=<200 OK OK,{message=User successfully logged in, token=eyJhbGciOiJIUzI1NiJ9.eyJzdWIiOiIyMDIyMDAwMDEiLCJpYXQiOjE2NjU2MDA3MzksImV4cCI6MTY2NTYwNDMzOX0.PBVl_9FWy_3SB1NHYgE1OVWYuDue3pQrMB02K2Yic7k},[]>
2022-10-13 00:22:19 [http-nio-8085-exec-8] INFO  com.capstone.aspect.LoggerAspect - *************************************
2022-10-13 00:22:29 [http-nio-8085-exec-1] WARN  o.s.w.s.m.s.DefaultHandlerExceptionResolver - Resolved [org.springframework.http.converter.HttpMessageNotReadableException: JSON parse error: Numeric value (2022342200001) out of range of int (-2147483648 - 2147483647); nested exception is com.fasterxml.jackson.databind.JsonMappingException: Numeric value (2022342200001) out of range of int (-2147483648 - 2147483647)<EOL> at [Source: (org.springframework.util.StreamUtils$NonClosingInputStream); line: 1, column: 24] (through reference chain: com.capstone.model.users["custid"])]
2022-10-13 00:23:11 [http-nio-8085-exec-10] INFO  com.capstone.aspect.LoggerAspect - Method name: com.capstone.controller.AuthenticationController
2022-10-13 00:23:11 [http-nio-8085-exec-10] INFO  com.capstone.aspect.LoggerAspect - Method arguments:[Ljava.lang.Object;@7bd2c711
2022-10-13 00:23:11 [http-nio-8085-exec-10] INFO  com.capstone.aspect.LoggerAspect - *************************************
2022-10-13 00:23:11 [http-nio-8085-exec-10] INFO  com.capstone.aspect.LoggerAspect - Method name: com.capstone.service.userServiceImpl
2022-10-13 00:23:11 [http-nio-8085-exec-10] INFO  com.capstone.aspect.LoggerAspect - Method arguments:[Ljava.lang.Object;@2af56384
2022-10-13 00:23:11 [http-nio-8085-exec-10] INFO  com.capstone.aspect.LoggerAspect - *************************************
2022-10-13 00:23:11 [http-nio-8085-exec-10] INFO  com.capstone.aspect.LoggerAspect - During: class com.capstone.service.userServiceImpl.findByCustidAndPassword() with arguments=null
2022-10-13 00:23:11 [http-nio-8085-exec-10] INFO  com.capstone.aspect.LoggerAspect - *************************************
2022-10-13 00:23:11 [http-nio-8085-exec-10] INFO  com.capstone.aspect.LoggerAspect - During: class com.capstone.controller.AuthenticationController.login() with arguments=<401 UNAUTHORIZED Unauthorized,{message=Customer-id or password incorrect, token=null},[]>
2022-10-13 00:23:11 [http-nio-8085-exec-10] INFO  com.capstone.aspect.LoggerAspect - *************************************
2022-10-13 00:25:34 [http-nio-8085-exec-3] WARN  o.s.w.s.m.s.DefaultHandlerExceptionResolver - Resolved [org.springframework.http.converter.HttpMessageNotReadableException: JSON parse error: Numeric value (202123200001) out of range of int (-2147483648 - 2147483647); nested exception is com.fasterxml.jackson.databind.JsonMappingException: Numeric value (202123200001) out of range of int (-2147483648 - 2147483647)<EOL> at [Source: (org.springframework.util.StreamUtils$NonClosingInputStream); line: 1, column: 23] (through reference chain: com.capstone.model.users["custid"])]
2022-10-13 00:25:41 [http-nio-8085-exec-4] INFO  com.capstone.aspect.LoggerAspect - Method name: com.capstone.controller.AuthenticationController
2022-10-13 00:25:41 [http-nio-8085-exec-4] INFO  com.capstone.aspect.LoggerAspect - Method arguments:[Ljava.lang.Object;@326ca8de
2022-10-13 00:25:41 [http-nio-8085-exec-4] INFO  com.capstone.aspect.LoggerAspect - *************************************
2022-10-13 00:25:41 [http-nio-8085-exec-4] INFO  com.capstone.aspect.LoggerAspect - Method name: com.capstone.service.userServiceImpl
2022-10-13 00:25:41 [http-nio-8085-exec-4] INFO  com.capstone.aspect.LoggerAspect - Method arguments:[Ljava.lang.Object;@7290e2a7
2022-10-13 00:25:41 [http-nio-8085-exec-4] INFO  com.capstone.aspect.LoggerAspect - *************************************
2022-10-13 00:25:41 [http-nio-8085-exec-4] INFO  com.capstone.aspect.LoggerAspect - During: class com.capstone.service.userServiceImpl.findByCustidAndPassword() with arguments=users [custid=202200001, password=Natwest@123, username=NATWEST1, email=natwest1@gmail.com]
2022-10-13 00:25:41 [http-nio-8085-exec-4] INFO  com.capstone.aspect.LoggerAspect - *************************************
2022-10-13 00:25:41 [http-nio-8085-exec-4] INFO  com.capstone.aspect.LoggerAspect - During: class com.capstone.controller.AuthenticationController.login() with arguments=<200 OK OK,{message=User successfully logged in, token=eyJhbGciOiJIUzI1NiJ9.eyJzdWIiOiIyMDIyMDAwMDEiLCJpYXQiOjE2NjU2MDA5NDEsImV4cCI6MTY2NTYwNDU0MX0.2vg_DizCCqw3sBo8x7-tU_acBFoYKResZHdOidp7RlE},[]>
2022-10-13 00:25:41 [http-nio-8085-exec-4] INFO  com.capstone.aspect.LoggerAspect - *************************************
