2022-10-11 16:12:35 [restartedMain] INFO  com.capstone.EmiApiApplication - Starting EmiApiApplication using Java 17.0.2 on MOHAN with PID 24796 (C:\Users\mohan\Downloads\Natwest Capstone\frontend\spring-master\emi-api\target\classes started by mohan in C:\Users\mohan\Downloads\Natwest Capstone\frontend\spring-master\emi-api)
2022-10-11 16:12:35 [restartedMain] INFO  com.capstone.EmiApiApplication - No active profile set, falling back to 1 default profile: "default"
2022-10-11 16:12:35 [restartedMain] INFO  o.s.b.d.e.DevToolsPropertyDefaultsPostProcessor - Devtools property defaults active! Set 'spring.devtools.add-properties' to 'false' to disable
2022-10-11 16:12:35 [restartedMain] INFO  o.s.b.d.e.DevToolsPropertyDefaultsPostProcessor - For additional web related logging consider setting the 'logging.level.web' property to 'DEBUG'
2022-10-11 16:12:36 [restartedMain] INFO  o.s.d.r.c.RepositoryConfigurationDelegate - Bootstrapping Spring Data JPA repositories in DEFAULT mode.
2022-10-11 16:12:36 [restartedMain] INFO  o.s.d.r.c.RepositoryConfigurationDelegate - Finished Spring Data repository scanning in 155 ms. Found 1 JPA repository interfaces.
2022-10-11 16:12:36 [restartedMain] INFO  o.s.cloud.context.scope.GenericScope - BeanFactory id=27ea66f2-a049-32ee-806a-2cfedeab83d8
2022-10-11 16:12:37 [restartedMain] INFO  o.s.b.w.e.tomcat.TomcatWebServer - Tomcat initialized with port(s): 8081 (http)
2022-10-11 16:12:37 [restartedMain] INFO  o.a.coyote.http11.Http11NioProtocol - Initializing ProtocolHandler ["http-nio-8081"]
2022-10-11 16:12:37 [restartedMain] INFO  o.a.catalina.core.StandardService - Starting service [Tomcat]
2022-10-11 16:12:37 [restartedMain] INFO  o.a.catalina.core.StandardEngine - Starting Servlet engine: [Apache Tomcat/9.0.65]
2022-10-11 16:12:37 [restartedMain] INFO  o.a.c.c.C.[Tomcat].[localhost].[/] - Initializing Spring embedded WebApplicationContext
2022-10-11 16:12:37 [restartedMain] INFO  o.s.b.w.s.c.ServletWebServerApplicationContext - Root WebApplicationContext: initialization completed in 2113 ms
2022-10-11 16:12:38 [restartedMain] INFO  o.h.jpa.internal.util.LogHelper - HHH000204: Processing PersistenceUnitInfo [name: default]
2022-10-11 16:12:38 [restartedMain] INFO  org.hibernate.Version - HHH000412: Hibernate ORM core version 5.6.11.Final
2022-10-11 16:12:38 [restartedMain] INFO  o.h.annotations.common.Version - HCANN000001: Hibernate Commons Annotations {5.1.2.Final}
2022-10-11 16:12:38 [restartedMain] INFO  com.zaxxer.hikari.HikariDataSource - HikariPool-1 - Starting...
2022-10-11 16:12:38 [restartedMain] INFO  com.zaxxer.hikari.HikariDataSource - HikariPool-1 - Start completed.
2022-10-11 16:12:39 [restartedMain] INFO  org.hibernate.dialect.Dialect - HHH000400: Using dialect: org.hibernate.dialect.MySQL8Dialect
2022-10-11 16:12:39 [restartedMain] INFO  o.h.e.t.j.p.i.JtaPlatformInitiator - HHH000490: Using JtaPlatform implementation: [org.hibernate.engine.transaction.jta.platform.internal.NoJtaPlatform]
2022-10-11 16:12:39 [restartedMain] INFO  o.s.o.j.LocalContainerEntityManagerFactoryBean - Initialized JPA EntityManagerFactory for persistence unit 'default'
2022-10-11 16:12:40 [restartedMain] WARN  o.s.b.a.o.j.JpaBaseConfiguration$JpaWebConfiguration - spring.jpa.open-in-view is enabled by default. Therefore, database queries may be performed during view rendering. Explicitly configure spring.jpa.open-in-view to disable this warning
2022-10-11 16:12:40 [restartedMain] WARN  o.s.b.d.a.OptionalLiveReloadServer - Unable to start LiveReload server
2022-10-11 16:12:40 [restartedMain] INFO  o.s.c.n.e.c.DiscoveryClientOptionalArgsConfiguration - Eureka HTTP Client uses RestTemplate.
2022-10-11 16:12:40 [restartedMain] WARN  o.s.c.l.c.LoadBalancerCacheAutoConfiguration$LoadBalancerCaffeineWarnLogger - Spring Cloud LoadBalancer is currently working with the default cache. While this cache implementation is useful for development and tests, it's recommended to use Caffeine cache in production.You can switch to using Caffeine cache, by adding it and org.springframework.cache.caffeine.CaffeineCacheManager to the classpath.
2022-10-11 16:12:40 [restartedMain] INFO  o.s.c.n.eureka.InstanceInfoFactory - Setting initial instance status as: STARTING
2022-10-11 16:12:40 [restartedMain] INFO  c.netflix.discovery.DiscoveryClient - Initializing Eureka in region us-east-1
2022-10-11 16:12:40 [restartedMain] INFO  c.n.d.s.r.aws.ConfigClusterResolver - Resolving eureka endpoints via configuration
2022-10-11 16:12:40 [restartedMain] INFO  c.netflix.discovery.DiscoveryClient - Disable delta property : false
2022-10-11 16:12:40 [restartedMain] INFO  c.netflix.discovery.DiscoveryClient - Single vip registry refresh property : null
2022-10-11 16:12:40 [restartedMain] INFO  c.netflix.discovery.DiscoveryClient - Force full registry fetch : false
2022-10-11 16:12:40 [restartedMain] INFO  c.netflix.discovery.DiscoveryClient - Application is null : false
2022-10-11 16:12:40 [restartedMain] INFO  c.netflix.discovery.DiscoveryClient - Registered Applications size is zero : true
2022-10-11 16:12:40 [restartedMain] INFO  c.netflix.discovery.DiscoveryClient - Application version is -1: true
2022-10-11 16:12:40 [restartedMain] INFO  c.netflix.discovery.DiscoveryClient - Getting all instance registry info from the eureka server
2022-10-11 16:12:41 [restartedMain] INFO  c.netflix.discovery.DiscoveryClient - The response status is 200
2022-10-11 16:12:41 [restartedMain] INFO  c.netflix.discovery.DiscoveryClient - Starting heartbeat executor: renew interval is: 30
2022-10-11 16:12:41 [restartedMain] INFO  c.n.discovery.InstanceInfoReplicator - InstanceInfoReplicator onDemand update allowed rate per min is 4
2022-10-11 16:12:41 [restartedMain] INFO  c.netflix.discovery.DiscoveryClient - Discovery Client initialized at timestamp 1665484961185 with initial instances count: 2
2022-10-11 16:12:41 [restartedMain] INFO  o.s.c.n.e.s.EurekaServiceRegistry - Registering application EMI-API with eureka with status UP
2022-10-11 16:12:41 [restartedMain] INFO  c.netflix.discovery.DiscoveryClient - Saw local status change event StatusChangeEvent [timestamp=1665484961189, current=UP, previous=STARTING]
2022-10-11 16:12:41 [DiscoveryClient-InstanceInfoReplicator-0] INFO  c.netflix.discovery.DiscoveryClient - DiscoveryClient_EMI-API/192.168.0.4:emi-api:8081: registering service...
2022-10-11 16:12:41 [restartedMain] INFO  o.a.coyote.http11.Http11NioProtocol - Starting ProtocolHandler ["http-nio-8081"]
2022-10-11 16:12:41 [restartedMain] INFO  o.s.b.w.e.tomcat.TomcatWebServer - Tomcat started on port(s): 8081 (http) with context path ''
2022-10-11 16:12:41 [restartedMain] INFO  o.s.c.n.e.s.EurekaAutoServiceRegistration - Updating port to 8081
2022-10-11 16:12:41 [DiscoveryClient-InstanceInfoReplicator-0] INFO  c.netflix.discovery.DiscoveryClient - DiscoveryClient_EMI-API/192.168.0.4:emi-api:8081 - registration status: 204
2022-10-11 16:12:41 [restartedMain] INFO  com.capstone.EmiApiApplication - Started EmiApiApplication in 6.243 seconds (JVM running for 7.783)
2022-10-11 16:13:44 [http-nio-8081-exec-1] INFO  o.a.c.c.C.[Tomcat].[localhost].[/] - Initializing Spring DispatcherServlet 'dispatcherServlet'
2022-10-11 16:13:44 [http-nio-8081-exec-1] INFO  o.s.web.servlet.DispatcherServlet - Initializing Servlet 'dispatcherServlet'
2022-10-11 16:13:44 [http-nio-8081-exec-1] INFO  o.s.web.servlet.DispatcherServlet - Completed initialization in 1 ms
2022-10-11 16:13:44 [http-nio-8081-exec-1] ERROR o.a.c.c.C.[.[.[.[dispatcherServlet] - Servlet.service() for servlet [dispatcherServlet] in context with path [] threw exception [Token expired] with root cause
javax.servlet.ServletException: Token expired
	at com.capstone.filter.emiFilter.doFilter(emiFilter.java:58)
	at org.apache.catalina.core.ApplicationFilterChain.internalDoFilter(ApplicationFilterChain.java:189)
	at org.apache.catalina.core.ApplicationFilterChain.doFilter(ApplicationFilterChain.java:162)
	at org.springframework.web.filter.RequestContextFilter.doFilterInternal(RequestContextFilter.java:100)
	at org.springframework.web.filter.OncePerRequestFilter.doFilter(OncePerRequestFilter.java:117)
	at org.apache.catalina.core.ApplicationFilterChain.internalDoFilter(ApplicationFilterChain.java:189)
	at org.apache.catalina.core.ApplicationFilterChain.doFilter(ApplicationFilterChain.java:162)
	at org.springframework.web.filter.FormContentFilter.doFilterInternal(FormContentFilter.java:93)
	at org.springframework.web.filter.OncePerRequestFilter.doFilter(OncePerRequestFilter.java:117)
	at org.apache.catalina.core.ApplicationFilterChain.internalDoFilter(ApplicationFilterChain.java:189)
	at org.apache.catalina.core.ApplicationFilterChain.doFilter(ApplicationFilterChain.java:162)
	at org.springframework.web.filter.CharacterEncodingFilter.doFilterInternal(CharacterEncodingFilter.java:201)
	at org.springframework.web.filter.OncePerRequestFilter.doFilter(OncePerRequestFilter.java:117)
	at org.apache.catalina.core.ApplicationFilterChain.internalDoFilter(ApplicationFilterChain.java:189)
	at org.apache.catalina.core.ApplicationFilterChain.doFilter(ApplicationFilterChain.java:162)
	at org.apache.catalina.core.StandardWrapperValve.invoke(StandardWrapperValve.java:197)
	at org.apache.catalina.core.StandardContextValve.invoke(StandardContextValve.java:97)
	at org.apache.catalina.authenticator.AuthenticatorBase.invoke(AuthenticatorBase.java:541)
	at org.apache.catalina.core.StandardHostValve.invoke(StandardHostValve.java:135)
	at org.apache.catalina.valves.ErrorReportValve.invoke(ErrorReportValve.java:92)
	at org.apache.catalina.core.StandardEngineValve.invoke(StandardEngineValve.java:78)
	at org.apache.catalina.connector.CoyoteAdapter.service(CoyoteAdapter.java:360)
	at org.apache.coyote.http11.Http11Processor.service(Http11Processor.java:399)
	at org.apache.coyote.AbstractProcessorLight.process(AbstractProcessorLight.java:65)
	at org.apache.coyote.AbstractProtocol$ConnectionHandler.process(AbstractProtocol.java:890)
	at org.apache.tomcat.util.net.NioEndpoint$SocketProcessor.doRun(NioEndpoint.java:1789)
	at org.apache.tomcat.util.net.SocketProcessorBase.run(SocketProcessorBase.java:49)
	at org.apache.tomcat.util.threads.ThreadPoolExecutor.runWorker(ThreadPoolExecutor.java:1191)
	at org.apache.tomcat.util.threads.ThreadPoolExecutor$Worker.run(ThreadPoolExecutor.java:659)
	at org.apache.tomcat.util.threads.TaskThread$WrappingRunnable.run(TaskThread.java:61)
	at java.base/java.lang.Thread.run(Thread.java:833)
2022-10-11 16:15:09 [http-nio-8081-exec-2] INFO  com.capstone.aspect.LoggerAspect - Method name: com.capstone.controller.emiController
2022-10-11 16:15:09 [http-nio-8081-exec-2] INFO  com.capstone.aspect.LoggerAspect - Method arguments:[Ljava.lang.Object;@2b8d4a23
2022-10-11 16:15:09 [http-nio-8081-exec-2] INFO  com.capstone.aspect.LoggerAspect - *************************************
2022-10-11 16:15:09 [http-nio-8081-exec-2] INFO  com.capstone.aspect.LoggerAspect - Method name: com.capstone.service.emiServiceImp
2022-10-11 16:15:09 [http-nio-8081-exec-2] INFO  com.capstone.aspect.LoggerAspect - Method arguments:[Ljava.lang.Object;@35fa0e1d
2022-10-11 16:15:09 [http-nio-8081-exec-2] INFO  com.capstone.aspect.LoggerAspect - *************************************
2022-10-11 16:15:10 [http-nio-8081-exec-2] INFO  com.capstone.aspect.LoggerAspect - During: class com.capstone.service.emiServiceImp.getEmi() with arguments=[emi [s_no=1, loanaccno=202211011, loan_status=active, emi_amount=15910.0, upcomming_payment_date=2022-11-07, remaining_amount=1500000.0], emi [s_no=2, loanaccno=202211012, loan_status=active, emi_amount=4762.0, upcomming_payment_date=2022-11-07, remaining_amount=110000.0], emi [s_no=3, loanaccno=202211021, loan_status=active, emi_amount=3117.0, upcomming_payment_date=2022-11-07, remaining_amount=200000.0], emi [s_no=4, loanaccno=202211022, loan_status=active, emi_amount=14673.0, upcomming_payment_date=2022-11-07, remaining_amount=500000.0], emi [s_no=5, loanaccno=202211031, loan_status=active, emi_amount=4258.0, upcomming_payment_date=2022-11-07, remaining_amount=210000.0], emi [s_no=6, loanaccno=202211032, loan_status=active, emi_amount=57284.0, upcomming_payment_date=2022-11-07, remaining_amount=5000000.0], emi [s_no=7, loanaccno=202211033, loan_status=active, emi_amount=10271.0, upcomming_payment_date=2022-11-07, remaining_amount=350000.0], emi [s_no=8, loanaccno=202211041, loan_status=active, emi_amount=9818.0, upcomming_payment_date=2022-11-07, remaining_amount=410000.0], emi [s_no=9, loanaccno=202211042, loan_status=active, emi_amount=9837.0, upcomming_payment_date=2022-11-07, remaining_amount=320000.0], emi [s_no=10, loanaccno=202211051, loan_status=active, emi_amount=11973.0, upcomming_payment_date=2022-11-07, remaining_amount=500000.0]]
2022-10-11 16:15:10 [http-nio-8081-exec-2] INFO  com.capstone.aspect.LoggerAspect - *************************************
2022-10-11 16:15:10 [http-nio-8081-exec-2] INFO  com.capstone.aspect.LoggerAspect - During: class com.capstone.controller.emiController.getemi() with arguments=<200 OK OK,[emi [s_no=1, loanaccno=202211011, loan_status=active, emi_amount=15910.0, upcomming_payment_date=2022-11-07, remaining_amount=1500000.0], emi [s_no=2, loanaccno=202211012, loan_status=active, emi_amount=4762.0, upcomming_payment_date=2022-11-07, remaining_amount=110000.0], emi [s_no=3, loanaccno=202211021, loan_status=active, emi_amount=3117.0, upcomming_payment_date=2022-11-07, remaining_amount=200000.0], emi [s_no=4, loanaccno=202211022, loan_status=active, emi_amount=14673.0, upcomming_payment_date=2022-11-07, remaining_amount=500000.0], emi [s_no=5, loanaccno=202211031, loan_status=active, emi_amount=4258.0, upcomming_payment_date=2022-11-07, remaining_amount=210000.0], emi [s_no=6, loanaccno=202211032, loan_status=active, emi_amount=57284.0, upcomming_payment_date=2022-11-07, remaining_amount=5000000.0], emi [s_no=7, loanaccno=202211033, loan_status=active, emi_amount=10271.0, upcomming_payment_date=2022-11-07, remaining_amount=350000.0], emi [s_no=8, loanaccno=202211041, loan_status=active, emi_amount=9818.0, upcomming_payment_date=2022-11-07, remaining_amount=410000.0], emi [s_no=9, loanaccno=202211042, loan_status=active, emi_amount=9837.0, upcomming_payment_date=2022-11-07, remaining_amount=320000.0], emi [s_no=10, loanaccno=202211051, loan_status=active, emi_amount=11973.0, upcomming_payment_date=2022-11-07, remaining_amount=500000.0]],[]>
2022-10-11 16:15:10 [http-nio-8081-exec-2] INFO  com.capstone.aspect.LoggerAspect - *************************************
2022-10-11 16:17:40 [AsyncResolver-bootstrap-executor-0] INFO  c.n.d.s.r.aws.ConfigClusterResolver - Resolving eureka endpoints via configuration
2022-10-11 16:22:40 [AsyncResolver-bootstrap-executor-0] INFO  c.n.d.s.r.aws.ConfigClusterResolver - Resolving eureka endpoints via configuration
2022-10-11 16:27:40 [AsyncResolver-bootstrap-executor-0] INFO  c.n.d.s.r.aws.ConfigClusterResolver - Resolving eureka endpoints via configuration
2022-10-11 16:32:40 [AsyncResolver-bootstrap-executor-0] INFO  c.n.d.s.r.aws.ConfigClusterResolver - Resolving eureka endpoints via configuration
2022-10-11 16:37:40 [AsyncResolver-bootstrap-executor-0] INFO  c.n.d.s.r.aws.ConfigClusterResolver - Resolving eureka endpoints via configuration
2022-10-11 16:42:40 [AsyncResolver-bootstrap-executor-0] INFO  c.n.d.s.r.aws.ConfigClusterResolver - Resolving eureka endpoints via configuration
2022-10-11 16:47:40 [AsyncResolver-bootstrap-executor-0] INFO  c.n.d.s.r.aws.ConfigClusterResolver - Resolving eureka endpoints via configuration
2022-10-11 16:52:40 [AsyncResolver-bootstrap-executor-0] INFO  c.n.d.s.r.aws.ConfigClusterResolver - Resolving eureka endpoints via configuration
2022-10-11 16:56:23 [RMI TCP Connection(53)-127.0.0.1] INFO  o.s.b.a.SpringApplicationAdminMXBeanRegistrar$SpringApplicationAdmin - Application shutdown requested.
2022-10-11 16:56:24 [RMI TCP Connection(53)-127.0.0.1] INFO  o.s.c.n.e.s.EurekaServiceRegistry - Unregistering application EMI-API with eureka with status DOWN
2022-10-11 16:56:24 [RMI TCP Connection(53)-127.0.0.1] INFO  c.netflix.discovery.DiscoveryClient - Saw local status change event StatusChangeEvent [timestamp=1665487584008, current=DOWN, previous=UP]
2022-10-11 16:56:24 [DiscoveryClient-InstanceInfoReplicator-0] INFO  c.netflix.discovery.DiscoveryClient - DiscoveryClient_EMI-API/192.168.0.4:emi-api:8081: registering service...
2022-10-11 16:56:24 [DiscoveryClient-InstanceInfoReplicator-0] INFO  c.netflix.discovery.DiscoveryClient - DiscoveryClient_EMI-API/192.168.0.4:emi-api:8081 - registration status: 204
2022-10-11 16:56:24 [RMI TCP Connection(53)-127.0.0.1] INFO  o.a.coyote.http11.Http11NioProtocol - Pausing ProtocolHandler ["http-nio-8081"]
2022-10-11 16:56:24 [RMI TCP Connection(53)-127.0.0.1] INFO  o.a.catalina.core.StandardService - Stopping service [Tomcat]
2022-10-11 16:56:24 [RMI TCP Connection(53)-127.0.0.1] INFO  o.a.c.c.C.[Tomcat].[localhost].[/] - Destroying Spring FrameworkServlet 'dispatcherServlet'
2022-10-11 16:56:24 [RMI TCP Connection(53)-127.0.0.1] INFO  o.a.coyote.http11.Http11NioProtocol - Stopping ProtocolHandler ["http-nio-8081"]
2022-10-11 16:56:24 [RMI TCP Connection(53)-127.0.0.1] INFO  o.a.coyote.http11.Http11NioProtocol - Destroying ProtocolHandler ["http-nio-8081"]
2022-10-11 16:56:24 [RMI TCP Connection(53)-127.0.0.1] INFO  o.s.o.j.LocalContainerEntityManagerFactoryBean - Closing JPA EntityManagerFactory for persistence unit 'default'
2022-10-11 16:56:24 [RMI TCP Connection(53)-127.0.0.1] INFO  com.zaxxer.hikari.HikariDataSource - HikariPool-1 - Shutdown initiated...
2022-10-11 16:56:24 [RMI TCP Connection(53)-127.0.0.1] INFO  com.zaxxer.hikari.HikariDataSource - HikariPool-1 - Shutdown completed.
2022-10-11 16:56:24 [RMI TCP Connection(53)-127.0.0.1] INFO  c.netflix.discovery.DiscoveryClient - Shutting down DiscoveryClient ...
2022-10-11 16:56:27 [RMI TCP Connection(53)-127.0.0.1] INFO  c.netflix.discovery.DiscoveryClient - Unregistering ...
2022-10-11 16:56:27 [RMI TCP Connection(53)-127.0.0.1] INFO  c.netflix.discovery.DiscoveryClient - DiscoveryClient_EMI-API/192.168.0.4:emi-api:8081 - deregister  status: 200
2022-10-11 16:56:27 [RMI TCP Connection(53)-127.0.0.1] INFO  c.netflix.discovery.DiscoveryClient - Completed shut down of DiscoveryClient
