2022-10-10 20:13:38 [restartedMain] INFO  com.capstone.EmiApiApplication - Starting EmiApiApplication using Java 17.0.2 on MOHAN with PID 23784 (C:\Users\mohan\Downloads\Natwest Capstone\frontend\spring-master\emi-api\target\classes started by mohan in C:\Users\mohan\Downloads\Natwest Capstone\frontend\spring-master\emi-api)
2022-10-10 20:13:38 [restartedMain] INFO  com.capstone.EmiApiApplication - No active profile set, falling back to 1 default profile: "default"
2022-10-10 20:13:38 [restartedMain] INFO  o.s.b.d.e.DevToolsPropertyDefaultsPostProcessor - Devtools property defaults active! Set 'spring.devtools.add-properties' to 'false' to disable
2022-10-10 20:13:38 [restartedMain] INFO  o.s.b.d.e.DevToolsPropertyDefaultsPostProcessor - For additional web related logging consider setting the 'logging.level.web' property to 'DEBUG'
2022-10-10 20:13:38 [restartedMain] INFO  o.s.d.r.c.RepositoryConfigurationDelegate - Bootstrapping Spring Data JPA repositories in DEFAULT mode.
2022-10-10 20:13:38 [restartedMain] INFO  o.s.d.r.c.RepositoryConfigurationDelegate - Finished Spring Data repository scanning in 32 ms. Found 1 JPA repository interfaces.
2022-10-10 20:13:39 [restartedMain] INFO  o.s.b.w.e.tomcat.TomcatWebServer - Tomcat initialized with port(s): 8080 (http)
2022-10-10 20:13:39 [restartedMain] INFO  o.a.coyote.http11.Http11NioProtocol - Initializing ProtocolHandler ["http-nio-8080"]
2022-10-10 20:13:39 [restartedMain] INFO  o.a.catalina.core.StandardService - Starting service [Tomcat]
2022-10-10 20:13:39 [restartedMain] INFO  o.a.catalina.core.StandardEngine - Starting Servlet engine: [Apache Tomcat/9.0.65]
2022-10-10 20:13:39 [restartedMain] INFO  o.a.c.c.C.[Tomcat].[localhost].[/] - Initializing Spring embedded WebApplicationContext
2022-10-10 20:13:39 [restartedMain] INFO  o.s.b.w.s.c.ServletWebServerApplicationContext - Root WebApplicationContext: initialization completed in 1124 ms
2022-10-10 20:13:39 [restartedMain] INFO  o.a.catalina.core.StandardContext - Suspicious URL pattern: [/api/**] in context [], see sections 12.1 and 12.2 of the Servlet specification
2022-10-10 20:13:39 [restartedMain] INFO  o.h.jpa.internal.util.LogHelper - HHH000204: Processing PersistenceUnitInfo [name: default]
2022-10-10 20:13:39 [restartedMain] INFO  org.hibernate.Version - HHH000412: Hibernate ORM core version 5.6.11.Final
2022-10-10 20:13:39 [restartedMain] INFO  o.h.annotations.common.Version - HCANN000001: Hibernate Commons Annotations {5.1.2.Final}
2022-10-10 20:13:39 [restartedMain] INFO  com.zaxxer.hikari.HikariDataSource - HikariPool-1 - Starting...
2022-10-10 20:13:39 [restartedMain] INFO  com.zaxxer.hikari.HikariDataSource - HikariPool-1 - Start completed.
2022-10-10 20:13:39 [restartedMain] INFO  org.hibernate.dialect.Dialect - HHH000400: Using dialect: org.hibernate.dialect.MySQL8Dialect
2022-10-10 20:13:40 [restartedMain] INFO  o.h.e.t.j.p.i.JtaPlatformInitiator - HHH000490: Using JtaPlatform implementation: [org.hibernate.engine.transaction.jta.platform.internal.NoJtaPlatform]
2022-10-10 20:13:40 [restartedMain] INFO  o.s.o.j.LocalContainerEntityManagerFactoryBean - Initialized JPA EntityManagerFactory for persistence unit 'default'
2022-10-10 20:13:40 [restartedMain] WARN  o.s.b.a.o.j.JpaBaseConfiguration$JpaWebConfiguration - spring.jpa.open-in-view is enabled by default. Therefore, database queries may be performed during view rendering. Explicitly configure spring.jpa.open-in-view to disable this warning
2022-10-10 20:13:40 [restartedMain] INFO  o.s.b.d.a.OptionalLiveReloadServer - LiveReload server is running on port 35729
2022-10-10 20:13:40 [restartedMain] INFO  o.a.coyote.http11.Http11NioProtocol - Starting ProtocolHandler ["http-nio-8080"]
2022-10-10 20:13:40 [restartedMain] INFO  o.s.b.w.e.tomcat.TomcatWebServer - Tomcat started on port(s): 8080 (http) with context path ''
2022-10-10 20:13:40 [restartedMain] INFO  com.capstone.EmiApiApplication - Started EmiApiApplication in 3.252 seconds (JVM running for 4.111)
2022-10-10 20:13:48 [http-nio-8080-exec-2] INFO  o.a.c.c.C.[Tomcat].[localhost].[/] - Initializing Spring DispatcherServlet 'dispatcherServlet'
2022-10-10 20:13:48 [http-nio-8080-exec-2] INFO  o.s.web.servlet.DispatcherServlet - Initializing Servlet 'dispatcherServlet'
2022-10-10 20:13:48 [http-nio-8080-exec-2] INFO  o.s.web.servlet.DispatcherServlet - Completed initialization in 5 ms
2022-10-10 20:13:48 [http-nio-8080-exec-2] INFO  com.capstone.aspect.LoggerAspect - Method name: com.capstone.controller.emiController
2022-10-10 20:13:48 [http-nio-8080-exec-2] INFO  com.capstone.aspect.LoggerAspect - Method arguments:[Ljava.lang.Object;@27f0d1c5
2022-10-10 20:13:48 [http-nio-8080-exec-2] INFO  com.capstone.aspect.LoggerAspect - *************************************
2022-10-10 20:13:48 [http-nio-8080-exec-2] INFO  com.capstone.aspect.LoggerAspect - Method name: com.capstone.service.emiServiceImp
2022-10-10 20:13:48 [http-nio-8080-exec-2] INFO  com.capstone.aspect.LoggerAspect - Method arguments:[Ljava.lang.Object;@2fcf75e9
2022-10-10 20:13:48 [http-nio-8080-exec-2] INFO  com.capstone.aspect.LoggerAspect - *************************************
2022-10-10 20:13:49 [http-nio-8080-exec-2] INFO  com.capstone.aspect.LoggerAspect - During: class com.capstone.service.emiServiceImp.getEmi() with arguments=[emi [s_no=1, loanaccno=202211011, loan_status=active, emi_amount=15910.0, upcomming_payment_date=2022-11-07, remaining_amount=1500000.0], emi [s_no=2, loanaccno=202211012, loan_status=active, emi_amount=4762.0, upcomming_payment_date=2022-11-07, remaining_amount=110000.0], emi [s_no=3, loanaccno=202211021, loan_status=active, emi_amount=3117.0, upcomming_payment_date=2022-11-07, remaining_amount=200000.0], emi [s_no=4, loanaccno=202211022, loan_status=active, emi_amount=14673.0, upcomming_payment_date=2022-11-07, remaining_amount=500000.0], emi [s_no=5, loanaccno=202211031, loan_status=active, emi_amount=4258.0, upcomming_payment_date=2022-11-07, remaining_amount=210000.0], emi [s_no=6, loanaccno=202211032, loan_status=active, emi_amount=57284.0, upcomming_payment_date=2022-11-07, remaining_amount=5000000.0], emi [s_no=7, loanaccno=202211033, loan_status=active, emi_amount=10271.0, upcomming_payment_date=2022-11-07, remaining_amount=350000.0], emi [s_no=8, loanaccno=202211041, loan_status=active, emi_amount=9818.0, upcomming_payment_date=2022-11-07, remaining_amount=410000.0], emi [s_no=9, loanaccno=202211042, loan_status=active, emi_amount=9837.0, upcomming_payment_date=2022-11-07, remaining_amount=320000.0], emi [s_no=10, loanaccno=202211051, loan_status=active, emi_amount=11973.0, upcomming_payment_date=2022-11-07, remaining_amount=500000.0]]
2022-10-10 20:13:49 [http-nio-8080-exec-2] INFO  com.capstone.aspect.LoggerAspect - *************************************
2022-10-10 20:13:49 [http-nio-8080-exec-2] INFO  com.capstone.aspect.LoggerAspect - During: class com.capstone.controller.emiController.getemi() with arguments=<200 OK OK,[emi [s_no=1, loanaccno=202211011, loan_status=active, emi_amount=15910.0, upcomming_payment_date=2022-11-07, remaining_amount=1500000.0], emi [s_no=2, loanaccno=202211012, loan_status=active, emi_amount=4762.0, upcomming_payment_date=2022-11-07, remaining_amount=110000.0], emi [s_no=3, loanaccno=202211021, loan_status=active, emi_amount=3117.0, upcomming_payment_date=2022-11-07, remaining_amount=200000.0], emi [s_no=4, loanaccno=202211022, loan_status=active, emi_amount=14673.0, upcomming_payment_date=2022-11-07, remaining_amount=500000.0], emi [s_no=5, loanaccno=202211031, loan_status=active, emi_amount=4258.0, upcomming_payment_date=2022-11-07, remaining_amount=210000.0], emi [s_no=6, loanaccno=202211032, loan_status=active, emi_amount=57284.0, upcomming_payment_date=2022-11-07, remaining_amount=5000000.0], emi [s_no=7, loanaccno=202211033, loan_status=active, emi_amount=10271.0, upcomming_payment_date=2022-11-07, remaining_amount=350000.0], emi [s_no=8, loanaccno=202211041, loan_status=active, emi_amount=9818.0, upcomming_payment_date=2022-11-07, remaining_amount=410000.0], emi [s_no=9, loanaccno=202211042, loan_status=active, emi_amount=9837.0, upcomming_payment_date=2022-11-07, remaining_amount=320000.0], emi [s_no=10, loanaccno=202211051, loan_status=active, emi_amount=11973.0, upcomming_payment_date=2022-11-07, remaining_amount=500000.0]],[]>
2022-10-10 20:13:49 [http-nio-8080-exec-2] INFO  com.capstone.aspect.LoggerAspect - *************************************
2022-10-10 20:13:55 [File Watcher] INFO  o.s.b.d.a.LocalDevToolsAutoConfiguration$RestartingClassPathChangeChangedEventListener - Restarting due to 13 class path changes (0 additions, 0 deletions, 13 modifications)
2022-10-10 20:13:55 [Thread-5] INFO  o.a.coyote.http11.Http11NioProtocol - Pausing ProtocolHandler ["http-nio-8080"]
2022-10-10 20:13:55 [Thread-5] INFO  o.a.catalina.core.StandardService - Stopping service [Tomcat]
2022-10-10 20:13:55 [Thread-5] INFO  o.a.c.c.C.[Tomcat].[localhost].[/] - Destroying Spring FrameworkServlet 'dispatcherServlet'
2022-10-10 20:13:55 [Thread-5] INFO  o.a.coyote.http11.Http11NioProtocol - Stopping ProtocolHandler ["http-nio-8080"]
2022-10-10 20:13:55 [Thread-5] INFO  o.a.coyote.http11.Http11NioProtocol - Destroying ProtocolHandler ["http-nio-8080"]
2022-10-10 20:13:55 [Thread-5] INFO  o.s.o.j.LocalContainerEntityManagerFactoryBean - Closing JPA EntityManagerFactory for persistence unit 'default'
2022-10-10 20:13:55 [Thread-5] INFO  com.zaxxer.hikari.HikariDataSource - HikariPool-1 - Shutdown initiated...
2022-10-10 20:14:05 [Thread-5] INFO  com.zaxxer.hikari.HikariDataSource - HikariPool-1 - Shutdown completed.
2022-10-10 20:14:05 [restartedMain] INFO  com.capstone.EmiApiApplication - Starting EmiApiApplication using Java 17.0.2 on MOHAN with PID 23784 (C:\Users\mohan\Downloads\Natwest Capstone\frontend\spring-master\emi-api\target\classes started by mohan in C:\Users\mohan\Downloads\Natwest Capstone\frontend\spring-master\emi-api)
2022-10-10 20:14:05 [restartedMain] INFO  com.capstone.EmiApiApplication - No active profile set, falling back to 1 default profile: "default"
2022-10-10 20:14:06 [restartedMain] INFO  o.s.d.r.c.RepositoryConfigurationDelegate - Bootstrapping Spring Data JPA repositories in DEFAULT mode.
2022-10-10 20:14:06 [restartedMain] INFO  o.s.d.r.c.RepositoryConfigurationDelegate - Finished Spring Data repository scanning in 8 ms. Found 1 JPA repository interfaces.
2022-10-10 20:14:06 [restartedMain] INFO  o.s.b.w.e.tomcat.TomcatWebServer - Tomcat initialized with port(s): 8080 (http)
2022-10-10 20:14:06 [restartedMain] INFO  o.a.coyote.http11.Http11NioProtocol - Initializing ProtocolHandler ["http-nio-8080"]
2022-10-10 20:14:06 [restartedMain] INFO  o.a.catalina.core.StandardService - Starting service [Tomcat]
2022-10-10 20:14:06 [restartedMain] INFO  o.a.catalina.core.StandardEngine - Starting Servlet engine: [Apache Tomcat/9.0.65]
2022-10-10 20:14:06 [restartedMain] INFO  o.a.c.c.C.[Tomcat].[localhost].[/] - Initializing Spring embedded WebApplicationContext
2022-10-10 20:14:06 [restartedMain] INFO  o.s.b.w.s.c.ServletWebServerApplicationContext - Root WebApplicationContext: initialization completed in 280 ms
2022-10-10 20:14:06 [restartedMain] INFO  o.h.jpa.internal.util.LogHelper - HHH000204: Processing PersistenceUnitInfo [name: default]
2022-10-10 20:14:06 [restartedMain] INFO  com.zaxxer.hikari.HikariDataSource - HikariPool-2 - Starting...
2022-10-10 20:14:06 [restartedMain] INFO  com.zaxxer.hikari.HikariDataSource - HikariPool-2 - Start completed.
2022-10-10 20:14:06 [restartedMain] INFO  org.hibernate.dialect.Dialect - HHH000400: Using dialect: org.hibernate.dialect.MySQL8Dialect
2022-10-10 20:14:06 [restartedMain] INFO  o.h.e.t.j.p.i.JtaPlatformInitiator - HHH000490: Using JtaPlatform implementation: [org.hibernate.engine.transaction.jta.platform.internal.NoJtaPlatform]
2022-10-10 20:14:06 [restartedMain] INFO  o.s.o.j.LocalContainerEntityManagerFactoryBean - Initialized JPA EntityManagerFactory for persistence unit 'default'
2022-10-10 20:14:06 [restartedMain] WARN  o.s.b.a.o.j.JpaBaseConfiguration$JpaWebConfiguration - spring.jpa.open-in-view is enabled by default. Therefore, database queries may be performed during view rendering. Explicitly configure spring.jpa.open-in-view to disable this warning
2022-10-10 20:14:06 [restartedMain] INFO  o.s.b.d.a.OptionalLiveReloadServer - LiveReload server is running on port 35729
2022-10-10 20:14:06 [restartedMain] INFO  o.a.coyote.http11.Http11NioProtocol - Starting ProtocolHandler ["http-nio-8080"]
2022-10-10 20:14:06 [restartedMain] INFO  o.s.b.w.e.tomcat.TomcatWebServer - Tomcat started on port(s): 8080 (http) with context path ''
2022-10-10 20:14:06 [restartedMain] INFO  com.capstone.EmiApiApplication - Started EmiApiApplication in 0.616 seconds (JVM running for 29.562)
2022-10-10 20:14:06 [restartedMain] INFO  o.s.b.d.a.ConditionEvaluationDeltaLoggingListener - Condition evaluation unchanged
2022-10-10 20:14:07 [http-nio-8080-exec-2] INFO  o.a.c.c.C.[Tomcat].[localhost].[/] - Initializing Spring DispatcherServlet 'dispatcherServlet'
2022-10-10 20:14:07 [http-nio-8080-exec-2] INFO  o.s.web.servlet.DispatcherServlet - Initializing Servlet 'dispatcherServlet'
2022-10-10 20:14:07 [http-nio-8080-exec-2] INFO  o.s.web.servlet.DispatcherServlet - Completed initialization in 2 ms
2022-10-10 20:14:07 [http-nio-8080-exec-2] ERROR o.a.c.c.C.[.[.[.[dispatcherServlet] - Servlet.service() for servlet [dispatcherServlet] in context with path [] threw exception [Token missing or invalid] with root cause
javax.servlet.ServletException: Token missing or invalid
	at com.capstone.filter.emiFilter.doFilter(emiFilter.java:41)
	at org.apache.catalina.core.ApplicationFilterChain.internalDoFilter(ApplicationFilterChain.java:189)
	at org.apache.catalina.core.ApplicationFilterChain.doFilter(ApplicationFilterChain.java:162)
	at org.springframework.web.filter.RequestContextFilter.doFilterInternal(RequestContextFilter.java:100)
	at org.springframework.web.filter.OncePerRequestFilter.doFilter(OncePerRequestFilter.java:117)
	at org.apache.catalina.core.ApplicationFilterChain.internalDoFilter(ApplicationFilterChain.java:189)
	at org.apache.catalina.core.ApplicationFilterChain.doFilter(ApplicationFilterChain.java:162)
	at org.springframework.web.filter.FormContentFilter.doFilterInternal(FormContentFilter.java:93)
	at org.springframework.web.filter.OncePerRequestFilter.doFilter(OncePerRequestFilter.java:117)
	at org.apache.catalina.core.ApplicationFilterChain.internalDoFilter(ApplicationFilterChain.java:189)
	at org.apache.catalina.core.ApplicationFilterChain.doFilter(ApplicationFilterChain.java:162)
	at org.springframework.web.filter.CharacterEncodingFilter.doFilterInternal(CharacterEncodingFilter.java:201)
	at org.springframework.web.filter.OncePerRequestFilter.doFilter(OncePerRequestFilter.java:117)
	at org.apache.catalina.core.ApplicationFilterChain.internalDoFilter(ApplicationFilterChain.java:189)
	at org.apache.catalina.core.ApplicationFilterChain.doFilter(ApplicationFilterChain.java:162)
	at org.apache.catalina.core.StandardWrapperValve.invoke(StandardWrapperValve.java:197)
	at org.apache.catalina.core.StandardContextValve.invoke(StandardContextValve.java:97)
	at org.apache.catalina.authenticator.AuthenticatorBase.invoke(AuthenticatorBase.java:541)
	at org.apache.catalina.core.StandardHostValve.invoke(StandardHostValve.java:135)
	at org.apache.catalina.valves.ErrorReportValve.invoke(ErrorReportValve.java:92)
	at org.apache.catalina.core.StandardEngineValve.invoke(StandardEngineValve.java:78)
	at org.apache.catalina.connector.CoyoteAdapter.service(CoyoteAdapter.java:360)
	at org.apache.coyote.http11.Http11Processor.service(Http11Processor.java:399)
	at org.apache.coyote.AbstractProcessorLight.process(AbstractProcessorLight.java:65)
	at org.apache.coyote.AbstractProtocol$ConnectionHandler.process(AbstractProtocol.java:890)
	at org.apache.tomcat.util.net.NioEndpoint$SocketProcessor.doRun(NioEndpoint.java:1789)
	at org.apache.tomcat.util.net.SocketProcessorBase.run(SocketProcessorBase.java:49)
	at org.apache.tomcat.util.threads.ThreadPoolExecutor.runWorker(ThreadPoolExecutor.java:1191)
	at org.apache.tomcat.util.threads.ThreadPoolExecutor$Worker.run(ThreadPoolExecutor.java:659)
	at org.apache.tomcat.util.threads.TaskThread$WrappingRunnable.run(TaskThread.java:61)
	at java.base/java.lang.Thread.run(Thread.java:833)
2022-10-10 20:46:35 [http-nio-8080-exec-4] ERROR o.a.c.c.C.[.[.[.[dispatcherServlet] - Servlet.service() for servlet [dispatcherServlet] in context with path [] threw exception [Token missing or invalid] with root cause
javax.servlet.ServletException: Token missing or invalid
	at com.capstone.filter.emiFilter.doFilter(emiFilter.java:41)
	at org.apache.catalina.core.ApplicationFilterChain.internalDoFilter(ApplicationFilterChain.java:189)
	at org.apache.catalina.core.ApplicationFilterChain.doFilter(ApplicationFilterChain.java:162)
	at org.springframework.web.filter.RequestContextFilter.doFilterInternal(RequestContextFilter.java:100)
	at org.springframework.web.filter.OncePerRequestFilter.doFilter(OncePerRequestFilter.java:117)
	at org.apache.catalina.core.ApplicationFilterChain.internalDoFilter(ApplicationFilterChain.java:189)
	at org.apache.catalina.core.ApplicationFilterChain.doFilter(ApplicationFilterChain.java:162)
	at org.springframework.web.filter.FormContentFilter.doFilterInternal(FormContentFilter.java:93)
	at org.springframework.web.filter.OncePerRequestFilter.doFilter(OncePerRequestFilter.java:117)
	at org.apache.catalina.core.ApplicationFilterChain.internalDoFilter(ApplicationFilterChain.java:189)
	at org.apache.catalina.core.ApplicationFilterChain.doFilter(ApplicationFilterChain.java:162)
	at org.springframework.web.filter.CharacterEncodingFilter.doFilterInternal(CharacterEncodingFilter.java:201)
	at org.springframework.web.filter.OncePerRequestFilter.doFilter(OncePerRequestFilter.java:117)
	at org.apache.catalina.core.ApplicationFilterChain.internalDoFilter(ApplicationFilterChain.java:189)
	at org.apache.catalina.core.ApplicationFilterChain.doFilter(ApplicationFilterChain.java:162)
	at org.apache.catalina.core.StandardWrapperValve.invoke(StandardWrapperValve.java:197)
	at org.apache.catalina.core.StandardContextValve.invoke(StandardContextValve.java:97)
	at org.apache.catalina.authenticator.AuthenticatorBase.invoke(AuthenticatorBase.java:541)
	at org.apache.catalina.core.StandardHostValve.invoke(StandardHostValve.java:135)
	at org.apache.catalina.valves.ErrorReportValve.invoke(ErrorReportValve.java:92)
	at org.apache.catalina.core.StandardEngineValve.invoke(StandardEngineValve.java:78)
	at org.apache.catalina.connector.CoyoteAdapter.service(CoyoteAdapter.java:360)
	at org.apache.coyote.http11.Http11Processor.service(Http11Processor.java:399)
	at org.apache.coyote.AbstractProcessorLight.process(AbstractProcessorLight.java:65)
	at org.apache.coyote.AbstractProtocol$ConnectionHandler.process(AbstractProtocol.java:890)
	at org.apache.tomcat.util.net.NioEndpoint$SocketProcessor.doRun(NioEndpoint.java:1789)
	at org.apache.tomcat.util.net.SocketProcessorBase.run(SocketProcessorBase.java:49)
	at org.apache.tomcat.util.threads.ThreadPoolExecutor.runWorker(ThreadPoolExecutor.java:1191)
	at org.apache.tomcat.util.threads.ThreadPoolExecutor$Worker.run(ThreadPoolExecutor.java:659)
	at org.apache.tomcat.util.threads.TaskThread$WrappingRunnable.run(TaskThread.java:61)
	at java.base/java.lang.Thread.run(Thread.java:833)
2022-10-10 20:47:06 [http-nio-8080-exec-6] INFO  com.capstone.aspect.LoggerAspect - Method name: com.capstone.controller.emiController
2022-10-10 20:47:06 [http-nio-8080-exec-6] INFO  com.capstone.aspect.LoggerAspect - Method arguments:[Ljava.lang.Object;@55ba39bc
2022-10-10 20:47:06 [http-nio-8080-exec-6] INFO  com.capstone.aspect.LoggerAspect - *************************************
2022-10-10 20:47:06 [http-nio-8080-exec-6] INFO  com.capstone.aspect.LoggerAspect - Method name: com.capstone.service.emiServiceImp
2022-10-10 20:47:06 [http-nio-8080-exec-6] INFO  com.capstone.aspect.LoggerAspect - Method arguments:[Ljava.lang.Object;@ffdc7ae
2022-10-10 20:47:06 [http-nio-8080-exec-6] INFO  com.capstone.aspect.LoggerAspect - *************************************
2022-10-10 20:47:06 [http-nio-8080-exec-6] INFO  com.capstone.aspect.LoggerAspect - During: class com.capstone.service.emiServiceImp.getEmi() with arguments=[emi [s_no=1, loanaccno=202211011, loan_status=active, emi_amount=15910.0, upcomming_payment_date=2022-11-07, remaining_amount=1500000.0], emi [s_no=2, loanaccno=202211012, loan_status=active, emi_amount=4762.0, upcomming_payment_date=2022-11-07, remaining_amount=110000.0], emi [s_no=3, loanaccno=202211021, loan_status=active, emi_amount=3117.0, upcomming_payment_date=2022-11-07, remaining_amount=200000.0], emi [s_no=4, loanaccno=202211022, loan_status=active, emi_amount=14673.0, upcomming_payment_date=2022-11-07, remaining_amount=500000.0], emi [s_no=5, loanaccno=202211031, loan_status=active, emi_amount=4258.0, upcomming_payment_date=2022-11-07, remaining_amount=210000.0], emi [s_no=6, loanaccno=202211032, loan_status=active, emi_amount=57284.0, upcomming_payment_date=2022-11-07, remaining_amount=5000000.0], emi [s_no=7, loanaccno=202211033, loan_status=active, emi_amount=10271.0, upcomming_payment_date=2022-11-07, remaining_amount=350000.0], emi [s_no=8, loanaccno=202211041, loan_status=active, emi_amount=9818.0, upcomming_payment_date=2022-11-07, remaining_amount=410000.0], emi [s_no=9, loanaccno=202211042, loan_status=active, emi_amount=9837.0, upcomming_payment_date=2022-11-07, remaining_amount=320000.0], emi [s_no=10, loanaccno=202211051, loan_status=active, emi_amount=11973.0, upcomming_payment_date=2022-11-07, remaining_amount=500000.0]]
2022-10-10 20:47:06 [http-nio-8080-exec-6] INFO  com.capstone.aspect.LoggerAspect - *************************************
2022-10-10 20:47:06 [http-nio-8080-exec-6] INFO  com.capstone.aspect.LoggerAspect - During: class com.capstone.controller.emiController.getemi() with arguments=<200 OK OK,[emi [s_no=1, loanaccno=202211011, loan_status=active, emi_amount=15910.0, upcomming_payment_date=2022-11-07, remaining_amount=1500000.0], emi [s_no=2, loanaccno=202211012, loan_status=active, emi_amount=4762.0, upcomming_payment_date=2022-11-07, remaining_amount=110000.0], emi [s_no=3, loanaccno=202211021, loan_status=active, emi_amount=3117.0, upcomming_payment_date=2022-11-07, remaining_amount=200000.0], emi [s_no=4, loanaccno=202211022, loan_status=active, emi_amount=14673.0, upcomming_payment_date=2022-11-07, remaining_amount=500000.0], emi [s_no=5, loanaccno=202211031, loan_status=active, emi_amount=4258.0, upcomming_payment_date=2022-11-07, remaining_amount=210000.0], emi [s_no=6, loanaccno=202211032, loan_status=active, emi_amount=57284.0, upcomming_payment_date=2022-11-07, remaining_amount=5000000.0], emi [s_no=7, loanaccno=202211033, loan_status=active, emi_amount=10271.0, upcomming_payment_date=2022-11-07, remaining_amount=350000.0], emi [s_no=8, loanaccno=202211041, loan_status=active, emi_amount=9818.0, upcomming_payment_date=2022-11-07, remaining_amount=410000.0], emi [s_no=9, loanaccno=202211042, loan_status=active, emi_amount=9837.0, upcomming_payment_date=2022-11-07, remaining_amount=320000.0], emi [s_no=10, loanaccno=202211051, loan_status=active, emi_amount=11973.0, upcomming_payment_date=2022-11-07, remaining_amount=500000.0]],[]>
2022-10-10 20:47:06 [http-nio-8080-exec-6] INFO  com.capstone.aspect.LoggerAspect - *************************************
2022-10-10 20:47:12 [http-nio-8080-exec-7] ERROR o.a.c.c.C.[.[.[.[dispatcherServlet] - Servlet.service() for servlet [dispatcherServlet] in context with path [] threw exception [Token has been modified by unauthorized user] with root cause
javax.servlet.ServletException: Token has been modified by unauthorized user
	at com.capstone.filter.emiFilter.doFilter(emiFilter.java:56)
	at org.apache.catalina.core.ApplicationFilterChain.internalDoFilter(ApplicationFilterChain.java:189)
	at org.apache.catalina.core.ApplicationFilterChain.doFilter(ApplicationFilterChain.java:162)
	at org.springframework.web.filter.RequestContextFilter.doFilterInternal(RequestContextFilter.java:100)
	at org.springframework.web.filter.OncePerRequestFilter.doFilter(OncePerRequestFilter.java:117)
	at org.apache.catalina.core.ApplicationFilterChain.internalDoFilter(ApplicationFilterChain.java:189)
	at org.apache.catalina.core.ApplicationFilterChain.doFilter(ApplicationFilterChain.java:162)
	at org.springframework.web.filter.FormContentFilter.doFilterInternal(FormContentFilter.java:93)
	at org.springframework.web.filter.OncePerRequestFilter.doFilter(OncePerRequestFilter.java:117)
	at org.apache.catalina.core.ApplicationFilterChain.internalDoFilter(ApplicationFilterChain.java:189)
	at org.apache.catalina.core.ApplicationFilterChain.doFilter(ApplicationFilterChain.java:162)
	at org.springframework.web.filter.CharacterEncodingFilter.doFilterInternal(CharacterEncodingFilter.java:201)
	at org.springframework.web.filter.OncePerRequestFilter.doFilter(OncePerRequestFilter.java:117)
	at org.apache.catalina.core.ApplicationFilterChain.internalDoFilter(ApplicationFilterChain.java:189)
	at org.apache.catalina.core.ApplicationFilterChain.doFilter(ApplicationFilterChain.java:162)
	at org.apache.catalina.core.StandardWrapperValve.invoke(StandardWrapperValve.java:197)
	at org.apache.catalina.core.StandardContextValve.invoke(StandardContextValve.java:97)
	at org.apache.catalina.authenticator.AuthenticatorBase.invoke(AuthenticatorBase.java:541)
	at org.apache.catalina.core.StandardHostValve.invoke(StandardHostValve.java:135)
	at org.apache.catalina.valves.ErrorReportValve.invoke(ErrorReportValve.java:92)
	at org.apache.catalina.core.StandardEngineValve.invoke(StandardEngineValve.java:78)
	at org.apache.catalina.connector.CoyoteAdapter.service(CoyoteAdapter.java:360)
	at org.apache.coyote.http11.Http11Processor.service(Http11Processor.java:399)
	at org.apache.coyote.AbstractProcessorLight.process(AbstractProcessorLight.java:65)
	at org.apache.coyote.AbstractProtocol$ConnectionHandler.process(AbstractProtocol.java:890)
	at org.apache.tomcat.util.net.NioEndpoint$SocketProcessor.doRun(NioEndpoint.java:1789)
	at org.apache.tomcat.util.net.SocketProcessorBase.run(SocketProcessorBase.java:49)
	at org.apache.tomcat.util.threads.ThreadPoolExecutor.runWorker(ThreadPoolExecutor.java:1191)
	at org.apache.tomcat.util.threads.ThreadPoolExecutor$Worker.run(ThreadPoolExecutor.java:659)
	at org.apache.tomcat.util.threads.TaskThread$WrappingRunnable.run(TaskThread.java:61)
	at java.base/java.lang.Thread.run(Thread.java:833)
2022-10-10 20:47:16 [http-nio-8080-exec-9] INFO  com.capstone.aspect.LoggerAspect - Method name: com.capstone.controller.emiController
2022-10-10 20:47:16 [http-nio-8080-exec-9] INFO  com.capstone.aspect.LoggerAspect - Method arguments:[Ljava.lang.Object;@1d533eb9
2022-10-10 20:47:16 [http-nio-8080-exec-9] INFO  com.capstone.aspect.LoggerAspect - *************************************
2022-10-10 20:47:16 [http-nio-8080-exec-9] INFO  com.capstone.aspect.LoggerAspect - Method name: com.capstone.service.emiServiceImp
2022-10-10 20:47:16 [http-nio-8080-exec-9] INFO  com.capstone.aspect.LoggerAspect - Method arguments:[Ljava.lang.Object;@1394d363
2022-10-10 20:47:16 [http-nio-8080-exec-9] INFO  com.capstone.aspect.LoggerAspect - *************************************
2022-10-10 20:47:16 [http-nio-8080-exec-9] INFO  com.capstone.aspect.LoggerAspect - During: class com.capstone.service.emiServiceImp.getEmi() with arguments=[emi [s_no=1, loanaccno=202211011, loan_status=active, emi_amount=15910.0, upcomming_payment_date=2022-11-07, remaining_amount=1500000.0], emi [s_no=2, loanaccno=202211012, loan_status=active, emi_amount=4762.0, upcomming_payment_date=2022-11-07, remaining_amount=110000.0], emi [s_no=3, loanaccno=202211021, loan_status=active, emi_amount=3117.0, upcomming_payment_date=2022-11-07, remaining_amount=200000.0], emi [s_no=4, loanaccno=202211022, loan_status=active, emi_amount=14673.0, upcomming_payment_date=2022-11-07, remaining_amount=500000.0], emi [s_no=5, loanaccno=202211031, loan_status=active, emi_amount=4258.0, upcomming_payment_date=2022-11-07, remaining_amount=210000.0], emi [s_no=6, loanaccno=202211032, loan_status=active, emi_amount=57284.0, upcomming_payment_date=2022-11-07, remaining_amount=5000000.0], emi [s_no=7, loanaccno=202211033, loan_status=active, emi_amount=10271.0, upcomming_payment_date=2022-11-07, remaining_amount=350000.0], emi [s_no=8, loanaccno=202211041, loan_status=active, emi_amount=9818.0, upcomming_payment_date=2022-11-07, remaining_amount=410000.0], emi [s_no=9, loanaccno=202211042, loan_status=active, emi_amount=9837.0, upcomming_payment_date=2022-11-07, remaining_amount=320000.0], emi [s_no=10, loanaccno=202211051, loan_status=active, emi_amount=11973.0, upcomming_payment_date=2022-11-07, remaining_amount=500000.0]]
2022-10-10 20:47:16 [http-nio-8080-exec-9] INFO  com.capstone.aspect.LoggerAspect - *************************************
2022-10-10 20:47:16 [http-nio-8080-exec-9] INFO  com.capstone.aspect.LoggerAspect - During: class com.capstone.controller.emiController.getemi() with arguments=<200 OK OK,[emi [s_no=1, loanaccno=202211011, loan_status=active, emi_amount=15910.0, upcomming_payment_date=2022-11-07, remaining_amount=1500000.0], emi [s_no=2, loanaccno=202211012, loan_status=active, emi_amount=4762.0, upcomming_payment_date=2022-11-07, remaining_amount=110000.0], emi [s_no=3, loanaccno=202211021, loan_status=active, emi_amount=3117.0, upcomming_payment_date=2022-11-07, remaining_amount=200000.0], emi [s_no=4, loanaccno=202211022, loan_status=active, emi_amount=14673.0, upcomming_payment_date=2022-11-07, remaining_amount=500000.0], emi [s_no=5, loanaccno=202211031, loan_status=active, emi_amount=4258.0, upcomming_payment_date=2022-11-07, remaining_amount=210000.0], emi [s_no=6, loanaccno=202211032, loan_status=active, emi_amount=57284.0, upcomming_payment_date=2022-11-07, remaining_amount=5000000.0], emi [s_no=7, loanaccno=202211033, loan_status=active, emi_amount=10271.0, upcomming_payment_date=2022-11-07, remaining_amount=350000.0], emi [s_no=8, loanaccno=202211041, loan_status=active, emi_amount=9818.0, upcomming_payment_date=2022-11-07, remaining_amount=410000.0], emi [s_no=9, loanaccno=202211042, loan_status=active, emi_amount=9837.0, upcomming_payment_date=2022-11-07, remaining_amount=320000.0], emi [s_no=10, loanaccno=202211051, loan_status=active, emi_amount=11973.0, upcomming_payment_date=2022-11-07, remaining_amount=500000.0]],[]>
2022-10-10 20:47:16 [http-nio-8080-exec-9] INFO  com.capstone.aspect.LoggerAspect - *************************************
2022-10-10 20:50:11 [http-nio-8080-exec-2] INFO  com.capstone.aspect.LoggerAspect - Method name: com.capstone.controller.emiController
2022-10-10 20:50:11 [http-nio-8080-exec-2] INFO  com.capstone.aspect.LoggerAspect - Method arguments:[Ljava.lang.Object;@62bbf362
2022-10-10 20:50:11 [http-nio-8080-exec-2] INFO  com.capstone.aspect.LoggerAspect - *************************************
2022-10-10 20:50:11 [http-nio-8080-exec-2] INFO  com.capstone.aspect.LoggerAspect - During: class com.capstone.controller.emiController.validateAndReturnCustId() with arguments=202200001
2022-10-10 20:50:11 [http-nio-8080-exec-2] INFO  com.capstone.aspect.LoggerAspect - *************************************
2022-10-10 21:02:41 [RMI TCP Connection(67)-127.0.0.1] INFO  o.s.b.a.SpringApplicationAdminMXBeanRegistrar$SpringApplicationAdmin - Application shutdown requested.
2022-10-10 21:02:41 [RMI TCP Connection(67)-127.0.0.1] INFO  o.a.coyote.http11.Http11NioProtocol - Pausing ProtocolHandler ["http-nio-8080"]
2022-10-10 21:02:41 [RMI TCP Connection(67)-127.0.0.1] INFO  o.a.catalina.core.StandardService - Stopping service [Tomcat]
2022-10-10 21:02:41 [RMI TCP Connection(67)-127.0.0.1] INFO  o.a.c.c.C.[Tomcat].[localhost].[/] - Destroying Spring FrameworkServlet 'dispatcherServlet'
2022-10-10 21:02:41 [RMI TCP Connection(67)-127.0.0.1] INFO  o.a.coyote.http11.Http11NioProtocol - Stopping ProtocolHandler ["http-nio-8080"]
2022-10-10 21:02:41 [RMI TCP Connection(67)-127.0.0.1] INFO  o.a.coyote.http11.Http11NioProtocol - Destroying ProtocolHandler ["http-nio-8080"]
2022-10-10 21:02:41 [RMI TCP Connection(67)-127.0.0.1] INFO  o.s.o.j.LocalContainerEntityManagerFactoryBean - Closing JPA EntityManagerFactory for persistence unit 'default'
2022-10-10 21:02:41 [RMI TCP Connection(67)-127.0.0.1] INFO  com.zaxxer.hikari.HikariDataSource - HikariPool-2 - Shutdown initiated...
2022-10-10 21:02:41 [RMI TCP Connection(67)-127.0.0.1] INFO  com.zaxxer.hikari.HikariDataSource - HikariPool-2 - Shutdown completed.
